String table size       : 23
Global area size        : 2
Number of public symbols: 1
Public symbols          :
   0x00000000: main
Code:
0x00000000:	05 02	BEGIN	2 0
0x00000009:	01 00	CONST	100
0x0000000e:	05 06	CALL	0x0000010b 1
0x00000017:	05 0a	LINE	38
0x0000001c:	04 00	ST	G(0)
0x00000021:	01 08	DROP
0x00000022:	01 00	CONST	200
0x00000027:	01 00	CONST	200
0x0000002c:	01 02	SEXP	Meeeeeooooow 2
0x00000035:	05 0a	LINE	39
0x0000003a:	04 00	ST	G(1)
0x0000003f:	01 08	DROP
0x00000040:	05 0a	LINE	41
0x00000045:	02 00	LD	G(0)
0x0000004a:	05 06	CALL	0x00000071 1
0x00000053:	01 08	DROP
0x00000054:	05 0a	LINE	42
0x00000059:	02 00	LD	G(0)
0x0000005e:	05 06	CALL	0x00000155 1
0x00000067:	05 06	CALL	0x00000071 1
0x00000070:	01 06	END
0x00000071:	05 02	BEGIN	1 2
0x0000007a:	05 0a	LINE	32
0x0000007f:	02 02	LD	A(0)
0x00000084:	01 09	DUP
0x00000085:	01 00	CONST	0
0x0000008a:	00 0a	BINOP	==
0x0000008b:	05 00	CJMPz	0x0000009b
0x00000090:	01 08	DROP
0x00000091:	01 00	CONST	0
0x00000096:	01 05	JMP	0x0000010a
0x0000009b:	01 09	DUP
0x0000009c:	01 09	DUP
0x0000009d:	05 07	TAG	cons 2
0x000000a6:	05 01	CJMPnz	0x000000b1
0x000000ab:	01 08	DROP
0x000000ac:	01 05	JMP	0x000000fc
0x000000b1:	01 09	DUP
0x000000b2:	01 00	CONST	0
0x000000b7:	01 0b	ELEM
0x000000b8:	01 08	DROP
0x000000b9:	01 09	DUP
0x000000ba:	01 00	CONST	1
0x000000bf:	01 0b	ELEM
0x000000c0:	01 08	DROP
0x000000c1:	01 08	DROP
0x000000c2:	01 09	DUP
0x000000c3:	01 00	CONST	0
0x000000c8:	01 0b	ELEM
0x000000c9:	04 01	ST	L(1)
0x000000ce:	01 08	DROP
0x000000cf:	01 09	DUP
0x000000d0:	01 00	CONST	1
0x000000d5:	01 0b	ELEM
0x000000d6:	04 01	ST	L(0)
0x000000db:	01 08	DROP
0x000000dc:	01 08	DROP
0x000000dd:	05 0a	LINE	34
0x000000e2:	02 01	LD	L(1)
0x000000e7:	07 01	CALL	Lwrite
0x000000e8:	01 08	DROP
0x000000e9:	02 01	LD	L(0)
0x000000ee:	05 06	CALL	0x00000071 1
0x000000f7:	01 05	JMP	0x0000010a
0x000000fc:	05 09	FAIL	327
0x00000105:	01 05	JMP	0x0000010a
0x0000010a:	01 06	END
0x0000010b:	05 02	BEGIN	1 0
0x00000114:	05 0a	LINE	28
0x00000119:	02 02	LD	A(0)
0x0000011e:	05 00	CJMPz	0x0000014a
0x00000123:	02 02	LD	A(0)
0x00000128:	02 02	LD	A(0)
0x0000012d:	01 00	CONST	1
0x00000132:	00 02	BINOP	-
0x00000133:	05 06	CALL	0x0000010b 1
0x0000013c:	01 02	SEXP	cons 2
0x00000145:	01 05	JMP	0x00000154
0x0000014a:	01 00	CONST	0
0x0000014f:	01 05	JMP	0x00000154
0x00000154:	01 06	END
0x00000155:	05 02	BEGIN	1 0
0x0000015e:	05 0a	LINE	22
0x00000163:	05 0a	LINE	24
0x00000168:	02 02	LD	A(0)
0x0000016d:	05 06	CALL	0x00000177 1
0x00000176:	01 06	END
0x00000177:	05 02	BEGIN	1 1
0x00000180:	05 0a	LINE	18
0x00000185:	02 02	LD	A(0)
0x0000018a:	05 06	CALL	0x0000023f 1
0x00000193:	01 09	DUP
0x00000194:	01 09	DUP
0x00000195:	05 08	ARRAY	2
0x0000019a:	05 01	CJMPnz	0x000001a5
0x0000019f:	01 08	DROP
0x000001a0:	01 05	JMP	0x000001e6
0x000001a5:	01 09	DUP
0x000001a6:	01 00	CONST	0
0x000001ab:	01 0b	ELEM
0x000001ac:	01 00	CONST	1
0x000001b1:	00 0a	BINOP	==
0x000001b2:	05 00	CJMPz	0x0000019f
0x000001b7:	01 09	DUP
0x000001b8:	01 00	CONST	1
0x000001bd:	01 0b	ELEM
0x000001be:	01 08	DROP
0x000001bf:	01 08	DROP
0x000001c0:	01 09	DUP
0x000001c1:	01 00	CONST	1
0x000001c6:	01 0b	ELEM
0x000001c7:	04 01	ST	L(0)
0x000001cc:	01 08	DROP
0x000001cd:	01 08	DROP
0x000001ce:	05 0a	LINE	19
0x000001d3:	02 01	LD	L(0)
0x000001d8:	05 06	CALL	0x00000177 1
0x000001e1:	01 05	JMP	0x0000023e
0x000001e6:	01 09	DUP
0x000001e7:	01 09	DUP
0x000001e8:	05 08	ARRAY	2
0x000001ed:	05 01	CJMPnz	0x000001f8
0x000001f2:	01 08	DROP
0x000001f3:	01 05	JMP	0x00000230
0x000001f8:	01 09	DUP
0x000001f9:	01 00	CONST	0
0x000001fe:	01 0b	ELEM
0x000001ff:	01 00	CONST	0
0x00000204:	00 0a	BINOP	==
0x00000205:	05 00	CJMPz	0x000001f2
0x0000020a:	01 09	DUP
0x0000020b:	01 00	CONST	1
0x00000210:	01 0b	ELEM
0x00000211:	01 08	DROP
0x00000212:	01 08	DROP
0x00000213:	01 09	DUP
0x00000214:	01 00	CONST	1
0x00000219:	01 0b	ELEM
0x0000021a:	04 01	ST	L(0)
0x0000021f:	01 08	DROP
0x00000220:	01 08	DROP
0x00000221:	05 0a	LINE	20
0x00000226:	02 01	LD	L(0)
0x0000022b:	01 05	JMP	0x0000023e
0x00000230:	05 09	FAIL	189
0x00000239:	01 05	JMP	0x0000023e
0x0000023e:	01 06	END
0x0000023f:	05 02	BEGIN	1 6
0x00000248:	05 0a	LINE	7
0x0000024d:	02 02	LD	A(0)
0x00000252:	01 09	DUP
0x00000253:	01 09	DUP
0x00000254:	05 07	TAG	cons 2
0x0000025d:	05 01	CJMPnz	0x00000268
0x00000262:	01 08	DROP
0x00000263:	01 05	JMP	0x000003cc
0x00000268:	01 09	DUP
0x00000269:	01 00	CONST	0
0x0000026e:	01 0b	ELEM
0x0000026f:	01 08	DROP
0x00000270:	01 09	DUP
0x00000271:	01 00	CONST	1
0x00000276:	01 0b	ELEM
0x00000277:	01 09	DUP
0x00000278:	05 07	TAG	cons 2
0x00000281:	05 01	CJMPnz	0x0000028c
0x00000286:	01 08	DROP
0x00000287:	01 05	JMP	0x00000262
0x0000028c:	01 09	DUP
0x0000028d:	01 00	CONST	0
0x00000292:	01 0b	ELEM
0x00000293:	01 08	DROP
0x00000294:	01 09	DUP
0x00000295:	01 00	CONST	1
0x0000029a:	01 0b	ELEM
0x0000029b:	01 08	DROP
0x0000029c:	01 08	DROP
0x0000029d:	01 08	DROP
0x0000029e:	01 09	DUP
0x0000029f:	01 00	CONST	0
0x000002a4:	01 0b	ELEM
0x000002a5:	04 01	ST	L(3)
0x000002aa:	01 08	DROP
0x000002ab:	01 09	DUP
0x000002ac:	01 00	CONST	1
0x000002b1:	01 0b	ELEM
0x000002b2:	04 01	ST	L(2)
0x000002b7:	01 08	DROP
0x000002b8:	01 09	DUP
0x000002b9:	01 00	CONST	1
0x000002be:	01 0b	ELEM
0x000002bf:	01 00	CONST	0
0x000002c4:	01 0b	ELEM
0x000002c5:	04 01	ST	L(1)
0x000002ca:	01 08	DROP
0x000002cb:	01 09	DUP
0x000002cc:	01 00	CONST	1
0x000002d1:	01 0b	ELEM
0x000002d2:	01 00	CONST	1
0x000002d7:	01 0b	ELEM
0x000002d8:	04 01	ST	L(0)
0x000002dd:	01 08	DROP
0x000002de:	01 08	DROP
0x000002df:	05 0a	LINE	9
0x000002e4:	02 01	LD	L(3)
0x000002e9:	02 01	LD	L(1)
0x000002ee:	05 06	CALL	0x000003e9 2
0x000002f7:	01 00	CONST	0
0x000002fc:	00 08	BINOP	>
0x000002fd:	05 00	CJMPz	0x00000346
0x00000302:	01 00	CONST	1
0x00000307:	05 0a	LINE	10
0x0000030c:	02 01	LD	L(1)
0x00000311:	02 01	LD	L(3)
0x00000316:	02 01	LD	L(0)
0x0000031b:	01 02	SEXP	cons 2
0x00000324:	05 06	CALL	0x0000023f 1
0x0000032d:	01 00	CONST	1
0x00000332:	01 0b	ELEM
0x00000333:	01 02	SEXP	cons 2
0x0000033c:	07 04	CALL	Barray	2
0x00000341:	01 05	JMP	0x000003e8
0x00000346:	05 0a	LINE	11
0x0000034b:	02 01	LD	L(2)
0x00000350:	05 06	CALL	0x0000023f 1
0x00000359:	01 09	DUP
0x0000035a:	01 09	DUP
0x0000035b:	05 08	ARRAY	2
0x00000360:	05 01	CJMPnz	0x0000036b
0x00000365:	01 08	DROP
0x00000366:	01 05	JMP	0x000003b9
0x0000036b:	01 09	DUP
0x0000036c:	01 00	CONST	0
0x00000371:	01 0b	ELEM
0x00000372:	01 08	DROP
0x00000373:	01 09	DUP
0x00000374:	01 00	CONST	1
0x00000379:	01 0b	ELEM
0x0000037a:	01 08	DROP
0x0000037b:	01 08	DROP
0x0000037c:	01 09	DUP
0x0000037d:	01 00	CONST	0
0x00000382:	01 0b	ELEM
0x00000383:	04 01	ST	L(5)
0x00000388:	01 08	DROP
0x00000389:	01 09	DUP
0x0000038a:	01 00	CONST	1
0x0000038f:	01 0b	ELEM
0x00000390:	04 01	ST	L(4)
0x00000395:	01 08	DROP
0x00000396:	01 08	DROP
0x00000397:	02 01	LD	L(5)
0x0000039c:	02 01	LD	L(3)
0x000003a1:	02 01	LD	L(4)
0x000003a6:	01 02	SEXP	cons 2
0x000003af:	07 04	CALL	Barray	2
0x000003b4:	01 05	JMP	0x000003e8
0x000003b9:	05 09	FAIL	1117
0x000003c2:	01 05	JMP	0x000003e8
0x000003c7:	01 05	JMP	0x000003e8
0x000003cc:	01 09	DUP
0x000003cd:	01 08	DROP
0x000003ce:	01 08	DROP
0x000003cf:	01 00	CONST	0
0x000003d4:	05 0a	LINE	13
0x000003d9:	02 02	LD	A(0)
0x000003de:	07 04	CALL	Barray	2
0x000003e3:	01 05	JMP	0x000003e8
0x000003e8:	01 06	END
0x000003e9:	05 02	BEGIN	2 0
0x000003f2:	05 0a	LINE	1
0x000003f7:	02 02	LD	A(0)
0x000003fc:	05 0a	LINE	2
0x00000401:	02 02	LD	A(1)
0x00000406:	00 02	BINOP	-
0x00000407:	01 06	END
0x00000408:	0f 0f	<end>
edi: 0x0
esi: 0x81613
edi: 0x9
esi: 0x81613
edi: 0xe
esi: 0xc9
edi: 0x10b
esi: 0x81613
edi: 0x114
esi: 0x81613
edi: 0x119
esi: 0x81613
edi: 0x11e
esi: 0xc9
edi: 0x123
esi: 0x81613
edi: 0x128
esi: 0xc9
edi: 0x12d
esi: 0xc9
edi: 0x132
esi: 0x3
edi: 0x133
esi: 0xc7
edi: 0x10b
esi: 0xc9
edi: 0x114
esi: 0xc9
edi: 0x119
esi: 0xc9
edi: 0x11e
esi: 0xc7
edi: 0x123
esi: 0xc9
edi: 0x128
esi: 0xc7
edi: 0x12d
esi: 0xc7
edi: 0x132
esi: 0x3
edi: 0x133
esi: 0xc5
edi: 0x10b
esi: 0xc7
edi: 0x114
esi: 0xc7
edi: 0x119
esi: 0xc7
edi: 0x11e
esi: 0xc5
edi: 0x123
esi: 0xc7
edi: 0x128
esi: 0xc5
edi: 0x12d
esi: 0xc5
edi: 0x132
esi: 0x3
edi: 0x133
esi: 0xc3
edi: 0x10b
esi: 0xc5
edi: 0x114
esi: 0xc5
edi: 0x119
esi: 0xc5
edi: 0x11e
esi: 0xc3
edi: 0x123
esi: 0xc5
edi: 0x128
esi: 0xc3
edi: 0x12d
esi: 0xc3
edi: 0x132
esi: 0x3
edi: 0x133
esi: 0xc1
edi: 0x10b
esi: 0xc3
edi: 0x114
esi: 0xc3
edi: 0x119
esi: 0xc3
edi: 0x11e
esi: 0xc1
edi: 0x123
esi: 0xc3
edi: 0x128
esi: 0xc1
edi: 0x12d
esi: 0xc1
edi: 0x132
esi: 0x3
edi: 0x133
esi: 0xbf
edi: 0x10b
esi: 0xc1
edi: 0x114
esi: 0xc1
edi: 0x119
esi: 0xc1
edi: 0x11e
esi: 0xbf
edi: 0x123
esi: 0xc1
edi: 0x128
esi: 0xbf
edi: 0x12d
esi: 0xbf
edi: 0x132
esi: 0x3
edi: 0x133
esi: 0xbd
edi: 0x10b
esi: 0xbf
edi: 0x114
esi: 0xbf
edi: 0x119
esi: 0xbf
edi: 0x11e
esi: 0xbd
edi: 0x123
esi: 0xbf
edi: 0x128
esi: 0xbd
edi: 0x12d
esi: 0xbd
edi: 0x132
esi: 0x3
edi: 0x133
esi: 0xbb
edi: 0x10b
esi: 0xbd
edi: 0x114
esi: 0xbd
edi: 0x119
esi: 0xbd
edi: 0x11e
esi: 0xbb
edi: 0x123
esi: 0xbd
edi: 0x128
esi: 0xbb
edi: 0x12d
esi: 0xbb
edi: 0x132
esi: 0x3
edi: 0x133
esi: 0xb9
edi: 0x10b
esi: 0xbb
edi: 0x114
esi: 0xbb
edi: 0x119
esi: 0xbb
edi: 0x11e
esi: 0xb9
edi: 0x123
esi: 0xbb
edi: 0x128
esi: 0xb9
edi: 0x12d
esi: 0xb9
edi: 0x132
esi: 0x3
edi: 0x133
esi: 0xb7
edi: 0x10b
esi: 0xb9
edi: 0x114
esi: 0xb9
edi: 0x119
esi: 0xb9
edi: 0x11e
esi: 0xb7
edi: 0x123
esi: 0xb9
edi: 0x128
esi: 0xb7
edi: 0x12d
esi: 0xb7
edi: 0x132
esi: 0x3
edi: 0x133
esi: 0xb5
edi: 0x10b
esi: 0xb7
edi: 0x114
esi: 0xb7
edi: 0x119
esi: 0xb7
edi: 0x11e
esi: 0xb5
edi: 0x123
esi: 0xb7
edi: 0x128
esi: 0xb5
edi: 0x12d
esi: 0xb5
edi: 0x132
esi: 0x3
edi: 0x133
esi: 0xb3
edi: 0x10b
esi: 0xb5
edi: 0x114
esi: 0xb5
edi: 0x119
esi: 0xb5
edi: 0x11e
esi: 0xb3
edi: 0x123
esi: 0xb5
edi: 0x128
esi: 0xb3
edi: 0x12d
esi: 0xb3
edi: 0x132
esi: 0x3
edi: 0x133
esi: 0xb1
edi: 0x10b
esi: 0xb3
edi: 0x114
esi: 0xb3
edi: 0x119
esi: 0xb3
edi: 0x11e
esi: 0xb1
edi: 0x123
esi: 0xb3
edi: 0x128
esi: 0xb1
edi: 0x12d
esi: 0xb1
edi: 0x132
esi: 0x3
edi: 0x133
esi: 0xaf
edi: 0x10b
esi: 0xb1
edi: 0x114
esi: 0xb1
edi: 0x119
esi: 0xb1
edi: 0x11e
esi: 0xaf
edi: 0x123
esi: 0xb1
edi: 0x128
esi: 0xaf
edi: 0x12d
esi: 0xaf
edi: 0x132
esi: 0x3
edi: 0x133
esi: 0xad
edi: 0x10b
esi: 0xaf
edi: 0x114
esi: 0xaf
edi: 0x119
esi: 0xaf
edi: 0x11e
esi: 0xad
edi: 0x123
esi: 0xaf
edi: 0x128
esi: 0xad
edi: 0x12d
esi: 0xad
edi: 0x132
esi: 0x3
edi: 0x133
esi: 0xab
edi: 0x10b
esi: 0xad
edi: 0x114
esi: 0xad
edi: 0x119
esi: 0xad
edi: 0x11e
esi: 0xab
edi: 0x123
esi: 0xad
edi: 0x128
esi: 0xab
edi: 0x12d
esi: 0xab
edi: 0x132
esi: 0x3
edi: 0x133
esi: 0xa9
edi: 0x10b
esi: 0xab
edi: 0x114
esi: 0xab
edi: 0x119
esi: 0xab
edi: 0x11e
esi: 0xa9
edi: 0x123
esi: 0xab
edi: 0x128
esi: 0xa9
edi: 0x12d
esi: 0xa9
edi: 0x132
esi: 0x3
edi: 0x133
esi: 0xa7
edi: 0x10b
esi: 0xa9
edi: 0x114
esi: 0xa9
edi: 0x119
esi: 0xa9
edi: 0x11e
esi: 0xa7
edi: 0x123
esi: 0xa9
edi: 0x128
esi: 0xa7
edi: 0x12d
esi: 0xa7
edi: 0x132
esi: 0x3
edi: 0x133
esi: 0xa5
edi: 0x10b
esi: 0xa7
edi: 0x114
esi: 0xa7
edi: 0x119
esi: 0xa7
edi: 0x11e
esi: 0xa5
edi: 0x123
esi: 0xa7
edi: 0x128
esi: 0xa5
edi: 0x12d
esi: 0xa5
edi: 0x132
esi: 0x3
edi: 0x133
esi: 0xa3
edi: 0x10b
esi: 0xa5
edi: 0x114
esi: 0xa5
edi: 0x119
esi: 0xa5
edi: 0x11e
esi: 0xa3
edi: 0x123
esi: 0xa5
edi: 0x128
esi: 0xa3
edi: 0x12d
esi: 0xa3
edi: 0x132
esi: 0x3
edi: 0x133
esi: 0xa1
edi: 0x10b
esi: 0xa3
edi: 0x114
esi: 0xa3
edi: 0x119
esi: 0xa3
edi: 0x11e
esi: 0xa1
edi: 0x123
esi: 0xa3
edi: 0x128
esi: 0xa1
edi: 0x12d
esi: 0xa1
edi: 0x132
esi: 0x3
edi: 0x133
esi: 0x9f
edi: 0x10b
esi: 0xa1
edi: 0x114
esi: 0xa1
edi: 0x119
esi: 0xa1
edi: 0x11e
esi: 0x9f
edi: 0x123
esi: 0xa1
edi: 0x128
esi: 0x9f
edi: 0x12d
esi: 0x9f
edi: 0x132
esi: 0x3
edi: 0x133
esi: 0x9d
edi: 0x10b
esi: 0x9f
edi: 0x114
esi: 0x9f
edi: 0x119
esi: 0x9f
edi: 0x11e
esi: 0x9d
edi: 0x123
esi: 0x9f
edi: 0x128
esi: 0x9d
edi: 0x12d
esi: 0x9d
edi: 0x132
esi: 0x3
edi: 0x133
esi: 0x9b
edi: 0x10b
esi: 0x9d
edi: 0x114
esi: 0x9d
edi: 0x119
esi: 0x9d
edi: 0x11e
esi: 0x9b
edi: 0x123
esi: 0x9d
edi: 0x128
esi: 0x9b
edi: 0x12d
esi: 0x9b
edi: 0x132
esi: 0x3
edi: 0x133
esi: 0x99
edi: 0x10b
esi: 0x9b
edi: 0x114
esi: 0x9b
edi: 0x119
esi: 0x9b
edi: 0x11e
esi: 0x99
edi: 0x123
esi: 0x9b
edi: 0x128
esi: 0x99
edi: 0x12d
esi: 0x99
edi: 0x132
esi: 0x3
edi: 0x133
esi: 0x97
edi: 0x10b
esi: 0x99
edi: 0x114
esi: 0x99
edi: 0x119
esi: 0x99
edi: 0x11e
esi: 0x97
edi: 0x123
esi: 0x99
edi: 0x128
esi: 0x97
edi: 0x12d
esi: 0x97
edi: 0x132
esi: 0x3
edi: 0x133
esi: 0x95
edi: 0x10b
esi: 0x97
edi: 0x114
esi: 0x97
edi: 0x119
esi: 0x97
edi: 0x11e
esi: 0x95
edi: 0x123
esi: 0x97
edi: 0x128
esi: 0x95
edi: 0x12d
esi: 0x95
edi: 0x132
esi: 0x3
edi: 0x133
esi: 0x93
edi: 0x10b
esi: 0x95
edi: 0x114
esi: 0x95
edi: 0x119
esi: 0x95
edi: 0x11e
esi: 0x93
edi: 0x123
esi: 0x95
edi: 0x128
esi: 0x93
edi: 0x12d
esi: 0x93
edi: 0x132
esi: 0x3
edi: 0x133
esi: 0x91
edi: 0x10b
esi: 0x93
edi: 0x114
esi: 0x93
edi: 0x119
esi: 0x93
edi: 0x11e
esi: 0x91
edi: 0x123
esi: 0x93
edi: 0x128
esi: 0x91
edi: 0x12d
esi: 0x91
edi: 0x132
esi: 0x3
edi: 0x133
esi: 0x8f
edi: 0x10b
esi: 0x91
edi: 0x114
esi: 0x91
edi: 0x119
esi: 0x91
edi: 0x11e
esi: 0x8f
edi: 0x123
esi: 0x91
edi: 0x128
esi: 0x8f
edi: 0x12d
esi: 0x8f
edi: 0x132
esi: 0x3
edi: 0x133
esi: 0x8d
edi: 0x10b
esi: 0x8f
edi: 0x114
esi: 0x8f
edi: 0x119
esi: 0x8f
edi: 0x11e
esi: 0x8d
edi: 0x123
esi: 0x8f
edi: 0x128
esi: 0x8d
edi: 0x12d
esi: 0x8d
edi: 0x132
esi: 0x3
edi: 0x133
esi: 0x8b
edi: 0x10b
esi: 0x8d
edi: 0x114
esi: 0x8d
edi: 0x119
esi: 0x8d
edi: 0x11e
esi: 0x8b
edi: 0x123
esi: 0x8d
edi: 0x128
esi: 0x8b
edi: 0x12d
esi: 0x8b
edi: 0x132
esi: 0x3
edi: 0x133
esi: 0x89
edi: 0x10b
esi: 0x8b
edi: 0x114
esi: 0x8b
edi: 0x119
esi: 0x8b
edi: 0x11e
esi: 0x89
edi: 0x123
esi: 0x8b
edi: 0x128
esi: 0x89
edi: 0x12d
esi: 0x89
edi: 0x132
esi: 0x3
edi: 0x133
esi: 0x87
edi: 0x10b
esi: 0x89
edi: 0x114
esi: 0x89
edi: 0x119
esi: 0x89
edi: 0x11e
esi: 0x87
edi: 0x123
esi: 0x89
edi: 0x128
esi: 0x87
edi: 0x12d
esi: 0x87
edi: 0x132
esi: 0x3
edi: 0x133
esi: 0x85
edi: 0x10b
esi: 0x87
edi: 0x114
esi: 0x87
edi: 0x119
esi: 0x87
edi: 0x11e
esi: 0x85
edi: 0x123
esi: 0x87
edi: 0x128
esi: 0x85
edi: 0x12d
esi: 0x85
edi: 0x132
esi: 0x3
edi: 0x133
esi: 0x83
edi: 0x10b
esi: 0x85
edi: 0x114
esi: 0x85
edi: 0x119
esi: 0x85
edi: 0x11e
esi: 0x83
edi: 0x123
esi: 0x85
edi: 0x128
esi: 0x83
edi: 0x12d
esi: 0x83
edi: 0x132
esi: 0x3
edi: 0x133
esi: 0x81
edi: 0x10b
esi: 0x83
edi: 0x114
esi: 0x83
edi: 0x119
esi: 0x83
edi: 0x11e
esi: 0x81
edi: 0x123
esi: 0x83
edi: 0x128
esi: 0x81
edi: 0x12d
esi: 0x81
edi: 0x132
esi: 0x3
edi: 0x133
esi: 0x7f
edi: 0x10b
esi: 0x81
edi: 0x114
esi: 0x81
edi: 0x119
esi: 0x81
edi: 0x11e
esi: 0x7f
edi: 0x123
esi: 0x81
edi: 0x128
esi: 0x7f
edi: 0x12d
esi: 0x7f
edi: 0x132
esi: 0x3
edi: 0x133
esi: 0x7d
edi: 0x10b
esi: 0x7f
edi: 0x114
esi: 0x7f
edi: 0x119
esi: 0x7f
edi: 0x11e
esi: 0x7d
edi: 0x123
esi: 0x7f
edi: 0x128
esi: 0x7d
edi: 0x12d
esi: 0x7d
edi: 0x132
esi: 0x3
edi: 0x133
esi: 0x7b
edi: 0x10b
esi: 0x7d
edi: 0x114
esi: 0x7d
edi: 0x119
esi: 0x7d
edi: 0x11e
esi: 0x7b
edi: 0x123
esi: 0x7d
edi: 0x128
esi: 0x7b
edi: 0x12d
esi: 0x7b
edi: 0x132
esi: 0x3
edi: 0x133
esi: 0x79
edi: 0x10b
esi: 0x7b
edi: 0x114
esi: 0x7b
edi: 0x119
esi: 0x7b
edi: 0x11e
esi: 0x79
edi: 0x123
esi: 0x7b
edi: 0x128
esi: 0x79
edi: 0x12d
esi: 0x79
edi: 0x132
esi: 0x3
edi: 0x133
esi: 0x77
edi: 0x10b
esi: 0x79
edi: 0x114
esi: 0x79
edi: 0x119
esi: 0x79
edi: 0x11e
esi: 0x77
edi: 0x123
esi: 0x79
edi: 0x128
esi: 0x77
edi: 0x12d
esi: 0x77
edi: 0x132
esi: 0x3
edi: 0x133
esi: 0x75
edi: 0x10b
esi: 0x77
edi: 0x114
esi: 0x77
edi: 0x119
esi: 0x77
edi: 0x11e
esi: 0x75
edi: 0x123
esi: 0x77
edi: 0x128
esi: 0x75
edi: 0x12d
esi: 0x75
edi: 0x132
esi: 0x3
edi: 0x133
esi: 0x73
edi: 0x10b
esi: 0x75
edi: 0x114
esi: 0x75
edi: 0x119
esi: 0x75
edi: 0x11e
esi: 0x73
edi: 0x123
esi: 0x75
edi: 0x128
esi: 0x73
edi: 0x12d
esi: 0x73
edi: 0x132
esi: 0x3
edi: 0x133
esi: 0x71
edi: 0x10b
esi: 0x73
edi: 0x114
esi: 0x73
edi: 0x119
esi: 0x73
edi: 0x11e
esi: 0x71
edi: 0x123
esi: 0x73
edi: 0x128
esi: 0x71
edi: 0x12d
esi: 0x71
edi: 0x132
esi: 0x3
edi: 0x133
esi: 0x6f
edi: 0x10b
esi: 0x71
edi: 0x114
esi: 0x71
edi: 0x119
esi: 0x71
edi: 0x11e
esi: 0x6f
edi: 0x123
esi: 0x71
edi: 0x128
esi: 0x6f
edi: 0x12d
esi: 0x6f
edi: 0x132
esi: 0x3
edi: 0x133
esi: 0x6d
edi: 0x10b
esi: 0x6f
edi: 0x114
esi: 0x6f
edi: 0x119
esi: 0x6f
edi: 0x11e
esi: 0x6d
edi: 0x123
esi: 0x6f
edi: 0x128
esi: 0x6d
edi: 0x12d
esi: 0x6d
edi: 0x132
esi: 0x3
edi: 0x133
esi: 0x6b
edi: 0x10b
esi: 0x6d
edi: 0x114
esi: 0x6d
edi: 0x119
esi: 0x6d
edi: 0x11e
esi: 0x6b
edi: 0x123
esi: 0x6d
edi: 0x128
esi: 0x6b
edi: 0x12d
esi: 0x6b
edi: 0x132
esi: 0x3
edi: 0x133
esi: 0x69
edi: 0x10b
esi: 0x6b
edi: 0x114
esi: 0x6b
edi: 0x119
esi: 0x6b
edi: 0x11e
esi: 0x69
edi: 0x123
esi: 0x6b
edi: 0x128
esi: 0x69
edi: 0x12d
esi: 0x69
edi: 0x132
esi: 0x3
edi: 0x133
esi: 0x67
edi: 0x10b
esi: 0x69
edi: 0x114
esi: 0x69
edi: 0x119
esi: 0x69
edi: 0x11e
esi: 0x67
edi: 0x123
esi: 0x69
edi: 0x128
esi: 0x67
edi: 0x12d
esi: 0x67
edi: 0x132
esi: 0x3
edi: 0x133
esi: 0x65
edi: 0x10b
esi: 0x67
edi: 0x114
esi: 0x67
edi: 0x119
esi: 0x67
edi: 0x11e
esi: 0x65
edi: 0x123
esi: 0x67
edi: 0x128
esi: 0x65
edi: 0x12d
esi: 0x65
edi: 0x132
esi: 0x3
edi: 0x133
esi: 0x63
edi: 0x10b
esi: 0x65
edi: 0x114
esi: 0x65
edi: 0x119
esi: 0x65
edi: 0x11e
esi: 0x63
edi: 0x123
esi: 0x65
edi: 0x128
esi: 0x63
edi: 0x12d
esi: 0x63
edi: 0x132
esi: 0x3
edi: 0x133
esi: 0x61
edi: 0x10b
esi: 0x63
edi: 0x114
esi: 0x63
edi: 0x119
esi: 0x63
edi: 0x11e
esi: 0x61
edi: 0x123
esi: 0x63
edi: 0x128
esi: 0x61
edi: 0x12d
esi: 0x61
edi: 0x132
esi: 0x3
edi: 0x133
esi: 0x5f
edi: 0x10b
esi: 0x61
edi: 0x114
esi: 0x61
edi: 0x119
esi: 0x61
edi: 0x11e
esi: 0x5f
edi: 0x123
esi: 0x61
edi: 0x128
esi: 0x5f
edi: 0x12d
esi: 0x5f
edi: 0x132
esi: 0x3
edi: 0x133
esi: 0x5d
edi: 0x10b
esi: 0x5f
edi: 0x114
esi: 0x5f
edi: 0x119
esi: 0x5f
edi: 0x11e
esi: 0x5d
edi: 0x123
esi: 0x5f
edi: 0x128
esi: 0x5d
edi: 0x12d
esi: 0x5d
edi: 0x132
esi: 0x3
edi: 0x133
esi: 0x5b
edi: 0x10b
esi: 0x5d
edi: 0x114
esi: 0x5d
edi: 0x119
esi: 0x5d
edi: 0x11e
esi: 0x5b
edi: 0x123
esi: 0x5d
edi: 0x128
esi: 0x5b
edi: 0x12d
esi: 0x5b
edi: 0x132
esi: 0x3
edi: 0x133
esi: 0x59
edi: 0x10b
esi: 0x5b
edi: 0x114
esi: 0x5b
edi: 0x119
esi: 0x5b
edi: 0x11e
esi: 0x59
edi: 0x123
esi: 0x5b
edi: 0x128
esi: 0x59
edi: 0x12d
esi: 0x59
edi: 0x132
esi: 0x3
edi: 0x133
esi: 0x57
edi: 0x10b
esi: 0x59
edi: 0x114
esi: 0x59
edi: 0x119
esi: 0x59
edi: 0x11e
esi: 0x57
edi: 0x123
esi: 0x59
edi: 0x128
esi: 0x57
edi: 0x12d
esi: 0x57
edi: 0x132
esi: 0x3
edi: 0x133
esi: 0x55
edi: 0x10b
esi: 0x57
edi: 0x114
esi: 0x57
edi: 0x119
esi: 0x57
edi: 0x11e
esi: 0x55
edi: 0x123
esi: 0x57
edi: 0x128
esi: 0x55
edi: 0x12d
esi: 0x55
edi: 0x132
esi: 0x3
edi: 0x133
esi: 0x53
edi: 0x10b
esi: 0x55
edi: 0x114
esi: 0x55
edi: 0x119
esi: 0x55
edi: 0x11e
esi: 0x53
edi: 0x123
esi: 0x55
edi: 0x128
esi: 0x53
edi: 0x12d
esi: 0x53
edi: 0x132
esi: 0x3
edi: 0x133
esi: 0x51
edi: 0x10b
esi: 0x53
edi: 0x114
esi: 0x53
edi: 0x119
esi: 0x53
edi: 0x11e
esi: 0x51
edi: 0x123
esi: 0x53
edi: 0x128
esi: 0x51
edi: 0x12d
esi: 0x51
edi: 0x132
esi: 0x3
edi: 0x133
esi: 0x4f
edi: 0x10b
esi: 0x51
edi: 0x114
esi: 0x51
edi: 0x119
esi: 0x51
edi: 0x11e
esi: 0x4f
edi: 0x123
esi: 0x51
edi: 0x128
esi: 0x4f
edi: 0x12d
esi: 0x4f
edi: 0x132
esi: 0x3
edi: 0x133
esi: 0x4d
edi: 0x10b
esi: 0x4f
edi: 0x114
esi: 0x4f
edi: 0x119
esi: 0x4f
edi: 0x11e
esi: 0x4d
edi: 0x123
esi: 0x4f
edi: 0x128
esi: 0x4d
edi: 0x12d
esi: 0x4d
edi: 0x132
esi: 0x3
edi: 0x133
esi: 0x4b
edi: 0x10b
esi: 0x4d
edi: 0x114
esi: 0x4d
edi: 0x119
esi: 0x4d
edi: 0x11e
esi: 0x4b
edi: 0x123
esi: 0x4d
edi: 0x128
esi: 0x4b
edi: 0x12d
esi: 0x4b
edi: 0x132
esi: 0x3
edi: 0x133
esi: 0x49
edi: 0x10b
esi: 0x4b
edi: 0x114
esi: 0x4b
edi: 0x119
esi: 0x4b
edi: 0x11e
esi: 0x49
edi: 0x123
esi: 0x4b
edi: 0x128
esi: 0x49
edi: 0x12d
esi: 0x49
edi: 0x132
esi: 0x3
edi: 0x133
esi: 0x47
edi: 0x10b
esi: 0x49
edi: 0x114
esi: 0x49
edi: 0x119
esi: 0x49
edi: 0x11e
esi: 0x47
edi: 0x123
esi: 0x49
edi: 0x128
esi: 0x47
edi: 0x12d
esi: 0x47
edi: 0x132
esi: 0x3
edi: 0x133
esi: 0x45
edi: 0x10b
esi: 0x47
edi: 0x114
esi: 0x47
edi: 0x119
esi: 0x47
edi: 0x11e
esi: 0x45
edi: 0x123
esi: 0x47
edi: 0x128
esi: 0x45
edi: 0x12d
esi: 0x45
edi: 0x132
esi: 0x3
edi: 0x133
esi: 0x43
edi: 0x10b
esi: 0x45
edi: 0x114
esi: 0x45
edi: 0x119
esi: 0x45
edi: 0x11e
esi: 0x43
edi: 0x123
esi: 0x45
edi: 0x128
esi: 0x43
edi: 0x12d
esi: 0x43
edi: 0x132
esi: 0x3
edi: 0x133
esi: 0x41
edi: 0x10b
esi: 0x43
edi: 0x114
esi: 0x43
edi: 0x119
esi: 0x43
edi: 0x11e
esi: 0x41
edi: 0x123
esi: 0x43
edi: 0x128
esi: 0x41
edi: 0x12d
esi: 0x41
edi: 0x132
esi: 0x3
edi: 0x133
esi: 0x3f
edi: 0x10b
esi: 0x41
edi: 0x114
esi: 0x41
edi: 0x119
esi: 0x41
edi: 0x11e
esi: 0x3f
edi: 0x123
esi: 0x41
edi: 0x128
esi: 0x3f
edi: 0x12d
esi: 0x3f
edi: 0x132
esi: 0x3
edi: 0x133
esi: 0x3d
edi: 0x10b
esi: 0x3f
edi: 0x114
esi: 0x3f
edi: 0x119
esi: 0x3f
edi: 0x11e
esi: 0x3d
edi: 0x123
esi: 0x3f
edi: 0x128
esi: 0x3d
edi: 0x12d
esi: 0x3d
edi: 0x132
esi: 0x3
edi: 0x133
esi: 0x3b
edi: 0x10b
esi: 0x3d
edi: 0x114
esi: 0x3d
edi: 0x119
esi: 0x3d
edi: 0x11e
esi: 0x3b
edi: 0x123
esi: 0x3d
edi: 0x128
esi: 0x3b
edi: 0x12d
esi: 0x3b
edi: 0x132
esi: 0x3
edi: 0x133
esi: 0x39
edi: 0x10b
esi: 0x3b
edi: 0x114
esi: 0x3b
edi: 0x119
esi: 0x3b
edi: 0x11e
esi: 0x39
edi: 0x123
esi: 0x3b
edi: 0x128
esi: 0x39
edi: 0x12d
esi: 0x39
edi: 0x132
esi: 0x3
edi: 0x133
esi: 0x37
edi: 0x10b
esi: 0x39
edi: 0x114
esi: 0x39
edi: 0x119
esi: 0x39
edi: 0x11e
esi: 0x37
edi: 0x123
esi: 0x39
edi: 0x128
esi: 0x37
edi: 0x12d
esi: 0x37
edi: 0x132
esi: 0x3
edi: 0x133
esi: 0x35
edi: 0x10b
esi: 0x37
edi: 0x114
esi: 0x37
edi: 0x119
esi: 0x37
edi: 0x11e
esi: 0x35
edi: 0x123
esi: 0x37
edi: 0x128
esi: 0x35
edi: 0x12d
esi: 0x35
edi: 0x132
esi: 0x3
edi: 0x133
esi: 0x33
edi: 0x10b
esi: 0x35
edi: 0x114
esi: 0x35
edi: 0x119
esi: 0x35
edi: 0x11e
esi: 0x33
edi: 0x123
esi: 0x35
edi: 0x128
esi: 0x33
edi: 0x12d
esi: 0x33
edi: 0x132
esi: 0x3
edi: 0x133
esi: 0x31
edi: 0x10b
esi: 0x33
edi: 0x114
esi: 0x33
edi: 0x119
esi: 0x33
edi: 0x11e
esi: 0x31
edi: 0x123
esi: 0x33
edi: 0x128
esi: 0x31
edi: 0x12d
esi: 0x31
edi: 0x132
esi: 0x3
edi: 0x133
esi: 0x2f
edi: 0x10b
esi: 0x31
edi: 0x114
esi: 0x31
edi: 0x119
esi: 0x31
edi: 0x11e
esi: 0x2f
edi: 0x123
esi: 0x31
edi: 0x128
esi: 0x2f
edi: 0x12d
esi: 0x2f
edi: 0x132
esi: 0x3
edi: 0x133
esi: 0x2d
edi: 0x10b
esi: 0x2f
edi: 0x114
esi: 0x2f
edi: 0x119
esi: 0x2f
edi: 0x11e
esi: 0x2d
edi: 0x123
esi: 0x2f
edi: 0x128
esi: 0x2d
edi: 0x12d
esi: 0x2d
edi: 0x132
esi: 0x3
edi: 0x133
esi: 0x2b
edi: 0x10b
esi: 0x2d
edi: 0x114
esi: 0x2d
edi: 0x119
esi: 0x2d
edi: 0x11e
esi: 0x2b
edi: 0x123
esi: 0x2d
edi: 0x128
esi: 0x2b
edi: 0x12d
esi: 0x2b
edi: 0x132
esi: 0x3
edi: 0x133
esi: 0x29
edi: 0x10b
esi: 0x2b
edi: 0x114
esi: 0x2b
edi: 0x119
esi: 0x2b
edi: 0x11e
esi: 0x29
edi: 0x123
esi: 0x2b
edi: 0x128
esi: 0x29
edi: 0x12d
esi: 0x29
edi: 0x132
esi: 0x3
edi: 0x133
esi: 0x27
edi: 0x10b
esi: 0x29
edi: 0x114
esi: 0x29
edi: 0x119
esi: 0x29
edi: 0x11e
esi: 0x27
edi: 0x123
esi: 0x29
edi: 0x128
esi: 0x27
edi: 0x12d
esi: 0x27
edi: 0x132
esi: 0x3
edi: 0x133
esi: 0x25
edi: 0x10b
esi: 0x27
edi: 0x114
esi: 0x27
edi: 0x119
esi: 0x27
edi: 0x11e
esi: 0x25
edi: 0x123
esi: 0x27
edi: 0x128
esi: 0x25
edi: 0x12d
esi: 0x25
edi: 0x132
esi: 0x3
edi: 0x133
esi: 0x23
edi: 0x10b
esi: 0x25
edi: 0x114
esi: 0x25
edi: 0x119
esi: 0x25
edi: 0x11e
esi: 0x23
edi: 0x123
esi: 0x25
edi: 0x128
esi: 0x23
edi: 0x12d
esi: 0x23
edi: 0x132
esi: 0x3
edi: 0x133
esi: 0x21
edi: 0x10b
esi: 0x23
edi: 0x114
esi: 0x23
edi: 0x119
esi: 0x23
edi: 0x11e
esi: 0x21
edi: 0x123
esi: 0x23
edi: 0x128
esi: 0x21
edi: 0x12d
esi: 0x21
edi: 0x132
esi: 0x3
edi: 0x133
esi: 0x1f
edi: 0x10b
esi: 0x21
edi: 0x114
esi: 0x21
edi: 0x119
esi: 0x21
edi: 0x11e
esi: 0x1f
edi: 0x123
esi: 0x21
edi: 0x128
esi: 0x1f
edi: 0x12d
esi: 0x1f
edi: 0x132
esi: 0x3
edi: 0x133
esi: 0x1d
edi: 0x10b
esi: 0x1f
edi: 0x114
esi: 0x1f
edi: 0x119
esi: 0x1f
edi: 0x11e
esi: 0x1d
edi: 0x123
esi: 0x1f
edi: 0x128
esi: 0x1d
edi: 0x12d
esi: 0x1d
edi: 0x132
esi: 0x3
edi: 0x133
esi: 0x1b
edi: 0x10b
esi: 0x1d
edi: 0x114
esi: 0x1d
edi: 0x119
esi: 0x1d
edi: 0x11e
esi: 0x1b
edi: 0x123
esi: 0x1d
edi: 0x128
esi: 0x1b
edi: 0x12d
esi: 0x1b
edi: 0x132
esi: 0x3
edi: 0x133
esi: 0x19
edi: 0x10b
esi: 0x1b
edi: 0x114
esi: 0x1b
edi: 0x119
esi: 0x1b
edi: 0x11e
esi: 0x19
edi: 0x123
esi: 0x1b
edi: 0x128
esi: 0x19
edi: 0x12d
esi: 0x19
edi: 0x132
esi: 0x3
edi: 0x133
esi: 0x17
edi: 0x10b
esi: 0x19
edi: 0x114
esi: 0x19
edi: 0x119
esi: 0x19
edi: 0x11e
esi: 0x17
edi: 0x123
esi: 0x19
edi: 0x128
esi: 0x17
edi: 0x12d
esi: 0x17
edi: 0x132
esi: 0x3
edi: 0x133
esi: 0x15
edi: 0x10b
esi: 0x17
edi: 0x114
esi: 0x17
edi: 0x119
esi: 0x17
edi: 0x11e
esi: 0x15
edi: 0x123
esi: 0x17
edi: 0x128
esi: 0x15
edi: 0x12d
esi: 0x15
edi: 0x132
esi: 0x3
edi: 0x133
esi: 0x13
edi: 0x10b
esi: 0x15
edi: 0x114
esi: 0x15
edi: 0x119
esi: 0x15
edi: 0x11e
esi: 0x13
edi: 0x123
esi: 0x15
edi: 0x128
esi: 0x13
edi: 0x12d
esi: 0x13
edi: 0x132
esi: 0x3
edi: 0x133
esi: 0x11
edi: 0x10b
esi: 0x13
edi: 0x114
esi: 0x13
edi: 0x119
esi: 0x13
edi: 0x11e
esi: 0x11
edi: 0x123
esi: 0x13
edi: 0x128
esi: 0x11
edi: 0x12d
esi: 0x11
edi: 0x132
esi: 0x3
edi: 0x133
esi: 0xf
edi: 0x10b
esi: 0x11
edi: 0x114
esi: 0x11
edi: 0x119
esi: 0x11
edi: 0x11e
esi: 0xf
edi: 0x123
esi: 0x11
edi: 0x128
esi: 0xf
edi: 0x12d
esi: 0xf
edi: 0x132
esi: 0x3
edi: 0x133
esi: 0xd
edi: 0x10b
esi: 0xf
edi: 0x114
esi: 0xf
edi: 0x119
esi: 0xf
edi: 0x11e
esi: 0xd
edi: 0x123
esi: 0xf
edi: 0x128
esi: 0xd
edi: 0x12d
esi: 0xd
edi: 0x132
esi: 0x3
edi: 0x133
esi: 0xb
edi: 0x10b
esi: 0xd
edi: 0x114
esi: 0xd
edi: 0x119
esi: 0xd
edi: 0x11e
esi: 0xb
edi: 0x123
esi: 0xd
edi: 0x128
esi: 0xb
edi: 0x12d
esi: 0xb
edi: 0x132
esi: 0x3
edi: 0x133
esi: 0x9
edi: 0x10b
esi: 0xb
edi: 0x114
esi: 0xb
edi: 0x119
esi: 0xb
edi: 0x11e
esi: 0x9
edi: 0x123
esi: 0xb
edi: 0x128
esi: 0x9
edi: 0x12d
esi: 0x9
edi: 0x132
esi: 0x3
edi: 0x133
esi: 0x7
edi: 0x10b
esi: 0x9
edi: 0x114
esi: 0x9
edi: 0x119
esi: 0x9
edi: 0x11e
esi: 0x7
edi: 0x123
esi: 0x9
edi: 0x128
esi: 0x7
edi: 0x12d
esi: 0x7
edi: 0x132
esi: 0x3
edi: 0x133
esi: 0x5
edi: 0x10b
esi: 0x7
edi: 0x114
esi: 0x7
edi: 0x119
esi: 0x7
edi: 0x11e
esi: 0x5
edi: 0x123
esi: 0x7
edi: 0x128
esi: 0x5
edi: 0x12d
esi: 0x5
edi: 0x132
esi: 0x3
edi: 0x133
esi: 0x3
edi: 0x10b
esi: 0x5
edi: 0x114
esi: 0x5
edi: 0x119
esi: 0x5
edi: 0x11e
esi: 0x3
edi: 0x123
esi: 0x5
edi: 0x128
esi: 0x3
edi: 0x12d
esi: 0x3
edi: 0x132
esi: 0x3
edi: 0x133
esi: 0x1
edi: 0x10b
esi: 0x3
edi: 0x114
esi: 0x3
edi: 0x119
esi: 0x3
edi: 0x11e
esi: 0x1
edi: 0x14a
esi: 0x3
edi: 0x14f
esi: 0x1
edi: 0x154
esi: 0x1
edi: 0x13c
esi: 0x1
edi: 0x145
esi: 0xf04ed008
edi: 0x154
esi: 0xf04ed008
edi: 0x13c
esi: 0xf04ed008
edi: 0x145
esi: 0xf04ed01c
edi: 0x154
esi: 0xf04ed01c
edi: 0x13c
esi: 0xf04ed01c
edi: 0x145
esi: 0xf04ed030
edi: 0x154
esi: 0xf04ed030
edi: 0x13c
esi: 0xf04ed030
edi: 0x145
esi: 0xf04ed044
edi: 0x154
esi: 0xf04ed044
edi: 0x13c
esi: 0xf04ed044
edi: 0x145
esi: 0xf04ed058
edi: 0x154
esi: 0xf04ed058
edi: 0x13c
esi: 0xf04ed058
edi: 0x145
esi: 0xf04ed06c
edi: 0x154
esi: 0xf04ed06c
edi: 0x13c
esi: 0xf04ed06c
edi: 0x145
esi: 0xf04ed080
edi: 0x154
esi: 0xf04ed080
edi: 0x13c
esi: 0xf04ed080
edi: 0x145
esi: 0xf04ed094
edi: 0x154
esi: 0xf04ed094
edi: 0x13c
esi: 0xf04ed094
edi: 0x145
esi: 0xf04ed0a8
edi: 0x154
esi: 0xf04ed0a8
edi: 0x13c
esi: 0xf04ed0a8
edi: 0x145
esi: 0xf04ed0bc
edi: 0x154
esi: 0xf04ed0bc
edi: 0x13c
esi: 0xf04ed0bc
edi: 0x145
esi: 0xf04ed0d0
edi: 0x154
esi: 0xf04ed0d0
edi: 0x13c
esi: 0xf04ed0d0
edi: 0x145
esi: 0xf04ed0e4
edi: 0x154
esi: 0xf04ed0e4
edi: 0x13c
esi: 0xf04ed0e4
edi: 0x145
esi: 0xf04ed0f8
edi: 0x154
esi: 0xf04ed0f8
edi: 0x13c
esi: 0xf04ed0f8
edi: 0x145
esi: 0xf04ed10c
edi: 0x154
esi: 0xf04ed10c
edi: 0x13c
esi: 0xf04ed10c
edi: 0x145
esi: 0xf04ed120
edi: 0x154
esi: 0xf04ed120
edi: 0x13c
esi: 0xf04ed120
edi: 0x145
esi: 0xf04ed134
edi: 0x154
esi: 0xf04ed134
edi: 0x13c
esi: 0xf04ed134
edi: 0x145
esi: 0xf04ed148
edi: 0x154
esi: 0xf04ed148
edi: 0x13c
esi: 0xf04ed148
edi: 0x145
esi: 0xf04ed15c
edi: 0x154
esi: 0xf04ed15c
edi: 0x13c
esi: 0xf04ed15c
edi: 0x145
esi: 0xf04ed170
edi: 0x154
esi: 0xf04ed170
edi: 0x13c
esi: 0xf04ed170
edi: 0x145
esi: 0xf04ed184
edi: 0x154
esi: 0xf04ed184
edi: 0x13c
esi: 0xf04ed184
edi: 0x145
esi: 0xf04ed198
edi: 0x154
esi: 0xf04ed198
edi: 0x13c
esi: 0xf04ed198
edi: 0x145
esi: 0xf04ed1ac
edi: 0x154
esi: 0xf04ed1ac
edi: 0x13c
esi: 0xf04ed1ac
edi: 0x145
esi: 0xf04ed1c0
edi: 0x154
esi: 0xf04ed1c0
edi: 0x13c
esi: 0xf04ed1c0
edi: 0x145
esi: 0xf04ed1d4
edi: 0x154
esi: 0xf04ed1d4
edi: 0x13c
esi: 0xf04ed1d4
edi: 0x145
esi: 0xf04ed1e8
edi: 0x154
esi: 0xf04ed1e8
edi: 0x13c
esi: 0xf04ed1e8
edi: 0x145
esi: 0xf04ed1fc
edi: 0x154
esi: 0xf04ed1fc
edi: 0x13c
esi: 0xf04ed1fc
edi: 0x145
esi: 0xf04ed210
edi: 0x154
esi: 0xf04ed210
edi: 0x13c
esi: 0xf04ed210
edi: 0x145
esi: 0xf04ed224
edi: 0x154
esi: 0xf04ed224
edi: 0x13c
esi: 0xf04ed224
edi: 0x145
esi: 0xf04ed238
edi: 0x154
esi: 0xf04ed238
edi: 0x13c
esi: 0xf04ed238
edi: 0x145
esi: 0xf04ed24c
edi: 0x154
esi: 0xf04ed24c
edi: 0x13c
esi: 0xf04ed24c
edi: 0x145
esi: 0xf04ed260
edi: 0x154
esi: 0xf04ed260
edi: 0x13c
esi: 0xf04ed260
edi: 0x145
esi: 0xf04ed274
edi: 0x154
esi: 0xf04ed274
edi: 0x13c
esi: 0xf04ed274
edi: 0x145
esi: 0xf04ed288
edi: 0x154
esi: 0xf04ed288
edi: 0x13c
esi: 0xf04ed288
edi: 0x145
esi: 0xf04ed29c
edi: 0x154
esi: 0xf04ed29c
edi: 0x13c
esi: 0xf04ed29c
edi: 0x145
esi: 0xf04ed2b0
edi: 0x154
esi: 0xf04ed2b0
edi: 0x13c
esi: 0xf04ed2b0
edi: 0x145
esi: 0xf04ed2c4
edi: 0x154
esi: 0xf04ed2c4
edi: 0x13c
esi: 0xf04ed2c4
edi: 0x145
esi: 0xf04ed2d8
edi: 0x154
esi: 0xf04ed2d8
edi: 0x13c
esi: 0xf04ed2d8
edi: 0x145
esi: 0xf04ed2ec
edi: 0x154
esi: 0xf04ed2ec
edi: 0x13c
esi: 0xf04ed2ec
edi: 0x145
esi: 0xf04ed300
edi: 0x154
esi: 0xf04ed300
edi: 0x13c
esi: 0xf04ed300
edi: 0x145
esi: 0xf04ed314
edi: 0x154
esi: 0xf04ed314
edi: 0x13c
esi: 0xf04ed314
edi: 0x145
esi: 0xf04ed328
edi: 0x154
esi: 0xf04ed328
edi: 0x13c
esi: 0xf04ed328
edi: 0x145
esi: 0xf04ed33c
edi: 0x154
esi: 0xf04ed33c
edi: 0x13c
esi: 0xf04ed33c
edi: 0x145
esi: 0xf04ed350
edi: 0x154
esi: 0xf04ed350
edi: 0x13c
esi: 0xf04ed350
edi: 0x145
esi: 0xf04ed364
edi: 0x154
esi: 0xf04ed364
edi: 0x13c
esi: 0xf04ed364
edi: 0x145
esi: 0xf04ed378
edi: 0x154
esi: 0xf04ed378
edi: 0x13c
esi: 0xf04ed378
edi: 0x145
esi: 0xf04ed38c
edi: 0x154
esi: 0xf04ed38c
edi: 0x13c
esi: 0xf04ed38c
edi: 0x145
esi: 0xf04ed3a0
edi: 0x154
esi: 0xf04ed3a0
edi: 0x13c
esi: 0xf04ed3a0
edi: 0x145
esi: 0xf04ed3b4
edi: 0x154
esi: 0xf04ed3b4
edi: 0x13c
esi: 0xf04ed3b4
edi: 0x145
esi: 0xf04ed3c8
edi: 0x154
esi: 0xf04ed3c8
edi: 0x13c
esi: 0xf04ed3c8
edi: 0x145
esi: 0xf04ed3dc
edi: 0x154
esi: 0xf04ed3dc
edi: 0x13c
esi: 0xf04ed3dc
edi: 0x145
esi: 0xf04ed3f0
edi: 0x154
esi: 0xf04ed3f0
edi: 0x13c
esi: 0xf04ed3f0
edi: 0x145
esi: 0xf04ed404
edi: 0x154
esi: 0xf04ed404
edi: 0x13c
esi: 0xf04ed404
edi: 0x145
esi: 0xf04ed418
edi: 0x154
esi: 0xf04ed418
edi: 0x13c
esi: 0xf04ed418
edi: 0x145
esi: 0xf04ed42c
edi: 0x154
esi: 0xf04ed42c
edi: 0x13c
esi: 0xf04ed42c
edi: 0x145
esi: 0xf04ed440
edi: 0x154
esi: 0xf04ed440
edi: 0x13c
esi: 0xf04ed440
edi: 0x145
esi: 0xf04ed454
edi: 0x154
esi: 0xf04ed454
edi: 0x13c
esi: 0xf04ed454
edi: 0x145
esi: 0xf04ed468
edi: 0x154
esi: 0xf04ed468
edi: 0x13c
esi: 0xf04ed468
edi: 0x145
esi: 0xf04ed47c
edi: 0x154
esi: 0xf04ed47c
edi: 0x13c
esi: 0xf04ed47c
edi: 0x145
esi: 0xf04ed490
edi: 0x154
esi: 0xf04ed490
edi: 0x13c
esi: 0xf04ed490
edi: 0x145
esi: 0xf04ed4a4
edi: 0x154
esi: 0xf04ed4a4
edi: 0x13c
esi: 0xf04ed4a4
edi: 0x145
esi: 0xf04ed4b8
edi: 0x154
esi: 0xf04ed4b8
edi: 0x13c
esi: 0xf04ed4b8
edi: 0x145
esi: 0xf04ed4cc
edi: 0x154
esi: 0xf04ed4cc
edi: 0x13c
esi: 0xf04ed4cc
edi: 0x145
esi: 0xf04ed4e0
edi: 0x154
esi: 0xf04ed4e0
edi: 0x13c
esi: 0xf04ed4e0
edi: 0x145
esi: 0xf04ed4f4
edi: 0x154
esi: 0xf04ed4f4
edi: 0x13c
esi: 0xf04ed4f4
edi: 0x145
esi: 0xf04ed508
edi: 0x154
esi: 0xf04ed508
edi: 0x13c
esi: 0xf04ed508
edi: 0x145
esi: 0xf04ed51c
edi: 0x154
esi: 0xf04ed51c
edi: 0x13c
esi: 0xf04ed51c
edi: 0x145
esi: 0xf04ed530
edi: 0x154
esi: 0xf04ed530
edi: 0x13c
esi: 0xf04ed530
edi: 0x145
esi: 0xf04ed544
edi: 0x154
esi: 0xf04ed544
edi: 0x13c
esi: 0xf04ed544
edi: 0x145
esi: 0xf04ed558
edi: 0x154
esi: 0xf04ed558
edi: 0x13c
esi: 0xf04ed558
edi: 0x145
esi: 0xf04ed56c
edi: 0x154
esi: 0xf04ed56c
edi: 0x13c
esi: 0xf04ed56c
edi: 0x145
esi: 0xf04ed580
edi: 0x154
esi: 0xf04ed580
edi: 0x13c
esi: 0xf04ed580
edi: 0x145
esi: 0xf04ed594
edi: 0x154
esi: 0xf04ed594
edi: 0x13c
esi: 0xf04ed594
edi: 0x145
esi: 0xf04ed5a8
edi: 0x154
esi: 0xf04ed5a8
edi: 0x13c
esi: 0xf04ed5a8
edi: 0x145
esi: 0xf04ed5bc
edi: 0x154
esi: 0xf04ed5bc
edi: 0x13c
esi: 0xf04ed5bc
edi: 0x145
esi: 0xf04ed5d0
edi: 0x154
esi: 0xf04ed5d0
edi: 0x13c
esi: 0xf04ed5d0
edi: 0x145
esi: 0xf04ed5e4
edi: 0x154
esi: 0xf04ed5e4
edi: 0x13c
esi: 0xf04ed5e4
edi: 0x145
esi: 0xf04ed5f8
edi: 0x154
esi: 0xf04ed5f8
edi: 0x13c
esi: 0xf04ed5f8
edi: 0x145
esi: 0xf04ed60c
edi: 0x154
esi: 0xf04ed60c
edi: 0x13c
esi: 0xf04ed60c
edi: 0x145
esi: 0xf04ed620
edi: 0x154
esi: 0xf04ed620
edi: 0x13c
esi: 0xf04ed620
edi: 0x145
esi: 0xf04ed634
edi: 0x154
esi: 0xf04ed634
edi: 0x13c
esi: 0xf04ed634
edi: 0x145
esi: 0xf04ed648
edi: 0x154
esi: 0xf04ed648
edi: 0x13c
esi: 0xf04ed648
edi: 0x145
esi: 0xf04ed65c
edi: 0x154
esi: 0xf04ed65c
edi: 0x13c
esi: 0xf04ed65c
edi: 0x145
esi: 0xf04ed670
edi: 0x154
esi: 0xf04ed670
edi: 0x13c
esi: 0xf04ed670
edi: 0x145
esi: 0xf04ed684
edi: 0x154
esi: 0xf04ed684
edi: 0x13c
esi: 0xf04ed684
edi: 0x145
esi: 0xf04ed698
edi: 0x154
esi: 0xf04ed698
edi: 0x13c
esi: 0xf04ed698
edi: 0x145
esi: 0xf04ed6ac
edi: 0x154
esi: 0xf04ed6ac
edi: 0x13c
esi: 0xf04ed6ac
edi: 0x145
esi: 0xf04ed6c0
edi: 0x154
esi: 0xf04ed6c0
edi: 0x13c
esi: 0xf04ed6c0
edi: 0x145
esi: 0xf04ed6d4
edi: 0x154
esi: 0xf04ed6d4
edi: 0x13c
esi: 0xf04ed6d4
edi: 0x145
esi: 0xf04ed6e8
edi: 0x154
esi: 0xf04ed6e8
edi: 0x13c
esi: 0xf04ed6e8
edi: 0x145
esi: 0xf04ed6fc
edi: 0x154
esi: 0xf04ed6fc
edi: 0x13c
esi: 0xf04ed6fc
edi: 0x145
esi: 0xf04ed710
edi: 0x154
esi: 0xf04ed710
edi: 0x13c
esi: 0xf04ed710
edi: 0x145
esi: 0xf04ed724
edi: 0x154
esi: 0xf04ed724
edi: 0x13c
esi: 0xf04ed724
edi: 0x145
esi: 0xf04ed738
edi: 0x154
esi: 0xf04ed738
edi: 0x13c
esi: 0xf04ed738
edi: 0x145
esi: 0xf04ed74c
edi: 0x154
esi: 0xf04ed74c
edi: 0x13c
esi: 0xf04ed74c
edi: 0x145
esi: 0xf04ed760
edi: 0x154
esi: 0xf04ed760
edi: 0x13c
esi: 0xf04ed760
edi: 0x145
esi: 0xf04ed774
edi: 0x154
esi: 0xf04ed774
edi: 0x13c
esi: 0xf04ed774
edi: 0x145
esi: 0xf04ed788
edi: 0x154
esi: 0xf04ed788
edi: 0x13c
esi: 0xf04ed788
edi: 0x145
esi: 0xf04ed79c
edi: 0x154
esi: 0xf04ed79c
edi: 0x13c
esi: 0xf04ed79c
edi: 0x145
esi: 0xf04ed7b0
edi: 0x154
esi: 0xf04ed7b0
edi: 0x13c
esi: 0xf04ed7b0
edi: 0x145
esi: 0xf04ed7c4
edi: 0x154
esi: 0xf04ed7c4
edi: 0x17
esi: 0xf04ed7c4
edi: 0x1c
esi: 0xf04ed7c4
edi: 0x21
esi: 0xf04ed7c4
drop: 0x81613
edi: 0x22
esi: 0x81613
edi: 0x27
esi: 0x191
edi: 0x2c
esi: 0x191
edi: 0x35
esi: 0xf04ed7d8
edi: 0x3a
esi: 0xf04ed7d8
edi: 0x3f
esi: 0xf04ed7d8
drop: 0x81613
edi: 0x40
esi: 0x81613
edi: 0x45
esi: 0x81613
edi: 0x4a
esi: 0xf04ed7c4
edi: 0x71
esi: 0x81613
edi: 0x7a
esi: 0x81613
edi: 0x7f
esi: 0x81613
edi: 0x84
esi: 0xf04ed7c4
dup: 0xf04ed7c4
edi: 0x85
esi: 0xf04ed7c4
edi: 0x8a
esi: 0x1
edi: 0x8b
esi: 0x1
edi: 0x9b
esi: 0xf04ed7c4
dup: 0xf04ed7c4
edi: 0x9c
esi: 0xf04ed7c4
dup: 0xf04ed7c4
edi: 0x9d
esi: 0xf04ed7c4
edi: 0xa6
esi: 0x3
edi: 0xb1
esi: 0xf04ed7c4
dup: 0xf04ed7c4
edi: 0xb2
esi: 0xf04ed7c4
edi: 0xb7
esi: 0x1
ebx: 0x1
ebx: 0xf04ed7c4
edi: 0xb8
esi: 0xc9
drop: 0xf04ed7c4
edi: 0xb9
esi: 0xf04ed7c4
dup: 0xf04ed7c4
edi: 0xba
esi: 0xf04ed7c4
edi: 0xbf
esi: 0x3
ebx: 0x3
ebx: 0xf04ed7c4
edi: 0xc0
esi: 0xf04ed7b0
drop: 0xf04ed7c4
edi: 0xc1
esi: 0xf04ed7c4
drop: 0xf04ed7c4
edi: 0xc2
esi: 0xf04ed7c4
dup: 0xf04ed7c4
edi: 0xc3
esi: 0xf04ed7c4
edi: 0xc8
esi: 0x1
ebx: 0x1
ebx: 0xf04ed7c4
edi: 0xc9
esi: 0xc9
edi: 0xce
esi: 0xc9
drop: 0xf04ed7c4
edi: 0xcf
esi: 0xf04ed7c4
dup: 0xf04ed7c4
edi: 0xd0
esi: 0xf04ed7c4
edi: 0xd5
esi: 0x3
ebx: 0x3
ebx: 0xf04ed7c4
edi: 0xd6
esi: 0xf04ed7b0
edi: 0xdb
esi: 0xf04ed7b0
drop: 0xf04ed7c4
edi: 0xdc
esi: 0xf04ed7c4
drop: 0x81613
edi: 0xdd
esi: 0x81613
edi: 0xe2
esi: 0x81613
edi: 0xe7
esi: 0xc9
edi: 0xe8
esi: 0x0
drop: 0x81613
edi: 0xe9
esi: 0x81613
edi: 0xee
esi: 0xf04ed7b0
edi: 0x71
esi: 0x81613
edi: 0x7a
esi: 0x81613
edi: 0x7f
esi: 0x81613
edi: 0x84
esi: 0xf04ed7b0
dup: 0xf04ed7b0
edi: 0x85
esi: 0xf04ed7b0
edi: 0x8a
esi: 0x1
edi: 0x8b
esi: 0x1
edi: 0x9b
esi: 0xf04ed7b0
dup: 0xf04ed7b0
edi: 0x9c
esi: 0xf04ed7b0
dup: 0xf04ed7b0
edi: 0x9d
esi: 0xf04ed7b0
edi: 0xa6
esi: 0x3
edi: 0xb1
esi: 0xf04ed7b0
dup: 0xf04ed7b0
edi: 0xb2
esi: 0xf04ed7b0
edi: 0xb7
esi: 0x1
ebx: 0x1
ebx: 0xf04ed7b0
edi: 0xb8
esi: 0xc7
drop: 0xf04ed7b0
edi: 0xb9
esi: 0xf04ed7b0
dup: 0xf04ed7b0
edi: 0xba
esi: 0xf04ed7b0
edi: 0xbf
esi: 0x3
ebx: 0x3
ebx: 0xf04ed7b0
edi: 0xc0
esi: 0xf04ed79c
drop: 0xf04ed7b0
edi: 0xc1
esi: 0xf04ed7b0
drop: 0xf04ed7b0
edi: 0xc2
esi: 0xf04ed7b0
dup: 0xf04ed7b0
edi: 0xc3
esi: 0xf04ed7b0
edi: 0xc8
esi: 0x1
ebx: 0x1
ebx: 0xf04ed7b0
edi: 0xc9
esi: 0xc7
edi: 0xce
esi: 0xc7
drop: 0xf04ed7b0
edi: 0xcf
esi: 0xf04ed7b0
dup: 0xf04ed7b0
edi: 0xd0
esi: 0xf04ed7b0
edi: 0xd5
esi: 0x3
ebx: 0x3
ebx: 0xf04ed7b0
edi: 0xd6
esi: 0xf04ed79c
edi: 0xdb
esi: 0xf04ed79c
drop: 0xf04ed7b0
edi: 0xdc
esi: 0xf04ed7b0
drop: 0x81613
edi: 0xdd
esi: 0x81613
edi: 0xe2
esi: 0x81613
edi: 0xe7
esi: 0xc7
edi: 0xe8
esi: 0x0
drop: 0x81613
edi: 0xe9
esi: 0x81613
edi: 0xee
esi: 0xf04ed79c
edi: 0x71
esi: 0x81613
edi: 0x7a
esi: 0x81613
edi: 0x7f
esi: 0x81613
edi: 0x84
esi: 0xf04ed79c
dup: 0xf04ed79c
edi: 0x85
esi: 0xf04ed79c
edi: 0x8a
esi: 0x1
edi: 0x8b
esi: 0x1
edi: 0x9b
esi: 0xf04ed79c
dup: 0xf04ed79c
edi: 0x9c
esi: 0xf04ed79c
dup: 0xf04ed79c
edi: 0x9d
esi: 0xf04ed79c
edi: 0xa6
esi: 0x3
edi: 0xb1
esi: 0xf04ed79c
dup: 0xf04ed79c
edi: 0xb2
esi: 0xf04ed79c
edi: 0xb7
esi: 0x1
ebx: 0x1
ebx: 0xf04ed79c
edi: 0xb8
esi: 0xc5
drop: 0xf04ed79c
edi: 0xb9
esi: 0xf04ed79c
dup: 0xf04ed79c
edi: 0xba
esi: 0xf04ed79c
edi: 0xbf
esi: 0x3
ebx: 0x3
ebx: 0xf04ed79c
edi: 0xc0
esi: 0xf04ed788
drop: 0xf04ed79c
edi: 0xc1
esi: 0xf04ed79c
drop: 0xf04ed79c
edi: 0xc2
esi: 0xf04ed79c
dup: 0xf04ed79c
edi: 0xc3
esi: 0xf04ed79c
edi: 0xc8
esi: 0x1
ebx: 0x1
ebx: 0xf04ed79c
edi: 0xc9
esi: 0xc5
edi: 0xce
esi: 0xc5
drop: 0xf04ed79c
edi: 0xcf
esi: 0xf04ed79c
dup: 0xf04ed79c
edi: 0xd0
esi: 0xf04ed79c
edi: 0xd5
esi: 0x3
ebx: 0x3
ebx: 0xf04ed79c
edi: 0xd6
esi: 0xf04ed788
edi: 0xdb
esi: 0xf04ed788
drop: 0xf04ed79c
edi: 0xdc
esi: 0xf04ed79c
drop: 0x81613
edi: 0xdd
esi: 0x81613
edi: 0xe2
esi: 0x81613
edi: 0xe7
esi: 0xc5
edi: 0xe8
esi: 0x0
drop: 0x81613
edi: 0xe9
esi: 0x81613
edi: 0xee
esi: 0xf04ed788
edi: 0x71
esi: 0x81613
edi: 0x7a
esi: 0x81613
edi: 0x7f
esi: 0x81613
edi: 0x84
esi: 0xf04ed788
dup: 0xf04ed788
edi: 0x85
esi: 0xf04ed788
edi: 0x8a
esi: 0x1
edi: 0x8b
esi: 0x1
edi: 0x9b
esi: 0xf04ed788
dup: 0xf04ed788
edi: 0x9c
esi: 0xf04ed788
dup: 0xf04ed788
edi: 0x9d
esi: 0xf04ed788
edi: 0xa6
esi: 0x3
edi: 0xb1
esi: 0xf04ed788
dup: 0xf04ed788
edi: 0xb2
esi: 0xf04ed788
edi: 0xb7
esi: 0x1
ebx: 0x1
ebx: 0xf04ed788
edi: 0xb8
esi: 0xc3
drop: 0xf04ed788
edi: 0xb9
esi: 0xf04ed788
dup: 0xf04ed788
edi: 0xba
esi: 0xf04ed788
edi: 0xbf
esi: 0x3
ebx: 0x3
ebx: 0xf04ed788
edi: 0xc0
esi: 0xf04ed774
drop: 0xf04ed788
edi: 0xc1
esi: 0xf04ed788
drop: 0xf04ed788
edi: 0xc2
esi: 0xf04ed788
dup: 0xf04ed788
edi: 0xc3
esi: 0xf04ed788
edi: 0xc8
esi: 0x1
ebx: 0x1
ebx: 0xf04ed788
edi: 0xc9
esi: 0xc3
edi: 0xce
esi: 0xc3
drop: 0xf04ed788
edi: 0xcf
esi: 0xf04ed788
dup: 0xf04ed788
edi: 0xd0
esi: 0xf04ed788
edi: 0xd5
esi: 0x3
ebx: 0x3
ebx: 0xf04ed788
edi: 0xd6
esi: 0xf04ed774
edi: 0xdb
esi: 0xf04ed774
drop: 0xf04ed788
edi: 0xdc
esi: 0xf04ed788
drop: 0x81613
edi: 0xdd
esi: 0x81613
edi: 0xe2
esi: 0x81613
edi: 0xe7
esi: 0xc3
edi: 0xe8
esi: 0x0
drop: 0x81613
edi: 0xe9
esi: 0x81613
edi: 0xee
esi: 0xf04ed774
edi: 0x71
esi: 0x81613
edi: 0x7a
esi: 0x81613
edi: 0x7f
esi: 0x81613
edi: 0x84
esi: 0xf04ed774
dup: 0xf04ed774
edi: 0x85
esi: 0xf04ed774
edi: 0x8a
esi: 0x1
edi: 0x8b
esi: 0x1
edi: 0x9b
esi: 0xf04ed774
dup: 0xf04ed774
edi: 0x9c
esi: 0xf04ed774
dup: 0xf04ed774
edi: 0x9d
esi: 0xf04ed774
edi: 0xa6
esi: 0x3
edi: 0xb1
esi: 0xf04ed774
dup: 0xf04ed774
edi: 0xb2
esi: 0xf04ed774
edi: 0xb7
esi: 0x1
ebx: 0x1
ebx: 0xf04ed774
edi: 0xb8
esi: 0xc1
drop: 0xf04ed774
edi: 0xb9
esi: 0xf04ed774
dup: 0xf04ed774
edi: 0xba
esi: 0xf04ed774
edi: 0xbf
esi: 0x3
ebx: 0x3
ebx: 0xf04ed774
edi: 0xc0
esi: 0xf04ed760
drop: 0xf04ed774
edi: 0xc1
esi: 0xf04ed774
drop: 0xf04ed774
edi: 0xc2
esi: 0xf04ed774
dup: 0xf04ed774
edi: 0xc3
esi: 0xf04ed774
edi: 0xc8
esi: 0x1
ebx: 0x1
ebx: 0xf04ed774
edi: 0xc9
esi: 0xc1
edi: 0xce
esi: 0xc1
drop: 0xf04ed774
edi: 0xcf
esi: 0xf04ed774
dup: 0xf04ed774
edi: 0xd0
esi: 0xf04ed774
edi: 0xd5
esi: 0x3
ebx: 0x3
ebx: 0xf04ed774
edi: 0xd6
esi: 0xf04ed760
edi: 0xdb
esi: 0xf04ed760
drop: 0xf04ed774
edi: 0xdc
esi: 0xf04ed774
drop: 0x81613
edi: 0xdd
esi: 0x81613
edi: 0xe2
esi: 0x81613
edi: 0xe7
esi: 0xc1
edi: 0xe8
esi: 0x0
drop: 0x81613
edi: 0xe9
esi: 0x81613
edi: 0xee
esi: 0xf04ed760
edi: 0x71
esi: 0x81613
edi: 0x7a
esi: 0x81613
edi: 0x7f
esi: 0x81613
edi: 0x84
esi: 0xf04ed760
dup: 0xf04ed760
edi: 0x85
esi: 0xf04ed760
edi: 0x8a
esi: 0x1
edi: 0x8b
esi: 0x1
edi: 0x9b
esi: 0xf04ed760
dup: 0xf04ed760
edi: 0x9c
esi: 0xf04ed760
dup: 0xf04ed760
edi: 0x9d
esi: 0xf04ed760
edi: 0xa6
esi: 0x3
edi: 0xb1
esi: 0xf04ed760
dup: 0xf04ed760
edi: 0xb2
esi: 0xf04ed760
edi: 0xb7
esi: 0x1
ebx: 0x1
ebx: 0xf04ed760
edi: 0xb8
esi: 0xbf
drop: 0xf04ed760
edi: 0xb9
esi: 0xf04ed760
dup: 0xf04ed760
edi: 0xba
esi: 0xf04ed760
edi: 0xbf
esi: 0x3
ebx: 0x3
ebx: 0xf04ed760
edi: 0xc0
esi: 0xf04ed74c
drop: 0xf04ed760
edi: 0xc1
esi: 0xf04ed760
drop: 0xf04ed760
edi: 0xc2
esi: 0xf04ed760
dup: 0xf04ed760
edi: 0xc3
esi: 0xf04ed760
edi: 0xc8
esi: 0x1
ebx: 0x1
ebx: 0xf04ed760
edi: 0xc9
esi: 0xbf
edi: 0xce
esi: 0xbf
drop: 0xf04ed760
edi: 0xcf
esi: 0xf04ed760
dup: 0xf04ed760
edi: 0xd0
esi: 0xf04ed760
edi: 0xd5
esi: 0x3
ebx: 0x3
ebx: 0xf04ed760
edi: 0xd6
esi: 0xf04ed74c
edi: 0xdb
esi: 0xf04ed74c
drop: 0xf04ed760
edi: 0xdc
esi: 0xf04ed760
drop: 0x81613
edi: 0xdd
esi: 0x81613
edi: 0xe2
esi: 0x81613
edi: 0xe7
esi: 0xbf
edi: 0xe8
esi: 0x0
drop: 0x81613
edi: 0xe9
esi: 0x81613
edi: 0xee
esi: 0xf04ed74c
edi: 0x71
esi: 0x81613
edi: 0x7a
esi: 0x81613
edi: 0x7f
esi: 0x81613
edi: 0x84
esi: 0xf04ed74c
dup: 0xf04ed74c
edi: 0x85
esi: 0xf04ed74c
edi: 0x8a
esi: 0x1
edi: 0x8b
esi: 0x1
edi: 0x9b
esi: 0xf04ed74c
dup: 0xf04ed74c
edi: 0x9c
esi: 0xf04ed74c
dup: 0xf04ed74c
edi: 0x9d
esi: 0xf04ed74c
edi: 0xa6
esi: 0x3
edi: 0xb1
esi: 0xf04ed74c
dup: 0xf04ed74c
edi: 0xb2
esi: 0xf04ed74c
edi: 0xb7
esi: 0x1
ebx: 0x1
ebx: 0xf04ed74c
edi: 0xb8
esi: 0xbd
drop: 0xf04ed74c
edi: 0xb9
esi: 0xf04ed74c
dup: 0xf04ed74c
edi: 0xba
esi: 0xf04ed74c
edi: 0xbf
esi: 0x3
ebx: 0x3
ebx: 0xf04ed74c
edi: 0xc0
esi: 0xf04ed738
drop: 0xf04ed74c
edi: 0xc1
esi: 0xf04ed74c
drop: 0xf04ed74c
edi: 0xc2
esi: 0xf04ed74c
dup: 0xf04ed74c
edi: 0xc3
esi: 0xf04ed74c
edi: 0xc8
esi: 0x1
ebx: 0x1
ebx: 0xf04ed74c
edi: 0xc9
esi: 0xbd
edi: 0xce
esi: 0xbd
drop: 0xf04ed74c
edi: 0xcf
esi: 0xf04ed74c
dup: 0xf04ed74c
edi: 0xd0
esi: 0xf04ed74c
edi: 0xd5
esi: 0x3
ebx: 0x3
ebx: 0xf04ed74c
edi: 0xd6
esi: 0xf04ed738
edi: 0xdb
esi: 0xf04ed738
drop: 0xf04ed74c
edi: 0xdc
esi: 0xf04ed74c
drop: 0x81613
edi: 0xdd
esi: 0x81613
edi: 0xe2
esi: 0x81613
edi: 0xe7
esi: 0xbd
edi: 0xe8
esi: 0x0
drop: 0x81613
edi: 0xe9
esi: 0x81613
edi: 0xee
esi: 0xf04ed738
edi: 0x71
esi: 0x81613
edi: 0x7a
esi: 0x81613
edi: 0x7f
esi: 0x81613
edi: 0x84
esi: 0xf04ed738
dup: 0xf04ed738
edi: 0x85
esi: 0xf04ed738
edi: 0x8a
esi: 0x1
edi: 0x8b
esi: 0x1
edi: 0x9b
esi: 0xf04ed738
dup: 0xf04ed738
edi: 0x9c
esi: 0xf04ed738
dup: 0xf04ed738
edi: 0x9d
esi: 0xf04ed738
edi: 0xa6
esi: 0x3
edi: 0xb1
esi: 0xf04ed738
dup: 0xf04ed738
edi: 0xb2
esi: 0xf04ed738
edi: 0xb7
esi: 0x1
ebx: 0x1
ebx: 0xf04ed738
edi: 0xb8
esi: 0xbb
drop: 0xf04ed738
edi: 0xb9
esi: 0xf04ed738
dup: 0xf04ed738
edi: 0xba
esi: 0xf04ed738
edi: 0xbf
esi: 0x3
ebx: 0x3
ebx: 0xf04ed738
edi: 0xc0
esi: 0xf04ed724
drop: 0xf04ed738
edi: 0xc1
esi: 0xf04ed738
drop: 0xf04ed738
edi: 0xc2
esi: 0xf04ed738
dup: 0xf04ed738
edi: 0xc3
esi: 0xf04ed738
edi: 0xc8
esi: 0x1
ebx: 0x1
ebx: 0xf04ed738
edi: 0xc9
esi: 0xbb
edi: 0xce
esi: 0xbb
drop: 0xf04ed738
edi: 0xcf
esi: 0xf04ed738
dup: 0xf04ed738
edi: 0xd0
esi: 0xf04ed738
edi: 0xd5
esi: 0x3
ebx: 0x3
ebx: 0xf04ed738
edi: 0xd6
esi: 0xf04ed724
edi: 0xdb
esi: 0xf04ed724
drop: 0xf04ed738
edi: 0xdc
esi: 0xf04ed738
drop: 0x81613
edi: 0xdd
esi: 0x81613
edi: 0xe2
esi: 0x81613
edi: 0xe7
esi: 0xbb
edi: 0xe8
esi: 0x0
drop: 0x81613
edi: 0xe9
esi: 0x81613
edi: 0xee
esi: 0xf04ed724
edi: 0x71
esi: 0x81613
edi: 0x7a
esi: 0x81613
edi: 0x7f
esi: 0x81613
edi: 0x84
esi: 0xf04ed724
dup: 0xf04ed724
edi: 0x85
esi: 0xf04ed724
edi: 0x8a
esi: 0x1
edi: 0x8b
esi: 0x1
edi: 0x9b
esi: 0xf04ed724
dup: 0xf04ed724
edi: 0x9c
esi: 0xf04ed724
dup: 0xf04ed724
edi: 0x9d
esi: 0xf04ed724
edi: 0xa6
esi: 0x3
edi: 0xb1
esi: 0xf04ed724
dup: 0xf04ed724
edi: 0xb2
esi: 0xf04ed724
edi: 0xb7
esi: 0x1
ebx: 0x1
ebx: 0xf04ed724
edi: 0xb8
esi: 0xb9
drop: 0xf04ed724
edi: 0xb9
esi: 0xf04ed724
dup: 0xf04ed724
edi: 0xba
esi: 0xf04ed724
edi: 0xbf
esi: 0x3
ebx: 0x3
ebx: 0xf04ed724
edi: 0xc0
esi: 0xf04ed710
drop: 0xf04ed724
edi: 0xc1
esi: 0xf04ed724
drop: 0xf04ed724
edi: 0xc2
esi: 0xf04ed724
dup: 0xf04ed724
edi: 0xc3
esi: 0xf04ed724
edi: 0xc8
esi: 0x1
ebx: 0x1
ebx: 0xf04ed724
edi: 0xc9
esi: 0xb9
edi: 0xce
esi: 0xb9
drop: 0xf04ed724
edi: 0xcf
esi: 0xf04ed724
dup: 0xf04ed724
edi: 0xd0
esi: 0xf04ed724
edi: 0xd5
esi: 0x3
ebx: 0x3
ebx: 0xf04ed724
edi: 0xd6
esi: 0xf04ed710
edi: 0xdb
esi: 0xf04ed710
drop: 0xf04ed724
edi: 0xdc
esi: 0xf04ed724
drop: 0x81613
edi: 0xdd
esi: 0x81613
edi: 0xe2
esi: 0x81613
edi: 0xe7
esi: 0xb9
edi: 0xe8
esi: 0x0
drop: 0x81613
edi: 0xe9
esi: 0x81613
edi: 0xee
esi: 0xf04ed710
edi: 0x71
esi: 0x81613
edi: 0x7a
esi: 0x81613
edi: 0x7f
esi: 0x81613
edi: 0x84
esi: 0xf04ed710
dup: 0xf04ed710
edi: 0x85
esi: 0xf04ed710
edi: 0x8a
esi: 0x1
edi: 0x8b
esi: 0x1
edi: 0x9b
esi: 0xf04ed710
dup: 0xf04ed710
edi: 0x9c
esi: 0xf04ed710
dup: 0xf04ed710
edi: 0x9d
esi: 0xf04ed710
edi: 0xa6
esi: 0x3
edi: 0xb1
esi: 0xf04ed710
dup: 0xf04ed710
edi: 0xb2
esi: 0xf04ed710
edi: 0xb7
esi: 0x1
ebx: 0x1
ebx: 0xf04ed710
edi: 0xb8
esi: 0xb7
drop: 0xf04ed710
edi: 0xb9
esi: 0xf04ed710
dup: 0xf04ed710
edi: 0xba
esi: 0xf04ed710
edi: 0xbf
esi: 0x3
ebx: 0x3
ebx: 0xf04ed710
edi: 0xc0
esi: 0xf04ed6fc
drop: 0xf04ed710
edi: 0xc1
esi: 0xf04ed710
drop: 0xf04ed710
edi: 0xc2
esi: 0xf04ed710
dup: 0xf04ed710
edi: 0xc3
esi: 0xf04ed710
edi: 0xc8
esi: 0x1
ebx: 0x1
ebx: 0xf04ed710
edi: 0xc9
esi: 0xb7
edi: 0xce
esi: 0xb7
drop: 0xf04ed710
edi: 0xcf
esi: 0xf04ed710
dup: 0xf04ed710
edi: 0xd0
esi: 0xf04ed710
edi: 0xd5
esi: 0x3
ebx: 0x3
ebx: 0xf04ed710
edi: 0xd6
esi: 0xf04ed6fc
edi: 0xdb
esi: 0xf04ed6fc
drop: 0xf04ed710
edi: 0xdc
esi: 0xf04ed710
drop: 0x81613
edi: 0xdd
esi: 0x81613
edi: 0xe2
esi: 0x81613
edi: 0xe7
esi: 0xb7
edi: 0xe8
esi: 0x0
drop: 0x81613
edi: 0xe9
esi: 0x81613
edi: 0xee
esi: 0xf04ed6fc
edi: 0x71
esi: 0x81613
edi: 0x7a
esi: 0x81613
edi: 0x7f
esi: 0x81613
edi: 0x84
esi: 0xf04ed6fc
dup: 0xf04ed6fc
edi: 0x85
esi: 0xf04ed6fc
edi: 0x8a
esi: 0x1
edi: 0x8b
esi: 0x1
edi: 0x9b
esi: 0xf04ed6fc
dup: 0xf04ed6fc
edi: 0x9c
esi: 0xf04ed6fc
dup: 0xf04ed6fc
edi: 0x9d
esi: 0xf04ed6fc
edi: 0xa6
esi: 0x3
edi: 0xb1
esi: 0xf04ed6fc
dup: 0xf04ed6fc
edi: 0xb2
esi: 0xf04ed6fc
edi: 0xb7
esi: 0x1
ebx: 0x1
ebx: 0xf04ed6fc
edi: 0xb8
esi: 0xb5
drop: 0xf04ed6fc
edi: 0xb9
esi: 0xf04ed6fc
dup: 0xf04ed6fc
edi: 0xba
esi: 0xf04ed6fc
edi: 0xbf
esi: 0x3
ebx: 0x3
ebx: 0xf04ed6fc
edi: 0xc0
esi: 0xf04ed6e8
drop: 0xf04ed6fc
edi: 0xc1
esi: 0xf04ed6fc
drop: 0xf04ed6fc
edi: 0xc2
esi: 0xf04ed6fc
dup: 0xf04ed6fc
edi: 0xc3
esi: 0xf04ed6fc
edi: 0xc8
esi: 0x1
ebx: 0x1
ebx: 0xf04ed6fc
edi: 0xc9
esi: 0xb5
edi: 0xce
esi: 0xb5
drop: 0xf04ed6fc
edi: 0xcf
esi: 0xf04ed6fc
dup: 0xf04ed6fc
edi: 0xd0
esi: 0xf04ed6fc
edi: 0xd5
esi: 0x3
ebx: 0x3
ebx: 0xf04ed6fc
edi: 0xd6
esi: 0xf04ed6e8
edi: 0xdb
esi: 0xf04ed6e8
drop: 0xf04ed6fc
edi: 0xdc
esi: 0xf04ed6fc
drop: 0x81613
edi: 0xdd
esi: 0x81613
edi: 0xe2
esi: 0x81613
edi: 0xe7
esi: 0xb5
edi: 0xe8
esi: 0x0
drop: 0x81613
edi: 0xe9
esi: 0x81613
edi: 0xee
esi: 0xf04ed6e8
edi: 0x71
esi: 0x81613
edi: 0x7a
esi: 0x81613
edi: 0x7f
esi: 0x81613
edi: 0x84
esi: 0xf04ed6e8
dup: 0xf04ed6e8
edi: 0x85
esi: 0xf04ed6e8
edi: 0x8a
esi: 0x1
edi: 0x8b
esi: 0x1
edi: 0x9b
esi: 0xf04ed6e8
dup: 0xf04ed6e8
edi: 0x9c
esi: 0xf04ed6e8
dup: 0xf04ed6e8
edi: 0x9d
esi: 0xf04ed6e8
edi: 0xa6
esi: 0x3
edi: 0xb1
esi: 0xf04ed6e8
dup: 0xf04ed6e8
edi: 0xb2
esi: 0xf04ed6e8
edi: 0xb7
esi: 0x1
ebx: 0x1
ebx: 0xf04ed6e8
edi: 0xb8
esi: 0xb3
drop: 0xf04ed6e8
edi: 0xb9
esi: 0xf04ed6e8
dup: 0xf04ed6e8
edi: 0xba
esi: 0xf04ed6e8
edi: 0xbf
esi: 0x3
ebx: 0x3
ebx: 0xf04ed6e8
edi: 0xc0
esi: 0xf04ed6d4
drop: 0xf04ed6e8
edi: 0xc1
esi: 0xf04ed6e8
drop: 0xf04ed6e8
edi: 0xc2
esi: 0xf04ed6e8
dup: 0xf04ed6e8
edi: 0xc3
esi: 0xf04ed6e8
edi: 0xc8
esi: 0x1
ebx: 0x1
ebx: 0xf04ed6e8
edi: 0xc9
esi: 0xb3
edi: 0xce
esi: 0xb3
drop: 0xf04ed6e8
edi: 0xcf
esi: 0xf04ed6e8
dup: 0xf04ed6e8
edi: 0xd0
esi: 0xf04ed6e8
edi: 0xd5
esi: 0x3
ebx: 0x3
ebx: 0xf04ed6e8
edi: 0xd6
esi: 0xf04ed6d4
edi: 0xdb
esi: 0xf04ed6d4
drop: 0xf04ed6e8
edi: 0xdc
esi: 0xf04ed6e8
drop: 0x81613
edi: 0xdd
esi: 0x81613
edi: 0xe2
esi: 0x81613
edi: 0xe7
esi: 0xb3
edi: 0xe8
esi: 0x0
drop: 0x81613
edi: 0xe9
esi: 0x81613
edi: 0xee
esi: 0xf04ed6d4
edi: 0x71
esi: 0x81613
edi: 0x7a
esi: 0x81613
edi: 0x7f
esi: 0x81613
edi: 0x84
esi: 0xf04ed6d4
dup: 0xf04ed6d4
edi: 0x85
esi: 0xf04ed6d4
edi: 0x8a
esi: 0x1
edi: 0x8b
esi: 0x1
edi: 0x9b
esi: 0xf04ed6d4
dup: 0xf04ed6d4
edi: 0x9c
esi: 0xf04ed6d4
dup: 0xf04ed6d4
edi: 0x9d
esi: 0xf04ed6d4
edi: 0xa6
esi: 0x3
edi: 0xb1
esi: 0xf04ed6d4
dup: 0xf04ed6d4
edi: 0xb2
esi: 0xf04ed6d4
edi: 0xb7
esi: 0x1
ebx: 0x1
ebx: 0xf04ed6d4
edi: 0xb8
esi: 0xb1
drop: 0xf04ed6d4
edi: 0xb9
esi: 0xf04ed6d4
dup: 0xf04ed6d4
edi: 0xba
esi: 0xf04ed6d4
edi: 0xbf
esi: 0x3
ebx: 0x3
ebx: 0xf04ed6d4
edi: 0xc0
esi: 0xf04ed6c0
drop: 0xf04ed6d4
edi: 0xc1
esi: 0xf04ed6d4
drop: 0xf04ed6d4
edi: 0xc2
esi: 0xf04ed6d4
dup: 0xf04ed6d4
edi: 0xc3
esi: 0xf04ed6d4
edi: 0xc8
esi: 0x1
ebx: 0x1
ebx: 0xf04ed6d4
edi: 0xc9
esi: 0xb1
edi: 0xce
esi: 0xb1
drop: 0xf04ed6d4
edi: 0xcf
esi: 0xf04ed6d4
dup: 0xf04ed6d4
edi: 0xd0
esi: 0xf04ed6d4
edi: 0xd5
esi: 0x3
ebx: 0x3
ebx: 0xf04ed6d4
edi: 0xd6
esi: 0xf04ed6c0
edi: 0xdb
esi: 0xf04ed6c0
drop: 0xf04ed6d4
edi: 0xdc
esi: 0xf04ed6d4
drop: 0x81613
edi: 0xdd
esi: 0x81613
edi: 0xe2
esi: 0x81613
edi: 0xe7
esi: 0xb1
edi: 0xe8
esi: 0x0
drop: 0x81613
edi: 0xe9
esi: 0x81613
edi: 0xee
esi: 0xf04ed6c0
edi: 0x71
esi: 0x81613
edi: 0x7a
esi: 0x81613
edi: 0x7f
esi: 0x81613
edi: 0x84
esi: 0xf04ed6c0
dup: 0xf04ed6c0
edi: 0x85
esi: 0xf04ed6c0
edi: 0x8a
esi: 0x1
edi: 0x8b
esi: 0x1
edi: 0x9b
esi: 0xf04ed6c0
dup: 0xf04ed6c0
edi: 0x9c
esi: 0xf04ed6c0
dup: 0xf04ed6c0
edi: 0x9d
esi: 0xf04ed6c0
edi: 0xa6
esi: 0x3
edi: 0xb1
esi: 0xf04ed6c0
dup: 0xf04ed6c0
edi: 0xb2
esi: 0xf04ed6c0
edi: 0xb7
esi: 0x1
ebx: 0x1
ebx: 0xf04ed6c0
edi: 0xb8
esi: 0xaf
drop: 0xf04ed6c0
edi: 0xb9
esi: 0xf04ed6c0
dup: 0xf04ed6c0
edi: 0xba
esi: 0xf04ed6c0
edi: 0xbf
esi: 0x3
ebx: 0x3
ebx: 0xf04ed6c0
edi: 0xc0
esi: 0xf04ed6ac
drop: 0xf04ed6c0
edi: 0xc1
esi: 0xf04ed6c0
drop: 0xf04ed6c0
edi: 0xc2
esi: 0xf04ed6c0
dup: 0xf04ed6c0
edi: 0xc3
esi: 0xf04ed6c0
edi: 0xc8
esi: 0x1
ebx: 0x1
ebx: 0xf04ed6c0
edi: 0xc9
esi: 0xaf
edi: 0xce
esi: 0xaf
drop: 0xf04ed6c0
edi: 0xcf
esi: 0xf04ed6c0
dup: 0xf04ed6c0
edi: 0xd0
esi: 0xf04ed6c0
edi: 0xd5
esi: 0x3
ebx: 0x3
ebx: 0xf04ed6c0
edi: 0xd6
esi: 0xf04ed6ac
edi: 0xdb
esi: 0xf04ed6ac
drop: 0xf04ed6c0
edi: 0xdc
esi: 0xf04ed6c0
drop: 0x81613
edi: 0xdd
esi: 0x81613
edi: 0xe2
esi: 0x81613
edi: 0xe7
esi: 0xaf
edi: 0xe8
esi: 0x0
drop: 0x81613
edi: 0xe9
esi: 0x81613
edi: 0xee
esi: 0xf04ed6ac
edi: 0x71
esi: 0x81613
edi: 0x7a
esi: 0x81613
edi: 0x7f
esi: 0x81613
edi: 0x84
esi: 0xf04ed6ac
dup: 0xf04ed6ac
edi: 0x85
esi: 0xf04ed6ac
edi: 0x8a
esi: 0x1
edi: 0x8b
esi: 0x1
edi: 0x9b
esi: 0xf04ed6ac
dup: 0xf04ed6ac
edi: 0x9c
esi: 0xf04ed6ac
dup: 0xf04ed6ac
edi: 0x9d
esi: 0xf04ed6ac
edi: 0xa6
esi: 0x3
edi: 0xb1
esi: 0xf04ed6ac
dup: 0xf04ed6ac
edi: 0xb2
esi: 0xf04ed6ac
edi: 0xb7
esi: 0x1
ebx: 0x1
ebx: 0xf04ed6ac
edi: 0xb8
esi: 0xad
drop: 0xf04ed6ac
edi: 0xb9
esi: 0xf04ed6ac
dup: 0xf04ed6ac
edi: 0xba
esi: 0xf04ed6ac
edi: 0xbf
esi: 0x3
ebx: 0x3
ebx: 0xf04ed6ac
edi: 0xc0
esi: 0xf04ed698
drop: 0xf04ed6ac
edi: 0xc1
esi: 0xf04ed6ac
drop: 0xf04ed6ac
edi: 0xc2
esi: 0xf04ed6ac
dup: 0xf04ed6ac
edi: 0xc3
esi: 0xf04ed6ac
edi: 0xc8
esi: 0x1
ebx: 0x1
ebx: 0xf04ed6ac
edi: 0xc9
esi: 0xad
edi: 0xce
esi: 0xad
drop: 0xf04ed6ac
edi: 0xcf
esi: 0xf04ed6ac
dup: 0xf04ed6ac
edi: 0xd0
esi: 0xf04ed6ac
edi: 0xd5
esi: 0x3
ebx: 0x3
ebx: 0xf04ed6ac
edi: 0xd6
esi: 0xf04ed698
edi: 0xdb
esi: 0xf04ed698
drop: 0xf04ed6ac
edi: 0xdc
esi: 0xf04ed6ac
drop: 0x81613
edi: 0xdd
esi: 0x81613
edi: 0xe2
esi: 0x81613
edi: 0xe7
esi: 0xad
edi: 0xe8
esi: 0x0
drop: 0x81613
edi: 0xe9
esi: 0x81613
edi: 0xee
esi: 0xf04ed698
edi: 0x71
esi: 0x81613
edi: 0x7a
esi: 0x81613
edi: 0x7f
esi: 0x81613
edi: 0x84
esi: 0xf04ed698
dup: 0xf04ed698
edi: 0x85
esi: 0xf04ed698
edi: 0x8a
esi: 0x1
edi: 0x8b
esi: 0x1
edi: 0x9b
esi: 0xf04ed698
dup: 0xf04ed698
edi: 0x9c
esi: 0xf04ed698
dup: 0xf04ed698
edi: 0x9d
esi: 0xf04ed698
edi: 0xa6
esi: 0x3
edi: 0xb1
esi: 0xf04ed698
dup: 0xf04ed698
edi: 0xb2
esi: 0xf04ed698
edi: 0xb7
esi: 0x1
ebx: 0x1
ebx: 0xf04ed698
edi: 0xb8
esi: 0xab
drop: 0xf04ed698
edi: 0xb9
esi: 0xf04ed698
dup: 0xf04ed698
edi: 0xba
esi: 0xf04ed698
edi: 0xbf
esi: 0x3
ebx: 0x3
ebx: 0xf04ed698
edi: 0xc0
esi: 0xf04ed684
drop: 0xf04ed698
edi: 0xc1
esi: 0xf04ed698
drop: 0xf04ed698
edi: 0xc2
esi: 0xf04ed698
dup: 0xf04ed698
edi: 0xc3
esi: 0xf04ed698
edi: 0xc8
esi: 0x1
ebx: 0x1
ebx: 0xf04ed698
edi: 0xc9
esi: 0xab
edi: 0xce
esi: 0xab
drop: 0xf04ed698
edi: 0xcf
esi: 0xf04ed698
dup: 0xf04ed698
edi: 0xd0
esi: 0xf04ed698
edi: 0xd5
esi: 0x3
ebx: 0x3
ebx: 0xf04ed698
edi: 0xd6
esi: 0xf04ed684
edi: 0xdb
esi: 0xf04ed684
drop: 0xf04ed698
edi: 0xdc
esi: 0xf04ed698
drop: 0x81613
edi: 0xdd
esi: 0x81613
edi: 0xe2
esi: 0x81613
edi: 0xe7
esi: 0xab
edi: 0xe8
esi: 0x0
drop: 0x81613
edi: 0xe9
esi: 0x81613
edi: 0xee
esi: 0xf04ed684
edi: 0x71
esi: 0x81613
edi: 0x7a
esi: 0x81613
edi: 0x7f
esi: 0x81613
edi: 0x84
esi: 0xf04ed684
dup: 0xf04ed684
edi: 0x85
esi: 0xf04ed684
edi: 0x8a
esi: 0x1
edi: 0x8b
esi: 0x1
edi: 0x9b
esi: 0xf04ed684
dup: 0xf04ed684
edi: 0x9c
esi: 0xf04ed684
dup: 0xf04ed684
edi: 0x9d
esi: 0xf04ed684
edi: 0xa6
esi: 0x3
edi: 0xb1
esi: 0xf04ed684
dup: 0xf04ed684
edi: 0xb2
esi: 0xf04ed684
edi: 0xb7
esi: 0x1
ebx: 0x1
ebx: 0xf04ed684
edi: 0xb8
esi: 0xa9
drop: 0xf04ed684
edi: 0xb9
esi: 0xf04ed684
dup: 0xf04ed684
edi: 0xba
esi: 0xf04ed684
edi: 0xbf
esi: 0x3
ebx: 0x3
ebx: 0xf04ed684
edi: 0xc0
esi: 0xf04ed670
drop: 0xf04ed684
edi: 0xc1
esi: 0xf04ed684
drop: 0xf04ed684
edi: 0xc2
esi: 0xf04ed684
dup: 0xf04ed684
edi: 0xc3
esi: 0xf04ed684
edi: 0xc8
esi: 0x1
ebx: 0x1
ebx: 0xf04ed684
edi: 0xc9
esi: 0xa9
edi: 0xce
esi: 0xa9
drop: 0xf04ed684
edi: 0xcf
esi: 0xf04ed684
dup: 0xf04ed684
edi: 0xd0
esi: 0xf04ed684
edi: 0xd5
esi: 0x3
ebx: 0x3
ebx: 0xf04ed684
edi: 0xd6
esi: 0xf04ed670
edi: 0xdb
esi: 0xf04ed670
drop: 0xf04ed684
edi: 0xdc
esi: 0xf04ed684
drop: 0x81613
edi: 0xdd
esi: 0x81613
edi: 0xe2
esi: 0x81613
edi: 0xe7
esi: 0xa9
edi: 0xe8
esi: 0x0
drop: 0x81613
edi: 0xe9
esi: 0x81613
edi: 0xee
esi: 0xf04ed670
edi: 0x71
esi: 0x81613
edi: 0x7a
esi: 0x81613
edi: 0x7f
esi: 0x81613
edi: 0x84
esi: 0xf04ed670
dup: 0xf04ed670
edi: 0x85
esi: 0xf04ed670
edi: 0x8a
esi: 0x1
edi: 0x8b
esi: 0x1
edi: 0x9b
esi: 0xf04ed670
dup: 0xf04ed670
edi: 0x9c
esi: 0xf04ed670
dup: 0xf04ed670
edi: 0x9d
esi: 0xf04ed670
edi: 0xa6
esi: 0x3
edi: 0xb1
esi: 0xf04ed670
dup: 0xf04ed670
edi: 0xb2
esi: 0xf04ed670
edi: 0xb7
esi: 0x1
ebx: 0x1
ebx: 0xf04ed670
edi: 0xb8
esi: 0xa7
drop: 0xf04ed670
edi: 0xb9
esi: 0xf04ed670
dup: 0xf04ed670
edi: 0xba
esi: 0xf04ed670
edi: 0xbf
esi: 0x3
ebx: 0x3
ebx: 0xf04ed670
edi: 0xc0
esi: 0xf04ed65c
drop: 0xf04ed670
edi: 0xc1
esi: 0xf04ed670
drop: 0xf04ed670
edi: 0xc2
esi: 0xf04ed670
dup: 0xf04ed670
edi: 0xc3
esi: 0xf04ed670
edi: 0xc8
esi: 0x1
ebx: 0x1
ebx: 0xf04ed670
edi: 0xc9
esi: 0xa7
edi: 0xce
esi: 0xa7
drop: 0xf04ed670
edi: 0xcf
esi: 0xf04ed670
dup: 0xf04ed670
edi: 0xd0
esi: 0xf04ed670
edi: 0xd5
esi: 0x3
ebx: 0x3
ebx: 0xf04ed670
edi: 0xd6
esi: 0xf04ed65c
edi: 0xdb
esi: 0xf04ed65c
drop: 0xf04ed670
edi: 0xdc
esi: 0xf04ed670
drop: 0x81613
edi: 0xdd
esi: 0x81613
edi: 0xe2
esi: 0x81613
edi: 0xe7
esi: 0xa7
edi: 0xe8
esi: 0x0
drop: 0x81613
edi: 0xe9
esi: 0x81613
edi: 0xee
esi: 0xf04ed65c
edi: 0x71
esi: 0x81613
edi: 0x7a
esi: 0x81613
edi: 0x7f
esi: 0x81613
edi: 0x84
esi: 0xf04ed65c
dup: 0xf04ed65c
edi: 0x85
esi: 0xf04ed65c
edi: 0x8a
esi: 0x1
edi: 0x8b
esi: 0x1
edi: 0x9b
esi: 0xf04ed65c
dup: 0xf04ed65c
edi: 0x9c
esi: 0xf04ed65c
dup: 0xf04ed65c
edi: 0x9d
esi: 0xf04ed65c
edi: 0xa6
esi: 0x3
edi: 0xb1
esi: 0xf04ed65c
dup: 0xf04ed65c
edi: 0xb2
esi: 0xf04ed65c
edi: 0xb7
esi: 0x1
ebx: 0x1
ebx: 0xf04ed65c
edi: 0xb8
esi: 0xa5
drop: 0xf04ed65c
edi: 0xb9
esi: 0xf04ed65c
dup: 0xf04ed65c
edi: 0xba
esi: 0xf04ed65c
edi: 0xbf
esi: 0x3
ebx: 0x3
ebx: 0xf04ed65c
edi: 0xc0
esi: 0xf04ed648
drop: 0xf04ed65c
edi: 0xc1
esi: 0xf04ed65c
drop: 0xf04ed65c
edi: 0xc2
esi: 0xf04ed65c
dup: 0xf04ed65c
edi: 0xc3
esi: 0xf04ed65c
edi: 0xc8
esi: 0x1
ebx: 0x1
ebx: 0xf04ed65c
edi: 0xc9
esi: 0xa5
edi: 0xce
esi: 0xa5
drop: 0xf04ed65c
edi: 0xcf
esi: 0xf04ed65c
dup: 0xf04ed65c
edi: 0xd0
esi: 0xf04ed65c
edi: 0xd5
esi: 0x3
ebx: 0x3
ebx: 0xf04ed65c
edi: 0xd6
esi: 0xf04ed648
edi: 0xdb
esi: 0xf04ed648
drop: 0xf04ed65c
edi: 0xdc
esi: 0xf04ed65c
drop: 0x81613
edi: 0xdd
esi: 0x81613
edi: 0xe2
esi: 0x81613
edi: 0xe7
esi: 0xa5
edi: 0xe8
esi: 0x0
drop: 0x81613
edi: 0xe9
esi: 0x81613
edi: 0xee
esi: 0xf04ed648
edi: 0x71
esi: 0x81613
edi: 0x7a
esi: 0x81613
edi: 0x7f
esi: 0x81613
edi: 0x84
esi: 0xf04ed648
dup: 0xf04ed648
edi: 0x85
esi: 0xf04ed648
edi: 0x8a
esi: 0x1
edi: 0x8b
esi: 0x1
edi: 0x9b
esi: 0xf04ed648
dup: 0xf04ed648
edi: 0x9c
esi: 0xf04ed648
dup: 0xf04ed648
edi: 0x9d
esi: 0xf04ed648
edi: 0xa6
esi: 0x3
edi: 0xb1
esi: 0xf04ed648
dup: 0xf04ed648
edi: 0xb2
esi: 0xf04ed648
edi: 0xb7
esi: 0x1
ebx: 0x1
ebx: 0xf04ed648
edi: 0xb8
esi: 0xa3
drop: 0xf04ed648
edi: 0xb9
esi: 0xf04ed648
dup: 0xf04ed648
edi: 0xba
esi: 0xf04ed648
edi: 0xbf
esi: 0x3
ebx: 0x3
ebx: 0xf04ed648
edi: 0xc0
esi: 0xf04ed634
drop: 0xf04ed648
edi: 0xc1
esi: 0xf04ed648
drop: 0xf04ed648
edi: 0xc2
esi: 0xf04ed648
dup: 0xf04ed648
edi: 0xc3
esi: 0xf04ed648
edi: 0xc8
esi: 0x1
ebx: 0x1
ebx: 0xf04ed648
edi: 0xc9
esi: 0xa3
edi: 0xce
esi: 0xa3
drop: 0xf04ed648
edi: 0xcf
esi: 0xf04ed648
dup: 0xf04ed648
edi: 0xd0
esi: 0xf04ed648
edi: 0xd5
esi: 0x3
ebx: 0x3
ebx: 0xf04ed648
edi: 0xd6
esi: 0xf04ed634
edi: 0xdb
esi: 0xf04ed634
drop: 0xf04ed648
edi: 0xdc
esi: 0xf04ed648
drop: 0x81613
edi: 0xdd
esi: 0x81613
edi: 0xe2
esi: 0x81613
edi: 0xe7
esi: 0xa3
edi: 0xe8
esi: 0x0
drop: 0x81613
edi: 0xe9
esi: 0x81613
edi: 0xee
esi: 0xf04ed634
edi: 0x71
esi: 0x81613
edi: 0x7a
esi: 0x81613
edi: 0x7f
esi: 0x81613
edi: 0x84
esi: 0xf04ed634
dup: 0xf04ed634
edi: 0x85
esi: 0xf04ed634
edi: 0x8a
esi: 0x1
edi: 0x8b
esi: 0x1
edi: 0x9b
esi: 0xf04ed634
dup: 0xf04ed634
edi: 0x9c
esi: 0xf04ed634
dup: 0xf04ed634
edi: 0x9d
esi: 0xf04ed634
edi: 0xa6
esi: 0x3
edi: 0xb1
esi: 0xf04ed634
dup: 0xf04ed634
edi: 0xb2
esi: 0xf04ed634
edi: 0xb7
esi: 0x1
ebx: 0x1
ebx: 0xf04ed634
edi: 0xb8
esi: 0xa1
drop: 0xf04ed634
edi: 0xb9
esi: 0xf04ed634
dup: 0xf04ed634
edi: 0xba
esi: 0xf04ed634
edi: 0xbf
esi: 0x3
ebx: 0x3
ebx: 0xf04ed634
edi: 0xc0
esi: 0xf04ed620
drop: 0xf04ed634
edi: 0xc1
esi: 0xf04ed634
drop: 0xf04ed634
edi: 0xc2
esi: 0xf04ed634
dup: 0xf04ed634
edi: 0xc3
esi: 0xf04ed634
edi: 0xc8
esi: 0x1
ebx: 0x1
ebx: 0xf04ed634
edi: 0xc9
esi: 0xa1
edi: 0xce
esi: 0xa1
drop: 0xf04ed634
edi: 0xcf
esi: 0xf04ed634
dup: 0xf04ed634
edi: 0xd0
esi: 0xf04ed634
edi: 0xd5
esi: 0x3
ebx: 0x3
ebx: 0xf04ed634
edi: 0xd6
esi: 0xf04ed620
edi: 0xdb
esi: 0xf04ed620
drop: 0xf04ed634
edi: 0xdc
esi: 0xf04ed634
drop: 0x81613
edi: 0xdd
esi: 0x81613
edi: 0xe2
esi: 0x81613
edi: 0xe7
esi: 0xa1
edi: 0xe8
esi: 0x0
drop: 0x81613
edi: 0xe9
esi: 0x81613
edi: 0xee
esi: 0xf04ed620
edi: 0x71
esi: 0x81613
edi: 0x7a
esi: 0x81613
edi: 0x7f
esi: 0x81613
edi: 0x84
esi: 0xf04ed620
dup: 0xf04ed620
edi: 0x85
esi: 0xf04ed620
edi: 0x8a
esi: 0x1
edi: 0x8b
esi: 0x1
edi: 0x9b
esi: 0xf04ed620
dup: 0xf04ed620
edi: 0x9c
esi: 0xf04ed620
dup: 0xf04ed620
edi: 0x9d
esi: 0xf04ed620
edi: 0xa6
esi: 0x3
edi: 0xb1
esi: 0xf04ed620
dup: 0xf04ed620
edi: 0xb2
esi: 0xf04ed620
edi: 0xb7
esi: 0x1
ebx: 0x1
ebx: 0xf04ed620
edi: 0xb8
esi: 0x9f
drop: 0xf04ed620
edi: 0xb9
esi: 0xf04ed620
dup: 0xf04ed620
edi: 0xba
esi: 0xf04ed620
edi: 0xbf
esi: 0x3
ebx: 0x3
ebx: 0xf04ed620
edi: 0xc0
esi: 0xf04ed60c
drop: 0xf04ed620
edi: 0xc1
esi: 0xf04ed620
drop: 0xf04ed620
edi: 0xc2
esi: 0xf04ed620
dup: 0xf04ed620
edi: 0xc3
esi: 0xf04ed620
edi: 0xc8
esi: 0x1
ebx: 0x1
ebx: 0xf04ed620
edi: 0xc9
esi: 0x9f
edi: 0xce
esi: 0x9f
drop: 0xf04ed620
edi: 0xcf
esi: 0xf04ed620
dup: 0xf04ed620
edi: 0xd0
esi: 0xf04ed620
edi: 0xd5
esi: 0x3
ebx: 0x3
ebx: 0xf04ed620
edi: 0xd6
esi: 0xf04ed60c
edi: 0xdb
esi: 0xf04ed60c
drop: 0xf04ed620
edi: 0xdc
esi: 0xf04ed620
drop: 0x81613
edi: 0xdd
esi: 0x81613
edi: 0xe2
esi: 0x81613
edi: 0xe7
esi: 0x9f
edi: 0xe8
esi: 0x0
drop: 0x81613
edi: 0xe9
esi: 0x81613
edi: 0xee
esi: 0xf04ed60c
edi: 0x71
esi: 0x81613
edi: 0x7a
esi: 0x81613
edi: 0x7f
esi: 0x81613
edi: 0x84
esi: 0xf04ed60c
dup: 0xf04ed60c
edi: 0x85
esi: 0xf04ed60c
edi: 0x8a
esi: 0x1
edi: 0x8b
esi: 0x1
edi: 0x9b
esi: 0xf04ed60c
dup: 0xf04ed60c
edi: 0x9c
esi: 0xf04ed60c
dup: 0xf04ed60c
edi: 0x9d
esi: 0xf04ed60c
edi: 0xa6
esi: 0x3
edi: 0xb1
esi: 0xf04ed60c
dup: 0xf04ed60c
edi: 0xb2
esi: 0xf04ed60c
edi: 0xb7
esi: 0x1
ebx: 0x1
ebx: 0xf04ed60c
edi: 0xb8
esi: 0x9d
drop: 0xf04ed60c
edi: 0xb9
esi: 0xf04ed60c
dup: 0xf04ed60c
edi: 0xba
esi: 0xf04ed60c
edi: 0xbf
esi: 0x3
ebx: 0x3
ebx: 0xf04ed60c
edi: 0xc0
esi: 0xf04ed5f8
drop: 0xf04ed60c
edi: 0xc1
esi: 0xf04ed60c
drop: 0xf04ed60c
edi: 0xc2
esi: 0xf04ed60c
dup: 0xf04ed60c
edi: 0xc3
esi: 0xf04ed60c
edi: 0xc8
esi: 0x1
ebx: 0x1
ebx: 0xf04ed60c
edi: 0xc9
esi: 0x9d
edi: 0xce
esi: 0x9d
drop: 0xf04ed60c
edi: 0xcf
esi: 0xf04ed60c
dup: 0xf04ed60c
edi: 0xd0
esi: 0xf04ed60c
edi: 0xd5
esi: 0x3
ebx: 0x3
ebx: 0xf04ed60c
edi: 0xd6
esi: 0xf04ed5f8
edi: 0xdb
esi: 0xf04ed5f8
drop: 0xf04ed60c
edi: 0xdc
esi: 0xf04ed60c
drop: 0x81613
edi: 0xdd
esi: 0x81613
edi: 0xe2
esi: 0x81613
edi: 0xe7
esi: 0x9d
edi: 0xe8
esi: 0x0
drop: 0x81613
edi: 0xe9
esi: 0x81613
edi: 0xee
esi: 0xf04ed5f8
edi: 0x71
esi: 0x81613
edi: 0x7a
esi: 0x81613
edi: 0x7f
esi: 0x81613
edi: 0x84
esi: 0xf04ed5f8
dup: 0xf04ed5f8
edi: 0x85
esi: 0xf04ed5f8
edi: 0x8a
esi: 0x1
edi: 0x8b
esi: 0x1
edi: 0x9b
esi: 0xf04ed5f8
dup: 0xf04ed5f8
edi: 0x9c
esi: 0xf04ed5f8
dup: 0xf04ed5f8
edi: 0x9d
esi: 0xf04ed5f8
edi: 0xa6
esi: 0x3
edi: 0xb1
esi: 0xf04ed5f8
dup: 0xf04ed5f8
edi: 0xb2
esi: 0xf04ed5f8
edi: 0xb7
esi: 0x1
ebx: 0x1
ebx: 0xf04ed5f8
edi: 0xb8
esi: 0x9b
drop: 0xf04ed5f8
edi: 0xb9
esi: 0xf04ed5f8
dup: 0xf04ed5f8
edi: 0xba
esi: 0xf04ed5f8
edi: 0xbf
esi: 0x3
ebx: 0x3
ebx: 0xf04ed5f8
edi: 0xc0
esi: 0xf04ed5e4
drop: 0xf04ed5f8
edi: 0xc1
esi: 0xf04ed5f8
drop: 0xf04ed5f8
edi: 0xc2
esi: 0xf04ed5f8
dup: 0xf04ed5f8
edi: 0xc3
esi: 0xf04ed5f8
edi: 0xc8
esi: 0x1
ebx: 0x1
ebx: 0xf04ed5f8
edi: 0xc9
esi: 0x9b
edi: 0xce
esi: 0x9b
drop: 0xf04ed5f8
edi: 0xcf
esi: 0xf04ed5f8
dup: 0xf04ed5f8
edi: 0xd0
esi: 0xf04ed5f8
edi: 0xd5
esi: 0x3
ebx: 0x3
ebx: 0xf04ed5f8
edi: 0xd6
esi: 0xf04ed5e4
edi: 0xdb
esi: 0xf04ed5e4
drop: 0xf04ed5f8
edi: 0xdc
esi: 0xf04ed5f8
drop: 0x81613
edi: 0xdd
esi: 0x81613
edi: 0xe2
esi: 0x81613
edi: 0xe7
esi: 0x9b
edi: 0xe8
esi: 0x0
drop: 0x81613
edi: 0xe9
esi: 0x81613
edi: 0xee
esi: 0xf04ed5e4
edi: 0x71
esi: 0x81613
edi: 0x7a
esi: 0x81613
edi: 0x7f
esi: 0x81613
edi: 0x84
esi: 0xf04ed5e4
dup: 0xf04ed5e4
edi: 0x85
esi: 0xf04ed5e4
edi: 0x8a
esi: 0x1
edi: 0x8b
esi: 0x1
edi: 0x9b
esi: 0xf04ed5e4
dup: 0xf04ed5e4
edi: 0x9c
esi: 0xf04ed5e4
dup: 0xf04ed5e4
edi: 0x9d
esi: 0xf04ed5e4
edi: 0xa6
esi: 0x3
edi: 0xb1
esi: 0xf04ed5e4
dup: 0xf04ed5e4
edi: 0xb2
esi: 0xf04ed5e4
edi: 0xb7
esi: 0x1
ebx: 0x1
ebx: 0xf04ed5e4
edi: 0xb8
esi: 0x99
drop: 0xf04ed5e4
edi: 0xb9
esi: 0xf04ed5e4
dup: 0xf04ed5e4
edi: 0xba
esi: 0xf04ed5e4
edi: 0xbf
esi: 0x3
ebx: 0x3
ebx: 0xf04ed5e4
edi: 0xc0
esi: 0xf04ed5d0
drop: 0xf04ed5e4
edi: 0xc1
esi: 0xf04ed5e4
drop: 0xf04ed5e4
edi: 0xc2
esi: 0xf04ed5e4
dup: 0xf04ed5e4
edi: 0xc3
esi: 0xf04ed5e4
edi: 0xc8
esi: 0x1
ebx: 0x1
ebx: 0xf04ed5e4
edi: 0xc9
esi: 0x99
edi: 0xce
esi: 0x99
drop: 0xf04ed5e4
edi: 0xcf
esi: 0xf04ed5e4
dup: 0xf04ed5e4
edi: 0xd0
esi: 0xf04ed5e4
edi: 0xd5
esi: 0x3
ebx: 0x3
ebx: 0xf04ed5e4
edi: 0xd6
esi: 0xf04ed5d0
edi: 0xdb
esi: 0xf04ed5d0
drop: 0xf04ed5e4
edi: 0xdc
esi: 0xf04ed5e4
drop: 0x81613
edi: 0xdd
esi: 0x81613
edi: 0xe2
esi: 0x81613
edi: 0xe7
esi: 0x99
edi: 0xe8
esi: 0x0
drop: 0x81613
edi: 0xe9
esi: 0x81613
edi: 0xee
esi: 0xf04ed5d0
edi: 0x71
esi: 0x81613
edi: 0x7a
esi: 0x81613
edi: 0x7f
esi: 0x81613
edi: 0x84
esi: 0xf04ed5d0
dup: 0xf04ed5d0
edi: 0x85
esi: 0xf04ed5d0
edi: 0x8a
esi: 0x1
edi: 0x8b
esi: 0x1
edi: 0x9b
esi: 0xf04ed5d0
dup: 0xf04ed5d0
edi: 0x9c
esi: 0xf04ed5d0
dup: 0xf04ed5d0
edi: 0x9d
esi: 0xf04ed5d0
edi: 0xa6
esi: 0x3
edi: 0xb1
esi: 0xf04ed5d0
dup: 0xf04ed5d0
edi: 0xb2
esi: 0xf04ed5d0
edi: 0xb7
esi: 0x1
ebx: 0x1
ebx: 0xf04ed5d0
edi: 0xb8
esi: 0x97
drop: 0xf04ed5d0
edi: 0xb9
esi: 0xf04ed5d0
dup: 0xf04ed5d0
edi: 0xba
esi: 0xf04ed5d0
edi: 0xbf
esi: 0x3
ebx: 0x3
ebx: 0xf04ed5d0
edi: 0xc0
esi: 0xf04ed5bc
drop: 0xf04ed5d0
edi: 0xc1
esi: 0xf04ed5d0
drop: 0xf04ed5d0
edi: 0xc2
esi: 0xf04ed5d0
dup: 0xf04ed5d0
edi: 0xc3
esi: 0xf04ed5d0
edi: 0xc8
esi: 0x1
ebx: 0x1
ebx: 0xf04ed5d0
edi: 0xc9
esi: 0x97
edi: 0xce
esi: 0x97
drop: 0xf04ed5d0
edi: 0xcf
esi: 0xf04ed5d0
dup: 0xf04ed5d0
edi: 0xd0
esi: 0xf04ed5d0
edi: 0xd5
esi: 0x3
ebx: 0x3
ebx: 0xf04ed5d0
edi: 0xd6
esi: 0xf04ed5bc
edi: 0xdb
esi: 0xf04ed5bc
drop: 0xf04ed5d0
edi: 0xdc
esi: 0xf04ed5d0
drop: 0x81613
edi: 0xdd
esi: 0x81613
edi: 0xe2
esi: 0x81613
edi: 0xe7
esi: 0x97
edi: 0xe8
esi: 0x0
drop: 0x81613
edi: 0xe9
esi: 0x81613
edi: 0xee
esi: 0xf04ed5bc
edi: 0x71
esi: 0x81613
edi: 0x7a
esi: 0x81613
edi: 0x7f
esi: 0x81613
edi: 0x84
esi: 0xf04ed5bc
dup: 0xf04ed5bc
edi: 0x85
esi: 0xf04ed5bc
edi: 0x8a
esi: 0x1
edi: 0x8b
esi: 0x1
edi: 0x9b
esi: 0xf04ed5bc
dup: 0xf04ed5bc
edi: 0x9c
esi: 0xf04ed5bc
dup: 0xf04ed5bc
edi: 0x9d
esi: 0xf04ed5bc
edi: 0xa6
esi: 0x3
edi: 0xb1
esi: 0xf04ed5bc
dup: 0xf04ed5bc
edi: 0xb2
esi: 0xf04ed5bc
edi: 0xb7
esi: 0x1
ebx: 0x1
ebx: 0xf04ed5bc
edi: 0xb8
esi: 0x95
drop: 0xf04ed5bc
edi: 0xb9
esi: 0xf04ed5bc
dup: 0xf04ed5bc
edi: 0xba
esi: 0xf04ed5bc
edi: 0xbf
esi: 0x3
ebx: 0x3
ebx: 0xf04ed5bc
edi: 0xc0
esi: 0xf04ed5a8
drop: 0xf04ed5bc
edi: 0xc1
esi: 0xf04ed5bc
drop: 0xf04ed5bc
edi: 0xc2
esi: 0xf04ed5bc
dup: 0xf04ed5bc
edi: 0xc3
esi: 0xf04ed5bc
edi: 0xc8
esi: 0x1
ebx: 0x1
ebx: 0xf04ed5bc
edi: 0xc9
esi: 0x95
edi: 0xce
esi: 0x95
drop: 0xf04ed5bc
edi: 0xcf
esi: 0xf04ed5bc
dup: 0xf04ed5bc
edi: 0xd0
esi: 0xf04ed5bc
edi: 0xd5
esi: 0x3
ebx: 0x3
ebx: 0xf04ed5bc
edi: 0xd6
esi: 0xf04ed5a8
edi: 0xdb
esi: 0xf04ed5a8
drop: 0xf04ed5bc
edi: 0xdc
esi: 0xf04ed5bc
drop: 0x81613
edi: 0xdd
esi: 0x81613
edi: 0xe2
esi: 0x81613
edi: 0xe7
esi: 0x95
edi: 0xe8
esi: 0x0
drop: 0x81613
edi: 0xe9
esi: 0x81613
edi: 0xee
esi: 0xf04ed5a8
edi: 0x71
esi: 0x81613
edi: 0x7a
esi: 0x81613
edi: 0x7f
esi: 0x81613
edi: 0x84
esi: 0xf04ed5a8
dup: 0xf04ed5a8
edi: 0x85
esi: 0xf04ed5a8
edi: 0x8a
esi: 0x1
edi: 0x8b
esi: 0x1
edi: 0x9b
esi: 0xf04ed5a8
dup: 0xf04ed5a8
edi: 0x9c
esi: 0xf04ed5a8
dup: 0xf04ed5a8
edi: 0x9d
esi: 0xf04ed5a8
edi: 0xa6
esi: 0x3
edi: 0xb1
esi: 0xf04ed5a8
dup: 0xf04ed5a8
edi: 0xb2
esi: 0xf04ed5a8
edi: 0xb7
esi: 0x1
ebx: 0x1
ebx: 0xf04ed5a8
edi: 0xb8
esi: 0x93
drop: 0xf04ed5a8
edi: 0xb9
esi: 0xf04ed5a8
dup: 0xf04ed5a8
edi: 0xba
esi: 0xf04ed5a8
edi: 0xbf
esi: 0x3
ebx: 0x3
ebx: 0xf04ed5a8
edi: 0xc0
esi: 0xf04ed594
drop: 0xf04ed5a8
edi: 0xc1
esi: 0xf04ed5a8
drop: 0xf04ed5a8
edi: 0xc2
esi: 0xf04ed5a8
dup: 0xf04ed5a8
edi: 0xc3
esi: 0xf04ed5a8
edi: 0xc8
esi: 0x1
ebx: 0x1
ebx: 0xf04ed5a8
edi: 0xc9
esi: 0x93
edi: 0xce
esi: 0x93
drop: 0xf04ed5a8
edi: 0xcf
esi: 0xf04ed5a8
dup: 0xf04ed5a8
edi: 0xd0
esi: 0xf04ed5a8
edi: 0xd5
esi: 0x3
ebx: 0x3
ebx: 0xf04ed5a8
edi: 0xd6
esi: 0xf04ed594
edi: 0xdb
esi: 0xf04ed594
drop: 0xf04ed5a8
edi: 0xdc
esi: 0xf04ed5a8
drop: 0x81613
edi: 0xdd
esi: 0x81613
edi: 0xe2
esi: 0x81613
edi: 0xe7
esi: 0x93
edi: 0xe8
esi: 0x0
drop: 0x81613
edi: 0xe9
esi: 0x81613
edi: 0xee
esi: 0xf04ed594
edi: 0x71
esi: 0x81613
edi: 0x7a
esi: 0x81613
edi: 0x7f
esi: 0x81613
edi: 0x84
esi: 0xf04ed594
dup: 0xf04ed594
edi: 0x85
esi: 0xf04ed594
edi: 0x8a
esi: 0x1
edi: 0x8b
esi: 0x1
edi: 0x9b
esi: 0xf04ed594
dup: 0xf04ed594
edi: 0x9c
esi: 0xf04ed594
dup: 0xf04ed594
edi: 0x9d
esi: 0xf04ed594
edi: 0xa6
esi: 0x3
edi: 0xb1
esi: 0xf04ed594
dup: 0xf04ed594
edi: 0xb2
esi: 0xf04ed594
edi: 0xb7
esi: 0x1
ebx: 0x1
ebx: 0xf04ed594
edi: 0xb8
esi: 0x91
drop: 0xf04ed594
edi: 0xb9
esi: 0xf04ed594
dup: 0xf04ed594
edi: 0xba
esi: 0xf04ed594
edi: 0xbf
esi: 0x3
ebx: 0x3
ebx: 0xf04ed594
edi: 0xc0
esi: 0xf04ed580
drop: 0xf04ed594
edi: 0xc1
esi: 0xf04ed594
drop: 0xf04ed594
edi: 0xc2
esi: 0xf04ed594
dup: 0xf04ed594
edi: 0xc3
esi: 0xf04ed594
edi: 0xc8
esi: 0x1
ebx: 0x1
ebx: 0xf04ed594
edi: 0xc9
esi: 0x91
edi: 0xce
esi: 0x91
drop: 0xf04ed594
edi: 0xcf
esi: 0xf04ed594
dup: 0xf04ed594
edi: 0xd0
esi: 0xf04ed594
edi: 0xd5
esi: 0x3
ebx: 0x3
ebx: 0xf04ed594
edi: 0xd6
esi: 0xf04ed580
edi: 0xdb
esi: 0xf04ed580
drop: 0xf04ed594
edi: 0xdc
esi: 0xf04ed594
drop: 0x81613
edi: 0xdd
esi: 0x81613
edi: 0xe2
esi: 0x81613
edi: 0xe7
esi: 0x91
edi: 0xe8
esi: 0x0
drop: 0x81613
edi: 0xe9
esi: 0x81613
edi: 0xee
esi: 0xf04ed580
edi: 0x71
esi: 0x81613
edi: 0x7a
esi: 0x81613
edi: 0x7f
esi: 0x81613
edi: 0x84
esi: 0xf04ed580
dup: 0xf04ed580
edi: 0x85
esi: 0xf04ed580
edi: 0x8a
esi: 0x1
edi: 0x8b
esi: 0x1
edi: 0x9b
esi: 0xf04ed580
dup: 0xf04ed580
edi: 0x9c
esi: 0xf04ed580
dup: 0xf04ed580
edi: 0x9d
esi: 0xf04ed580
edi: 0xa6
esi: 0x3
edi: 0xb1
esi: 0xf04ed580
dup: 0xf04ed580
edi: 0xb2
esi: 0xf04ed580
edi: 0xb7
esi: 0x1
ebx: 0x1
ebx: 0xf04ed580
edi: 0xb8
esi: 0x8f
drop: 0xf04ed580
edi: 0xb9
esi: 0xf04ed580
dup: 0xf04ed580
edi: 0xba
esi: 0xf04ed580
edi: 0xbf
esi: 0x3
ebx: 0x3
ebx: 0xf04ed580
edi: 0xc0
esi: 0xf04ed56c
drop: 0xf04ed580
edi: 0xc1
esi: 0xf04ed580
drop: 0xf04ed580
edi: 0xc2
esi: 0xf04ed580
dup: 0xf04ed580
edi: 0xc3
esi: 0xf04ed580
edi: 0xc8
esi: 0x1
ebx: 0x1
ebx: 0xf04ed580
edi: 0xc9
esi: 0x8f
edi: 0xce
esi: 0x8f
drop: 0xf04ed580
edi: 0xcf
esi: 0xf04ed580
dup: 0xf04ed580
edi: 0xd0
esi: 0xf04ed580
edi: 0xd5
esi: 0x3
ebx: 0x3
ebx: 0xf04ed580
edi: 0xd6
esi: 0xf04ed56c
edi: 0xdb
esi: 0xf04ed56c
drop: 0xf04ed580
edi: 0xdc
esi: 0xf04ed580
drop: 0x81613
edi: 0xdd
esi: 0x81613
edi: 0xe2
esi: 0x81613
edi: 0xe7
esi: 0x8f
edi: 0xe8
esi: 0x0
drop: 0x81613
edi: 0xe9
esi: 0x81613
edi: 0xee
esi: 0xf04ed56c
edi: 0x71
esi: 0x81613
edi: 0x7a
esi: 0x81613
edi: 0x7f
esi: 0x81613
edi: 0x84
esi: 0xf04ed56c
dup: 0xf04ed56c
edi: 0x85
esi: 0xf04ed56c
edi: 0x8a
esi: 0x1
edi: 0x8b
esi: 0x1
edi: 0x9b
esi: 0xf04ed56c
dup: 0xf04ed56c
edi: 0x9c
esi: 0xf04ed56c
dup: 0xf04ed56c
edi: 0x9d
esi: 0xf04ed56c
edi: 0xa6
esi: 0x3
edi: 0xb1
esi: 0xf04ed56c
dup: 0xf04ed56c
edi: 0xb2
esi: 0xf04ed56c
edi: 0xb7
esi: 0x1
ebx: 0x1
ebx: 0xf04ed56c
edi: 0xb8
esi: 0x8d
drop: 0xf04ed56c
edi: 0xb9
esi: 0xf04ed56c
dup: 0xf04ed56c
edi: 0xba
esi: 0xf04ed56c
edi: 0xbf
esi: 0x3
ebx: 0x3
ebx: 0xf04ed56c
edi: 0xc0
esi: 0xf04ed558
drop: 0xf04ed56c
edi: 0xc1
esi: 0xf04ed56c
drop: 0xf04ed56c
edi: 0xc2
esi: 0xf04ed56c
dup: 0xf04ed56c
edi: 0xc3
esi: 0xf04ed56c
edi: 0xc8
esi: 0x1
ebx: 0x1
ebx: 0xf04ed56c
edi: 0xc9
esi: 0x8d
edi: 0xce
esi: 0x8d
drop: 0xf04ed56c
edi: 0xcf
esi: 0xf04ed56c
dup: 0xf04ed56c
edi: 0xd0
esi: 0xf04ed56c
edi: 0xd5
esi: 0x3
ebx: 0x3
ebx: 0xf04ed56c
edi: 0xd6
esi: 0xf04ed558
edi: 0xdb
esi: 0xf04ed558
drop: 0xf04ed56c
edi: 0xdc
esi: 0xf04ed56c
drop: 0x81613
edi: 0xdd
esi: 0x81613
edi: 0xe2
esi: 0x81613
edi: 0xe7
esi: 0x8d
edi: 0xe8
esi: 0x0
drop: 0x81613
edi: 0xe9
esi: 0x81613
edi: 0xee
esi: 0xf04ed558
edi: 0x71
esi: 0x81613
edi: 0x7a
esi: 0x81613
edi: 0x7f
esi: 0x81613
edi: 0x84
esi: 0xf04ed558
dup: 0xf04ed558
edi: 0x85
esi: 0xf04ed558
edi: 0x8a
esi: 0x1
edi: 0x8b
esi: 0x1
edi: 0x9b
esi: 0xf04ed558
dup: 0xf04ed558
edi: 0x9c
esi: 0xf04ed558
dup: 0xf04ed558
edi: 0x9d
esi: 0xf04ed558
edi: 0xa6
esi: 0x3
edi: 0xb1
esi: 0xf04ed558
dup: 0xf04ed558
edi: 0xb2
esi: 0xf04ed558
edi: 0xb7
esi: 0x1
ebx: 0x1
ebx: 0xf04ed558
edi: 0xb8
esi: 0x8b
drop: 0xf04ed558
edi: 0xb9
esi: 0xf04ed558
dup: 0xf04ed558
edi: 0xba
esi: 0xf04ed558
edi: 0xbf
esi: 0x3
ebx: 0x3
ebx: 0xf04ed558
edi: 0xc0
esi: 0xf04ed544
drop: 0xf04ed558
edi: 0xc1
esi: 0xf04ed558
drop: 0xf04ed558
edi: 0xc2
esi: 0xf04ed558
dup: 0xf04ed558
edi: 0xc3
esi: 0xf04ed558
edi: 0xc8
esi: 0x1
ebx: 0x1
ebx: 0xf04ed558
edi: 0xc9
esi: 0x8b
edi: 0xce
esi: 0x8b
drop: 0xf04ed558
edi: 0xcf
esi: 0xf04ed558
dup: 0xf04ed558
edi: 0xd0
esi: 0xf04ed558
edi: 0xd5
esi: 0x3
ebx: 0x3
ebx: 0xf04ed558
edi: 0xd6
esi: 0xf04ed544
edi: 0xdb
esi: 0xf04ed544
drop: 0xf04ed558
edi: 0xdc
esi: 0xf04ed558
drop: 0x81613
edi: 0xdd
esi: 0x81613
edi: 0xe2
esi: 0x81613
edi: 0xe7
esi: 0x8b
edi: 0xe8
esi: 0x0
drop: 0x81613
edi: 0xe9
esi: 0x81613
edi: 0xee
esi: 0xf04ed544
edi: 0x71
esi: 0x81613
edi: 0x7a
esi: 0x81613
edi: 0x7f
esi: 0x81613
edi: 0x84
esi: 0xf04ed544
dup: 0xf04ed544
edi: 0x85
esi: 0xf04ed544
edi: 0x8a
esi: 0x1
edi: 0x8b
esi: 0x1
edi: 0x9b
esi: 0xf04ed544
dup: 0xf04ed544
edi: 0x9c
esi: 0xf04ed544
dup: 0xf04ed544
edi: 0x9d
esi: 0xf04ed544
edi: 0xa6
esi: 0x3
edi: 0xb1
esi: 0xf04ed544
dup: 0xf04ed544
edi: 0xb2
esi: 0xf04ed544
edi: 0xb7
esi: 0x1
ebx: 0x1
ebx: 0xf04ed544
edi: 0xb8
esi: 0x89
drop: 0xf04ed544
edi: 0xb9
esi: 0xf04ed544
dup: 0xf04ed544
edi: 0xba
esi: 0xf04ed544
edi: 0xbf
esi: 0x3
ebx: 0x3
ebx: 0xf04ed544
edi: 0xc0
esi: 0xf04ed530
drop: 0xf04ed544
edi: 0xc1
esi: 0xf04ed544
drop: 0xf04ed544
edi: 0xc2
esi: 0xf04ed544
dup: 0xf04ed544
edi: 0xc3
esi: 0xf04ed544
edi: 0xc8
esi: 0x1
ebx: 0x1
ebx: 0xf04ed544
edi: 0xc9
esi: 0x89
edi: 0xce
esi: 0x89
drop: 0xf04ed544
edi: 0xcf
esi: 0xf04ed544
dup: 0xf04ed544
edi: 0xd0
esi: 0xf04ed544
edi: 0xd5
esi: 0x3
ebx: 0x3
ebx: 0xf04ed544
edi: 0xd6
esi: 0xf04ed530
edi: 0xdb
esi: 0xf04ed530
drop: 0xf04ed544
edi: 0xdc
esi: 0xf04ed544
drop: 0x81613
edi: 0xdd
esi: 0x81613
edi: 0xe2
esi: 0x81613
edi: 0xe7
esi: 0x89
edi: 0xe8
esi: 0x0
drop: 0x81613
edi: 0xe9
esi: 0x81613
edi: 0xee
esi: 0xf04ed530
edi: 0x71
esi: 0x81613
edi: 0x7a
esi: 0x81613
edi: 0x7f
esi: 0x81613
edi: 0x84
esi: 0xf04ed530
dup: 0xf04ed530
edi: 0x85
esi: 0xf04ed530
edi: 0x8a
esi: 0x1
edi: 0x8b
esi: 0x1
edi: 0x9b
esi: 0xf04ed530
dup: 0xf04ed530
edi: 0x9c
esi: 0xf04ed530
dup: 0xf04ed530
edi: 0x9d
esi: 0xf04ed530
edi: 0xa6
esi: 0x3
edi: 0xb1
esi: 0xf04ed530
dup: 0xf04ed530
edi: 0xb2
esi: 0xf04ed530
edi: 0xb7
esi: 0x1
ebx: 0x1
ebx: 0xf04ed530
edi: 0xb8
esi: 0x87
drop: 0xf04ed530
edi: 0xb9
esi: 0xf04ed530
dup: 0xf04ed530
edi: 0xba
esi: 0xf04ed530
edi: 0xbf
esi: 0x3
ebx: 0x3
ebx: 0xf04ed530
edi: 0xc0
esi: 0xf04ed51c
drop: 0xf04ed530
edi: 0xc1
esi: 0xf04ed530
drop: 0xf04ed530
edi: 0xc2
esi: 0xf04ed530
dup: 0xf04ed530
edi: 0xc3
esi: 0xf04ed530
edi: 0xc8
esi: 0x1
ebx: 0x1
ebx: 0xf04ed530
edi: 0xc9
esi: 0x87
edi: 0xce
esi: 0x87
drop: 0xf04ed530
edi: 0xcf
esi: 0xf04ed530
dup: 0xf04ed530
edi: 0xd0
esi: 0xf04ed530
edi: 0xd5
esi: 0x3
ebx: 0x3
ebx: 0xf04ed530
edi: 0xd6
esi: 0xf04ed51c
edi: 0xdb
esi: 0xf04ed51c
drop: 0xf04ed530
edi: 0xdc
esi: 0xf04ed530
drop: 0x81613
edi: 0xdd
esi: 0x81613
edi: 0xe2
esi: 0x81613
edi: 0xe7
esi: 0x87
edi: 0xe8
esi: 0x0
drop: 0x81613
edi: 0xe9
esi: 0x81613
edi: 0xee
esi: 0xf04ed51c
edi: 0x71
esi: 0x81613
edi: 0x7a
esi: 0x81613
edi: 0x7f
esi: 0x81613
edi: 0x84
esi: 0xf04ed51c
dup: 0xf04ed51c
edi: 0x85
esi: 0xf04ed51c
edi: 0x8a
esi: 0x1
edi: 0x8b
esi: 0x1
edi: 0x9b
esi: 0xf04ed51c
dup: 0xf04ed51c
edi: 0x9c
esi: 0xf04ed51c
dup: 0xf04ed51c
edi: 0x9d
esi: 0xf04ed51c
edi: 0xa6
esi: 0x3
edi: 0xb1
esi: 0xf04ed51c
dup: 0xf04ed51c
edi: 0xb2
esi: 0xf04ed51c
edi: 0xb7
esi: 0x1
ebx: 0x1
ebx: 0xf04ed51c
edi: 0xb8
esi: 0x85
drop: 0xf04ed51c
edi: 0xb9
esi: 0xf04ed51c
dup: 0xf04ed51c
edi: 0xba
esi: 0xf04ed51c
edi: 0xbf
esi: 0x3
ebx: 0x3
ebx: 0xf04ed51c
edi: 0xc0
esi: 0xf04ed508
drop: 0xf04ed51c
edi: 0xc1
esi: 0xf04ed51c
drop: 0xf04ed51c
edi: 0xc2
esi: 0xf04ed51c
dup: 0xf04ed51c
edi: 0xc3
esi: 0xf04ed51c
edi: 0xc8
esi: 0x1
ebx: 0x1
ebx: 0xf04ed51c
edi: 0xc9
esi: 0x85
edi: 0xce
esi: 0x85
drop: 0xf04ed51c
edi: 0xcf
esi: 0xf04ed51c
dup: 0xf04ed51c
edi: 0xd0
esi: 0xf04ed51c
edi: 0xd5
esi: 0x3
ebx: 0x3
ebx: 0xf04ed51c
edi: 0xd6
esi: 0xf04ed508
edi: 0xdb
esi: 0xf04ed508
drop: 0xf04ed51c
edi: 0xdc
esi: 0xf04ed51c
drop: 0x81613
edi: 0xdd
esi: 0x81613
edi: 0xe2
esi: 0x81613
edi: 0xe7
esi: 0x85
edi: 0xe8
esi: 0x0
drop: 0x81613
edi: 0xe9
esi: 0x81613
edi: 0xee
esi: 0xf04ed508
edi: 0x71
esi: 0x81613
edi: 0x7a
esi: 0x81613
edi: 0x7f
esi: 0x81613
edi: 0x84
esi: 0xf04ed508
dup: 0xf04ed508
edi: 0x85
esi: 0xf04ed508
edi: 0x8a
esi: 0x1
edi: 0x8b
esi: 0x1
edi: 0x9b
esi: 0xf04ed508
dup: 0xf04ed508
edi: 0x9c
esi: 0xf04ed508
dup: 0xf04ed508
edi: 0x9d
esi: 0xf04ed508
edi: 0xa6
esi: 0x3
edi: 0xb1
esi: 0xf04ed508
dup: 0xf04ed508
edi: 0xb2
esi: 0xf04ed508
edi: 0xb7
esi: 0x1
ebx: 0x1
ebx: 0xf04ed508
edi: 0xb8
esi: 0x83
drop: 0xf04ed508
edi: 0xb9
esi: 0xf04ed508
dup: 0xf04ed508
edi: 0xba
esi: 0xf04ed508
edi: 0xbf
esi: 0x3
ebx: 0x3
ebx: 0xf04ed508
edi: 0xc0
esi: 0xf04ed4f4
drop: 0xf04ed508
edi: 0xc1
esi: 0xf04ed508
drop: 0xf04ed508
edi: 0xc2
esi: 0xf04ed508
dup: 0xf04ed508
edi: 0xc3
esi: 0xf04ed508
edi: 0xc8
esi: 0x1
ebx: 0x1
ebx: 0xf04ed508
edi: 0xc9
esi: 0x83
edi: 0xce
esi: 0x83
drop: 0xf04ed508
edi: 0xcf
esi: 0xf04ed508
dup: 0xf04ed508
edi: 0xd0
esi: 0xf04ed508
edi: 0xd5
esi: 0x3
ebx: 0x3
ebx: 0xf04ed508
edi: 0xd6
esi: 0xf04ed4f4
edi: 0xdb
esi: 0xf04ed4f4
drop: 0xf04ed508
edi: 0xdc
esi: 0xf04ed508
drop: 0x81613
edi: 0xdd
esi: 0x81613
edi: 0xe2
esi: 0x81613
edi: 0xe7
esi: 0x83
edi: 0xe8
esi: 0x0
drop: 0x81613
edi: 0xe9
esi: 0x81613
edi: 0xee
esi: 0xf04ed4f4
edi: 0x71
esi: 0x81613
edi: 0x7a
esi: 0x81613
edi: 0x7f
esi: 0x81613
edi: 0x84
esi: 0xf04ed4f4
dup: 0xf04ed4f4
edi: 0x85
esi: 0xf04ed4f4
edi: 0x8a
esi: 0x1
edi: 0x8b
esi: 0x1
edi: 0x9b
esi: 0xf04ed4f4
dup: 0xf04ed4f4
edi: 0x9c
esi: 0xf04ed4f4
dup: 0xf04ed4f4
edi: 0x9d
esi: 0xf04ed4f4
edi: 0xa6
esi: 0x3
edi: 0xb1
esi: 0xf04ed4f4
dup: 0xf04ed4f4
edi: 0xb2
esi: 0xf04ed4f4
edi: 0xb7
esi: 0x1
ebx: 0x1
ebx: 0xf04ed4f4
edi: 0xb8
esi: 0x81
drop: 0xf04ed4f4
edi: 0xb9
esi: 0xf04ed4f4
dup: 0xf04ed4f4
edi: 0xba
esi: 0xf04ed4f4
edi: 0xbf
esi: 0x3
ebx: 0x3
ebx: 0xf04ed4f4
edi: 0xc0
esi: 0xf04ed4e0
drop: 0xf04ed4f4
edi: 0xc1
esi: 0xf04ed4f4
drop: 0xf04ed4f4
edi: 0xc2
esi: 0xf04ed4f4
dup: 0xf04ed4f4
edi: 0xc3
esi: 0xf04ed4f4
edi: 0xc8
esi: 0x1
ebx: 0x1
ebx: 0xf04ed4f4
edi: 0xc9
esi: 0x81
edi: 0xce
esi: 0x81
drop: 0xf04ed4f4
edi: 0xcf
esi: 0xf04ed4f4
dup: 0xf04ed4f4
edi: 0xd0
esi: 0xf04ed4f4
edi: 0xd5
esi: 0x3
ebx: 0x3
ebx: 0xf04ed4f4
edi: 0xd6
esi: 0xf04ed4e0
edi: 0xdb
esi: 0xf04ed4e0
drop: 0xf04ed4f4
edi: 0xdc
esi: 0xf04ed4f4
drop: 0x81613
edi: 0xdd
esi: 0x81613
edi: 0xe2
esi: 0x81613
edi: 0xe7
esi: 0x81
edi: 0xe8
esi: 0x0
drop: 0x81613
edi: 0xe9
esi: 0x81613
edi: 0xee
esi: 0xf04ed4e0
edi: 0x71
esi: 0x81613
edi: 0x7a
esi: 0x81613
edi: 0x7f
esi: 0x81613
edi: 0x84
esi: 0xf04ed4e0
dup: 0xf04ed4e0
edi: 0x85
esi: 0xf04ed4e0
edi: 0x8a
esi: 0x1
edi: 0x8b
esi: 0x1
edi: 0x9b
esi: 0xf04ed4e0
dup: 0xf04ed4e0
edi: 0x9c
esi: 0xf04ed4e0
dup: 0xf04ed4e0
edi: 0x9d
esi: 0xf04ed4e0
edi: 0xa6
esi: 0x3
edi: 0xb1
esi: 0xf04ed4e0
dup: 0xf04ed4e0
edi: 0xb2
esi: 0xf04ed4e0
edi: 0xb7
esi: 0x1
ebx: 0x1
ebx: 0xf04ed4e0
edi: 0xb8
esi: 0x7f
drop: 0xf04ed4e0
edi: 0xb9
esi: 0xf04ed4e0
dup: 0xf04ed4e0
edi: 0xba
esi: 0xf04ed4e0
edi: 0xbf
esi: 0x3
ebx: 0x3
ebx: 0xf04ed4e0
edi: 0xc0
esi: 0xf04ed4cc
drop: 0xf04ed4e0
edi: 0xc1
esi: 0xf04ed4e0
drop: 0xf04ed4e0
edi: 0xc2
esi: 0xf04ed4e0
dup: 0xf04ed4e0
edi: 0xc3
esi: 0xf04ed4e0
edi: 0xc8
esi: 0x1
ebx: 0x1
ebx: 0xf04ed4e0
edi: 0xc9
esi: 0x7f
edi: 0xce
esi: 0x7f
drop: 0xf04ed4e0
edi: 0xcf
esi: 0xf04ed4e0
dup: 0xf04ed4e0
edi: 0xd0
esi: 0xf04ed4e0
edi: 0xd5
esi: 0x3
ebx: 0x3
ebx: 0xf04ed4e0
edi: 0xd6
esi: 0xf04ed4cc
edi: 0xdb
esi: 0xf04ed4cc
drop: 0xf04ed4e0
edi: 0xdc
esi: 0xf04ed4e0
drop: 0x81613
edi: 0xdd
esi: 0x81613
edi: 0xe2
esi: 0x81613
edi: 0xe7
esi: 0x7f
edi: 0xe8
esi: 0x0
drop: 0x81613
edi: 0xe9
esi: 0x81613
edi: 0xee
esi: 0xf04ed4cc
edi: 0x71
esi: 0x81613
edi: 0x7a
esi: 0x81613
edi: 0x7f
esi: 0x81613
edi: 0x84
esi: 0xf04ed4cc
dup: 0xf04ed4cc
edi: 0x85
esi: 0xf04ed4cc
edi: 0x8a
esi: 0x1
edi: 0x8b
esi: 0x1
edi: 0x9b
esi: 0xf04ed4cc
dup: 0xf04ed4cc
edi: 0x9c
esi: 0xf04ed4cc
dup: 0xf04ed4cc
edi: 0x9d
esi: 0xf04ed4cc
edi: 0xa6
esi: 0x3
edi: 0xb1
esi: 0xf04ed4cc
dup: 0xf04ed4cc
edi: 0xb2
esi: 0xf04ed4cc
edi: 0xb7
esi: 0x1
ebx: 0x1
ebx: 0xf04ed4cc
edi: 0xb8
esi: 0x7d
drop: 0xf04ed4cc
edi: 0xb9
esi: 0xf04ed4cc
dup: 0xf04ed4cc
edi: 0xba
esi: 0xf04ed4cc
edi: 0xbf
esi: 0x3
ebx: 0x3
ebx: 0xf04ed4cc
edi: 0xc0
esi: 0xf04ed4b8
drop: 0xf04ed4cc
edi: 0xc1
esi: 0xf04ed4cc
drop: 0xf04ed4cc
edi: 0xc2
esi: 0xf04ed4cc
dup: 0xf04ed4cc
edi: 0xc3
esi: 0xf04ed4cc
edi: 0xc8
esi: 0x1
ebx: 0x1
ebx: 0xf04ed4cc
edi: 0xc9
esi: 0x7d
edi: 0xce
esi: 0x7d
drop: 0xf04ed4cc
edi: 0xcf
esi: 0xf04ed4cc
dup: 0xf04ed4cc
edi: 0xd0
esi: 0xf04ed4cc
edi: 0xd5
esi: 0x3
ebx: 0x3
ebx: 0xf04ed4cc
edi: 0xd6
esi: 0xf04ed4b8
edi: 0xdb
esi: 0xf04ed4b8
drop: 0xf04ed4cc
edi: 0xdc
esi: 0xf04ed4cc
drop: 0x81613
edi: 0xdd
esi: 0x81613
edi: 0xe2
esi: 0x81613
edi: 0xe7
esi: 0x7d
edi: 0xe8
esi: 0x0
drop: 0x81613
edi: 0xe9
esi: 0x81613
edi: 0xee
esi: 0xf04ed4b8
edi: 0x71
esi: 0x81613
edi: 0x7a
esi: 0x81613
edi: 0x7f
esi: 0x81613
edi: 0x84
esi: 0xf04ed4b8
dup: 0xf04ed4b8
edi: 0x85
esi: 0xf04ed4b8
edi: 0x8a
esi: 0x1
edi: 0x8b
esi: 0x1
edi: 0x9b
esi: 0xf04ed4b8
dup: 0xf04ed4b8
edi: 0x9c
esi: 0xf04ed4b8
dup: 0xf04ed4b8
edi: 0x9d
esi: 0xf04ed4b8
edi: 0xa6
esi: 0x3
edi: 0xb1
esi: 0xf04ed4b8
dup: 0xf04ed4b8
edi: 0xb2
esi: 0xf04ed4b8
edi: 0xb7
esi: 0x1
ebx: 0x1
ebx: 0xf04ed4b8
edi: 0xb8
esi: 0x7b
drop: 0xf04ed4b8
edi: 0xb9
esi: 0xf04ed4b8
dup: 0xf04ed4b8
edi: 0xba
esi: 0xf04ed4b8
edi: 0xbf
esi: 0x3
ebx: 0x3
ebx: 0xf04ed4b8
edi: 0xc0
esi: 0xf04ed4a4
drop: 0xf04ed4b8
edi: 0xc1
esi: 0xf04ed4b8
drop: 0xf04ed4b8
edi: 0xc2
esi: 0xf04ed4b8
dup: 0xf04ed4b8
edi: 0xc3
esi: 0xf04ed4b8
edi: 0xc8
esi: 0x1
ebx: 0x1
ebx: 0xf04ed4b8
edi: 0xc9
esi: 0x7b
edi: 0xce
esi: 0x7b
drop: 0xf04ed4b8
edi: 0xcf
esi: 0xf04ed4b8
dup: 0xf04ed4b8
edi: 0xd0
esi: 0xf04ed4b8
edi: 0xd5
esi: 0x3
ebx: 0x3
ebx: 0xf04ed4b8
edi: 0xd6
esi: 0xf04ed4a4
edi: 0xdb
esi: 0xf04ed4a4
drop: 0xf04ed4b8
edi: 0xdc
esi: 0xf04ed4b8
drop: 0x81613
edi: 0xdd
esi: 0x81613
edi: 0xe2
esi: 0x81613
edi: 0xe7
esi: 0x7b
edi: 0xe8
esi: 0x0
drop: 0x81613
edi: 0xe9
esi: 0x81613
edi: 0xee
esi: 0xf04ed4a4
edi: 0x71
esi: 0x81613
edi: 0x7a
esi: 0x81613
edi: 0x7f
esi: 0x81613
edi: 0x84
esi: 0xf04ed4a4
dup: 0xf04ed4a4
edi: 0x85
esi: 0xf04ed4a4
edi: 0x8a
esi: 0x1
edi: 0x8b
esi: 0x1
edi: 0x9b
esi: 0xf04ed4a4
dup: 0xf04ed4a4
edi: 0x9c
esi: 0xf04ed4a4
dup: 0xf04ed4a4
edi: 0x9d
esi: 0xf04ed4a4
edi: 0xa6
esi: 0x3
edi: 0xb1
esi: 0xf04ed4a4
dup: 0xf04ed4a4
edi: 0xb2
esi: 0xf04ed4a4
edi: 0xb7
esi: 0x1
ebx: 0x1
ebx: 0xf04ed4a4
edi: 0xb8
esi: 0x79
drop: 0xf04ed4a4
edi: 0xb9
esi: 0xf04ed4a4
dup: 0xf04ed4a4
edi: 0xba
esi: 0xf04ed4a4
edi: 0xbf
esi: 0x3
ebx: 0x3
ebx: 0xf04ed4a4
edi: 0xc0
esi: 0xf04ed490
drop: 0xf04ed4a4
edi: 0xc1
esi: 0xf04ed4a4
drop: 0xf04ed4a4
edi: 0xc2
esi: 0xf04ed4a4
dup: 0xf04ed4a4
edi: 0xc3
esi: 0xf04ed4a4
edi: 0xc8
esi: 0x1
ebx: 0x1
ebx: 0xf04ed4a4
edi: 0xc9
esi: 0x79
edi: 0xce
esi: 0x79
drop: 0xf04ed4a4
edi: 0xcf
esi: 0xf04ed4a4
dup: 0xf04ed4a4
edi: 0xd0
esi: 0xf04ed4a4
edi: 0xd5
esi: 0x3
ebx: 0x3
ebx: 0xf04ed4a4
edi: 0xd6
esi: 0xf04ed490
edi: 0xdb
esi: 0xf04ed490
drop: 0xf04ed4a4
edi: 0xdc
esi: 0xf04ed4a4
drop: 0x81613
edi: 0xdd
esi: 0x81613
edi: 0xe2
esi: 0x81613
edi: 0xe7
esi: 0x79
edi: 0xe8
esi: 0x0
drop: 0x81613
edi: 0xe9
esi: 0x81613
edi: 0xee
esi: 0xf04ed490
edi: 0x71
esi: 0x81613
edi: 0x7a
esi: 0x81613
edi: 0x7f
esi: 0x81613
edi: 0x84
esi: 0xf04ed490
dup: 0xf04ed490
edi: 0x85
esi: 0xf04ed490
edi: 0x8a
esi: 0x1
edi: 0x8b
esi: 0x1
edi: 0x9b
esi: 0xf04ed490
dup: 0xf04ed490
edi: 0x9c
esi: 0xf04ed490
dup: 0xf04ed490
edi: 0x9d
esi: 0xf04ed490
edi: 0xa6
esi: 0x3
edi: 0xb1
esi: 0xf04ed490
dup: 0xf04ed490
edi: 0xb2
esi: 0xf04ed490
edi: 0xb7
esi: 0x1
ebx: 0x1
ebx: 0xf04ed490
edi: 0xb8
esi: 0x77
drop: 0xf04ed490
edi: 0xb9
esi: 0xf04ed490
dup: 0xf04ed490
edi: 0xba
esi: 0xf04ed490
edi: 0xbf
esi: 0x3
ebx: 0x3
ebx: 0xf04ed490
edi: 0xc0
esi: 0xf04ed47c
drop: 0xf04ed490
edi: 0xc1
esi: 0xf04ed490
drop: 0xf04ed490
edi: 0xc2
esi: 0xf04ed490
dup: 0xf04ed490
edi: 0xc3
esi: 0xf04ed490
edi: 0xc8
esi: 0x1
ebx: 0x1
ebx: 0xf04ed490
edi: 0xc9
esi: 0x77
edi: 0xce
esi: 0x77
drop: 0xf04ed490
edi: 0xcf
esi: 0xf04ed490
dup: 0xf04ed490
edi: 0xd0
esi: 0xf04ed490
edi: 0xd5
esi: 0x3
ebx: 0x3
ebx: 0xf04ed490
edi: 0xd6
esi: 0xf04ed47c
edi: 0xdb
esi: 0xf04ed47c
drop: 0xf04ed490
edi: 0xdc
esi: 0xf04ed490
drop: 0x81613
edi: 0xdd
esi: 0x81613
edi: 0xe2
esi: 0x81613
edi: 0xe7
esi: 0x77
edi: 0xe8
esi: 0x0
drop: 0x81613
edi: 0xe9
esi: 0x81613
edi: 0xee
esi: 0xf04ed47c
edi: 0x71
esi: 0x81613
edi: 0x7a
esi: 0x81613
edi: 0x7f
esi: 0x81613
edi: 0x84
esi: 0xf04ed47c
dup: 0xf04ed47c
edi: 0x85
esi: 0xf04ed47c
edi: 0x8a
esi: 0x1
edi: 0x8b
esi: 0x1
edi: 0x9b
esi: 0xf04ed47c
dup: 0xf04ed47c
edi: 0x9c
esi: 0xf04ed47c
dup: 0xf04ed47c
edi: 0x9d
esi: 0xf04ed47c
edi: 0xa6
esi: 0x3
edi: 0xb1
esi: 0xf04ed47c
dup: 0xf04ed47c
edi: 0xb2
esi: 0xf04ed47c
edi: 0xb7
esi: 0x1
ebx: 0x1
ebx: 0xf04ed47c
edi: 0xb8
esi: 0x75
drop: 0xf04ed47c
edi: 0xb9
esi: 0xf04ed47c
dup: 0xf04ed47c
edi: 0xba
esi: 0xf04ed47c
edi: 0xbf
esi: 0x3
ebx: 0x3
ebx: 0xf04ed47c
edi: 0xc0
esi: 0xf04ed468
drop: 0xf04ed47c
edi: 0xc1
esi: 0xf04ed47c
drop: 0xf04ed47c
edi: 0xc2
esi: 0xf04ed47c
dup: 0xf04ed47c
edi: 0xc3
esi: 0xf04ed47c
edi: 0xc8
esi: 0x1
ebx: 0x1
ebx: 0xf04ed47c
edi: 0xc9
esi: 0x75
edi: 0xce
esi: 0x75
drop: 0xf04ed47c
edi: 0xcf
esi: 0xf04ed47c
dup: 0xf04ed47c
edi: 0xd0
esi: 0xf04ed47c
edi: 0xd5
esi: 0x3
ebx: 0x3
ebx: 0xf04ed47c
edi: 0xd6
esi: 0xf04ed468
edi: 0xdb
esi: 0xf04ed468
drop: 0xf04ed47c
edi: 0xdc
esi: 0xf04ed47c
drop: 0x81613
edi: 0xdd
esi: 0x81613
edi: 0xe2
esi: 0x81613
edi: 0xe7
esi: 0x75
edi: 0xe8
esi: 0x0
drop: 0x81613
edi: 0xe9
esi: 0x81613
edi: 0xee
esi: 0xf04ed468
edi: 0x71
esi: 0x81613
edi: 0x7a
esi: 0x81613
edi: 0x7f
esi: 0x81613
edi: 0x84
esi: 0xf04ed468
dup: 0xf04ed468
edi: 0x85
esi: 0xf04ed468
edi: 0x8a
esi: 0x1
edi: 0x8b
esi: 0x1
edi: 0x9b
esi: 0xf04ed468
dup: 0xf04ed468
edi: 0x9c
esi: 0xf04ed468
dup: 0xf04ed468
edi: 0x9d
esi: 0xf04ed468
edi: 0xa6
esi: 0x3
edi: 0xb1
esi: 0xf04ed468
dup: 0xf04ed468
edi: 0xb2
esi: 0xf04ed468
edi: 0xb7
esi: 0x1
ebx: 0x1
ebx: 0xf04ed468
edi: 0xb8
esi: 0x73
drop: 0xf04ed468
edi: 0xb9
esi: 0xf04ed468
dup: 0xf04ed468
edi: 0xba
esi: 0xf04ed468
edi: 0xbf
esi: 0x3
ebx: 0x3
ebx: 0xf04ed468
edi: 0xc0
esi: 0xf04ed454
drop: 0xf04ed468
edi: 0xc1
esi: 0xf04ed468
drop: 0xf04ed468
edi: 0xc2
esi: 0xf04ed468
dup: 0xf04ed468
edi: 0xc3
esi: 0xf04ed468
edi: 0xc8
esi: 0x1
ebx: 0x1
ebx: 0xf04ed468
edi: 0xc9
esi: 0x73
edi: 0xce
esi: 0x73
drop: 0xf04ed468
edi: 0xcf
esi: 0xf04ed468
dup: 0xf04ed468
edi: 0xd0
esi: 0xf04ed468
edi: 0xd5
esi: 0x3
ebx: 0x3
ebx: 0xf04ed468
edi: 0xd6
esi: 0xf04ed454
edi: 0xdb
esi: 0xf04ed454
drop: 0xf04ed468
edi: 0xdc
esi: 0xf04ed468
drop: 0x81613
edi: 0xdd
esi: 0x81613
edi: 0xe2
esi: 0x81613
edi: 0xe7
esi: 0x73
edi: 0xe8
esi: 0x0
drop: 0x81613
edi: 0xe9
esi: 0x81613
edi: 0xee
esi: 0xf04ed454
edi: 0x71
esi: 0x81613
edi: 0x7a
esi: 0x81613
edi: 0x7f
esi: 0x81613
edi: 0x84
esi: 0xf04ed454
dup: 0xf04ed454
edi: 0x85
esi: 0xf04ed454
edi: 0x8a
esi: 0x1
edi: 0x8b
esi: 0x1
edi: 0x9b
esi: 0xf04ed454
dup: 0xf04ed454
edi: 0x9c
esi: 0xf04ed454
dup: 0xf04ed454
edi: 0x9d
esi: 0xf04ed454
edi: 0xa6
esi: 0x3
edi: 0xb1
esi: 0xf04ed454
dup: 0xf04ed454
edi: 0xb2
esi: 0xf04ed454
edi: 0xb7
esi: 0x1
ebx: 0x1
ebx: 0xf04ed454
edi: 0xb8
esi: 0x71
drop: 0xf04ed454
edi: 0xb9
esi: 0xf04ed454
dup: 0xf04ed454
edi: 0xba
esi: 0xf04ed454
edi: 0xbf
esi: 0x3
ebx: 0x3
ebx: 0xf04ed454
edi: 0xc0
esi: 0xf04ed440
drop: 0xf04ed454
edi: 0xc1
esi: 0xf04ed454
drop: 0xf04ed454
edi: 0xc2
esi: 0xf04ed454
dup: 0xf04ed454
edi: 0xc3
esi: 0xf04ed454
edi: 0xc8
esi: 0x1
ebx: 0x1
ebx: 0xf04ed454
edi: 0xc9
esi: 0x71
edi: 0xce
esi: 0x71
drop: 0xf04ed454
edi: 0xcf
esi: 0xf04ed454
dup: 0xf04ed454
edi: 0xd0
esi: 0xf04ed454
edi: 0xd5
esi: 0x3
ebx: 0x3
ebx: 0xf04ed454
edi: 0xd6
esi: 0xf04ed440
edi: 0xdb
esi: 0xf04ed440
drop: 0xf04ed454
edi: 0xdc
esi: 0xf04ed454
drop: 0x81613
edi: 0xdd
esi: 0x81613
edi: 0xe2
esi: 0x81613
edi: 0xe7
esi: 0x71
edi: 0xe8
esi: 0x0
drop: 0x81613
edi: 0xe9
esi: 0x81613
edi: 0xee
esi: 0xf04ed440
edi: 0x71
esi: 0x81613
edi: 0x7a
esi: 0x81613
edi: 0x7f
esi: 0x81613
edi: 0x84
esi: 0xf04ed440
dup: 0xf04ed440
edi: 0x85
esi: 0xf04ed440
edi: 0x8a
esi: 0x1
edi: 0x8b
esi: 0x1
edi: 0x9b
esi: 0xf04ed440
dup: 0xf04ed440
edi: 0x9c
esi: 0xf04ed440
dup: 0xf04ed440
edi: 0x9d
esi: 0xf04ed440
edi: 0xa6
esi: 0x3
edi: 0xb1
esi: 0xf04ed440
dup: 0xf04ed440
edi: 0xb2
esi: 0xf04ed440
edi: 0xb7
esi: 0x1
ebx: 0x1
ebx: 0xf04ed440
edi: 0xb8
esi: 0x6f
drop: 0xf04ed440
edi: 0xb9
esi: 0xf04ed440
dup: 0xf04ed440
edi: 0xba
esi: 0xf04ed440
edi: 0xbf
esi: 0x3
ebx: 0x3
ebx: 0xf04ed440
edi: 0xc0
esi: 0xf04ed42c
drop: 0xf04ed440
edi: 0xc1
esi: 0xf04ed440
drop: 0xf04ed440
edi: 0xc2
esi: 0xf04ed440
dup: 0xf04ed440
edi: 0xc3
esi: 0xf04ed440
edi: 0xc8
esi: 0x1
ebx: 0x1
ebx: 0xf04ed440
edi: 0xc9
esi: 0x6f
edi: 0xce
esi: 0x6f
drop: 0xf04ed440
edi: 0xcf
esi: 0xf04ed440
dup: 0xf04ed440
edi: 0xd0
esi: 0xf04ed440
edi: 0xd5
esi: 0x3
ebx: 0x3
ebx: 0xf04ed440
edi: 0xd6
esi: 0xf04ed42c
edi: 0xdb
esi: 0xf04ed42c
drop: 0xf04ed440
edi: 0xdc
esi: 0xf04ed440
drop: 0x81613
edi: 0xdd
esi: 0x81613
edi: 0xe2
esi: 0x81613
edi: 0xe7
esi: 0x6f
edi: 0xe8
esi: 0x0
drop: 0x81613
edi: 0xe9
esi: 0x81613
edi: 0xee
esi: 0xf04ed42c
edi: 0x71
esi: 0x81613
edi: 0x7a
esi: 0x81613
edi: 0x7f
esi: 0x81613
edi: 0x84
esi: 0xf04ed42c
dup: 0xf04ed42c
edi: 0x85
esi: 0xf04ed42c
edi: 0x8a
esi: 0x1
edi: 0x8b
esi: 0x1
edi: 0x9b
esi: 0xf04ed42c
dup: 0xf04ed42c
edi: 0x9c
esi: 0xf04ed42c
dup: 0xf04ed42c
edi: 0x9d
esi: 0xf04ed42c
edi: 0xa6
esi: 0x3
edi: 0xb1
esi: 0xf04ed42c
dup: 0xf04ed42c
edi: 0xb2
esi: 0xf04ed42c
edi: 0xb7
esi: 0x1
ebx: 0x1
ebx: 0xf04ed42c
edi: 0xb8
esi: 0x6d
drop: 0xf04ed42c
edi: 0xb9
esi: 0xf04ed42c
dup: 0xf04ed42c
edi: 0xba
esi: 0xf04ed42c
edi: 0xbf
esi: 0x3
ebx: 0x3
ebx: 0xf04ed42c
edi: 0xc0
esi: 0xf04ed418
drop: 0xf04ed42c
edi: 0xc1
esi: 0xf04ed42c
drop: 0xf04ed42c
edi: 0xc2
esi: 0xf04ed42c
dup: 0xf04ed42c
edi: 0xc3
esi: 0xf04ed42c
edi: 0xc8
esi: 0x1
ebx: 0x1
ebx: 0xf04ed42c
edi: 0xc9
esi: 0x6d
edi: 0xce
esi: 0x6d
drop: 0xf04ed42c
edi: 0xcf
esi: 0xf04ed42c
dup: 0xf04ed42c
edi: 0xd0
esi: 0xf04ed42c
edi: 0xd5
esi: 0x3
ebx: 0x3
ebx: 0xf04ed42c
edi: 0xd6
esi: 0xf04ed418
edi: 0xdb
esi: 0xf04ed418
drop: 0xf04ed42c
edi: 0xdc
esi: 0xf04ed42c
drop: 0x81613
edi: 0xdd
esi: 0x81613
edi: 0xe2
esi: 0x81613
edi: 0xe7
esi: 0x6d
edi: 0xe8
esi: 0x0
drop: 0x81613
edi: 0xe9
esi: 0x81613
edi: 0xee
esi: 0xf04ed418
edi: 0x71
esi: 0x81613
edi: 0x7a
esi: 0x81613
edi: 0x7f
esi: 0x81613
edi: 0x84
esi: 0xf04ed418
dup: 0xf04ed418
edi: 0x85
esi: 0xf04ed418
edi: 0x8a
esi: 0x1
edi: 0x8b
esi: 0x1
edi: 0x9b
esi: 0xf04ed418
dup: 0xf04ed418
edi: 0x9c
esi: 0xf04ed418
dup: 0xf04ed418
edi: 0x9d
esi: 0xf04ed418
edi: 0xa6
esi: 0x3
edi: 0xb1
esi: 0xf04ed418
dup: 0xf04ed418
edi: 0xb2
esi: 0xf04ed418
edi: 0xb7
esi: 0x1
ebx: 0x1
ebx: 0xf04ed418
edi: 0xb8
esi: 0x6b
drop: 0xf04ed418
edi: 0xb9
esi: 0xf04ed418
dup: 0xf04ed418
edi: 0xba
esi: 0xf04ed418
edi: 0xbf
esi: 0x3
ebx: 0x3
ebx: 0xf04ed418
edi: 0xc0
esi: 0xf04ed404
drop: 0xf04ed418
edi: 0xc1
esi: 0xf04ed418
drop: 0xf04ed418
edi: 0xc2
esi: 0xf04ed418
dup: 0xf04ed418
edi: 0xc3
esi: 0xf04ed418
edi: 0xc8
esi: 0x1
ebx: 0x1
ebx: 0xf04ed418
edi: 0xc9
esi: 0x6b
edi: 0xce
esi: 0x6b
drop: 0xf04ed418
edi: 0xcf
esi: 0xf04ed418
dup: 0xf04ed418
edi: 0xd0
esi: 0xf04ed418
edi: 0xd5
esi: 0x3
ebx: 0x3
ebx: 0xf04ed418
edi: 0xd6
esi: 0xf04ed404
edi: 0xdb
esi: 0xf04ed404
drop: 0xf04ed418
edi: 0xdc
esi: 0xf04ed418
drop: 0x81613
edi: 0xdd
esi: 0x81613
edi: 0xe2
esi: 0x81613
edi: 0xe7
esi: 0x6b
edi: 0xe8
esi: 0x0
drop: 0x81613
edi: 0xe9
esi: 0x81613
edi: 0xee
esi: 0xf04ed404
edi: 0x71
esi: 0x81613
edi: 0x7a
esi: 0x81613
edi: 0x7f
esi: 0x81613
edi: 0x84
esi: 0xf04ed404
dup: 0xf04ed404
edi: 0x85
esi: 0xf04ed404
edi: 0x8a
esi: 0x1
edi: 0x8b
esi: 0x1
edi: 0x9b
esi: 0xf04ed404
dup: 0xf04ed404
edi: 0x9c
esi: 0xf04ed404
dup: 0xf04ed404
edi: 0x9d
esi: 0xf04ed404
edi: 0xa6
esi: 0x3
edi: 0xb1
esi: 0xf04ed404
dup: 0xf04ed404
edi: 0xb2
esi: 0xf04ed404
edi: 0xb7
esi: 0x1
ebx: 0x1
ebx: 0xf04ed404
edi: 0xb8
esi: 0x69
drop: 0xf04ed404
edi: 0xb9
esi: 0xf04ed404
dup: 0xf04ed404
edi: 0xba
esi: 0xf04ed404
edi: 0xbf
esi: 0x3
ebx: 0x3
ebx: 0xf04ed404
edi: 0xc0
esi: 0xf04ed3f0
drop: 0xf04ed404
edi: 0xc1
esi: 0xf04ed404
drop: 0xf04ed404
edi: 0xc2
esi: 0xf04ed404
dup: 0xf04ed404
edi: 0xc3
esi: 0xf04ed404
edi: 0xc8
esi: 0x1
ebx: 0x1
ebx: 0xf04ed404
edi: 0xc9
esi: 0x69
edi: 0xce
esi: 0x69
drop: 0xf04ed404
edi: 0xcf
esi: 0xf04ed404
dup: 0xf04ed404
edi: 0xd0
esi: 0xf04ed404
edi: 0xd5
esi: 0x3
ebx: 0x3
ebx: 0xf04ed404
edi: 0xd6
esi: 0xf04ed3f0
edi: 0xdb
esi: 0xf04ed3f0
drop: 0xf04ed404
edi: 0xdc
esi: 0xf04ed404
drop: 0x81613
edi: 0xdd
esi: 0x81613
edi: 0xe2
esi: 0x81613
edi: 0xe7
esi: 0x69
edi: 0xe8
esi: 0x0
drop: 0x81613
edi: 0xe9
esi: 0x81613
edi: 0xee
esi: 0xf04ed3f0
edi: 0x71
esi: 0x81613
edi: 0x7a
esi: 0x81613
edi: 0x7f
esi: 0x81613
edi: 0x84
esi: 0xf04ed3f0
dup: 0xf04ed3f0
edi: 0x85
esi: 0xf04ed3f0
edi: 0x8a
esi: 0x1
edi: 0x8b
esi: 0x1
edi: 0x9b
esi: 0xf04ed3f0
dup: 0xf04ed3f0
edi: 0x9c
esi: 0xf04ed3f0
dup: 0xf04ed3f0
edi: 0x9d
esi: 0xf04ed3f0
edi: 0xa6
esi: 0x3
edi: 0xb1
esi: 0xf04ed3f0
dup: 0xf04ed3f0
edi: 0xb2
esi: 0xf04ed3f0
edi: 0xb7
esi: 0x1
ebx: 0x1
ebx: 0xf04ed3f0
edi: 0xb8
esi: 0x67
drop: 0xf04ed3f0
edi: 0xb9
esi: 0xf04ed3f0
dup: 0xf04ed3f0
edi: 0xba
esi: 0xf04ed3f0
edi: 0xbf
esi: 0x3
ebx: 0x3
ebx: 0xf04ed3f0
edi: 0xc0
esi: 0xf04ed3dc
drop: 0xf04ed3f0
edi: 0xc1
esi: 0xf04ed3f0
drop: 0xf04ed3f0
edi: 0xc2
esi: 0xf04ed3f0
dup: 0xf04ed3f0
edi: 0xc3
esi: 0xf04ed3f0
edi: 0xc8
esi: 0x1
ebx: 0x1
ebx: 0xf04ed3f0
edi: 0xc9
esi: 0x67
edi: 0xce
esi: 0x67
drop: 0xf04ed3f0
edi: 0xcf
esi: 0xf04ed3f0
dup: 0xf04ed3f0
edi: 0xd0
esi: 0xf04ed3f0
edi: 0xd5
esi: 0x3
ebx: 0x3
ebx: 0xf04ed3f0
edi: 0xd6
esi: 0xf04ed3dc
edi: 0xdb
esi: 0xf04ed3dc
drop: 0xf04ed3f0
edi: 0xdc
esi: 0xf04ed3f0
drop: 0x81613
edi: 0xdd
esi: 0x81613
edi: 0xe2
esi: 0x81613
edi: 0xe7
esi: 0x67
edi: 0xe8
esi: 0x0
drop: 0x81613
edi: 0xe9
esi: 0x81613
edi: 0xee
esi: 0xf04ed3dc
edi: 0x71
esi: 0x81613
edi: 0x7a
esi: 0x81613
edi: 0x7f
esi: 0x81613
edi: 0x84
esi: 0xf04ed3dc
dup: 0xf04ed3dc
edi: 0x85
esi: 0xf04ed3dc
edi: 0x8a
esi: 0x1
edi: 0x8b
esi: 0x1
edi: 0x9b
esi: 0xf04ed3dc
dup: 0xf04ed3dc
edi: 0x9c
esi: 0xf04ed3dc
dup: 0xf04ed3dc
edi: 0x9d
esi: 0xf04ed3dc
edi: 0xa6
esi: 0x3
edi: 0xb1
esi: 0xf04ed3dc
dup: 0xf04ed3dc
edi: 0xb2
esi: 0xf04ed3dc
edi: 0xb7
esi: 0x1
ebx: 0x1
ebx: 0xf04ed3dc
edi: 0xb8
esi: 0x65
drop: 0xf04ed3dc
edi: 0xb9
esi: 0xf04ed3dc
dup: 0xf04ed3dc
edi: 0xba
esi: 0xf04ed3dc
edi: 0xbf
esi: 0x3
ebx: 0x3
ebx: 0xf04ed3dc
edi: 0xc0
esi: 0xf04ed3c8
drop: 0xf04ed3dc
edi: 0xc1
esi: 0xf04ed3dc
drop: 0xf04ed3dc
edi: 0xc2
esi: 0xf04ed3dc
dup: 0xf04ed3dc
edi: 0xc3
esi: 0xf04ed3dc
edi: 0xc8
esi: 0x1
ebx: 0x1
ebx: 0xf04ed3dc
edi: 0xc9
esi: 0x65
edi: 0xce
esi: 0x65
drop: 0xf04ed3dc
edi: 0xcf
esi: 0xf04ed3dc
dup: 0xf04ed3dc
edi: 0xd0
esi: 0xf04ed3dc
edi: 0xd5
esi: 0x3
ebx: 0x3
ebx: 0xf04ed3dc
edi: 0xd6
esi: 0xf04ed3c8
edi: 0xdb
esi: 0xf04ed3c8
drop: 0xf04ed3dc
edi: 0xdc
esi: 0xf04ed3dc
drop: 0x81613
edi: 0xdd
esi: 0x81613
edi: 0xe2
esi: 0x81613
edi: 0xe7
esi: 0x65
edi: 0xe8
esi: 0x0
drop: 0x81613
edi: 0xe9
esi: 0x81613
edi: 0xee
esi: 0xf04ed3c8
edi: 0x71
esi: 0x81613
edi: 0x7a
esi: 0x81613
edi: 0x7f
esi: 0x81613
edi: 0x84
esi: 0xf04ed3c8
dup: 0xf04ed3c8
edi: 0x85
esi: 0xf04ed3c8
edi: 0x8a
esi: 0x1
edi: 0x8b
esi: 0x1
edi: 0x9b
esi: 0xf04ed3c8
dup: 0xf04ed3c8
edi: 0x9c
esi: 0xf04ed3c8
dup: 0xf04ed3c8
edi: 0x9d
esi: 0xf04ed3c8
edi: 0xa6
esi: 0x3
edi: 0xb1
esi: 0xf04ed3c8
dup: 0xf04ed3c8
edi: 0xb2
esi: 0xf04ed3c8
edi: 0xb7
esi: 0x1
ebx: 0x1
ebx: 0xf04ed3c8
edi: 0xb8
esi: 0x63
drop: 0xf04ed3c8
edi: 0xb9
esi: 0xf04ed3c8
dup: 0xf04ed3c8
edi: 0xba
esi: 0xf04ed3c8
edi: 0xbf
esi: 0x3
ebx: 0x3
ebx: 0xf04ed3c8
edi: 0xc0
esi: 0xf04ed3b4
drop: 0xf04ed3c8
edi: 0xc1
esi: 0xf04ed3c8
drop: 0xf04ed3c8
edi: 0xc2
esi: 0xf04ed3c8
dup: 0xf04ed3c8
edi: 0xc3
esi: 0xf04ed3c8
edi: 0xc8
esi: 0x1
ebx: 0x1
ebx: 0xf04ed3c8
edi: 0xc9
esi: 0x63
edi: 0xce
esi: 0x63
drop: 0xf04ed3c8
edi: 0xcf
esi: 0xf04ed3c8
dup: 0xf04ed3c8
edi: 0xd0
esi: 0xf04ed3c8
edi: 0xd5
esi: 0x3
ebx: 0x3
ebx: 0xf04ed3c8
edi: 0xd6
esi: 0xf04ed3b4
edi: 0xdb
esi: 0xf04ed3b4
drop: 0xf04ed3c8
edi: 0xdc
esi: 0xf04ed3c8
drop: 0x81613
edi: 0xdd
esi: 0x81613
edi: 0xe2
esi: 0x81613
edi: 0xe7
esi: 0x63
edi: 0xe8
esi: 0x0
drop: 0x81613
edi: 0xe9
esi: 0x81613
edi: 0xee
esi: 0xf04ed3b4
edi: 0x71
esi: 0x81613
edi: 0x7a
esi: 0x81613
edi: 0x7f
esi: 0x81613
edi: 0x84
esi: 0xf04ed3b4
dup: 0xf04ed3b4
edi: 0x85
esi: 0xf04ed3b4
edi: 0x8a
esi: 0x1
edi: 0x8b
esi: 0x1
edi: 0x9b
esi: 0xf04ed3b4
dup: 0xf04ed3b4
edi: 0x9c
esi: 0xf04ed3b4
dup: 0xf04ed3b4
edi: 0x9d
esi: 0xf04ed3b4
edi: 0xa6
esi: 0x3
edi: 0xb1
esi: 0xf04ed3b4
dup: 0xf04ed3b4
edi: 0xb2
esi: 0xf04ed3b4
edi: 0xb7
esi: 0x1
ebx: 0x1
ebx: 0xf04ed3b4
edi: 0xb8
esi: 0x61
drop: 0xf04ed3b4
edi: 0xb9
esi: 0xf04ed3b4
dup: 0xf04ed3b4
edi: 0xba
esi: 0xf04ed3b4
edi: 0xbf
esi: 0x3
ebx: 0x3
ebx: 0xf04ed3b4
edi: 0xc0
esi: 0xf04ed3a0
drop: 0xf04ed3b4
edi: 0xc1
esi: 0xf04ed3b4
drop: 0xf04ed3b4
edi: 0xc2
esi: 0xf04ed3b4
dup: 0xf04ed3b4
edi: 0xc3
esi: 0xf04ed3b4
edi: 0xc8
esi: 0x1
ebx: 0x1
ebx: 0xf04ed3b4
edi: 0xc9
esi: 0x61
edi: 0xce
esi: 0x61
drop: 0xf04ed3b4
edi: 0xcf
esi: 0xf04ed3b4
dup: 0xf04ed3b4
edi: 0xd0
esi: 0xf04ed3b4
edi: 0xd5
esi: 0x3
ebx: 0x3
ebx: 0xf04ed3b4
edi: 0xd6
esi: 0xf04ed3a0
edi: 0xdb
esi: 0xf04ed3a0
drop: 0xf04ed3b4
edi: 0xdc
esi: 0xf04ed3b4
drop: 0x81613
edi: 0xdd
esi: 0x81613
edi: 0xe2
esi: 0x81613
edi: 0xe7
esi: 0x61
edi: 0xe8
esi: 0x0
drop: 0x81613
edi: 0xe9
esi: 0x81613
edi: 0xee
esi: 0xf04ed3a0
edi: 0x71
esi: 0x81613
edi: 0x7a
esi: 0x81613
edi: 0x7f
esi: 0x81613
edi: 0x84
esi: 0xf04ed3a0
dup: 0xf04ed3a0
edi: 0x85
esi: 0xf04ed3a0
edi: 0x8a
esi: 0x1
edi: 0x8b
esi: 0x1
edi: 0x9b
esi: 0xf04ed3a0
dup: 0xf04ed3a0
edi: 0x9c
esi: 0xf04ed3a0
dup: 0xf04ed3a0
edi: 0x9d
esi: 0xf04ed3a0
edi: 0xa6
esi: 0x3
edi: 0xb1
esi: 0xf04ed3a0
dup: 0xf04ed3a0
edi: 0xb2
esi: 0xf04ed3a0
edi: 0xb7
esi: 0x1
ebx: 0x1
ebx: 0xf04ed3a0
edi: 0xb8
esi: 0x5f
drop: 0xf04ed3a0
edi: 0xb9
esi: 0xf04ed3a0
dup: 0xf04ed3a0
edi: 0xba
esi: 0xf04ed3a0
edi: 0xbf
esi: 0x3
ebx: 0x3
ebx: 0xf04ed3a0
edi: 0xc0
esi: 0xf04ed38c
drop: 0xf04ed3a0
edi: 0xc1
esi: 0xf04ed3a0
drop: 0xf04ed3a0
edi: 0xc2
esi: 0xf04ed3a0
dup: 0xf04ed3a0
edi: 0xc3
esi: 0xf04ed3a0
edi: 0xc8
esi: 0x1
ebx: 0x1
ebx: 0xf04ed3a0
edi: 0xc9
esi: 0x5f
edi: 0xce
esi: 0x5f
drop: 0xf04ed3a0
edi: 0xcf
esi: 0xf04ed3a0
dup: 0xf04ed3a0
edi: 0xd0
esi: 0xf04ed3a0
edi: 0xd5
esi: 0x3
ebx: 0x3
ebx: 0xf04ed3a0
edi: 0xd6
esi: 0xf04ed38c
edi: 0xdb
esi: 0xf04ed38c
drop: 0xf04ed3a0
edi: 0xdc
esi: 0xf04ed3a0
drop: 0x81613
edi: 0xdd
esi: 0x81613
edi: 0xe2
esi: 0x81613
edi: 0xe7
esi: 0x5f
edi: 0xe8
esi: 0x0
drop: 0x81613
edi: 0xe9
esi: 0x81613
edi: 0xee
esi: 0xf04ed38c
edi: 0x71
esi: 0x81613
edi: 0x7a
esi: 0x81613
edi: 0x7f
esi: 0x81613
edi: 0x84
esi: 0xf04ed38c
dup: 0xf04ed38c
edi: 0x85
esi: 0xf04ed38c
edi: 0x8a
esi: 0x1
edi: 0x8b
esi: 0x1
edi: 0x9b
esi: 0xf04ed38c
dup: 0xf04ed38c
edi: 0x9c
esi: 0xf04ed38c
dup: 0xf04ed38c
edi: 0x9d
esi: 0xf04ed38c
edi: 0xa6
esi: 0x3
edi: 0xb1
esi: 0xf04ed38c
dup: 0xf04ed38c
edi: 0xb2
esi: 0xf04ed38c
edi: 0xb7
esi: 0x1
ebx: 0x1
ebx: 0xf04ed38c
edi: 0xb8
esi: 0x5d
drop: 0xf04ed38c
edi: 0xb9
esi: 0xf04ed38c
dup: 0xf04ed38c
edi: 0xba
esi: 0xf04ed38c
edi: 0xbf
esi: 0x3
ebx: 0x3
ebx: 0xf04ed38c
edi: 0xc0
esi: 0xf04ed378
drop: 0xf04ed38c
edi: 0xc1
esi: 0xf04ed38c
drop: 0xf04ed38c
edi: 0xc2
esi: 0xf04ed38c
dup: 0xf04ed38c
edi: 0xc3
esi: 0xf04ed38c
edi: 0xc8
esi: 0x1
ebx: 0x1
ebx: 0xf04ed38c
edi: 0xc9
esi: 0x5d
edi: 0xce
esi: 0x5d
drop: 0xf04ed38c
edi: 0xcf
esi: 0xf04ed38c
dup: 0xf04ed38c
edi: 0xd0
esi: 0xf04ed38c
edi: 0xd5
esi: 0x3
ebx: 0x3
ebx: 0xf04ed38c
edi: 0xd6
esi: 0xf04ed378
edi: 0xdb
esi: 0xf04ed378
drop: 0xf04ed38c
edi: 0xdc
esi: 0xf04ed38c
drop: 0x81613
edi: 0xdd
esi: 0x81613
edi: 0xe2
esi: 0x81613
edi: 0xe7
esi: 0x5d
edi: 0xe8
esi: 0x0
drop: 0x81613
edi: 0xe9
esi: 0x81613
edi: 0xee
esi: 0xf04ed378
edi: 0x71
esi: 0x81613
edi: 0x7a
esi: 0x81613
edi: 0x7f
esi: 0x81613
edi: 0x84
esi: 0xf04ed378
dup: 0xf04ed378
edi: 0x85
esi: 0xf04ed378
edi: 0x8a
esi: 0x1
edi: 0x8b
esi: 0x1
edi: 0x9b
esi: 0xf04ed378
dup: 0xf04ed378
edi: 0x9c
esi: 0xf04ed378
dup: 0xf04ed378
edi: 0x9d
esi: 0xf04ed378
edi: 0xa6
esi: 0x3
edi: 0xb1
esi: 0xf04ed378
dup: 0xf04ed378
edi: 0xb2
esi: 0xf04ed378
edi: 0xb7
esi: 0x1
ebx: 0x1
ebx: 0xf04ed378
edi: 0xb8
esi: 0x5b
drop: 0xf04ed378
edi: 0xb9
esi: 0xf04ed378
dup: 0xf04ed378
edi: 0xba
esi: 0xf04ed378
edi: 0xbf
esi: 0x3
ebx: 0x3
ebx: 0xf04ed378
edi: 0xc0
esi: 0xf04ed364
drop: 0xf04ed378
edi: 0xc1
esi: 0xf04ed378
drop: 0xf04ed378
edi: 0xc2
esi: 0xf04ed378
dup: 0xf04ed378
edi: 0xc3
esi: 0xf04ed378
edi: 0xc8
esi: 0x1
ebx: 0x1
ebx: 0xf04ed378
edi: 0xc9
esi: 0x5b
edi: 0xce
esi: 0x5b
drop: 0xf04ed378
edi: 0xcf
esi: 0xf04ed378
dup: 0xf04ed378
edi: 0xd0
esi: 0xf04ed378
edi: 0xd5
esi: 0x3
ebx: 0x3
ebx: 0xf04ed378
edi: 0xd6
esi: 0xf04ed364
edi: 0xdb
esi: 0xf04ed364
drop: 0xf04ed378
edi: 0xdc
esi: 0xf04ed378
drop: 0x81613
edi: 0xdd
esi: 0x81613
edi: 0xe2
esi: 0x81613
edi: 0xe7
esi: 0x5b
edi: 0xe8
esi: 0x0
drop: 0x81613
edi: 0xe9
esi: 0x81613
edi: 0xee
esi: 0xf04ed364
edi: 0x71
esi: 0x81613
edi: 0x7a
esi: 0x81613
edi: 0x7f
esi: 0x81613
edi: 0x84
esi: 0xf04ed364
dup: 0xf04ed364
edi: 0x85
esi: 0xf04ed364
edi: 0x8a
esi: 0x1
edi: 0x8b
esi: 0x1
edi: 0x9b
esi: 0xf04ed364
dup: 0xf04ed364
edi: 0x9c
esi: 0xf04ed364
dup: 0xf04ed364
edi: 0x9d
esi: 0xf04ed364
edi: 0xa6
esi: 0x3
edi: 0xb1
esi: 0xf04ed364
dup: 0xf04ed364
edi: 0xb2
esi: 0xf04ed364
edi: 0xb7
esi: 0x1
ebx: 0x1
ebx: 0xf04ed364
edi: 0xb8
esi: 0x59
drop: 0xf04ed364
edi: 0xb9
esi: 0xf04ed364
dup: 0xf04ed364
edi: 0xba
esi: 0xf04ed364
edi: 0xbf
esi: 0x3
ebx: 0x3
ebx: 0xf04ed364
edi: 0xc0
esi: 0xf04ed350
drop: 0xf04ed364
edi: 0xc1
esi: 0xf04ed364
drop: 0xf04ed364
edi: 0xc2
esi: 0xf04ed364
dup: 0xf04ed364
edi: 0xc3
esi: 0xf04ed364
edi: 0xc8
esi: 0x1
ebx: 0x1
ebx: 0xf04ed364
edi: 0xc9
esi: 0x59
edi: 0xce
esi: 0x59
drop: 0xf04ed364
edi: 0xcf
esi: 0xf04ed364
dup: 0xf04ed364
edi: 0xd0
esi: 0xf04ed364
edi: 0xd5
esi: 0x3
ebx: 0x3
ebx: 0xf04ed364
edi: 0xd6
esi: 0xf04ed350
edi: 0xdb
esi: 0xf04ed350
drop: 0xf04ed364
edi: 0xdc
esi: 0xf04ed364
drop: 0x81613
edi: 0xdd
esi: 0x81613
edi: 0xe2
esi: 0x81613
edi: 0xe7
esi: 0x59
edi: 0xe8
esi: 0x0
drop: 0x81613
edi: 0xe9
esi: 0x81613
edi: 0xee
esi: 0xf04ed350
edi: 0x71
esi: 0x81613
edi: 0x7a
esi: 0x81613
edi: 0x7f
esi: 0x81613
edi: 0x84
esi: 0xf04ed350
dup: 0xf04ed350
edi: 0x85
esi: 0xf04ed350
edi: 0x8a
esi: 0x1
edi: 0x8b
esi: 0x1
edi: 0x9b
esi: 0xf04ed350
dup: 0xf04ed350
edi: 0x9c
esi: 0xf04ed350
dup: 0xf04ed350
edi: 0x9d
esi: 0xf04ed350
edi: 0xa6
esi: 0x3
edi: 0xb1
esi: 0xf04ed350
dup: 0xf04ed350
edi: 0xb2
esi: 0xf04ed350
edi: 0xb7
esi: 0x1
ebx: 0x1
ebx: 0xf04ed350
edi: 0xb8
esi: 0x57
drop: 0xf04ed350
edi: 0xb9
esi: 0xf04ed350
dup: 0xf04ed350
edi: 0xba
esi: 0xf04ed350
edi: 0xbf
esi: 0x3
ebx: 0x3
ebx: 0xf04ed350
edi: 0xc0
esi: 0xf04ed33c
drop: 0xf04ed350
edi: 0xc1
esi: 0xf04ed350
drop: 0xf04ed350
edi: 0xc2
esi: 0xf04ed350
dup: 0xf04ed350
edi: 0xc3
esi: 0xf04ed350
edi: 0xc8
esi: 0x1
ebx: 0x1
ebx: 0xf04ed350
edi: 0xc9
esi: 0x57
edi: 0xce
esi: 0x57
drop: 0xf04ed350
edi: 0xcf
esi: 0xf04ed350
dup: 0xf04ed350
edi: 0xd0
esi: 0xf04ed350
edi: 0xd5
esi: 0x3
ebx: 0x3
ebx: 0xf04ed350
edi: 0xd6
esi: 0xf04ed33c
edi: 0xdb
esi: 0xf04ed33c
drop: 0xf04ed350
edi: 0xdc
esi: 0xf04ed350
drop: 0x81613
edi: 0xdd
esi: 0x81613
edi: 0xe2
esi: 0x81613
edi: 0xe7
esi: 0x57
edi: 0xe8
esi: 0x0
drop: 0x81613
edi: 0xe9
esi: 0x81613
edi: 0xee
esi: 0xf04ed33c
edi: 0x71
esi: 0x81613
edi: 0x7a
esi: 0x81613
edi: 0x7f
esi: 0x81613
edi: 0x84
esi: 0xf04ed33c
dup: 0xf04ed33c
edi: 0x85
esi: 0xf04ed33c
edi: 0x8a
esi: 0x1
edi: 0x8b
esi: 0x1
edi: 0x9b
esi: 0xf04ed33c
dup: 0xf04ed33c
edi: 0x9c
esi: 0xf04ed33c
dup: 0xf04ed33c
edi: 0x9d
esi: 0xf04ed33c
edi: 0xa6
esi: 0x3
edi: 0xb1
esi: 0xf04ed33c
dup: 0xf04ed33c
edi: 0xb2
esi: 0xf04ed33c
edi: 0xb7
esi: 0x1
ebx: 0x1
ebx: 0xf04ed33c
edi: 0xb8
esi: 0x55
drop: 0xf04ed33c
edi: 0xb9
esi: 0xf04ed33c
dup: 0xf04ed33c
edi: 0xba
esi: 0xf04ed33c
edi: 0xbf
esi: 0x3
ebx: 0x3
ebx: 0xf04ed33c
edi: 0xc0
esi: 0xf04ed328
drop: 0xf04ed33c
edi: 0xc1
esi: 0xf04ed33c
drop: 0xf04ed33c
edi: 0xc2
esi: 0xf04ed33c
dup: 0xf04ed33c
edi: 0xc3
esi: 0xf04ed33c
edi: 0xc8
esi: 0x1
ebx: 0x1
ebx: 0xf04ed33c
edi: 0xc9
esi: 0x55
edi: 0xce
esi: 0x55
drop: 0xf04ed33c
edi: 0xcf
esi: 0xf04ed33c
dup: 0xf04ed33c
edi: 0xd0
esi: 0xf04ed33c
edi: 0xd5
esi: 0x3
ebx: 0x3
ebx: 0xf04ed33c
edi: 0xd6
esi: 0xf04ed328
edi: 0xdb
esi: 0xf04ed328
drop: 0xf04ed33c
edi: 0xdc
esi: 0xf04ed33c
drop: 0x81613
edi: 0xdd
esi: 0x81613
edi: 0xe2
esi: 0x81613
edi: 0xe7
esi: 0x55
edi: 0xe8
esi: 0x0
drop: 0x81613
edi: 0xe9
esi: 0x81613
edi: 0xee
esi: 0xf04ed328
edi: 0x71
esi: 0x81613
edi: 0x7a
esi: 0x81613
edi: 0x7f
esi: 0x81613
edi: 0x84
esi: 0xf04ed328
dup: 0xf04ed328
edi: 0x85
esi: 0xf04ed328
edi: 0x8a
esi: 0x1
edi: 0x8b
esi: 0x1
edi: 0x9b
esi: 0xf04ed328
dup: 0xf04ed328
edi: 0x9c
esi: 0xf04ed328
dup: 0xf04ed328
edi: 0x9d
esi: 0xf04ed328
edi: 0xa6
esi: 0x3
edi: 0xb1
esi: 0xf04ed328
dup: 0xf04ed328
edi: 0xb2
esi: 0xf04ed328
edi: 0xb7
esi: 0x1
ebx: 0x1
ebx: 0xf04ed328
edi: 0xb8
esi: 0x53
drop: 0xf04ed328
edi: 0xb9
esi: 0xf04ed328
dup: 0xf04ed328
edi: 0xba
esi: 0xf04ed328
edi: 0xbf
esi: 0x3
ebx: 0x3
ebx: 0xf04ed328
edi: 0xc0
esi: 0xf04ed314
drop: 0xf04ed328
edi: 0xc1
esi: 0xf04ed328
drop: 0xf04ed328
edi: 0xc2
esi: 0xf04ed328
dup: 0xf04ed328
edi: 0xc3
esi: 0xf04ed328
edi: 0xc8
esi: 0x1
ebx: 0x1
ebx: 0xf04ed328
edi: 0xc9
esi: 0x53
edi: 0xce
esi: 0x53
drop: 0xf04ed328
edi: 0xcf
esi: 0xf04ed328
dup: 0xf04ed328
edi: 0xd0
esi: 0xf04ed328
edi: 0xd5
esi: 0x3
ebx: 0x3
ebx: 0xf04ed328
edi: 0xd6
esi: 0xf04ed314
edi: 0xdb
esi: 0xf04ed314
drop: 0xf04ed328
edi: 0xdc
esi: 0xf04ed328
drop: 0x81613
edi: 0xdd
esi: 0x81613
edi: 0xe2
esi: 0x81613
edi: 0xe7
esi: 0x53
edi: 0xe8
esi: 0x0
drop: 0x81613
edi: 0xe9
esi: 0x81613
edi: 0xee
esi: 0xf04ed314
edi: 0x71
esi: 0x81613
edi: 0x7a
esi: 0x81613
edi: 0x7f
esi: 0x81613
edi: 0x84
esi: 0xf04ed314
dup: 0xf04ed314
edi: 0x85
esi: 0xf04ed314
edi: 0x8a
esi: 0x1
edi: 0x8b
esi: 0x1
edi: 0x9b
esi: 0xf04ed314
dup: 0xf04ed314
edi: 0x9c
esi: 0xf04ed314
dup: 0xf04ed314
edi: 0x9d
esi: 0xf04ed314
edi: 0xa6
esi: 0x3
edi: 0xb1
esi: 0xf04ed314
dup: 0xf04ed314
edi: 0xb2
esi: 0xf04ed314
edi: 0xb7
esi: 0x1
ebx: 0x1
ebx: 0xf04ed314
edi: 0xb8
esi: 0x51
drop: 0xf04ed314
edi: 0xb9
esi: 0xf04ed314
dup: 0xf04ed314
edi: 0xba
esi: 0xf04ed314
edi: 0xbf
esi: 0x3
ebx: 0x3
ebx: 0xf04ed314
edi: 0xc0
esi: 0xf04ed300
drop: 0xf04ed314
edi: 0xc1
esi: 0xf04ed314
drop: 0xf04ed314
edi: 0xc2
esi: 0xf04ed314
dup: 0xf04ed314
edi: 0xc3
esi: 0xf04ed314
edi: 0xc8
esi: 0x1
ebx: 0x1
ebx: 0xf04ed314
edi: 0xc9
esi: 0x51
edi: 0xce
esi: 0x51
drop: 0xf04ed314
edi: 0xcf
esi: 0xf04ed314
dup: 0xf04ed314
edi: 0xd0
esi: 0xf04ed314
edi: 0xd5
esi: 0x3
ebx: 0x3
ebx: 0xf04ed314
edi: 0xd6
esi: 0xf04ed300
edi: 0xdb
esi: 0xf04ed300
drop: 0xf04ed314
edi: 0xdc
esi: 0xf04ed314
drop: 0x81613
edi: 0xdd
esi: 0x81613
edi: 0xe2
esi: 0x81613
edi: 0xe7
esi: 0x51
edi: 0xe8
esi: 0x0
drop: 0x81613
edi: 0xe9
esi: 0x81613
edi: 0xee
esi: 0xf04ed300
edi: 0x71
esi: 0x81613
edi: 0x7a
esi: 0x81613
edi: 0x7f
esi: 0x81613
edi: 0x84
esi: 0xf04ed300
dup: 0xf04ed300
edi: 0x85
esi: 0xf04ed300
edi: 0x8a
esi: 0x1
edi: 0x8b
esi: 0x1
edi: 0x9b
esi: 0xf04ed300
dup: 0xf04ed300
edi: 0x9c
esi: 0xf04ed300
dup: 0xf04ed300
edi: 0x9d
esi: 0xf04ed300
edi: 0xa6
esi: 0x3
edi: 0xb1
esi: 0xf04ed300
dup: 0xf04ed300
edi: 0xb2
esi: 0xf04ed300
edi: 0xb7
esi: 0x1
ebx: 0x1
ebx: 0xf04ed300
edi: 0xb8
esi: 0x4f
drop: 0xf04ed300
edi: 0xb9
esi: 0xf04ed300
dup: 0xf04ed300
edi: 0xba
esi: 0xf04ed300
edi: 0xbf
esi: 0x3
ebx: 0x3
ebx: 0xf04ed300
edi: 0xc0
esi: 0xf04ed2ec
drop: 0xf04ed300
edi: 0xc1
esi: 0xf04ed300
drop: 0xf04ed300
edi: 0xc2
esi: 0xf04ed300
dup: 0xf04ed300
edi: 0xc3
esi: 0xf04ed300
edi: 0xc8
esi: 0x1
ebx: 0x1
ebx: 0xf04ed300
edi: 0xc9
esi: 0x4f
edi: 0xce
esi: 0x4f
drop: 0xf04ed300
edi: 0xcf
esi: 0xf04ed300
dup: 0xf04ed300
edi: 0xd0
esi: 0xf04ed300
edi: 0xd5
esi: 0x3
ebx: 0x3
ebx: 0xf04ed300
edi: 0xd6
esi: 0xf04ed2ec
edi: 0xdb
esi: 0xf04ed2ec
drop: 0xf04ed300
edi: 0xdc
esi: 0xf04ed300
drop: 0x81613
edi: 0xdd
esi: 0x81613
edi: 0xe2
esi: 0x81613
edi: 0xe7
esi: 0x4f
edi: 0xe8
esi: 0x0
drop: 0x81613
edi: 0xe9
esi: 0x81613
edi: 0xee
esi: 0xf04ed2ec
edi: 0x71
esi: 0x81613
edi: 0x7a
esi: 0x81613
edi: 0x7f
esi: 0x81613
edi: 0x84
esi: 0xf04ed2ec
dup: 0xf04ed2ec
edi: 0x85
esi: 0xf04ed2ec
edi: 0x8a
esi: 0x1
edi: 0x8b
esi: 0x1
edi: 0x9b
esi: 0xf04ed2ec
dup: 0xf04ed2ec
edi: 0x9c
esi: 0xf04ed2ec
dup: 0xf04ed2ec
edi: 0x9d
esi: 0xf04ed2ec
edi: 0xa6
esi: 0x3
edi: 0xb1
esi: 0xf04ed2ec
dup: 0xf04ed2ec
edi: 0xb2
esi: 0xf04ed2ec
edi: 0xb7
esi: 0x1
ebx: 0x1
ebx: 0xf04ed2ec
edi: 0xb8
esi: 0x4d
drop: 0xf04ed2ec
edi: 0xb9
esi: 0xf04ed2ec
dup: 0xf04ed2ec
edi: 0xba
esi: 0xf04ed2ec
edi: 0xbf
esi: 0x3
ebx: 0x3
ebx: 0xf04ed2ec
edi: 0xc0
esi: 0xf04ed2d8
drop: 0xf04ed2ec
edi: 0xc1
esi: 0xf04ed2ec
drop: 0xf04ed2ec
edi: 0xc2
esi: 0xf04ed2ec
dup: 0xf04ed2ec
edi: 0xc3
esi: 0xf04ed2ec
edi: 0xc8
esi: 0x1
ebx: 0x1
ebx: 0xf04ed2ec
edi: 0xc9
esi: 0x4d
edi: 0xce
esi: 0x4d
drop: 0xf04ed2ec
edi: 0xcf
esi: 0xf04ed2ec
dup: 0xf04ed2ec
edi: 0xd0
esi: 0xf04ed2ec
edi: 0xd5
esi: 0x3
ebx: 0x3
ebx: 0xf04ed2ec
edi: 0xd6
esi: 0xf04ed2d8
edi: 0xdb
esi: 0xf04ed2d8
drop: 0xf04ed2ec
edi: 0xdc
esi: 0xf04ed2ec
drop: 0x81613
edi: 0xdd
esi: 0x81613
edi: 0xe2
esi: 0x81613
edi: 0xe7
esi: 0x4d
edi: 0xe8
esi: 0x0
drop: 0x81613
edi: 0xe9
esi: 0x81613
edi: 0xee
esi: 0xf04ed2d8
edi: 0x71
esi: 0x81613
edi: 0x7a
esi: 0x81613
edi: 0x7f
esi: 0x81613
edi: 0x84
esi: 0xf04ed2d8
dup: 0xf04ed2d8
edi: 0x85
esi: 0xf04ed2d8
edi: 0x8a
esi: 0x1
edi: 0x8b
esi: 0x1
edi: 0x9b
esi: 0xf04ed2d8
dup: 0xf04ed2d8
edi: 0x9c
esi: 0xf04ed2d8
dup: 0xf04ed2d8
edi: 0x9d
esi: 0xf04ed2d8
edi: 0xa6
esi: 0x3
edi: 0xb1
esi: 0xf04ed2d8
dup: 0xf04ed2d8
edi: 0xb2
esi: 0xf04ed2d8
edi: 0xb7
esi: 0x1
ebx: 0x1
ebx: 0xf04ed2d8
edi: 0xb8
esi: 0x4b
drop: 0xf04ed2d8
edi: 0xb9
esi: 0xf04ed2d8
dup: 0xf04ed2d8
edi: 0xba
esi: 0xf04ed2d8
edi: 0xbf
esi: 0x3
ebx: 0x3
ebx: 0xf04ed2d8
edi: 0xc0
esi: 0xf04ed2c4
drop: 0xf04ed2d8
edi: 0xc1
esi: 0xf04ed2d8
drop: 0xf04ed2d8
edi: 0xc2
esi: 0xf04ed2d8
dup: 0xf04ed2d8
edi: 0xc3
esi: 0xf04ed2d8
edi: 0xc8
esi: 0x1
ebx: 0x1
ebx: 0xf04ed2d8
edi: 0xc9
esi: 0x4b
edi: 0xce
esi: 0x4b
drop: 0xf04ed2d8
edi: 0xcf
esi: 0xf04ed2d8
dup: 0xf04ed2d8
edi: 0xd0
esi: 0xf04ed2d8
edi: 0xd5
esi: 0x3
ebx: 0x3
ebx: 0xf04ed2d8
edi: 0xd6
esi: 0xf04ed2c4
edi: 0xdb
esi: 0xf04ed2c4
drop: 0xf04ed2d8
edi: 0xdc
esi: 0xf04ed2d8
drop: 0x81613
edi: 0xdd
esi: 0x81613
edi: 0xe2
esi: 0x81613
edi: 0xe7
esi: 0x4b
edi: 0xe8
esi: 0x0
drop: 0x81613
edi: 0xe9
esi: 0x81613
edi: 0xee
esi: 0xf04ed2c4
edi: 0x71
esi: 0x81613
edi: 0x7a
esi: 0x81613
edi: 0x7f
esi: 0x81613
edi: 0x84
esi: 0xf04ed2c4
dup: 0xf04ed2c4
edi: 0x85
esi: 0xf04ed2c4
edi: 0x8a
esi: 0x1
edi: 0x8b
esi: 0x1
edi: 0x9b
esi: 0xf04ed2c4
dup: 0xf04ed2c4
edi: 0x9c
esi: 0xf04ed2c4
dup: 0xf04ed2c4
edi: 0x9d
esi: 0xf04ed2c4
edi: 0xa6
esi: 0x3
edi: 0xb1
esi: 0xf04ed2c4
dup: 0xf04ed2c4
edi: 0xb2
esi: 0xf04ed2c4
edi: 0xb7
esi: 0x1
ebx: 0x1
ebx: 0xf04ed2c4
edi: 0xb8
esi: 0x49
drop: 0xf04ed2c4
edi: 0xb9
esi: 0xf04ed2c4
dup: 0xf04ed2c4
edi: 0xba
esi: 0xf04ed2c4
edi: 0xbf
esi: 0x3
ebx: 0x3
ebx: 0xf04ed2c4
edi: 0xc0
esi: 0xf04ed2b0
drop: 0xf04ed2c4
edi: 0xc1
esi: 0xf04ed2c4
drop: 0xf04ed2c4
edi: 0xc2
esi: 0xf04ed2c4
dup: 0xf04ed2c4
edi: 0xc3
esi: 0xf04ed2c4
edi: 0xc8
esi: 0x1
ebx: 0x1
ebx: 0xf04ed2c4
edi: 0xc9
esi: 0x49
edi: 0xce
esi: 0x49
drop: 0xf04ed2c4
edi: 0xcf
esi: 0xf04ed2c4
dup: 0xf04ed2c4
edi: 0xd0
esi: 0xf04ed2c4
edi: 0xd5
esi: 0x3
ebx: 0x3
ebx: 0xf04ed2c4
edi: 0xd6
esi: 0xf04ed2b0
edi: 0xdb
esi: 0xf04ed2b0
drop: 0xf04ed2c4
edi: 0xdc
esi: 0xf04ed2c4
drop: 0x81613
edi: 0xdd
esi: 0x81613
edi: 0xe2
esi: 0x81613
edi: 0xe7
esi: 0x49
edi: 0xe8
esi: 0x0
drop: 0x81613
edi: 0xe9
esi: 0x81613
edi: 0xee
esi: 0xf04ed2b0
edi: 0x71
esi: 0x81613
edi: 0x7a
esi: 0x81613
edi: 0x7f
esi: 0x81613
edi: 0x84
esi: 0xf04ed2b0
dup: 0xf04ed2b0
edi: 0x85
esi: 0xf04ed2b0
edi: 0x8a
esi: 0x1
edi: 0x8b
esi: 0x1
edi: 0x9b
esi: 0xf04ed2b0
dup: 0xf04ed2b0
edi: 0x9c
esi: 0xf04ed2b0
dup: 0xf04ed2b0
edi: 0x9d
esi: 0xf04ed2b0
edi: 0xa6
esi: 0x3
edi: 0xb1
esi: 0xf04ed2b0
dup: 0xf04ed2b0
edi: 0xb2
esi: 0xf04ed2b0
edi: 0xb7
esi: 0x1
ebx: 0x1
ebx: 0xf04ed2b0
edi: 0xb8
esi: 0x47
drop: 0xf04ed2b0
edi: 0xb9
esi: 0xf04ed2b0
dup: 0xf04ed2b0
edi: 0xba
esi: 0xf04ed2b0
edi: 0xbf
esi: 0x3
ebx: 0x3
ebx: 0xf04ed2b0
edi: 0xc0
esi: 0xf04ed29c
drop: 0xf04ed2b0
edi: 0xc1
esi: 0xf04ed2b0
drop: 0xf04ed2b0
edi: 0xc2
esi: 0xf04ed2b0
dup: 0xf04ed2b0
edi: 0xc3
esi: 0xf04ed2b0
edi: 0xc8
esi: 0x1
ebx: 0x1
ebx: 0xf04ed2b0
edi: 0xc9
esi: 0x47
edi: 0xce
esi: 0x47
drop: 0xf04ed2b0
edi: 0xcf
esi: 0xf04ed2b0
dup: 0xf04ed2b0
edi: 0xd0
esi: 0xf04ed2b0
edi: 0xd5
esi: 0x3
ebx: 0x3
ebx: 0xf04ed2b0
edi: 0xd6
esi: 0xf04ed29c
edi: 0xdb
esi: 0xf04ed29c
drop: 0xf04ed2b0
edi: 0xdc
esi: 0xf04ed2b0
drop: 0x81613
edi: 0xdd
esi: 0x81613
edi: 0xe2
esi: 0x81613
edi: 0xe7
esi: 0x47
edi: 0xe8
esi: 0x0
drop: 0x81613
edi: 0xe9
esi: 0x81613
edi: 0xee
esi: 0xf04ed29c
edi: 0x71
esi: 0x81613
edi: 0x7a
esi: 0x81613
edi: 0x7f
esi: 0x81613
edi: 0x84
esi: 0xf04ed29c
dup: 0xf04ed29c
edi: 0x85
esi: 0xf04ed29c
edi: 0x8a
esi: 0x1
edi: 0x8b
esi: 0x1
edi: 0x9b
esi: 0xf04ed29c
dup: 0xf04ed29c
edi: 0x9c
esi: 0xf04ed29c
dup: 0xf04ed29c
edi: 0x9d
esi: 0xf04ed29c
edi: 0xa6
esi: 0x3
edi: 0xb1
esi: 0xf04ed29c
dup: 0xf04ed29c
edi: 0xb2
esi: 0xf04ed29c
edi: 0xb7
esi: 0x1
ebx: 0x1
ebx: 0xf04ed29c
edi: 0xb8
esi: 0x45
drop: 0xf04ed29c
edi: 0xb9
esi: 0xf04ed29c
dup: 0xf04ed29c
edi: 0xba
esi: 0xf04ed29c
edi: 0xbf
esi: 0x3
ebx: 0x3
ebx: 0xf04ed29c
edi: 0xc0
esi: 0xf04ed288
drop: 0xf04ed29c
edi: 0xc1
esi: 0xf04ed29c
drop: 0xf04ed29c
edi: 0xc2
esi: 0xf04ed29c
dup: 0xf04ed29c
edi: 0xc3
esi: 0xf04ed29c
edi: 0xc8
esi: 0x1
ebx: 0x1
ebx: 0xf04ed29c
edi: 0xc9
esi: 0x45
edi: 0xce
esi: 0x45
drop: 0xf04ed29c
edi: 0xcf
esi: 0xf04ed29c
dup: 0xf04ed29c
edi: 0xd0
esi: 0xf04ed29c
edi: 0xd5
esi: 0x3
ebx: 0x3
ebx: 0xf04ed29c
edi: 0xd6
esi: 0xf04ed288
edi: 0xdb
esi: 0xf04ed288
drop: 0xf04ed29c
edi: 0xdc
esi: 0xf04ed29c
drop: 0x81613
edi: 0xdd
esi: 0x81613
edi: 0xe2
esi: 0x81613
edi: 0xe7
esi: 0x45
edi: 0xe8
esi: 0x0
drop: 0x81613
edi: 0xe9
esi: 0x81613
edi: 0xee
esi: 0xf04ed288
edi: 0x71
esi: 0x81613
edi: 0x7a
esi: 0x81613
edi: 0x7f
esi: 0x81613
edi: 0x84
esi: 0xf04ed288
dup: 0xf04ed288
edi: 0x85
esi: 0xf04ed288
edi: 0x8a
esi: 0x1
edi: 0x8b
esi: 0x1
edi: 0x9b
esi: 0xf04ed288
dup: 0xf04ed288
edi: 0x9c
esi: 0xf04ed288
dup: 0xf04ed288
edi: 0x9d
esi: 0xf04ed288
edi: 0xa6
esi: 0x3
edi: 0xb1
esi: 0xf04ed288
dup: 0xf04ed288
edi: 0xb2
esi: 0xf04ed288
edi: 0xb7
esi: 0x1
ebx: 0x1
ebx: 0xf04ed288
edi: 0xb8
esi: 0x43
drop: 0xf04ed288
edi: 0xb9
esi: 0xf04ed288
dup: 0xf04ed288
edi: 0xba
esi: 0xf04ed288
edi: 0xbf
esi: 0x3
ebx: 0x3
ebx: 0xf04ed288
edi: 0xc0
esi: 0xf04ed274
drop: 0xf04ed288
edi: 0xc1
esi: 0xf04ed288
drop: 0xf04ed288
edi: 0xc2
esi: 0xf04ed288
dup: 0xf04ed288
edi: 0xc3
esi: 0xf04ed288
edi: 0xc8
esi: 0x1
ebx: 0x1
ebx: 0xf04ed288
edi: 0xc9
esi: 0x43
edi: 0xce
esi: 0x43
drop: 0xf04ed288
edi: 0xcf
esi: 0xf04ed288
dup: 0xf04ed288
edi: 0xd0
esi: 0xf04ed288
edi: 0xd5
esi: 0x3
ebx: 0x3
ebx: 0xf04ed288
edi: 0xd6
esi: 0xf04ed274
edi: 0xdb
esi: 0xf04ed274
drop: 0xf04ed288
edi: 0xdc
esi: 0xf04ed288
drop: 0x81613
edi: 0xdd
esi: 0x81613
edi: 0xe2
esi: 0x81613
edi: 0xe7
esi: 0x43
edi: 0xe8
esi: 0x0
drop: 0x81613
edi: 0xe9
esi: 0x81613
edi: 0xee
esi: 0xf04ed274
edi: 0x71
esi: 0x81613
edi: 0x7a
esi: 0x81613
edi: 0x7f
esi: 0x81613
edi: 0x84
esi: 0xf04ed274
dup: 0xf04ed274
edi: 0x85
esi: 0xf04ed274
edi: 0x8a
esi: 0x1
edi: 0x8b
esi: 0x1
edi: 0x9b
esi: 0xf04ed274
dup: 0xf04ed274
edi: 0x9c
esi: 0xf04ed274
dup: 0xf04ed274
edi: 0x9d
esi: 0xf04ed274
edi: 0xa6
esi: 0x3
edi: 0xb1
esi: 0xf04ed274
dup: 0xf04ed274
edi: 0xb2
esi: 0xf04ed274
edi: 0xb7
esi: 0x1
ebx: 0x1
ebx: 0xf04ed274
edi: 0xb8
esi: 0x41
drop: 0xf04ed274
edi: 0xb9
esi: 0xf04ed274
dup: 0xf04ed274
edi: 0xba
esi: 0xf04ed274
edi: 0xbf
esi: 0x3
ebx: 0x3
ebx: 0xf04ed274
edi: 0xc0
esi: 0xf04ed260
drop: 0xf04ed274
edi: 0xc1
esi: 0xf04ed274
drop: 0xf04ed274
edi: 0xc2
esi: 0xf04ed274
dup: 0xf04ed274
edi: 0xc3
esi: 0xf04ed274
edi: 0xc8
esi: 0x1
ebx: 0x1
ebx: 0xf04ed274
edi: 0xc9
esi: 0x41
edi: 0xce
esi: 0x41
drop: 0xf04ed274
edi: 0xcf
esi: 0xf04ed274
dup: 0xf04ed274
edi: 0xd0
esi: 0xf04ed274
edi: 0xd5
esi: 0x3
ebx: 0x3
ebx: 0xf04ed274
edi: 0xd6
esi: 0xf04ed260
edi: 0xdb
esi: 0xf04ed260
drop: 0xf04ed274
edi: 0xdc
esi: 0xf04ed274
drop: 0x81613
edi: 0xdd
esi: 0x81613
edi: 0xe2
esi: 0x81613
edi: 0xe7
esi: 0x41
edi: 0xe8
esi: 0x0
drop: 0x81613
edi: 0xe9
esi: 0x81613
edi: 0xee
esi: 0xf04ed260
edi: 0x71
esi: 0x81613
edi: 0x7a
esi: 0x81613
edi: 0x7f
esi: 0x81613
edi: 0x84
esi: 0xf04ed260
dup: 0xf04ed260
edi: 0x85
esi: 0xf04ed260
edi: 0x8a
esi: 0x1
edi: 0x8b
esi: 0x1
edi: 0x9b
esi: 0xf04ed260
dup: 0xf04ed260
edi: 0x9c
esi: 0xf04ed260
dup: 0xf04ed260
edi: 0x9d
esi: 0xf04ed260
edi: 0xa6
esi: 0x3
edi: 0xb1
esi: 0xf04ed260
dup: 0xf04ed260
edi: 0xb2
esi: 0xf04ed260
edi: 0xb7
esi: 0x1
ebx: 0x1
ebx: 0xf04ed260
edi: 0xb8
esi: 0x3f
drop: 0xf04ed260
edi: 0xb9
esi: 0xf04ed260
dup: 0xf04ed260
edi: 0xba
esi: 0xf04ed260
edi: 0xbf
esi: 0x3
ebx: 0x3
ebx: 0xf04ed260
edi: 0xc0
esi: 0xf04ed24c
drop: 0xf04ed260
edi: 0xc1
esi: 0xf04ed260
drop: 0xf04ed260
edi: 0xc2
esi: 0xf04ed260
dup: 0xf04ed260
edi: 0xc3
esi: 0xf04ed260
edi: 0xc8
esi: 0x1
ebx: 0x1
ebx: 0xf04ed260
edi: 0xc9
esi: 0x3f
edi: 0xce
esi: 0x3f
drop: 0xf04ed260
edi: 0xcf
esi: 0xf04ed260
dup: 0xf04ed260
edi: 0xd0
esi: 0xf04ed260
edi: 0xd5
esi: 0x3
ebx: 0x3
ebx: 0xf04ed260
edi: 0xd6
esi: 0xf04ed24c
edi: 0xdb
esi: 0xf04ed24c
drop: 0xf04ed260
edi: 0xdc
esi: 0xf04ed260
drop: 0x81613
edi: 0xdd
esi: 0x81613
edi: 0xe2
esi: 0x81613
edi: 0xe7
esi: 0x3f
edi: 0xe8
esi: 0x0
drop: 0x81613
edi: 0xe9
esi: 0x81613
edi: 0xee
esi: 0xf04ed24c
edi: 0x71
esi: 0x81613
edi: 0x7a
esi: 0x81613
edi: 0x7f
esi: 0x81613
edi: 0x84
esi: 0xf04ed24c
dup: 0xf04ed24c
edi: 0x85
esi: 0xf04ed24c
edi: 0x8a
esi: 0x1
edi: 0x8b
esi: 0x1
edi: 0x9b
esi: 0xf04ed24c
dup: 0xf04ed24c
edi: 0x9c
esi: 0xf04ed24c
dup: 0xf04ed24c
edi: 0x9d
esi: 0xf04ed24c
edi: 0xa6
esi: 0x3
edi: 0xb1
esi: 0xf04ed24c
dup: 0xf04ed24c
edi: 0xb2
esi: 0xf04ed24c
edi: 0xb7
esi: 0x1
ebx: 0x1
ebx: 0xf04ed24c
edi: 0xb8
esi: 0x3d
drop: 0xf04ed24c
edi: 0xb9
esi: 0xf04ed24c
dup: 0xf04ed24c
edi: 0xba
esi: 0xf04ed24c
edi: 0xbf
esi: 0x3
ebx: 0x3
ebx: 0xf04ed24c
edi: 0xc0
esi: 0xf04ed238
drop: 0xf04ed24c
edi: 0xc1
esi: 0xf04ed24c
drop: 0xf04ed24c
edi: 0xc2
esi: 0xf04ed24c
dup: 0xf04ed24c
edi: 0xc3
esi: 0xf04ed24c
edi: 0xc8
esi: 0x1
ebx: 0x1
ebx: 0xf04ed24c
edi: 0xc9
esi: 0x3d
edi: 0xce
esi: 0x3d
drop: 0xf04ed24c
edi: 0xcf
esi: 0xf04ed24c
dup: 0xf04ed24c
edi: 0xd0
esi: 0xf04ed24c
edi: 0xd5
esi: 0x3
ebx: 0x3
ebx: 0xf04ed24c
edi: 0xd6
esi: 0xf04ed238
edi: 0xdb
esi: 0xf04ed238
drop: 0xf04ed24c
edi: 0xdc
esi: 0xf04ed24c
drop: 0x81613
edi: 0xdd
esi: 0x81613
edi: 0xe2
esi: 0x81613
edi: 0xe7
esi: 0x3d
edi: 0xe8
esi: 0x0
drop: 0x81613
edi: 0xe9
esi: 0x81613
edi: 0xee
esi: 0xf04ed238
edi: 0x71
esi: 0x81613
edi: 0x7a
esi: 0x81613
edi: 0x7f
esi: 0x81613
edi: 0x84
esi: 0xf04ed238
dup: 0xf04ed238
edi: 0x85
esi: 0xf04ed238
edi: 0x8a
esi: 0x1
edi: 0x8b
esi: 0x1
edi: 0x9b
esi: 0xf04ed238
dup: 0xf04ed238
edi: 0x9c
esi: 0xf04ed238
dup: 0xf04ed238
edi: 0x9d
esi: 0xf04ed238
edi: 0xa6
esi: 0x3
edi: 0xb1
esi: 0xf04ed238
dup: 0xf04ed238
edi: 0xb2
esi: 0xf04ed238
edi: 0xb7
esi: 0x1
ebx: 0x1
ebx: 0xf04ed238
edi: 0xb8
esi: 0x3b
drop: 0xf04ed238
edi: 0xb9
esi: 0xf04ed238
dup: 0xf04ed238
edi: 0xba
esi: 0xf04ed238
edi: 0xbf
esi: 0x3
ebx: 0x3
ebx: 0xf04ed238
edi: 0xc0
esi: 0xf04ed224
drop: 0xf04ed238
edi: 0xc1
esi: 0xf04ed238
drop: 0xf04ed238
edi: 0xc2
esi: 0xf04ed238
dup: 0xf04ed238
edi: 0xc3
esi: 0xf04ed238
edi: 0xc8
esi: 0x1
ebx: 0x1
ebx: 0xf04ed238
edi: 0xc9
esi: 0x3b
edi: 0xce
esi: 0x3b
drop: 0xf04ed238
edi: 0xcf
esi: 0xf04ed238
dup: 0xf04ed238
edi: 0xd0
esi: 0xf04ed238
edi: 0xd5
esi: 0x3
ebx: 0x3
ebx: 0xf04ed238
edi: 0xd6
esi: 0xf04ed224
edi: 0xdb
esi: 0xf04ed224
drop: 0xf04ed238
edi: 0xdc
esi: 0xf04ed238
drop: 0x81613
edi: 0xdd
esi: 0x81613
edi: 0xe2
esi: 0x81613
edi: 0xe7
esi: 0x3b
edi: 0xe8
esi: 0x0
drop: 0x81613
edi: 0xe9
esi: 0x81613
edi: 0xee
esi: 0xf04ed224
edi: 0x71
esi: 0x81613
edi: 0x7a
esi: 0x81613
edi: 0x7f
esi: 0x81613
edi: 0x84
esi: 0xf04ed224
dup: 0xf04ed224
edi: 0x85
esi: 0xf04ed224
edi: 0x8a
esi: 0x1
edi: 0x8b
esi: 0x1
edi: 0x9b
esi: 0xf04ed224
dup: 0xf04ed224
edi: 0x9c
esi: 0xf04ed224
dup: 0xf04ed224
edi: 0x9d
esi: 0xf04ed224
edi: 0xa6
esi: 0x3
edi: 0xb1
esi: 0xf04ed224
dup: 0xf04ed224
edi: 0xb2
esi: 0xf04ed224
edi: 0xb7
esi: 0x1
ebx: 0x1
ebx: 0xf04ed224
edi: 0xb8
esi: 0x39
drop: 0xf04ed224
edi: 0xb9
esi: 0xf04ed224
dup: 0xf04ed224
edi: 0xba
esi: 0xf04ed224
edi: 0xbf
esi: 0x3
ebx: 0x3
ebx: 0xf04ed224
edi: 0xc0
esi: 0xf04ed210
drop: 0xf04ed224
edi: 0xc1
esi: 0xf04ed224
drop: 0xf04ed224
edi: 0xc2
esi: 0xf04ed224
dup: 0xf04ed224
edi: 0xc3
esi: 0xf04ed224
edi: 0xc8
esi: 0x1
ebx: 0x1
ebx: 0xf04ed224
edi: 0xc9
esi: 0x39
edi: 0xce
esi: 0x39
drop: 0xf04ed224
edi: 0xcf
esi: 0xf04ed224
dup: 0xf04ed224
edi: 0xd0
esi: 0xf04ed224
edi: 0xd5
esi: 0x3
ebx: 0x3
ebx: 0xf04ed224
edi: 0xd6
esi: 0xf04ed210
edi: 0xdb
esi: 0xf04ed210
drop: 0xf04ed224
edi: 0xdc
esi: 0xf04ed224
drop: 0x81613
edi: 0xdd
esi: 0x81613
edi: 0xe2
esi: 0x81613
edi: 0xe7
esi: 0x39
edi: 0xe8
esi: 0x0
drop: 0x81613
edi: 0xe9
esi: 0x81613
edi: 0xee
esi: 0xf04ed210
edi: 0x71
esi: 0x81613
edi: 0x7a
esi: 0x81613
edi: 0x7f
esi: 0x81613
edi: 0x84
esi: 0xf04ed210
dup: 0xf04ed210
edi: 0x85
esi: 0xf04ed210
edi: 0x8a
esi: 0x1
edi: 0x8b
esi: 0x1
edi: 0x9b
esi: 0xf04ed210
dup: 0xf04ed210
edi: 0x9c
esi: 0xf04ed210
dup: 0xf04ed210
edi: 0x9d
esi: 0xf04ed210
edi: 0xa6
esi: 0x3
edi: 0xb1
esi: 0xf04ed210
dup: 0xf04ed210
edi: 0xb2
esi: 0xf04ed210
edi: 0xb7
esi: 0x1
ebx: 0x1
ebx: 0xf04ed210
edi: 0xb8
esi: 0x37
drop: 0xf04ed210
edi: 0xb9
esi: 0xf04ed210
dup: 0xf04ed210
edi: 0xba
esi: 0xf04ed210
edi: 0xbf
esi: 0x3
ebx: 0x3
ebx: 0xf04ed210
edi: 0xc0
esi: 0xf04ed1fc
drop: 0xf04ed210
edi: 0xc1
esi: 0xf04ed210
drop: 0xf04ed210
edi: 0xc2
esi: 0xf04ed210
dup: 0xf04ed210
edi: 0xc3
esi: 0xf04ed210
edi: 0xc8
esi: 0x1
ebx: 0x1
ebx: 0xf04ed210
edi: 0xc9
esi: 0x37
edi: 0xce
esi: 0x37
drop: 0xf04ed210
edi: 0xcf
esi: 0xf04ed210
dup: 0xf04ed210
edi: 0xd0
esi: 0xf04ed210
edi: 0xd5
esi: 0x3
ebx: 0x3
ebx: 0xf04ed210
edi: 0xd6
esi: 0xf04ed1fc
edi: 0xdb
esi: 0xf04ed1fc
drop: 0xf04ed210
edi: 0xdc
esi: 0xf04ed210
drop: 0x81613
edi: 0xdd
esi: 0x81613
edi: 0xe2
esi: 0x81613
edi: 0xe7
esi: 0x37
edi: 0xe8
esi: 0x0
drop: 0x81613
edi: 0xe9
esi: 0x81613
edi: 0xee
esi: 0xf04ed1fc
edi: 0x71
esi: 0x81613
edi: 0x7a
esi: 0x81613
edi: 0x7f
esi: 0x81613
edi: 0x84
esi: 0xf04ed1fc
dup: 0xf04ed1fc
edi: 0x85
esi: 0xf04ed1fc
edi: 0x8a
esi: 0x1
edi: 0x8b
esi: 0x1
edi: 0x9b
esi: 0xf04ed1fc
dup: 0xf04ed1fc
edi: 0x9c
esi: 0xf04ed1fc
dup: 0xf04ed1fc
edi: 0x9d
esi: 0xf04ed1fc
edi: 0xa6
esi: 0x3
edi: 0xb1
esi: 0xf04ed1fc
dup: 0xf04ed1fc
edi: 0xb2
esi: 0xf04ed1fc
edi: 0xb7
esi: 0x1
ebx: 0x1
ebx: 0xf04ed1fc
edi: 0xb8
esi: 0x35
drop: 0xf04ed1fc
edi: 0xb9
esi: 0xf04ed1fc
dup: 0xf04ed1fc
edi: 0xba
esi: 0xf04ed1fc
edi: 0xbf
esi: 0x3
ebx: 0x3
ebx: 0xf04ed1fc
edi: 0xc0
esi: 0xf04ed1e8
drop: 0xf04ed1fc
edi: 0xc1
esi: 0xf04ed1fc
drop: 0xf04ed1fc
edi: 0xc2
esi: 0xf04ed1fc
dup: 0xf04ed1fc
edi: 0xc3
esi: 0xf04ed1fc
edi: 0xc8
esi: 0x1
ebx: 0x1
ebx: 0xf04ed1fc
edi: 0xc9
esi: 0x35
edi: 0xce
esi: 0x35
drop: 0xf04ed1fc
edi: 0xcf
esi: 0xf04ed1fc
dup: 0xf04ed1fc
edi: 0xd0
esi: 0xf04ed1fc
edi: 0xd5
esi: 0x3
ebx: 0x3
ebx: 0xf04ed1fc
edi: 0xd6
esi: 0xf04ed1e8
edi: 0xdb
esi: 0xf04ed1e8
drop: 0xf04ed1fc
edi: 0xdc
esi: 0xf04ed1fc
drop: 0x81613
edi: 0xdd
esi: 0x81613
edi: 0xe2
esi: 0x81613
edi: 0xe7
esi: 0x35
edi: 0xe8
esi: 0x0
drop: 0x81613
edi: 0xe9
esi: 0x81613
edi: 0xee
esi: 0xf04ed1e8
edi: 0x71
esi: 0x81613
edi: 0x7a
esi: 0x81613
edi: 0x7f
esi: 0x81613
edi: 0x84
esi: 0xf04ed1e8
dup: 0xf04ed1e8
edi: 0x85
esi: 0xf04ed1e8
edi: 0x8a
esi: 0x1
edi: 0x8b
esi: 0x1
edi: 0x9b
esi: 0xf04ed1e8
dup: 0xf04ed1e8
edi: 0x9c
esi: 0xf04ed1e8
dup: 0xf04ed1e8
edi: 0x9d
esi: 0xf04ed1e8
edi: 0xa6
esi: 0x3
edi: 0xb1
esi: 0xf04ed1e8
dup: 0xf04ed1e8
edi: 0xb2
esi: 0xf04ed1e8
edi: 0xb7
esi: 0x1
ebx: 0x1
ebx: 0xf04ed1e8
edi: 0xb8
esi: 0x33
drop: 0xf04ed1e8
edi: 0xb9
esi: 0xf04ed1e8
dup: 0xf04ed1e8
edi: 0xba
esi: 0xf04ed1e8
edi: 0xbf
esi: 0x3
ebx: 0x3
ebx: 0xf04ed1e8
edi: 0xc0
esi: 0xf04ed1d4
drop: 0xf04ed1e8
edi: 0xc1
esi: 0xf04ed1e8
drop: 0xf04ed1e8
edi: 0xc2
esi: 0xf04ed1e8
dup: 0xf04ed1e8
edi: 0xc3
esi: 0xf04ed1e8
edi: 0xc8
esi: 0x1
ebx: 0x1
ebx: 0xf04ed1e8
edi: 0xc9
esi: 0x33
edi: 0xce
esi: 0x33
drop: 0xf04ed1e8
edi: 0xcf
esi: 0xf04ed1e8
dup: 0xf04ed1e8
edi: 0xd0
esi: 0xf04ed1e8
edi: 0xd5
esi: 0x3
ebx: 0x3
ebx: 0xf04ed1e8
edi: 0xd6
esi: 0xf04ed1d4
edi: 0xdb
esi: 0xf04ed1d4
drop: 0xf04ed1e8
edi: 0xdc
esi: 0xf04ed1e8
drop: 0x81613
edi: 0xdd
esi: 0x81613
edi: 0xe2
esi: 0x81613
edi: 0xe7
esi: 0x33
edi: 0xe8
esi: 0x0
drop: 0x81613
edi: 0xe9
esi: 0x81613
edi: 0xee
esi: 0xf04ed1d4
edi: 0x71
esi: 0x81613
edi: 0x7a
esi: 0x81613
edi: 0x7f
esi: 0x81613
edi: 0x84
esi: 0xf04ed1d4
dup: 0xf04ed1d4
edi: 0x85
esi: 0xf04ed1d4
edi: 0x8a
esi: 0x1
edi: 0x8b
esi: 0x1
edi: 0x9b
esi: 0xf04ed1d4
dup: 0xf04ed1d4
edi: 0x9c
esi: 0xf04ed1d4
dup: 0xf04ed1d4
edi: 0x9d
esi: 0xf04ed1d4
edi: 0xa6
esi: 0x3
edi: 0xb1
esi: 0xf04ed1d4
dup: 0xf04ed1d4
edi: 0xb2
esi: 0xf04ed1d4
edi: 0xb7
esi: 0x1
ebx: 0x1
ebx: 0xf04ed1d4
edi: 0xb8
esi: 0x31
drop: 0xf04ed1d4
edi: 0xb9
esi: 0xf04ed1d4
dup: 0xf04ed1d4
edi: 0xba
esi: 0xf04ed1d4
edi: 0xbf
esi: 0x3
ebx: 0x3
ebx: 0xf04ed1d4
edi: 0xc0
esi: 0xf04ed1c0
drop: 0xf04ed1d4
edi: 0xc1
esi: 0xf04ed1d4
drop: 0xf04ed1d4
edi: 0xc2
esi: 0xf04ed1d4
dup: 0xf04ed1d4
edi: 0xc3
esi: 0xf04ed1d4
edi: 0xc8
esi: 0x1
ebx: 0x1
ebx: 0xf04ed1d4
edi: 0xc9
esi: 0x31
edi: 0xce
esi: 0x31
drop: 0xf04ed1d4
edi: 0xcf
esi: 0xf04ed1d4
dup: 0xf04ed1d4
edi: 0xd0
esi: 0xf04ed1d4
edi: 0xd5
esi: 0x3
ebx: 0x3
ebx: 0xf04ed1d4
edi: 0xd6
esi: 0xf04ed1c0
edi: 0xdb
esi: 0xf04ed1c0
drop: 0xf04ed1d4
edi: 0xdc
esi: 0xf04ed1d4
drop: 0x81613
edi: 0xdd
esi: 0x81613
edi: 0xe2
esi: 0x81613
edi: 0xe7
esi: 0x31
edi: 0xe8
esi: 0x0
drop: 0x81613
edi: 0xe9
esi: 0x81613
edi: 0xee
esi: 0xf04ed1c0
edi: 0x71
esi: 0x81613
edi: 0x7a
esi: 0x81613
edi: 0x7f
esi: 0x81613
edi: 0x84
esi: 0xf04ed1c0
dup: 0xf04ed1c0
edi: 0x85
esi: 0xf04ed1c0
edi: 0x8a
esi: 0x1
edi: 0x8b
esi: 0x1
edi: 0x9b
esi: 0xf04ed1c0
dup: 0xf04ed1c0
edi: 0x9c
esi: 0xf04ed1c0
dup: 0xf04ed1c0
edi: 0x9d
esi: 0xf04ed1c0
edi: 0xa6
esi: 0x3
edi: 0xb1
esi: 0xf04ed1c0
dup: 0xf04ed1c0
edi: 0xb2
esi: 0xf04ed1c0
edi: 0xb7
esi: 0x1
ebx: 0x1
ebx: 0xf04ed1c0
edi: 0xb8
esi: 0x2f
drop: 0xf04ed1c0
edi: 0xb9
esi: 0xf04ed1c0
dup: 0xf04ed1c0
edi: 0xba
esi: 0xf04ed1c0
edi: 0xbf
esi: 0x3
ebx: 0x3
ebx: 0xf04ed1c0
edi: 0xc0
esi: 0xf04ed1ac
drop: 0xf04ed1c0
edi: 0xc1
esi: 0xf04ed1c0
drop: 0xf04ed1c0
edi: 0xc2
esi: 0xf04ed1c0
dup: 0xf04ed1c0
edi: 0xc3
esi: 0xf04ed1c0
edi: 0xc8
esi: 0x1
ebx: 0x1
ebx: 0xf04ed1c0
edi: 0xc9
esi: 0x2f
edi: 0xce
esi: 0x2f
drop: 0xf04ed1c0
edi: 0xcf
esi: 0xf04ed1c0
dup: 0xf04ed1c0
edi: 0xd0
esi: 0xf04ed1c0
edi: 0xd5
esi: 0x3
ebx: 0x3
ebx: 0xf04ed1c0
edi: 0xd6
esi: 0xf04ed1ac
edi: 0xdb
esi: 0xf04ed1ac
drop: 0xf04ed1c0
edi: 0xdc
esi: 0xf04ed1c0
drop: 0x81613
edi: 0xdd
esi: 0x81613
edi: 0xe2
esi: 0x81613
edi: 0xe7
esi: 0x2f
edi: 0xe8
esi: 0x0
drop: 0x81613
edi: 0xe9
esi: 0x81613
edi: 0xee
esi: 0xf04ed1ac
edi: 0x71
esi: 0x81613
edi: 0x7a
esi: 0x81613
edi: 0x7f
esi: 0x81613
edi: 0x84
esi: 0xf04ed1ac
dup: 0xf04ed1ac
edi: 0x85
esi: 0xf04ed1ac
edi: 0x8a
esi: 0x1
edi: 0x8b
esi: 0x1
edi: 0x9b
esi: 0xf04ed1ac
dup: 0xf04ed1ac
edi: 0x9c
esi: 0xf04ed1ac
dup: 0xf04ed1ac
edi: 0x9d
esi: 0xf04ed1ac
edi: 0xa6
esi: 0x3
edi: 0xb1
esi: 0xf04ed1ac
dup: 0xf04ed1ac
edi: 0xb2
esi: 0xf04ed1ac
edi: 0xb7
esi: 0x1
ebx: 0x1
ebx: 0xf04ed1ac
edi: 0xb8
esi: 0x2d
drop: 0xf04ed1ac
edi: 0xb9
esi: 0xf04ed1ac
dup: 0xf04ed1ac
edi: 0xba
esi: 0xf04ed1ac
edi: 0xbf
esi: 0x3
ebx: 0x3
ebx: 0xf04ed1ac
edi: 0xc0
esi: 0xf04ed198
drop: 0xf04ed1ac
edi: 0xc1
esi: 0xf04ed1ac
drop: 0xf04ed1ac
edi: 0xc2
esi: 0xf04ed1ac
dup: 0xf04ed1ac
edi: 0xc3
esi: 0xf04ed1ac
edi: 0xc8
esi: 0x1
ebx: 0x1
ebx: 0xf04ed1ac
edi: 0xc9
esi: 0x2d
edi: 0xce
esi: 0x2d
drop: 0xf04ed1ac
edi: 0xcf
esi: 0xf04ed1ac
dup: 0xf04ed1ac
edi: 0xd0
esi: 0xf04ed1ac
edi: 0xd5
esi: 0x3
ebx: 0x3
ebx: 0xf04ed1ac
edi: 0xd6
esi: 0xf04ed198
edi: 0xdb
esi: 0xf04ed198
drop: 0xf04ed1ac
edi: 0xdc
esi: 0xf04ed1ac
drop: 0x81613
edi: 0xdd
esi: 0x81613
edi: 0xe2
esi: 0x81613
edi: 0xe7
esi: 0x2d
edi: 0xe8
esi: 0x0
drop: 0x81613
edi: 0xe9
esi: 0x81613
edi: 0xee
esi: 0xf04ed198
edi: 0x71
esi: 0x81613
edi: 0x7a
esi: 0x81613
edi: 0x7f
esi: 0x81613
edi: 0x84
esi: 0xf04ed198
dup: 0xf04ed198
edi: 0x85
esi: 0xf04ed198
edi: 0x8a
esi: 0x1
edi: 0x8b
esi: 0x1
edi: 0x9b
esi: 0xf04ed198
dup: 0xf04ed198
edi: 0x9c
esi: 0xf04ed198
dup: 0xf04ed198
edi: 0x9d
esi: 0xf04ed198
edi: 0xa6
esi: 0x3
edi: 0xb1
esi: 0xf04ed198
dup: 0xf04ed198
edi: 0xb2
esi: 0xf04ed198
edi: 0xb7
esi: 0x1
ebx: 0x1
ebx: 0xf04ed198
edi: 0xb8
esi: 0x2b
drop: 0xf04ed198
edi: 0xb9
esi: 0xf04ed198
dup: 0xf04ed198
edi: 0xba
esi: 0xf04ed198
edi: 0xbf
esi: 0x3
ebx: 0x3
ebx: 0xf04ed198
edi: 0xc0
esi: 0xf04ed184
drop: 0xf04ed198
edi: 0xc1
esi: 0xf04ed198
drop: 0xf04ed198
edi: 0xc2
esi: 0xf04ed198
dup: 0xf04ed198
edi: 0xc3
esi: 0xf04ed198
edi: 0xc8
esi: 0x1
ebx: 0x1
ebx: 0xf04ed198
edi: 0xc9
esi: 0x2b
edi: 0xce
esi: 0x2b
drop: 0xf04ed198
edi: 0xcf
esi: 0xf04ed198
dup: 0xf04ed198
edi: 0xd0
esi: 0xf04ed198
edi: 0xd5
esi: 0x3
ebx: 0x3
ebx: 0xf04ed198
edi: 0xd6
esi: 0xf04ed184
edi: 0xdb
esi: 0xf04ed184
drop: 0xf04ed198
edi: 0xdc
esi: 0xf04ed198
drop: 0x81613
edi: 0xdd
esi: 0x81613
edi: 0xe2
esi: 0x81613
edi: 0xe7
esi: 0x2b
edi: 0xe8
esi: 0x0
drop: 0x81613
edi: 0xe9
esi: 0x81613
edi: 0xee
esi: 0xf04ed184
edi: 0x71
esi: 0x81613
edi: 0x7a
esi: 0x81613
edi: 0x7f
esi: 0x81613
edi: 0x84
esi: 0xf04ed184
dup: 0xf04ed184
edi: 0x85
esi: 0xf04ed184
edi: 0x8a
esi: 0x1
edi: 0x8b
esi: 0x1
edi: 0x9b
esi: 0xf04ed184
dup: 0xf04ed184
edi: 0x9c
esi: 0xf04ed184
dup: 0xf04ed184
edi: 0x9d
esi: 0xf04ed184
edi: 0xa6
esi: 0x3
edi: 0xb1
esi: 0xf04ed184
dup: 0xf04ed184
edi: 0xb2
esi: 0xf04ed184
edi: 0xb7
esi: 0x1
ebx: 0x1
ebx: 0xf04ed184
edi: 0xb8
esi: 0x29
drop: 0xf04ed184
edi: 0xb9
esi: 0xf04ed184
dup: 0xf04ed184
edi: 0xba
esi: 0xf04ed184
edi: 0xbf
esi: 0x3
ebx: 0x3
ebx: 0xf04ed184
edi: 0xc0
esi: 0xf04ed170
drop: 0xf04ed184
edi: 0xc1
esi: 0xf04ed184
drop: 0xf04ed184
edi: 0xc2
esi: 0xf04ed184
dup: 0xf04ed184
edi: 0xc3
esi: 0xf04ed184
edi: 0xc8
esi: 0x1
ebx: 0x1
ebx: 0xf04ed184
edi: 0xc9
esi: 0x29
edi: 0xce
esi: 0x29
drop: 0xf04ed184
edi: 0xcf
esi: 0xf04ed184
dup: 0xf04ed184
edi: 0xd0
esi: 0xf04ed184
edi: 0xd5
esi: 0x3
ebx: 0x3
ebx: 0xf04ed184
edi: 0xd6
esi: 0xf04ed170
edi: 0xdb
esi: 0xf04ed170
drop: 0xf04ed184
edi: 0xdc
esi: 0xf04ed184
drop: 0x81613
edi: 0xdd
esi: 0x81613
edi: 0xe2
esi: 0x81613
edi: 0xe7
esi: 0x29
edi: 0xe8
esi: 0x0
drop: 0x81613
edi: 0xe9
esi: 0x81613
edi: 0xee
esi: 0xf04ed170
edi: 0x71
esi: 0x81613
edi: 0x7a
esi: 0x81613
edi: 0x7f
esi: 0x81613
edi: 0x84
esi: 0xf04ed170
dup: 0xf04ed170
edi: 0x85
esi: 0xf04ed170
edi: 0x8a
esi: 0x1
edi: 0x8b
esi: 0x1
edi: 0x9b
esi: 0xf04ed170
dup: 0xf04ed170
edi: 0x9c
esi: 0xf04ed170
dup: 0xf04ed170
edi: 0x9d
esi: 0xf04ed170
edi: 0xa6
esi: 0x3
edi: 0xb1
esi: 0xf04ed170
dup: 0xf04ed170
edi: 0xb2
esi: 0xf04ed170
edi: 0xb7
esi: 0x1
ebx: 0x1
ebx: 0xf04ed170
edi: 0xb8
esi: 0x27
drop: 0xf04ed170
edi: 0xb9
esi: 0xf04ed170
dup: 0xf04ed170
edi: 0xba
esi: 0xf04ed170
edi: 0xbf
esi: 0x3
ebx: 0x3
ebx: 0xf04ed170
edi: 0xc0
esi: 0xf04ed15c
drop: 0xf04ed170
edi: 0xc1
esi: 0xf04ed170
drop: 0xf04ed170
edi: 0xc2
esi: 0xf04ed170
dup: 0xf04ed170
edi: 0xc3
esi: 0xf04ed170
edi: 0xc8
esi: 0x1
ebx: 0x1
ebx: 0xf04ed170
edi: 0xc9
esi: 0x27
edi: 0xce
esi: 0x27
drop: 0xf04ed170
edi: 0xcf
esi: 0xf04ed170
dup: 0xf04ed170
edi: 0xd0
esi: 0xf04ed170
edi: 0xd5
esi: 0x3
ebx: 0x3
ebx: 0xf04ed170
edi: 0xd6
esi: 0xf04ed15c
edi: 0xdb
esi: 0xf04ed15c
drop: 0xf04ed170
edi: 0xdc
esi: 0xf04ed170
drop: 0x81613
edi: 0xdd
esi: 0x81613
edi: 0xe2
esi: 0x81613
edi: 0xe7
esi: 0x27
edi: 0xe8
esi: 0x0
drop: 0x81613
edi: 0xe9
esi: 0x81613
edi: 0xee
esi: 0xf04ed15c
edi: 0x71
esi: 0x81613
edi: 0x7a
esi: 0x81613
edi: 0x7f
esi: 0x81613
edi: 0x84
esi: 0xf04ed15c
dup: 0xf04ed15c
edi: 0x85
esi: 0xf04ed15c
edi: 0x8a
esi: 0x1
edi: 0x8b
esi: 0x1
edi: 0x9b
esi: 0xf04ed15c
dup: 0xf04ed15c
edi: 0x9c
esi: 0xf04ed15c
dup: 0xf04ed15c
edi: 0x9d
esi: 0xf04ed15c
edi: 0xa6
esi: 0x3
edi: 0xb1
esi: 0xf04ed15c
dup: 0xf04ed15c
edi: 0xb2
esi: 0xf04ed15c
edi: 0xb7
esi: 0x1
ebx: 0x1
ebx: 0xf04ed15c
edi: 0xb8
esi: 0x25
drop: 0xf04ed15c
edi: 0xb9
esi: 0xf04ed15c
dup: 0xf04ed15c
edi: 0xba
esi: 0xf04ed15c
edi: 0xbf
esi: 0x3
ebx: 0x3
ebx: 0xf04ed15c
edi: 0xc0
esi: 0xf04ed148
drop: 0xf04ed15c
edi: 0xc1
esi: 0xf04ed15c
drop: 0xf04ed15c
edi: 0xc2
esi: 0xf04ed15c
dup: 0xf04ed15c
edi: 0xc3
esi: 0xf04ed15c
edi: 0xc8
esi: 0x1
ebx: 0x1
ebx: 0xf04ed15c
edi: 0xc9
esi: 0x25
edi: 0xce
esi: 0x25
drop: 0xf04ed15c
edi: 0xcf
esi: 0xf04ed15c
dup: 0xf04ed15c
edi: 0xd0
esi: 0xf04ed15c
edi: 0xd5
esi: 0x3
ebx: 0x3
ebx: 0xf04ed15c
edi: 0xd6
esi: 0xf04ed148
edi: 0xdb
esi: 0xf04ed148
drop: 0xf04ed15c
edi: 0xdc
esi: 0xf04ed15c
drop: 0x81613
edi: 0xdd
esi: 0x81613
edi: 0xe2
esi: 0x81613
edi: 0xe7
esi: 0x25
edi: 0xe8
esi: 0x0
drop: 0x81613
edi: 0xe9
esi: 0x81613
edi: 0xee
esi: 0xf04ed148
edi: 0x71
esi: 0x81613
edi: 0x7a
esi: 0x81613
edi: 0x7f
esi: 0x81613
edi: 0x84
esi: 0xf04ed148
dup: 0xf04ed148
edi: 0x85
esi: 0xf04ed148
edi: 0x8a
esi: 0x1
edi: 0x8b
esi: 0x1
edi: 0x9b
esi: 0xf04ed148
dup: 0xf04ed148
edi: 0x9c
esi: 0xf04ed148
dup: 0xf04ed148
edi: 0x9d
esi: 0xf04ed148
edi: 0xa6
esi: 0x3
edi: 0xb1
esi: 0xf04ed148
dup: 0xf04ed148
edi: 0xb2
esi: 0xf04ed148
edi: 0xb7
esi: 0x1
ebx: 0x1
ebx: 0xf04ed148
edi: 0xb8
esi: 0x23
drop: 0xf04ed148
edi: 0xb9
esi: 0xf04ed148
dup: 0xf04ed148
edi: 0xba
esi: 0xf04ed148
edi: 0xbf
esi: 0x3
ebx: 0x3
ebx: 0xf04ed148
edi: 0xc0
esi: 0xf04ed134
drop: 0xf04ed148
edi: 0xc1
esi: 0xf04ed148
drop: 0xf04ed148
edi: 0xc2
esi: 0xf04ed148
dup: 0xf04ed148
edi: 0xc3
esi: 0xf04ed148
edi: 0xc8
esi: 0x1
ebx: 0x1
ebx: 0xf04ed148
edi: 0xc9
esi: 0x23
edi: 0xce
esi: 0x23
drop: 0xf04ed148
edi: 0xcf
esi: 0xf04ed148
dup: 0xf04ed148
edi: 0xd0
esi: 0xf04ed148
edi: 0xd5
esi: 0x3
ebx: 0x3
ebx: 0xf04ed148
edi: 0xd6
esi: 0xf04ed134
edi: 0xdb
esi: 0xf04ed134
drop: 0xf04ed148
edi: 0xdc
esi: 0xf04ed148
drop: 0x81613
edi: 0xdd
esi: 0x81613
edi: 0xe2
esi: 0x81613
edi: 0xe7
esi: 0x23
edi: 0xe8
esi: 0x0
drop: 0x81613
edi: 0xe9
esi: 0x81613
edi: 0xee
esi: 0xf04ed134
edi: 0x71
esi: 0x81613
edi: 0x7a
esi: 0x81613
edi: 0x7f
esi: 0x81613
edi: 0x84
esi: 0xf04ed134
dup: 0xf04ed134
edi: 0x85
esi: 0xf04ed134
edi: 0x8a
esi: 0x1
edi: 0x8b
esi: 0x1
edi: 0x9b
esi: 0xf04ed134
dup: 0xf04ed134
edi: 0x9c
esi: 0xf04ed134
dup: 0xf04ed134
edi: 0x9d
esi: 0xf04ed134
edi: 0xa6
esi: 0x3
edi: 0xb1
esi: 0xf04ed134
dup: 0xf04ed134
edi: 0xb2
esi: 0xf04ed134
edi: 0xb7
esi: 0x1
ebx: 0x1
ebx: 0xf04ed134
edi: 0xb8
esi: 0x21
drop: 0xf04ed134
edi: 0xb9
esi: 0xf04ed134
dup: 0xf04ed134
edi: 0xba
esi: 0xf04ed134
edi: 0xbf
esi: 0x3
ebx: 0x3
ebx: 0xf04ed134
edi: 0xc0
esi: 0xf04ed120
drop: 0xf04ed134
edi: 0xc1
esi: 0xf04ed134
drop: 0xf04ed134
edi: 0xc2
esi: 0xf04ed134
dup: 0xf04ed134
edi: 0xc3
esi: 0xf04ed134
edi: 0xc8
esi: 0x1
ebx: 0x1
ebx: 0xf04ed134
edi: 0xc9
esi: 0x21
edi: 0xce
esi: 0x21
drop: 0xf04ed134
edi: 0xcf
esi: 0xf04ed134
dup: 0xf04ed134
edi: 0xd0
esi: 0xf04ed134
edi: 0xd5
esi: 0x3
ebx: 0x3
ebx: 0xf04ed134
edi: 0xd6
esi: 0xf04ed120
edi: 0xdb
esi: 0xf04ed120
drop: 0xf04ed134
edi: 0xdc
esi: 0xf04ed134
drop: 0x81613
edi: 0xdd
esi: 0x81613
edi: 0xe2
esi: 0x81613
edi: 0xe7
esi: 0x21
edi: 0xe8
esi: 0x0
drop: 0x81613
edi: 0xe9
esi: 0x81613
edi: 0xee
esi: 0xf04ed120
edi: 0x71
esi: 0x81613
edi: 0x7a
esi: 0x81613
edi: 0x7f
esi: 0x81613
edi: 0x84
esi: 0xf04ed120
dup: 0xf04ed120
edi: 0x85
esi: 0xf04ed120
edi: 0x8a
esi: 0x1
edi: 0x8b
esi: 0x1
edi: 0x9b
esi: 0xf04ed120
dup: 0xf04ed120
edi: 0x9c
esi: 0xf04ed120
dup: 0xf04ed120
edi: 0x9d
esi: 0xf04ed120
edi: 0xa6
esi: 0x3
edi: 0xb1
esi: 0xf04ed120
dup: 0xf04ed120
edi: 0xb2
esi: 0xf04ed120
edi: 0xb7
esi: 0x1
ebx: 0x1
ebx: 0xf04ed120
edi: 0xb8
esi: 0x1f
drop: 0xf04ed120
edi: 0xb9
esi: 0xf04ed120
dup: 0xf04ed120
edi: 0xba
esi: 0xf04ed120
edi: 0xbf
esi: 0x3
ebx: 0x3
ebx: 0xf04ed120
edi: 0xc0
esi: 0xf04ed10c
drop: 0xf04ed120
edi: 0xc1
esi: 0xf04ed120
drop: 0xf04ed120
edi: 0xc2
esi: 0xf04ed120
dup: 0xf04ed120
edi: 0xc3
esi: 0xf04ed120
edi: 0xc8
esi: 0x1
ebx: 0x1
ebx: 0xf04ed120
edi: 0xc9
esi: 0x1f
edi: 0xce
esi: 0x1f
drop: 0xf04ed120
edi: 0xcf
esi: 0xf04ed120
dup: 0xf04ed120
edi: 0xd0
esi: 0xf04ed120
edi: 0xd5
esi: 0x3
ebx: 0x3
ebx: 0xf04ed120
edi: 0xd6
esi: 0xf04ed10c
edi: 0xdb
esi: 0xf04ed10c
drop: 0xf04ed120
edi: 0xdc
esi: 0xf04ed120
drop: 0x81613
edi: 0xdd
esi: 0x81613
edi: 0xe2
esi: 0x81613
edi: 0xe7
esi: 0x1f
edi: 0xe8
esi: 0x0
drop: 0x81613
edi: 0xe9
esi: 0x81613
edi: 0xee
esi: 0xf04ed10c
edi: 0x71
esi: 0x81613
edi: 0x7a
esi: 0x81613
edi: 0x7f
esi: 0x81613
edi: 0x84
esi: 0xf04ed10c
dup: 0xf04ed10c
edi: 0x85
esi: 0xf04ed10c
edi: 0x8a
esi: 0x1
edi: 0x8b
esi: 0x1
edi: 0x9b
esi: 0xf04ed10c
dup: 0xf04ed10c
edi: 0x9c
esi: 0xf04ed10c
dup: 0xf04ed10c
edi: 0x9d
esi: 0xf04ed10c
edi: 0xa6
esi: 0x3
edi: 0xb1
esi: 0xf04ed10c
dup: 0xf04ed10c
edi: 0xb2
esi: 0xf04ed10c
edi: 0xb7
esi: 0x1
ebx: 0x1
ebx: 0xf04ed10c
edi: 0xb8
esi: 0x1d
drop: 0xf04ed10c
edi: 0xb9
esi: 0xf04ed10c
dup: 0xf04ed10c
edi: 0xba
esi: 0xf04ed10c
edi: 0xbf
esi: 0x3
ebx: 0x3
ebx: 0xf04ed10c
edi: 0xc0
esi: 0xf04ed0f8
drop: 0xf04ed10c
edi: 0xc1
esi: 0xf04ed10c
drop: 0xf04ed10c
edi: 0xc2
esi: 0xf04ed10c
dup: 0xf04ed10c
edi: 0xc3
esi: 0xf04ed10c
edi: 0xc8
esi: 0x1
ebx: 0x1
ebx: 0xf04ed10c
edi: 0xc9
esi: 0x1d
edi: 0xce
esi: 0x1d
drop: 0xf04ed10c
edi: 0xcf
esi: 0xf04ed10c
dup: 0xf04ed10c
edi: 0xd0
esi: 0xf04ed10c
edi: 0xd5
esi: 0x3
ebx: 0x3
ebx: 0xf04ed10c
edi: 0xd6
esi: 0xf04ed0f8
edi: 0xdb
esi: 0xf04ed0f8
drop: 0xf04ed10c
edi: 0xdc
esi: 0xf04ed10c
drop: 0x81613
edi: 0xdd
esi: 0x81613
edi: 0xe2
esi: 0x81613
edi: 0xe7
esi: 0x1d
edi: 0xe8
esi: 0x0
drop: 0x81613
edi: 0xe9
esi: 0x81613
edi: 0xee
esi: 0xf04ed0f8
edi: 0x71
esi: 0x81613
edi: 0x7a
esi: 0x81613
edi: 0x7f
esi: 0x81613
edi: 0x84
esi: 0xf04ed0f8
dup: 0xf04ed0f8
edi: 0x85
esi: 0xf04ed0f8
edi: 0x8a
esi: 0x1
edi: 0x8b
esi: 0x1
edi: 0x9b
esi: 0xf04ed0f8
dup: 0xf04ed0f8
edi: 0x9c
esi: 0xf04ed0f8
dup: 0xf04ed0f8
edi: 0x9d
esi: 0xf04ed0f8
edi: 0xa6
esi: 0x3
edi: 0xb1
esi: 0xf04ed0f8
dup: 0xf04ed0f8
edi: 0xb2
esi: 0xf04ed0f8
edi: 0xb7
esi: 0x1
ebx: 0x1
ebx: 0xf04ed0f8
edi: 0xb8
esi: 0x1b
drop: 0xf04ed0f8
edi: 0xb9
esi: 0xf04ed0f8
dup: 0xf04ed0f8
edi: 0xba
esi: 0xf04ed0f8
edi: 0xbf
esi: 0x3
ebx: 0x3
ebx: 0xf04ed0f8
edi: 0xc0
esi: 0xf04ed0e4
drop: 0xf04ed0f8
edi: 0xc1
esi: 0xf04ed0f8
drop: 0xf04ed0f8
edi: 0xc2
esi: 0xf04ed0f8
dup: 0xf04ed0f8
edi: 0xc3
esi: 0xf04ed0f8
edi: 0xc8
esi: 0x1
ebx: 0x1
ebx: 0xf04ed0f8
edi: 0xc9
esi: 0x1b
edi: 0xce
esi: 0x1b
drop: 0xf04ed0f8
edi: 0xcf
esi: 0xf04ed0f8
dup: 0xf04ed0f8
edi: 0xd0
esi: 0xf04ed0f8
edi: 0xd5
esi: 0x3
ebx: 0x3
ebx: 0xf04ed0f8
edi: 0xd6
esi: 0xf04ed0e4
edi: 0xdb
esi: 0xf04ed0e4
drop: 0xf04ed0f8
edi: 0xdc
esi: 0xf04ed0f8
drop: 0x81613
edi: 0xdd
esi: 0x81613
edi: 0xe2
esi: 0x81613
edi: 0xe7
esi: 0x1b
edi: 0xe8
esi: 0x0
drop: 0x81613
edi: 0xe9
esi: 0x81613
edi: 0xee
esi: 0xf04ed0e4
edi: 0x71
esi: 0x81613
edi: 0x7a
esi: 0x81613
edi: 0x7f
esi: 0x81613
edi: 0x84
esi: 0xf04ed0e4
dup: 0xf04ed0e4
edi: 0x85
esi: 0xf04ed0e4
edi: 0x8a
esi: 0x1
edi: 0x8b
esi: 0x1
edi: 0x9b
esi: 0xf04ed0e4
dup: 0xf04ed0e4
edi: 0x9c
esi: 0xf04ed0e4
dup: 0xf04ed0e4
edi: 0x9d
esi: 0xf04ed0e4
edi: 0xa6
esi: 0x3
edi: 0xb1
esi: 0xf04ed0e4
dup: 0xf04ed0e4
edi: 0xb2
esi: 0xf04ed0e4
edi: 0xb7
esi: 0x1
ebx: 0x1
ebx: 0xf04ed0e4
edi: 0xb8
esi: 0x19
drop: 0xf04ed0e4
edi: 0xb9
esi: 0xf04ed0e4
dup: 0xf04ed0e4
edi: 0xba
esi: 0xf04ed0e4
edi: 0xbf
esi: 0x3
ebx: 0x3
ebx: 0xf04ed0e4
edi: 0xc0
esi: 0xf04ed0d0
drop: 0xf04ed0e4
edi: 0xc1
esi: 0xf04ed0e4
drop: 0xf04ed0e4
edi: 0xc2
esi: 0xf04ed0e4
dup: 0xf04ed0e4
edi: 0xc3
esi: 0xf04ed0e4
edi: 0xc8
esi: 0x1
ebx: 0x1
ebx: 0xf04ed0e4
edi: 0xc9
esi: 0x19
edi: 0xce
esi: 0x19
drop: 0xf04ed0e4
edi: 0xcf
esi: 0xf04ed0e4
dup: 0xf04ed0e4
edi: 0xd0
esi: 0xf04ed0e4
edi: 0xd5
esi: 0x3
ebx: 0x3
ebx: 0xf04ed0e4
edi: 0xd6
esi: 0xf04ed0d0
edi: 0xdb
esi: 0xf04ed0d0
drop: 0xf04ed0e4
edi: 0xdc
esi: 0xf04ed0e4
drop: 0x81613
edi: 0xdd
esi: 0x81613
edi: 0xe2
esi: 0x81613
edi: 0xe7
esi: 0x19
edi: 0xe8
esi: 0x0
drop: 0x81613
edi: 0xe9
esi: 0x81613
edi: 0xee
esi: 0xf04ed0d0
edi: 0x71
esi: 0x81613
edi: 0x7a
esi: 0x81613
edi: 0x7f
esi: 0x81613
edi: 0x84
esi: 0xf04ed0d0
dup: 0xf04ed0d0
edi: 0x85
esi: 0xf04ed0d0
edi: 0x8a
esi: 0x1
edi: 0x8b
esi: 0x1
edi: 0x9b
esi: 0xf04ed0d0
dup: 0xf04ed0d0
edi: 0x9c
esi: 0xf04ed0d0
dup: 0xf04ed0d0
edi: 0x9d
esi: 0xf04ed0d0
edi: 0xa6
esi: 0x3
edi: 0xb1
esi: 0xf04ed0d0
dup: 0xf04ed0d0
edi: 0xb2
esi: 0xf04ed0d0
edi: 0xb7
esi: 0x1
ebx: 0x1
ebx: 0xf04ed0d0
edi: 0xb8
esi: 0x17
drop: 0xf04ed0d0
edi: 0xb9
esi: 0xf04ed0d0
dup: 0xf04ed0d0
edi: 0xba
esi: 0xf04ed0d0
edi: 0xbf
esi: 0x3
ebx: 0x3
ebx: 0xf04ed0d0
edi: 0xc0
esi: 0xf04ed0bc
drop: 0xf04ed0d0
edi: 0xc1
esi: 0xf04ed0d0
drop: 0xf04ed0d0
edi: 0xc2
esi: 0xf04ed0d0
dup: 0xf04ed0d0
edi: 0xc3
esi: 0xf04ed0d0
edi: 0xc8
esi: 0x1
ebx: 0x1
ebx: 0xf04ed0d0
edi: 0xc9
esi: 0x17
edi: 0xce
esi: 0x17
drop: 0xf04ed0d0
edi: 0xcf
esi: 0xf04ed0d0
dup: 0xf04ed0d0
edi: 0xd0
esi: 0xf04ed0d0
edi: 0xd5
esi: 0x3
ebx: 0x3
ebx: 0xf04ed0d0
edi: 0xd6
esi: 0xf04ed0bc
edi: 0xdb
esi: 0xf04ed0bc
drop: 0xf04ed0d0
edi: 0xdc
esi: 0xf04ed0d0
drop: 0x81613
edi: 0xdd
esi: 0x81613
edi: 0xe2
esi: 0x81613
edi: 0xe7
esi: 0x17
edi: 0xe8
esi: 0x0
drop: 0x81613
edi: 0xe9
esi: 0x81613
edi: 0xee
esi: 0xf04ed0bc
edi: 0x71
esi: 0x81613
edi: 0x7a
esi: 0x81613
edi: 0x7f
esi: 0x81613
edi: 0x84
esi: 0xf04ed0bc
dup: 0xf04ed0bc
edi: 0x85
esi: 0xf04ed0bc
edi: 0x8a
esi: 0x1
edi: 0x8b
esi: 0x1
edi: 0x9b
esi: 0xf04ed0bc
dup: 0xf04ed0bc
edi: 0x9c
esi: 0xf04ed0bc
dup: 0xf04ed0bc
edi: 0x9d
esi: 0xf04ed0bc
edi: 0xa6
esi: 0x3
edi: 0xb1
esi: 0xf04ed0bc
dup: 0xf04ed0bc
edi: 0xb2
esi: 0xf04ed0bc
edi: 0xb7
esi: 0x1
ebx: 0x1
ebx: 0xf04ed0bc
edi: 0xb8
esi: 0x15
drop: 0xf04ed0bc
edi: 0xb9
esi: 0xf04ed0bc
dup: 0xf04ed0bc
edi: 0xba
esi: 0xf04ed0bc
edi: 0xbf
esi: 0x3
ebx: 0x3
ebx: 0xf04ed0bc
edi: 0xc0
esi: 0xf04ed0a8
drop: 0xf04ed0bc
edi: 0xc1
esi: 0xf04ed0bc
drop: 0xf04ed0bc
edi: 0xc2
esi: 0xf04ed0bc
dup: 0xf04ed0bc
edi: 0xc3
esi: 0xf04ed0bc
edi: 0xc8
esi: 0x1
ebx: 0x1
ebx: 0xf04ed0bc
edi: 0xc9
esi: 0x15
edi: 0xce
esi: 0x15
drop: 0xf04ed0bc
edi: 0xcf
esi: 0xf04ed0bc
dup: 0xf04ed0bc
edi: 0xd0
esi: 0xf04ed0bc
edi: 0xd5
esi: 0x3
ebx: 0x3
ebx: 0xf04ed0bc
edi: 0xd6
esi: 0xf04ed0a8
edi: 0xdb
esi: 0xf04ed0a8
drop: 0xf04ed0bc
edi: 0xdc
esi: 0xf04ed0bc
drop: 0x81613
edi: 0xdd
esi: 0x81613
edi: 0xe2
esi: 0x81613
edi: 0xe7
esi: 0x15
edi: 0xe8
esi: 0x0
drop: 0x81613
edi: 0xe9
esi: 0x81613
edi: 0xee
esi: 0xf04ed0a8
edi: 0x71
esi: 0x81613
edi: 0x7a
esi: 0x81613
edi: 0x7f
esi: 0x81613
edi: 0x84
esi: 0xf04ed0a8
dup: 0xf04ed0a8
edi: 0x85
esi: 0xf04ed0a8
edi: 0x8a
esi: 0x1
edi: 0x8b
esi: 0x1
edi: 0x9b
esi: 0xf04ed0a8
dup: 0xf04ed0a8
edi: 0x9c
esi: 0xf04ed0a8
dup: 0xf04ed0a8
edi: 0x9d
esi: 0xf04ed0a8
edi: 0xa6
esi: 0x3
edi: 0xb1
esi: 0xf04ed0a8
dup: 0xf04ed0a8
edi: 0xb2
esi: 0xf04ed0a8
edi: 0xb7
esi: 0x1
ebx: 0x1
ebx: 0xf04ed0a8
edi: 0xb8
esi: 0x13
drop: 0xf04ed0a8
edi: 0xb9
esi: 0xf04ed0a8
dup: 0xf04ed0a8
edi: 0xba
esi: 0xf04ed0a8
edi: 0xbf
esi: 0x3
ebx: 0x3
ebx: 0xf04ed0a8
edi: 0xc0
esi: 0xf04ed094
drop: 0xf04ed0a8
edi: 0xc1
esi: 0xf04ed0a8
drop: 0xf04ed0a8
edi: 0xc2
esi: 0xf04ed0a8
dup: 0xf04ed0a8
edi: 0xc3
esi: 0xf04ed0a8
edi: 0xc8
esi: 0x1
ebx: 0x1
ebx: 0xf04ed0a8
edi: 0xc9
esi: 0x13
edi: 0xce
esi: 0x13
drop: 0xf04ed0a8
edi: 0xcf
esi: 0xf04ed0a8
dup: 0xf04ed0a8
edi: 0xd0
esi: 0xf04ed0a8
edi: 0xd5
esi: 0x3
ebx: 0x3
ebx: 0xf04ed0a8
edi: 0xd6
esi: 0xf04ed094
edi: 0xdb
esi: 0xf04ed094
drop: 0xf04ed0a8
edi: 0xdc
esi: 0xf04ed0a8
drop: 0x81613
edi: 0xdd
esi: 0x81613
edi: 0xe2
esi: 0x81613
edi: 0xe7
esi: 0x13
edi: 0xe8
esi: 0x0
drop: 0x81613
edi: 0xe9
esi: 0x81613
edi: 0xee
esi: 0xf04ed094
edi: 0x71
esi: 0x81613
edi: 0x7a
esi: 0x81613
edi: 0x7f
esi: 0x81613
edi: 0x84
esi: 0xf04ed094
dup: 0xf04ed094
edi: 0x85
esi: 0xf04ed094
edi: 0x8a
esi: 0x1
edi: 0x8b
esi: 0x1
edi: 0x9b
esi: 0xf04ed094
dup: 0xf04ed094
edi: 0x9c
esi: 0xf04ed094
dup: 0xf04ed094
edi: 0x9d
esi: 0xf04ed094
edi: 0xa6
esi: 0x3
edi: 0xb1
esi: 0xf04ed094
dup: 0xf04ed094
edi: 0xb2
esi: 0xf04ed094
edi: 0xb7
esi: 0x1
ebx: 0x1
ebx: 0xf04ed094
edi: 0xb8
esi: 0x11
drop: 0xf04ed094
edi: 0xb9
esi: 0xf04ed094
dup: 0xf04ed094
edi: 0xba
esi: 0xf04ed094
edi: 0xbf
esi: 0x3
ebx: 0x3
ebx: 0xf04ed094
edi: 0xc0
esi: 0xf04ed080
drop: 0xf04ed094
edi: 0xc1
esi: 0xf04ed094
drop: 0xf04ed094
edi: 0xc2
esi: 0xf04ed094
dup: 0xf04ed094
edi: 0xc3
esi: 0xf04ed094
edi: 0xc8
esi: 0x1
ebx: 0x1
ebx: 0xf04ed094
edi: 0xc9
esi: 0x11
edi: 0xce
esi: 0x11
drop: 0xf04ed094
edi: 0xcf
esi: 0xf04ed094
dup: 0xf04ed094
edi: 0xd0
esi: 0xf04ed094
edi: 0xd5
esi: 0x3
ebx: 0x3
ebx: 0xf04ed094
edi: 0xd6
esi: 0xf04ed080
edi: 0xdb
esi: 0xf04ed080
drop: 0xf04ed094
edi: 0xdc
esi: 0xf04ed094
drop: 0x81613
edi: 0xdd
esi: 0x81613
edi: 0xe2
esi: 0x81613
edi: 0xe7
esi: 0x11
edi: 0xe8
esi: 0x0
drop: 0x81613
edi: 0xe9
esi: 0x81613
edi: 0xee
esi: 0xf04ed080
edi: 0x71
esi: 0x81613
edi: 0x7a
esi: 0x81613
edi: 0x7f
esi: 0x81613
edi: 0x84
esi: 0xf04ed080
dup: 0xf04ed080
edi: 0x85
esi: 0xf04ed080
edi: 0x8a
esi: 0x1
edi: 0x8b
esi: 0x1
edi: 0x9b
esi: 0xf04ed080
dup: 0xf04ed080
edi: 0x9c
esi: 0xf04ed080
dup: 0xf04ed080
edi: 0x9d
esi: 0xf04ed080
edi: 0xa6
esi: 0x3
edi: 0xb1
esi: 0xf04ed080
dup: 0xf04ed080
edi: 0xb2
esi: 0xf04ed080
edi: 0xb7
esi: 0x1
ebx: 0x1
ebx: 0xf04ed080
edi: 0xb8
esi: 0xf
drop: 0xf04ed080
edi: 0xb9
esi: 0xf04ed080
dup: 0xf04ed080
edi: 0xba
esi: 0xf04ed080
edi: 0xbf
esi: 0x3
ebx: 0x3
ebx: 0xf04ed080
edi: 0xc0
esi: 0xf04ed06c
drop: 0xf04ed080
edi: 0xc1
esi: 0xf04ed080
drop: 0xf04ed080
edi: 0xc2
esi: 0xf04ed080
dup: 0xf04ed080
edi: 0xc3
esi: 0xf04ed080
edi: 0xc8
esi: 0x1
ebx: 0x1
ebx: 0xf04ed080
edi: 0xc9
esi: 0xf
edi: 0xce
esi: 0xf
drop: 0xf04ed080
edi: 0xcf
esi: 0xf04ed080
dup: 0xf04ed080
edi: 0xd0
esi: 0xf04ed080
edi: 0xd5
esi: 0x3
ebx: 0x3
ebx: 0xf04ed080
edi: 0xd6
esi: 0xf04ed06c
edi: 0xdb
esi: 0xf04ed06c
drop: 0xf04ed080
edi: 0xdc
esi: 0xf04ed080
drop: 0x81613
edi: 0xdd
esi: 0x81613
edi: 0xe2
esi: 0x81613
edi: 0xe7
esi: 0xf
edi: 0xe8
esi: 0x0
drop: 0x81613
edi: 0xe9
esi: 0x81613
edi: 0xee
esi: 0xf04ed06c
edi: 0x71
esi: 0x81613
edi: 0x7a
esi: 0x81613
edi: 0x7f
esi: 0x81613
edi: 0x84
esi: 0xf04ed06c
dup: 0xf04ed06c
edi: 0x85
esi: 0xf04ed06c
edi: 0x8a
esi: 0x1
edi: 0x8b
esi: 0x1
edi: 0x9b
esi: 0xf04ed06c
dup: 0xf04ed06c
edi: 0x9c
esi: 0xf04ed06c
dup: 0xf04ed06c
edi: 0x9d
esi: 0xf04ed06c
edi: 0xa6
esi: 0x3
edi: 0xb1
esi: 0xf04ed06c
dup: 0xf04ed06c
edi: 0xb2
esi: 0xf04ed06c
edi: 0xb7
esi: 0x1
ebx: 0x1
ebx: 0xf04ed06c
edi: 0xb8
esi: 0xd
drop: 0xf04ed06c
edi: 0xb9
esi: 0xf04ed06c
dup: 0xf04ed06c
edi: 0xba
esi: 0xf04ed06c
edi: 0xbf
esi: 0x3
ebx: 0x3
ebx: 0xf04ed06c
edi: 0xc0
esi: 0xf04ed058
drop: 0xf04ed06c
edi: 0xc1
esi: 0xf04ed06c
drop: 0xf04ed06c
edi: 0xc2
esi: 0xf04ed06c
dup: 0xf04ed06c
edi: 0xc3
esi: 0xf04ed06c
edi: 0xc8
esi: 0x1
ebx: 0x1
ebx: 0xf04ed06c
edi: 0xc9
esi: 0xd
edi: 0xce
esi: 0xd
drop: 0xf04ed06c
edi: 0xcf
esi: 0xf04ed06c
dup: 0xf04ed06c
edi: 0xd0
esi: 0xf04ed06c
edi: 0xd5
esi: 0x3
ebx: 0x3
ebx: 0xf04ed06c
edi: 0xd6
esi: 0xf04ed058
edi: 0xdb
esi: 0xf04ed058
drop: 0xf04ed06c
edi: 0xdc
esi: 0xf04ed06c
drop: 0x81613
edi: 0xdd
esi: 0x81613
edi: 0xe2
esi: 0x81613
edi: 0xe7
esi: 0xd
edi: 0xe8
esi: 0x0
drop: 0x81613
edi: 0xe9
esi: 0x81613
edi: 0xee
esi: 0xf04ed058
edi: 0x71
esi: 0x81613
edi: 0x7a
esi: 0x81613
edi: 0x7f
esi: 0x81613
edi: 0x84
esi: 0xf04ed058
dup: 0xf04ed058
edi: 0x85
esi: 0xf04ed058
edi: 0x8a
esi: 0x1
edi: 0x8b
esi: 0x1
edi: 0x9b
esi: 0xf04ed058
dup: 0xf04ed058
edi: 0x9c
esi: 0xf04ed058
dup: 0xf04ed058
edi: 0x9d
esi: 0xf04ed058
edi: 0xa6
esi: 0x3
edi: 0xb1
esi: 0xf04ed058
dup: 0xf04ed058
edi: 0xb2
esi: 0xf04ed058
edi: 0xb7
esi: 0x1
ebx: 0x1
ebx: 0xf04ed058
edi: 0xb8
esi: 0xb
drop: 0xf04ed058
edi: 0xb9
esi: 0xf04ed058
dup: 0xf04ed058
edi: 0xba
esi: 0xf04ed058
edi: 0xbf
esi: 0x3
ebx: 0x3
ebx: 0xf04ed058
edi: 0xc0
esi: 0xf04ed044
drop: 0xf04ed058
edi: 0xc1
esi: 0xf04ed058
drop: 0xf04ed058
edi: 0xc2
esi: 0xf04ed058
dup: 0xf04ed058
edi: 0xc3
esi: 0xf04ed058
edi: 0xc8
esi: 0x1
ebx: 0x1
ebx: 0xf04ed058
edi: 0xc9
esi: 0xb
edi: 0xce
esi: 0xb
drop: 0xf04ed058
edi: 0xcf
esi: 0xf04ed058
dup: 0xf04ed058
edi: 0xd0
esi: 0xf04ed058
edi: 0xd5
esi: 0x3
ebx: 0x3
ebx: 0xf04ed058
edi: 0xd6
esi: 0xf04ed044
edi: 0xdb
esi: 0xf04ed044
drop: 0xf04ed058
edi: 0xdc
esi: 0xf04ed058
drop: 0x81613
edi: 0xdd
esi: 0x81613
edi: 0xe2
esi: 0x81613
edi: 0xe7
esi: 0xb
edi: 0xe8
esi: 0x0
drop: 0x81613
edi: 0xe9
esi: 0x81613
edi: 0xee
esi: 0xf04ed044
edi: 0x71
esi: 0x81613
edi: 0x7a
esi: 0x81613
edi: 0x7f
esi: 0x81613
edi: 0x84
esi: 0xf04ed044
dup: 0xf04ed044
edi: 0x85
esi: 0xf04ed044
edi: 0x8a
esi: 0x1
edi: 0x8b
esi: 0x1
edi: 0x9b
esi: 0xf04ed044
dup: 0xf04ed044
edi: 0x9c
esi: 0xf04ed044
dup: 0xf04ed044
edi: 0x9d
esi: 0xf04ed044
edi: 0xa6
esi: 0x3
edi: 0xb1
esi: 0xf04ed044
dup: 0xf04ed044
edi: 0xb2
esi: 0xf04ed044
edi: 0xb7
esi: 0x1
ebx: 0x1
ebx: 0xf04ed044
edi: 0xb8
esi: 0x9
drop: 0xf04ed044
edi: 0xb9
esi: 0xf04ed044
dup: 0xf04ed044
edi: 0xba
esi: 0xf04ed044
edi: 0xbf
esi: 0x3
ebx: 0x3
ebx: 0xf04ed044
edi: 0xc0
esi: 0xf04ed030
drop: 0xf04ed044
edi: 0xc1
esi: 0xf04ed044
drop: 0xf04ed044
edi: 0xc2
esi: 0xf04ed044
dup: 0xf04ed044
edi: 0xc3
esi: 0xf04ed044
edi: 0xc8
esi: 0x1
ebx: 0x1
ebx: 0xf04ed044
edi: 0xc9
esi: 0x9
edi: 0xce
esi: 0x9
drop: 0xf04ed044
edi: 0xcf
esi: 0xf04ed044
dup: 0xf04ed044
edi: 0xd0
esi: 0xf04ed044
edi: 0xd5
esi: 0x3
ebx: 0x3
ebx: 0xf04ed044
edi: 0xd6
esi: 0xf04ed030
edi: 0xdb
esi: 0xf04ed030
drop: 0xf04ed044
edi: 0xdc
esi: 0xf04ed044
drop: 0x81613
edi: 0xdd
esi: 0x81613
edi: 0xe2
esi: 0x81613
edi: 0xe7
esi: 0x9
edi: 0xe8
esi: 0x0
drop: 0x81613
edi: 0xe9
esi: 0x81613
edi: 0xee
esi: 0xf04ed030
edi: 0x71
esi: 0x81613
edi: 0x7a
esi: 0x81613
edi: 0x7f
esi: 0x81613
edi: 0x84
esi: 0xf04ed030
dup: 0xf04ed030
edi: 0x85
esi: 0xf04ed030
edi: 0x8a
esi: 0x1
edi: 0x8b
esi: 0x1
edi: 0x9b
esi: 0xf04ed030
dup: 0xf04ed030
edi: 0x9c
esi: 0xf04ed030
dup: 0xf04ed030
edi: 0x9d
esi: 0xf04ed030
edi: 0xa6
esi: 0x3
edi: 0xb1
esi: 0xf04ed030
dup: 0xf04ed030
edi: 0xb2
esi: 0xf04ed030
edi: 0xb7
esi: 0x1
ebx: 0x1
ebx: 0xf04ed030
edi: 0xb8
esi: 0x7
drop: 0xf04ed030
edi: 0xb9
esi: 0xf04ed030
dup: 0xf04ed030
edi: 0xba
esi: 0xf04ed030
edi: 0xbf
esi: 0x3
ebx: 0x3
ebx: 0xf04ed030
edi: 0xc0
esi: 0xf04ed01c
drop: 0xf04ed030
edi: 0xc1
esi: 0xf04ed030
drop: 0xf04ed030
edi: 0xc2
esi: 0xf04ed030
dup: 0xf04ed030
edi: 0xc3
esi: 0xf04ed030
edi: 0xc8
esi: 0x1
ebx: 0x1
ebx: 0xf04ed030
edi: 0xc9
esi: 0x7
edi: 0xce
esi: 0x7
drop: 0xf04ed030
edi: 0xcf
esi: 0xf04ed030
dup: 0xf04ed030
edi: 0xd0
esi: 0xf04ed030
edi: 0xd5
esi: 0x3
ebx: 0x3
ebx: 0xf04ed030
edi: 0xd6
esi: 0xf04ed01c
edi: 0xdb
esi: 0xf04ed01c
drop: 0xf04ed030
edi: 0xdc
esi: 0xf04ed030
drop: 0x81613
edi: 0xdd
esi: 0x81613
edi: 0xe2
esi: 0x81613
edi: 0xe7
esi: 0x7
edi: 0xe8
esi: 0x0
drop: 0x81613
edi: 0xe9
esi: 0x81613
edi: 0xee
esi: 0xf04ed01c
edi: 0x71
esi: 0x81613
edi: 0x7a
esi: 0x81613
edi: 0x7f
esi: 0x81613
edi: 0x84
esi: 0xf04ed01c
dup: 0xf04ed01c
edi: 0x85
esi: 0xf04ed01c
edi: 0x8a
esi: 0x1
edi: 0x8b
esi: 0x1
edi: 0x9b
esi: 0xf04ed01c
dup: 0xf04ed01c
edi: 0x9c
esi: 0xf04ed01c
dup: 0xf04ed01c
edi: 0x9d
esi: 0xf04ed01c
edi: 0xa6
esi: 0x3
edi: 0xb1
esi: 0xf04ed01c
dup: 0xf04ed01c
edi: 0xb2
esi: 0xf04ed01c
edi: 0xb7
esi: 0x1
ebx: 0x1
ebx: 0xf04ed01c
edi: 0xb8
esi: 0x5
drop: 0xf04ed01c
edi: 0xb9
esi: 0xf04ed01c
dup: 0xf04ed01c
edi: 0xba
esi: 0xf04ed01c
edi: 0xbf
esi: 0x3
ebx: 0x3
ebx: 0xf04ed01c
edi: 0xc0
esi: 0xf04ed008
drop: 0xf04ed01c
edi: 0xc1
esi: 0xf04ed01c
drop: 0xf04ed01c
edi: 0xc2
esi: 0xf04ed01c
dup: 0xf04ed01c
edi: 0xc3
esi: 0xf04ed01c
edi: 0xc8
esi: 0x1
ebx: 0x1
ebx: 0xf04ed01c
edi: 0xc9
esi: 0x5
edi: 0xce
esi: 0x5
drop: 0xf04ed01c
edi: 0xcf
esi: 0xf04ed01c
dup: 0xf04ed01c
edi: 0xd0
esi: 0xf04ed01c
edi: 0xd5
esi: 0x3
ebx: 0x3
ebx: 0xf04ed01c
edi: 0xd6
esi: 0xf04ed008
edi: 0xdb
esi: 0xf04ed008
drop: 0xf04ed01c
edi: 0xdc
esi: 0xf04ed01c
drop: 0x81613
edi: 0xdd
esi: 0x81613
edi: 0xe2
esi: 0x81613
edi: 0xe7
esi: 0x5
edi: 0xe8
esi: 0x0
drop: 0x81613
edi: 0xe9
esi: 0x81613
edi: 0xee
esi: 0xf04ed008
edi: 0x71
esi: 0x81613
edi: 0x7a
esi: 0x81613
edi: 0x7f
esi: 0x81613
edi: 0x84
esi: 0xf04ed008
dup: 0xf04ed008
edi: 0x85
esi: 0xf04ed008
edi: 0x8a
esi: 0x1
edi: 0x8b
esi: 0x1
edi: 0x9b
esi: 0xf04ed008
dup: 0xf04ed008
edi: 0x9c
esi: 0xf04ed008
dup: 0xf04ed008
edi: 0x9d
esi: 0xf04ed008
edi: 0xa6
esi: 0x3
edi: 0xb1
esi: 0xf04ed008
dup: 0xf04ed008
edi: 0xb2
esi: 0xf04ed008
edi: 0xb7
esi: 0x1
ebx: 0x1
ebx: 0xf04ed008
edi: 0xb8
esi: 0x3
drop: 0xf04ed008
edi: 0xb9
esi: 0xf04ed008
dup: 0xf04ed008
edi: 0xba
esi: 0xf04ed008
edi: 0xbf
esi: 0x3
ebx: 0x3
ebx: 0xf04ed008
edi: 0xc0
esi: 0x1
drop: 0xf04ed008
edi: 0xc1
esi: 0xf04ed008
drop: 0xf04ed008
edi: 0xc2
esi: 0xf04ed008
dup: 0xf04ed008
edi: 0xc3
esi: 0xf04ed008
edi: 0xc8
esi: 0x1
ebx: 0x1
ebx: 0xf04ed008
edi: 0xc9
esi: 0x3
edi: 0xce
esi: 0x3
drop: 0xf04ed008
edi: 0xcf
esi: 0xf04ed008
dup: 0xf04ed008
edi: 0xd0
esi: 0xf04ed008
edi: 0xd5
esi: 0x3
ebx: 0x3
ebx: 0xf04ed008
edi: 0xd6
esi: 0x1
edi: 0xdb
esi: 0x1
drop: 0xf04ed008
edi: 0xdc
esi: 0xf04ed008
drop: 0x81613
edi: 0xdd
esi: 0x81613
edi: 0xe2
esi: 0x81613
edi: 0xe7
esi: 0x3
edi: 0xe8
esi: 0x0
drop: 0x81613
edi: 0xe9
esi: 0x81613
edi: 0xee
esi: 0x1
edi: 0x71
esi: 0x81613
edi: 0x7a
esi: 0x81613
edi: 0x7f
esi: 0x81613
edi: 0x84
esi: 0x1
dup: 0x1
edi: 0x85
esi: 0x1
edi: 0x8a
esi: 0x1
edi: 0x8b
esi: 0x3
edi: 0x90
esi: 0x1
drop: 0x81613
edi: 0x91
esi: 0x81613
edi: 0x96
esi: 0x1
edi: 0x10a
esi: 0x1
edi: 0xf7
esi: 0x1
edi: 0x10a
esi: 0x1
edi: 0xf7
esi: 0x1
edi: 0x10a
esi: 0x1
edi: 0xf7
esi: 0x1
edi: 0x10a
esi: 0x1
edi: 0xf7
esi: 0x1
edi: 0x10a
esi: 0x1
edi: 0xf7
esi: 0x1
edi: 0x10a
esi: 0x1
edi: 0xf7
esi: 0x1
edi: 0x10a
esi: 0x1
edi: 0xf7
esi: 0x1
edi: 0x10a
esi: 0x1
edi: 0xf7
esi: 0x1
edi: 0x10a
esi: 0x1
edi: 0xf7
esi: 0x1
edi: 0x10a
esi: 0x1
edi: 0xf7
esi: 0x1
edi: 0x10a
esi: 0x1
edi: 0xf7
esi: 0x1
edi: 0x10a
esi: 0x1
edi: 0xf7
esi: 0x1
edi: 0x10a
esi: 0x1
edi: 0xf7
esi: 0x1
edi: 0x10a
esi: 0x1
edi: 0xf7
esi: 0x1
edi: 0x10a
esi: 0x1
edi: 0xf7
esi: 0x1
edi: 0x10a
esi: 0x1
edi: 0xf7
esi: 0x1
edi: 0x10a
esi: 0x1
edi: 0xf7
esi: 0x1
edi: 0x10a
esi: 0x1
edi: 0xf7
esi: 0x1
edi: 0x10a
esi: 0x1
edi: 0xf7
esi: 0x1
edi: 0x10a
esi: 0x1
edi: 0xf7
esi: 0x1
edi: 0x10a
esi: 0x1
edi: 0xf7
esi: 0x1
edi: 0x10a
esi: 0x1
edi: 0xf7
esi: 0x1
edi: 0x10a
esi: 0x1
edi: 0xf7
esi: 0x1
edi: 0x10a
esi: 0x1
edi: 0xf7
esi: 0x1
edi: 0x10a
esi: 0x1
edi: 0xf7
esi: 0x1
edi: 0x10a
esi: 0x1
edi: 0xf7
esi: 0x1
edi: 0x10a
esi: 0x1
edi: 0xf7
esi: 0x1
edi: 0x10a
esi: 0x1
edi: 0xf7
esi: 0x1
edi: 0x10a
esi: 0x1
edi: 0xf7
esi: 0x1
edi: 0x10a
esi: 0x1
edi: 0xf7
esi: 0x1
edi: 0x10a
esi: 0x1
edi: 0xf7
esi: 0x1
edi: 0x10a
esi: 0x1
edi: 0xf7
esi: 0x1
edi: 0x10a
esi: 0x1
edi: 0xf7
esi: 0x1
edi: 0x10a
esi: 0x1
edi: 0xf7
esi: 0x1
edi: 0x10a
esi: 0x1
edi: 0xf7
esi: 0x1
edi: 0x10a
esi: 0x1
edi: 0xf7
esi: 0x1
edi: 0x10a
esi: 0x1
edi: 0xf7
esi: 0x1
edi: 0x10a
esi: 0x1
edi: 0xf7
esi: 0x1
edi: 0x10a
esi: 0x1
edi: 0xf7
esi: 0x1
edi: 0x10a
esi: 0x1
edi: 0xf7
esi: 0x1
edi: 0x10a
esi: 0x1
edi: 0xf7
esi: 0x1
edi: 0x10a
esi: 0x1
edi: 0xf7
esi: 0x1
edi: 0x10a
esi: 0x1
edi: 0xf7
esi: 0x1
edi: 0x10a
esi: 0x1
edi: 0xf7
esi: 0x1
edi: 0x10a
esi: 0x1
edi: 0xf7
esi: 0x1
edi: 0x10a
esi: 0x1
edi: 0xf7
esi: 0x1
edi: 0x10a
esi: 0x1
edi: 0xf7
esi: 0x1
edi: 0x10a
esi: 0x1
edi: 0xf7
esi: 0x1
edi: 0x10a
esi: 0x1
edi: 0xf7
esi: 0x1
edi: 0x10a
esi: 0x1
edi: 0xf7
esi: 0x1
edi: 0x10a
esi: 0x1
edi: 0xf7
esi: 0x1
edi: 0x10a
esi: 0x1
edi: 0xf7
esi: 0x1
edi: 0x10a
esi: 0x1
edi: 0xf7
esi: 0x1
edi: 0x10a
esi: 0x1
edi: 0xf7
esi: 0x1
edi: 0x10a
esi: 0x1
edi: 0xf7
esi: 0x1
edi: 0x10a
esi: 0x1
edi: 0xf7
esi: 0x1
edi: 0x10a
esi: 0x1
edi: 0xf7
esi: 0x1
edi: 0x10a
esi: 0x1
edi: 0xf7
esi: 0x1
edi: 0x10a
esi: 0x1
edi: 0xf7
esi: 0x1
edi: 0x10a
esi: 0x1
edi: 0xf7
esi: 0x1
edi: 0x10a
esi: 0x1
edi: 0xf7
esi: 0x1
edi: 0x10a
esi: 0x1
edi: 0xf7
esi: 0x1
edi: 0x10a
esi: 0x1
edi: 0xf7
esi: 0x1
edi: 0x10a
esi: 0x1
edi: 0xf7
esi: 0x1
edi: 0x10a
esi: 0x1
edi: 0xf7
esi: 0x1
edi: 0x10a
esi: 0x1
edi: 0xf7
esi: 0x1
edi: 0x10a
esi: 0x1
edi: 0xf7
esi: 0x1
edi: 0x10a
esi: 0x1
edi: 0xf7
esi: 0x1
edi: 0x10a
esi: 0x1
edi: 0xf7
esi: 0x1
edi: 0x10a
esi: 0x1
edi: 0xf7
esi: 0x1
edi: 0x10a
esi: 0x1
edi: 0xf7
esi: 0x1
edi: 0x10a
esi: 0x1
edi: 0xf7
esi: 0x1
edi: 0x10a
esi: 0x1
edi: 0xf7
esi: 0x1
edi: 0x10a
esi: 0x1
edi: 0xf7
esi: 0x1
edi: 0x10a
esi: 0x1
edi: 0xf7
esi: 0x1
edi: 0x10a
esi: 0x1
edi: 0xf7
esi: 0x1
edi: 0x10a
esi: 0x1
edi: 0xf7
esi: 0x1
edi: 0x10a
esi: 0x1
edi: 0xf7
esi: 0x1
edi: 0x10a
esi: 0x1
edi: 0xf7
esi: 0x1
edi: 0x10a
esi: 0x1
edi: 0xf7
esi: 0x1
edi: 0x10a
esi: 0x1
edi: 0xf7
esi: 0x1
edi: 0x10a
esi: 0x1
edi: 0xf7
esi: 0x1
edi: 0x10a
esi: 0x1
edi: 0xf7
esi: 0x1
edi: 0x10a
esi: 0x1
edi: 0xf7
esi: 0x1
edi: 0x10a
esi: 0x1
edi: 0xf7
esi: 0x1
edi: 0x10a
esi: 0x1
edi: 0xf7
esi: 0x1
edi: 0x10a
esi: 0x1
edi: 0xf7
esi: 0x1
edi: 0x10a
esi: 0x1
edi: 0xf7
esi: 0x1
edi: 0x10a
esi: 0x1
edi: 0xf7
esi: 0x1
edi: 0x10a
esi: 0x1
edi: 0xf7
esi: 0x1
edi: 0x10a
esi: 0x1
edi: 0xf7
esi: 0x1
edi: 0x10a
esi: 0x1
edi: 0xf7
esi: 0x1
edi: 0x10a
esi: 0x1
edi: 0xf7
esi: 0x1
edi: 0x10a
esi: 0x1
edi: 0xf7
esi: 0x1
edi: 0x10a
esi: 0x1
edi: 0xf7
esi: 0x1
edi: 0x10a
esi: 0x1
edi: 0xf7
esi: 0x1
edi: 0x10a
esi: 0x1
edi: 0xf7
esi: 0x1
edi: 0x10a
esi: 0x1
edi: 0xf7
esi: 0x1
edi: 0x10a
esi: 0x1
edi: 0xf7
esi: 0x1
edi: 0x10a
esi: 0x1
edi: 0xf7
esi: 0x1
edi: 0x10a
esi: 0x1
edi: 0x53
esi: 0x1
drop: 0x81613
edi: 0x54
esi: 0x81613
edi: 0x59
esi: 0x81613
edi: 0x5e
esi: 0xf04ed7c4
edi: 0x155
esi: 0x81613
edi: 0x15e
esi: 0x81613
edi: 0x163
esi: 0x81613
edi: 0x168
esi: 0x81613
edi: 0x16d
esi: 0xf04ed7c4
edi: 0x177
esi: 0x81613
edi: 0x180
esi: 0x81613
edi: 0x185
esi: 0x81613
edi: 0x18a
esi: 0xf04ed7c4
edi: 0x23f
esi: 0x81613
edi: 0x248
esi: 0x81613
edi: 0x24d
esi: 0x81613
edi: 0x252
esi: 0xf04ed7c4
dup: 0xf04ed7c4
edi: 0x253
esi: 0xf04ed7c4
dup: 0xf04ed7c4
edi: 0x254
esi: 0xf04ed7c4
edi: 0x25d
esi: 0x3
edi: 0x268
esi: 0xf04ed7c4
dup: 0xf04ed7c4
edi: 0x269
esi: 0xf04ed7c4
edi: 0x26e
esi: 0x1
ebx: 0x1
ebx: 0xf04ed7c4
edi: 0x26f
esi: 0xc9
drop: 0xf04ed7c4
edi: 0x270
esi: 0xf04ed7c4
dup: 0xf04ed7c4
edi: 0x271
esi: 0xf04ed7c4
edi: 0x276
esi: 0x3
ebx: 0x3
ebx: 0xf04ed7c4
edi: 0x277
esi: 0xf04ed7b0
dup: 0xf04ed7b0
edi: 0x278
esi: 0xf04ed7b0
edi: 0x281
esi: 0x3
edi: 0x28c
esi: 0xf04ed7b0
dup: 0xf04ed7b0
edi: 0x28d
esi: 0xf04ed7b0
edi: 0x292
esi: 0x1
ebx: 0x1
ebx: 0xf04ed7b0
edi: 0x293
esi: 0xc7
drop: 0xf04ed7b0
edi: 0x294
esi: 0xf04ed7b0
dup: 0xf04ed7b0
edi: 0x295
esi: 0xf04ed7b0
edi: 0x29a
esi: 0x3
ebx: 0x3
ebx: 0xf04ed7b0
edi: 0x29b
esi: 0xf04ed79c
drop: 0xf04ed7b0
edi: 0x29c
esi: 0xf04ed7b0
drop: 0xf04ed7c4
edi: 0x29d
esi: 0xf04ed7c4
drop: 0xf04ed7c4
edi: 0x29e
esi: 0xf04ed7c4
dup: 0xf04ed7c4
edi: 0x29f
esi: 0xf04ed7c4
edi: 0x2a4
esi: 0x1
ebx: 0x1
ebx: 0xf04ed7c4
edi: 0x2a5
esi: 0xc9
edi: 0x2aa
esi: 0xc9
drop: 0xf04ed7c4
edi: 0x2ab
esi: 0xf04ed7c4
dup: 0xf04ed7c4
edi: 0x2ac
esi: 0xf04ed7c4
edi: 0x2b1
esi: 0x3
ebx: 0x3
ebx: 0xf04ed7c4
edi: 0x2b2
esi: 0xf04ed7b0
edi: 0x2b7
esi: 0xf04ed7b0
drop: 0xf04ed7c4
edi: 0x2b8
esi: 0xf04ed7c4
dup: 0xf04ed7c4
edi: 0x2b9
esi: 0xf04ed7c4
edi: 0x2be
esi: 0x3
ebx: 0x3
ebx: 0xf04ed7c4
edi: 0x2bf
esi: 0xf04ed7b0
edi: 0x2c4
esi: 0x1
ebx: 0x1
ebx: 0xf04ed7b0
edi: 0x2c5
esi: 0xc7
edi: 0x2ca
esi: 0xc7
drop: 0xf04ed7c4
edi: 0x2cb
esi: 0xf04ed7c4
dup: 0xf04ed7c4
edi: 0x2cc
esi: 0xf04ed7c4
edi: 0x2d1
esi: 0x3
ebx: 0x3
ebx: 0xf04ed7c4
edi: 0x2d2
esi: 0xf04ed7b0
edi: 0x2d7
esi: 0x3
ebx: 0x3
ebx: 0xf04ed7b0
edi: 0x2d8
esi: 0xf04ed79c
edi: 0x2dd
esi: 0xf04ed79c
drop: 0xf04ed7c4
edi: 0x2de
esi: 0xf04ed7c4
drop: 0x81613
edi: 0x2df
esi: 0x81613
edi: 0x2e4
esi: 0x81613
edi: 0x2e9
esi: 0xc9
edi: 0x2ee
esi: 0xc7
edi: 0x3e9
esi: 0x81613
edi: 0x3f2
esi: 0x81613
edi: 0x3f7
esi: 0x81613
edi: 0x3fc
esi: 0xc9
edi: 0x401
esi: 0xc9
edi: 0x406
esi: 0xc7
edi: 0x407
esi: 0x3
edi: 0x2f7
esi: 0x3
edi: 0x2fc
esi: 0x1
edi: 0x2fd
esi: 0x3
edi: 0x302
esi: 0x81613
edi: 0x307
esi: 0x3
edi: 0x30c
esi: 0x3
edi: 0x311
esi: 0xc7
edi: 0x316
esi: 0xc9
edi: 0x31b
esi: 0xf04ed79c
edi: 0x324
esi: 0xf04ed7ec
edi: 0x23f
esi: 0xc7
edi: 0x248
esi: 0xc7
edi: 0x24d
esi: 0xc7
edi: 0x252
esi: 0xf04ed7ec
dup: 0xf04ed7ec
edi: 0x253
esi: 0xf04ed7ec
dup: 0xf04ed7ec
edi: 0x254
esi: 0xf04ed7ec
edi: 0x25d
esi: 0x3
edi: 0x268
esi: 0xf04ed7ec
dup: 0xf04ed7ec
edi: 0x269
esi: 0xf04ed7ec
edi: 0x26e
esi: 0x1
ebx: 0x1
ebx: 0xf04ed7ec
edi: 0x26f
esi: 0xc9
drop: 0xf04ed7ec
edi: 0x270
esi: 0xf04ed7ec
dup: 0xf04ed7ec
edi: 0x271
esi: 0xf04ed7ec
edi: 0x276
esi: 0x3
ebx: 0x3
ebx: 0xf04ed7ec
edi: 0x277
esi: 0xf04ed79c
dup: 0xf04ed79c
edi: 0x278
esi: 0xf04ed79c
edi: 0x281
esi: 0x3
edi: 0x28c
esi: 0xf04ed79c
dup: 0xf04ed79c
edi: 0x28d
esi: 0xf04ed79c
edi: 0x292
esi: 0x1
ebx: 0x1
ebx: 0xf04ed79c
edi: 0x293
esi: 0xc5
drop: 0xf04ed79c
edi: 0x294
esi: 0xf04ed79c
dup: 0xf04ed79c
edi: 0x295
esi: 0xf04ed79c
edi: 0x29a
esi: 0x3
ebx: 0x3
ebx: 0xf04ed79c
edi: 0x29b
esi: 0xf04ed788
drop: 0xf04ed79c
edi: 0x29c
esi: 0xf04ed79c
drop: 0xf04ed7ec
edi: 0x29d
esi: 0xf04ed7ec
drop: 0xf04ed7ec
edi: 0x29e
esi: 0xf04ed7ec
dup: 0xf04ed7ec
edi: 0x29f
esi: 0xf04ed7ec
edi: 0x2a4
esi: 0x1
ebx: 0x1
ebx: 0xf04ed7ec
edi: 0x2a5
esi: 0xc9
edi: 0x2aa
esi: 0xc9
drop: 0xf04ed7ec
edi: 0x2ab
esi: 0xf04ed7ec
dup: 0xf04ed7ec
edi: 0x2ac
esi: 0xf04ed7ec
edi: 0x2b1
esi: 0x3
ebx: 0x3
ebx: 0xf04ed7ec
edi: 0x2b2
esi: 0xf04ed79c
edi: 0x2b7
esi: 0xf04ed79c
drop: 0xf04ed7ec
edi: 0x2b8
esi: 0xf04ed7ec
dup: 0xf04ed7ec
edi: 0x2b9
esi: 0xf04ed7ec
edi: 0x2be
esi: 0x3
ebx: 0x3
ebx: 0xf04ed7ec
edi: 0x2bf
esi: 0xf04ed79c
edi: 0x2c4
esi: 0x1
ebx: 0x1
ebx: 0xf04ed79c
edi: 0x2c5
esi: 0xc5
edi: 0x2ca
esi: 0xc5
drop: 0xf04ed7ec
edi: 0x2cb
esi: 0xf04ed7ec
dup: 0xf04ed7ec
edi: 0x2cc
esi: 0xf04ed7ec
edi: 0x2d1
esi: 0x3
ebx: 0x3
ebx: 0xf04ed7ec
edi: 0x2d2
esi: 0xf04ed79c
edi: 0x2d7
esi: 0x3
ebx: 0x3
ebx: 0xf04ed79c
edi: 0x2d8
esi: 0xf04ed788
edi: 0x2dd
esi: 0xf04ed788
drop: 0xf04ed7ec
edi: 0x2de
esi: 0xf04ed7ec
drop: 0xc7
edi: 0x2df
esi: 0xc7
edi: 0x2e4
esi: 0xc7
edi: 0x2e9
esi: 0xc9
edi: 0x2ee
esi: 0xc5
edi: 0x3e9
esi: 0xc7
edi: 0x3f2
esi: 0xc7
edi: 0x3f7
esi: 0xc7
edi: 0x3fc
esi: 0xc9
edi: 0x401
esi: 0xc9
edi: 0x406
esi: 0xc5
edi: 0x407
esi: 0x5
edi: 0x2f7
esi: 0x5
edi: 0x2fc
esi: 0x1
edi: 0x2fd
esi: 0x3
edi: 0x302
esi: 0xc7
edi: 0x307
esi: 0x3
edi: 0x30c
esi: 0x3
edi: 0x311
esi: 0xc5
edi: 0x316
esi: 0xc9
edi: 0x31b
esi: 0xf04ed788
edi: 0x324
esi: 0xf04ed800
edi: 0x23f
esi: 0xc5
edi: 0x248
esi: 0xc5
edi: 0x24d
esi: 0xc5
edi: 0x252
esi: 0xf04ed800
dup: 0xf04ed800
edi: 0x253
esi: 0xf04ed800
dup: 0xf04ed800
edi: 0x254
esi: 0xf04ed800
edi: 0x25d
esi: 0x3
edi: 0x268
esi: 0xf04ed800
dup: 0xf04ed800
edi: 0x269
esi: 0xf04ed800
edi: 0x26e
esi: 0x1
ebx: 0x1
ebx: 0xf04ed800
edi: 0x26f
esi: 0xc9
drop: 0xf04ed800
edi: 0x270
esi: 0xf04ed800
dup: 0xf04ed800
edi: 0x271
esi: 0xf04ed800
edi: 0x276
esi: 0x3
ebx: 0x3
ebx: 0xf04ed800
edi: 0x277
esi: 0xf04ed788
dup: 0xf04ed788
edi: 0x278
esi: 0xf04ed788
edi: 0x281
esi: 0x3
edi: 0x28c
esi: 0xf04ed788
dup: 0xf04ed788
edi: 0x28d
esi: 0xf04ed788
edi: 0x292
esi: 0x1
ebx: 0x1
ebx: 0xf04ed788
edi: 0x293
esi: 0xc3
drop: 0xf04ed788
edi: 0x294
esi: 0xf04ed788
dup: 0xf04ed788
edi: 0x295
esi: 0xf04ed788
edi: 0x29a
esi: 0x3
ebx: 0x3
ebx: 0xf04ed788
edi: 0x29b
esi: 0xf04ed774
drop: 0xf04ed788
edi: 0x29c
esi: 0xf04ed788
drop: 0xf04ed800
edi: 0x29d
esi: 0xf04ed800
drop: 0xf04ed800
edi: 0x29e
esi: 0xf04ed800
dup: 0xf04ed800
edi: 0x29f
esi: 0xf04ed800
edi: 0x2a4
esi: 0x1
ebx: 0x1
ebx: 0xf04ed800
edi: 0x2a5
esi: 0xc9
edi: 0x2aa
esi: 0xc9
drop: 0xf04ed800
edi: 0x2ab
esi: 0xf04ed800
dup: 0xf04ed800
edi: 0x2ac
esi: 0xf04ed800
edi: 0x2b1
esi: 0x3
ebx: 0x3
ebx: 0xf04ed800
edi: 0x2b2
esi: 0xf04ed788
edi: 0x2b7
esi: 0xf04ed788
drop: 0xf04ed800
edi: 0x2b8
esi: 0xf04ed800
dup: 0xf04ed800
edi: 0x2b9
esi: 0xf04ed800
edi: 0x2be
esi: 0x3
ebx: 0x3
ebx: 0xf04ed800
edi: 0x2bf
esi: 0xf04ed788
edi: 0x2c4
esi: 0x1
ebx: 0x1
ebx: 0xf04ed788
edi: 0x2c5
esi: 0xc3
edi: 0x2ca
esi: 0xc3
drop: 0xf04ed800
edi: 0x2cb
esi: 0xf04ed800
dup: 0xf04ed800
edi: 0x2cc
esi: 0xf04ed800
edi: 0x2d1
esi: 0x3
ebx: 0x3
ebx: 0xf04ed800
edi: 0x2d2
esi: 0xf04ed788
edi: 0x2d7
esi: 0x3
ebx: 0x3
ebx: 0xf04ed788
edi: 0x2d8
esi: 0xf04ed774
edi: 0x2dd
esi: 0xf04ed774
drop: 0xf04ed800
edi: 0x2de
esi: 0xf04ed800
drop: 0xc5
edi: 0x2df
esi: 0xc5
edi: 0x2e4
esi: 0xc5
edi: 0x2e9
esi: 0xc9
edi: 0x2ee
esi: 0xc3
edi: 0x3e9
esi: 0xc5
edi: 0x3f2
esi: 0xc5
edi: 0x3f7
esi: 0xc5
edi: 0x3fc
esi: 0xc9
edi: 0x401
esi: 0xc9
edi: 0x406
esi: 0xc3
edi: 0x407
esi: 0x7
edi: 0x2f7
esi: 0x7
edi: 0x2fc
esi: 0x1
edi: 0x2fd
esi: 0x3
edi: 0x302
esi: 0xc5
edi: 0x307
esi: 0x3
edi: 0x30c
esi: 0x3
edi: 0x311
esi: 0xc3
edi: 0x316
esi: 0xc9
edi: 0x31b
esi: 0xf04ed774
edi: 0x324
esi: 0xf04ed814
edi: 0x23f
esi: 0xc3
edi: 0x248
esi: 0xc3
edi: 0x24d
esi: 0xc3
edi: 0x252
esi: 0xf04ed814
dup: 0xf04ed814
edi: 0x253
esi: 0xf04ed814
dup: 0xf04ed814
edi: 0x254
esi: 0xf04ed814
edi: 0x25d
esi: 0x3
edi: 0x268
esi: 0xf04ed814
dup: 0xf04ed814
edi: 0x269
esi: 0xf04ed814
edi: 0x26e
esi: 0x1
ebx: 0x1
ebx: 0xf04ed814
edi: 0x26f
esi: 0xc9
drop: 0xf04ed814
edi: 0x270
esi: 0xf04ed814
dup: 0xf04ed814
edi: 0x271
esi: 0xf04ed814
edi: 0x276
esi: 0x3
ebx: 0x3
ebx: 0xf04ed814
edi: 0x277
esi: 0xf04ed774
dup: 0xf04ed774
edi: 0x278
esi: 0xf04ed774
edi: 0x281
esi: 0x3
edi: 0x28c
esi: 0xf04ed774
dup: 0xf04ed774
edi: 0x28d
esi: 0xf04ed774
edi: 0x292
esi: 0x1
ebx: 0x1
ebx: 0xf04ed774
edi: 0x293
esi: 0xc1
drop: 0xf04ed774
edi: 0x294
esi: 0xf04ed774
dup: 0xf04ed774
edi: 0x295
esi: 0xf04ed774
edi: 0x29a
esi: 0x3
ebx: 0x3
ebx: 0xf04ed774
edi: 0x29b
esi: 0xf04ed760
drop: 0xf04ed774
edi: 0x29c
esi: 0xf04ed774
drop: 0xf04ed814
edi: 0x29d
esi: 0xf04ed814
drop: 0xf04ed814
edi: 0x29e
esi: 0xf04ed814
dup: 0xf04ed814
edi: 0x29f
esi: 0xf04ed814
edi: 0x2a4
esi: 0x1
ebx: 0x1
ebx: 0xf04ed814
edi: 0x2a5
esi: 0xc9
edi: 0x2aa
esi: 0xc9
drop: 0xf04ed814
edi: 0x2ab
esi: 0xf04ed814
dup: 0xf04ed814
edi: 0x2ac
esi: 0xf04ed814
edi: 0x2b1
esi: 0x3
ebx: 0x3
ebx: 0xf04ed814
edi: 0x2b2
esi: 0xf04ed774
edi: 0x2b7
esi: 0xf04ed774
drop: 0xf04ed814
edi: 0x2b8
esi: 0xf04ed814
dup: 0xf04ed814
edi: 0x2b9
esi: 0xf04ed814
edi: 0x2be
esi: 0x3
ebx: 0x3
ebx: 0xf04ed814
edi: 0x2bf
esi: 0xf04ed774
edi: 0x2c4
esi: 0x1
ebx: 0x1
ebx: 0xf04ed774
edi: 0x2c5
esi: 0xc1
edi: 0x2ca
esi: 0xc1
drop: 0xf04ed814
edi: 0x2cb
esi: 0xf04ed814
dup: 0xf04ed814
edi: 0x2cc
esi: 0xf04ed814
edi: 0x2d1
esi: 0x3
ebx: 0x3
ebx: 0xf04ed814
edi: 0x2d2
esi: 0xf04ed774
edi: 0x2d7
esi: 0x3
ebx: 0x3
ebx: 0xf04ed774
edi: 0x2d8
esi: 0xf04ed760
edi: 0x2dd
esi: 0xf04ed760
drop: 0xf04ed814
edi: 0x2de
esi: 0xf04ed814
drop: 0xc3
edi: 0x2df
esi: 0xc3
edi: 0x2e4
esi: 0xc3
edi: 0x2e9
esi: 0xc9
edi: 0x2ee
esi: 0xc1
edi: 0x3e9
esi: 0xc3
edi: 0x3f2
esi: 0xc3
edi: 0x3f7
esi: 0xc3
edi: 0x3fc
esi: 0xc9
edi: 0x401
esi: 0xc9
edi: 0x406
esi: 0xc1
edi: 0x407
esi: 0x9
edi: 0x2f7
esi: 0x9
edi: 0x2fc
esi: 0x1
edi: 0x2fd
esi: 0x3
edi: 0x302
esi: 0xc3
edi: 0x307
esi: 0x3
edi: 0x30c
esi: 0x3
edi: 0x311
esi: 0xc1
edi: 0x316
esi: 0xc9
edi: 0x31b
esi: 0xf04ed760
edi: 0x324
esi: 0xf04ed828
edi: 0x23f
esi: 0xc1
edi: 0x248
esi: 0xc1
edi: 0x24d
esi: 0xc1
edi: 0x252
esi: 0xf04ed828
dup: 0xf04ed828
edi: 0x253
esi: 0xf04ed828
dup: 0xf04ed828
edi: 0x254
esi: 0xf04ed828
edi: 0x25d
esi: 0x3
edi: 0x268
esi: 0xf04ed828
dup: 0xf04ed828
edi: 0x269
esi: 0xf04ed828
edi: 0x26e
esi: 0x1
ebx: 0x1
ebx: 0xf04ed828
edi: 0x26f
esi: 0xc9
drop: 0xf04ed828
edi: 0x270
esi: 0xf04ed828
dup: 0xf04ed828
edi: 0x271
esi: 0xf04ed828
edi: 0x276
esi: 0x3
ebx: 0x3
ebx: 0xf04ed828
edi: 0x277
esi: 0xf04ed760
dup: 0xf04ed760
edi: 0x278
esi: 0xf04ed760
edi: 0x281
esi: 0x3
edi: 0x28c
esi: 0xf04ed760
dup: 0xf04ed760
edi: 0x28d
esi: 0xf04ed760
edi: 0x292
esi: 0x1
ebx: 0x1
ebx: 0xf04ed760
edi: 0x293
esi: 0xbf
drop: 0xf04ed760
edi: 0x294
esi: 0xf04ed760
dup: 0xf04ed760
edi: 0x295
esi: 0xf04ed760
edi: 0x29a
esi: 0x3
ebx: 0x3
ebx: 0xf04ed760
edi: 0x29b
esi: 0xf04ed74c
drop: 0xf04ed760
edi: 0x29c
esi: 0xf04ed760
drop: 0xf04ed828
edi: 0x29d
esi: 0xf04ed828
drop: 0xf04ed828
edi: 0x29e
esi: 0xf04ed828
dup: 0xf04ed828
edi: 0x29f
esi: 0xf04ed828
edi: 0x2a4
esi: 0x1
ebx: 0x1
ebx: 0xf04ed828
edi: 0x2a5
esi: 0xc9
edi: 0x2aa
esi: 0xc9
drop: 0xf04ed828
edi: 0x2ab
esi: 0xf04ed828
dup: 0xf04ed828
edi: 0x2ac
esi: 0xf04ed828
edi: 0x2b1
esi: 0x3
ebx: 0x3
ebx: 0xf04ed828
edi: 0x2b2
esi: 0xf04ed760
edi: 0x2b7
esi: 0xf04ed760
drop: 0xf04ed828
edi: 0x2b8
esi: 0xf04ed828
dup: 0xf04ed828
edi: 0x2b9
esi: 0xf04ed828
edi: 0x2be
esi: 0x3
ebx: 0x3
ebx: 0xf04ed828
edi: 0x2bf
esi: 0xf04ed760
edi: 0x2c4
esi: 0x1
ebx: 0x1
ebx: 0xf04ed760
edi: 0x2c5
esi: 0xbf
edi: 0x2ca
esi: 0xbf
drop: 0xf04ed828
edi: 0x2cb
esi: 0xf04ed828
dup: 0xf04ed828
edi: 0x2cc
esi: 0xf04ed828
edi: 0x2d1
esi: 0x3
ebx: 0x3
ebx: 0xf04ed828
edi: 0x2d2
esi: 0xf04ed760
edi: 0x2d7
esi: 0x3
ebx: 0x3
ebx: 0xf04ed760
edi: 0x2d8
esi: 0xf04ed74c
edi: 0x2dd
esi: 0xf04ed74c
drop: 0xf04ed828
edi: 0x2de
esi: 0xf04ed828
drop: 0xc1
edi: 0x2df
esi: 0xc1
edi: 0x2e4
esi: 0xc1
edi: 0x2e9
esi: 0xc9
edi: 0x2ee
esi: 0xbf
edi: 0x3e9
esi: 0xc1
edi: 0x3f2
esi: 0xc1
edi: 0x3f7
esi: 0xc1
edi: 0x3fc
esi: 0xc9
edi: 0x401
esi: 0xc9
edi: 0x406
esi: 0xbf
edi: 0x407
esi: 0xb
edi: 0x2f7
esi: 0xb
edi: 0x2fc
esi: 0x1
edi: 0x2fd
esi: 0x3
edi: 0x302
esi: 0xc1
edi: 0x307
esi: 0x3
edi: 0x30c
esi: 0x3
edi: 0x311
esi: 0xbf
edi: 0x316
esi: 0xc9
edi: 0x31b
esi: 0xf04ed74c
edi: 0x324
esi: 0xf04ed83c
edi: 0x23f
esi: 0xbf
edi: 0x248
esi: 0xbf
edi: 0x24d
esi: 0xbf
edi: 0x252
esi: 0xf04ed83c
dup: 0xf04ed83c
edi: 0x253
esi: 0xf04ed83c
dup: 0xf04ed83c
edi: 0x254
esi: 0xf04ed83c
edi: 0x25d
esi: 0x3
edi: 0x268
esi: 0xf04ed83c
dup: 0xf04ed83c
edi: 0x269
esi: 0xf04ed83c
edi: 0x26e
esi: 0x1
ebx: 0x1
ebx: 0xf04ed83c
edi: 0x26f
esi: 0xc9
drop: 0xf04ed83c
edi: 0x270
esi: 0xf04ed83c
dup: 0xf04ed83c
edi: 0x271
esi: 0xf04ed83c
edi: 0x276
esi: 0x3
ebx: 0x3
ebx: 0xf04ed83c
edi: 0x277
esi: 0xf04ed74c
dup: 0xf04ed74c
edi: 0x278
esi: 0xf04ed74c
edi: 0x281
esi: 0x3
edi: 0x28c
esi: 0xf04ed74c
dup: 0xf04ed74c
edi: 0x28d
esi: 0xf04ed74c
edi: 0x292
esi: 0x1
ebx: 0x1
ebx: 0xf04ed74c
edi: 0x293
esi: 0xbd
drop: 0xf04ed74c
edi: 0x294
esi: 0xf04ed74c
dup: 0xf04ed74c
edi: 0x295
esi: 0xf04ed74c
edi: 0x29a
esi: 0x3
ebx: 0x3
ebx: 0xf04ed74c
edi: 0x29b
esi: 0xf04ed738
drop: 0xf04ed74c
edi: 0x29c
esi: 0xf04ed74c
drop: 0xf04ed83c
edi: 0x29d
esi: 0xf04ed83c
drop: 0xf04ed83c
edi: 0x29e
esi: 0xf04ed83c
dup: 0xf04ed83c
edi: 0x29f
esi: 0xf04ed83c
edi: 0x2a4
esi: 0x1
ebx: 0x1
ebx: 0xf04ed83c
edi: 0x2a5
esi: 0xc9
edi: 0x2aa
esi: 0xc9
drop: 0xf04ed83c
edi: 0x2ab
esi: 0xf04ed83c
dup: 0xf04ed83c
edi: 0x2ac
esi: 0xf04ed83c
edi: 0x2b1
esi: 0x3
ebx: 0x3
ebx: 0xf04ed83c
edi: 0x2b2
esi: 0xf04ed74c
edi: 0x2b7
esi: 0xf04ed74c
drop: 0xf04ed83c
edi: 0x2b8
esi: 0xf04ed83c
dup: 0xf04ed83c
edi: 0x2b9
esi: 0xf04ed83c
edi: 0x2be
esi: 0x3
ebx: 0x3
ebx: 0xf04ed83c
edi: 0x2bf
esi: 0xf04ed74c
edi: 0x2c4
esi: 0x1
ebx: 0x1
ebx: 0xf04ed74c
edi: 0x2c5
esi: 0xbd
edi: 0x2ca
esi: 0xbd
drop: 0xf04ed83c
edi: 0x2cb
esi: 0xf04ed83c
dup: 0xf04ed83c
edi: 0x2cc
esi: 0xf04ed83c
edi: 0x2d1
esi: 0x3
ebx: 0x3
ebx: 0xf04ed83c
edi: 0x2d2
esi: 0xf04ed74c
edi: 0x2d7
esi: 0x3
ebx: 0x3
ebx: 0xf04ed74c
edi: 0x2d8
esi: 0xf04ed738
edi: 0x2dd
esi: 0xf04ed738
drop: 0xf04ed83c
edi: 0x2de
esi: 0xf04ed83c
drop: 0xbf
edi: 0x2df
esi: 0xbf
edi: 0x2e4
esi: 0xbf
edi: 0x2e9
esi: 0xc9
edi: 0x2ee
esi: 0xbd
edi: 0x3e9
esi: 0xbf
edi: 0x3f2
esi: 0xbf
edi: 0x3f7
esi: 0xbf
edi: 0x3fc
esi: 0xc9
edi: 0x401
esi: 0xc9
edi: 0x406
esi: 0xbd
edi: 0x407
esi: 0xd
edi: 0x2f7
esi: 0xd
edi: 0x2fc
esi: 0x1
edi: 0x2fd
esi: 0x3
edi: 0x302
esi: 0xbf
edi: 0x307
esi: 0x3
edi: 0x30c
esi: 0x3
edi: 0x311
esi: 0xbd
edi: 0x316
esi: 0xc9
edi: 0x31b
esi: 0xf04ed738
edi: 0x324
esi: 0xf04ed850
edi: 0x23f
esi: 0xbd
edi: 0x248
esi: 0xbd
edi: 0x24d
esi: 0xbd
edi: 0x252
esi: 0xf04ed850
dup: 0xf04ed850
edi: 0x253
esi: 0xf04ed850
dup: 0xf04ed850
edi: 0x254
esi: 0xf04ed850
edi: 0x25d
esi: 0x3
edi: 0x268
esi: 0xf04ed850
dup: 0xf04ed850
edi: 0x269
esi: 0xf04ed850
edi: 0x26e
esi: 0x1
ebx: 0x1
ebx: 0xf04ed850
edi: 0x26f
esi: 0xc9
drop: 0xf04ed850
edi: 0x270
esi: 0xf04ed850
dup: 0xf04ed850
edi: 0x271
esi: 0xf04ed850
edi: 0x276
esi: 0x3
ebx: 0x3
ebx: 0xf04ed850
edi: 0x277
esi: 0xf04ed738
dup: 0xf04ed738
edi: 0x278
esi: 0xf04ed738
edi: 0x281
esi: 0x3
edi: 0x28c
esi: 0xf04ed738
dup: 0xf04ed738
edi: 0x28d
esi: 0xf04ed738
edi: 0x292
esi: 0x1
ebx: 0x1
ebx: 0xf04ed738
edi: 0x293
esi: 0xbb
drop: 0xf04ed738
edi: 0x294
esi: 0xf04ed738
dup: 0xf04ed738
edi: 0x295
esi: 0xf04ed738
edi: 0x29a
esi: 0x3
ebx: 0x3
ebx: 0xf04ed738
edi: 0x29b
esi: 0xf04ed724
drop: 0xf04ed738
edi: 0x29c
esi: 0xf04ed738
drop: 0xf04ed850
edi: 0x29d
esi: 0xf04ed850
drop: 0xf04ed850
edi: 0x29e
esi: 0xf04ed850
dup: 0xf04ed850
edi: 0x29f
esi: 0xf04ed850
edi: 0x2a4
esi: 0x1
ebx: 0x1
ebx: 0xf04ed850
edi: 0x2a5
esi: 0xc9
edi: 0x2aa
esi: 0xc9
drop: 0xf04ed850
edi: 0x2ab
esi: 0xf04ed850
dup: 0xf04ed850
edi: 0x2ac
esi: 0xf04ed850
edi: 0x2b1
esi: 0x3
ebx: 0x3
ebx: 0xf04ed850
edi: 0x2b2
esi: 0xf04ed738
edi: 0x2b7
esi: 0xf04ed738
drop: 0xf04ed850
edi: 0x2b8
esi: 0xf04ed850
dup: 0xf04ed850
edi: 0x2b9
esi: 0xf04ed850
edi: 0x2be
esi: 0x3
ebx: 0x3
ebx: 0xf04ed850
edi: 0x2bf
esi: 0xf04ed738
edi: 0x2c4
esi: 0x1
ebx: 0x1
ebx: 0xf04ed738
edi: 0x2c5
esi: 0xbb
edi: 0x2ca
esi: 0xbb
drop: 0xf04ed850
edi: 0x2cb
esi: 0xf04ed850
dup: 0xf04ed850
edi: 0x2cc
esi: 0xf04ed850
edi: 0x2d1
esi: 0x3
ebx: 0x3
ebx: 0xf04ed850
edi: 0x2d2
esi: 0xf04ed738
edi: 0x2d7
esi: 0x3
ebx: 0x3
ebx: 0xf04ed738
edi: 0x2d8
esi: 0xf04ed724
edi: 0x2dd
esi: 0xf04ed724
drop: 0xf04ed850
edi: 0x2de
esi: 0xf04ed850
drop: 0xbd
edi: 0x2df
esi: 0xbd
edi: 0x2e4
esi: 0xbd
edi: 0x2e9
esi: 0xc9
edi: 0x2ee
esi: 0xbb
edi: 0x3e9
esi: 0xbd
edi: 0x3f2
esi: 0xbd
edi: 0x3f7
esi: 0xbd
edi: 0x3fc
esi: 0xc9
edi: 0x401
esi: 0xc9
edi: 0x406
esi: 0xbb
edi: 0x407
esi: 0xf
edi: 0x2f7
esi: 0xf
edi: 0x2fc
esi: 0x1
edi: 0x2fd
esi: 0x3
edi: 0x302
esi: 0xbd
edi: 0x307
esi: 0x3
edi: 0x30c
esi: 0x3
edi: 0x311
esi: 0xbb
edi: 0x316
esi: 0xc9
edi: 0x31b
esi: 0xf04ed724
edi: 0x324
esi: 0xf04ed864
edi: 0x23f
esi: 0xbb
edi: 0x248
esi: 0xbb
edi: 0x24d
esi: 0xbb
edi: 0x252
esi: 0xf04ed864
dup: 0xf04ed864
edi: 0x253
esi: 0xf04ed864
dup: 0xf04ed864
edi: 0x254
esi: 0xf04ed864
edi: 0x25d
esi: 0x3
edi: 0x268
esi: 0xf04ed864
dup: 0xf04ed864
edi: 0x269
esi: 0xf04ed864
edi: 0x26e
esi: 0x1
ebx: 0x1
ebx: 0xf04ed864
edi: 0x26f
esi: 0xc9
drop: 0xf04ed864
edi: 0x270
esi: 0xf04ed864
dup: 0xf04ed864
edi: 0x271
esi: 0xf04ed864
edi: 0x276
esi: 0x3
ebx: 0x3
ebx: 0xf04ed864
edi: 0x277
esi: 0xf04ed724
dup: 0xf04ed724
edi: 0x278
esi: 0xf04ed724
edi: 0x281
esi: 0x3
edi: 0x28c
esi: 0xf04ed724
dup: 0xf04ed724
edi: 0x28d
esi: 0xf04ed724
edi: 0x292
esi: 0x1
ebx: 0x1
ebx: 0xf04ed724
edi: 0x293
esi: 0xb9
drop: 0xf04ed724
edi: 0x294
esi: 0xf04ed724
dup: 0xf04ed724
edi: 0x295
esi: 0xf04ed724
edi: 0x29a
esi: 0x3
ebx: 0x3
ebx: 0xf04ed724
edi: 0x29b
esi: 0xf04ed710
drop: 0xf04ed724
edi: 0x29c
esi: 0xf04ed724
drop: 0xf04ed864
edi: 0x29d
esi: 0xf04ed864
drop: 0xf04ed864
edi: 0x29e
esi: 0xf04ed864
dup: 0xf04ed864
edi: 0x29f
esi: 0xf04ed864
edi: 0x2a4
esi: 0x1
ebx: 0x1
ebx: 0xf04ed864
edi: 0x2a5
esi: 0xc9
edi: 0x2aa
esi: 0xc9
drop: 0xf04ed864
edi: 0x2ab
esi: 0xf04ed864
dup: 0xf04ed864
edi: 0x2ac
esi: 0xf04ed864
edi: 0x2b1
esi: 0x3
ebx: 0x3
ebx: 0xf04ed864
edi: 0x2b2
esi: 0xf04ed724
edi: 0x2b7
esi: 0xf04ed724
drop: 0xf04ed864
edi: 0x2b8
esi: 0xf04ed864
dup: 0xf04ed864
edi: 0x2b9
esi: 0xf04ed864
edi: 0x2be
esi: 0x3
ebx: 0x3
ebx: 0xf04ed864
edi: 0x2bf
esi: 0xf04ed724
edi: 0x2c4
esi: 0x1
ebx: 0x1
ebx: 0xf04ed724
edi: 0x2c5
esi: 0xb9
edi: 0x2ca
esi: 0xb9
drop: 0xf04ed864
edi: 0x2cb
esi: 0xf04ed864
dup: 0xf04ed864
edi: 0x2cc
esi: 0xf04ed864
edi: 0x2d1
esi: 0x3
ebx: 0x3
ebx: 0xf04ed864
edi: 0x2d2
esi: 0xf04ed724
edi: 0x2d7
esi: 0x3
ebx: 0x3
ebx: 0xf04ed724
edi: 0x2d8
esi: 0xf04ed710
edi: 0x2dd
esi: 0xf04ed710
drop: 0xf04ed864
edi: 0x2de
esi: 0xf04ed864
drop: 0xbb
edi: 0x2df
esi: 0xbb
edi: 0x2e4
esi: 0xbb
edi: 0x2e9
esi: 0xc9
edi: 0x2ee
esi: 0xb9
edi: 0x3e9
esi: 0xbb
edi: 0x3f2
esi: 0xbb
edi: 0x3f7
esi: 0xbb
edi: 0x3fc
esi: 0xc9
edi: 0x401
esi: 0xc9
edi: 0x406
esi: 0xb9
edi: 0x407
esi: 0x11
edi: 0x2f7
esi: 0x11
edi: 0x2fc
esi: 0x1
edi: 0x2fd
esi: 0x3
edi: 0x302
esi: 0xbb
edi: 0x307
esi: 0x3
edi: 0x30c
esi: 0x3
edi: 0x311
esi: 0xb9
edi: 0x316
esi: 0xc9
edi: 0x31b
esi: 0xf04ed710
edi: 0x324
esi: 0xf04ed878
edi: 0x23f
esi: 0xb9
edi: 0x248
esi: 0xb9
edi: 0x24d
esi: 0xb9
edi: 0x252
esi: 0xf04ed878
dup: 0xf04ed878
edi: 0x253
esi: 0xf04ed878
dup: 0xf04ed878
edi: 0x254
esi: 0xf04ed878
edi: 0x25d
esi: 0x3
edi: 0x268
esi: 0xf04ed878
dup: 0xf04ed878
edi: 0x269
esi: 0xf04ed878
edi: 0x26e
esi: 0x1
ebx: 0x1
ebx: 0xf04ed878
edi: 0x26f
esi: 0xc9
drop: 0xf04ed878
edi: 0x270
esi: 0xf04ed878
dup: 0xf04ed878
edi: 0x271
esi: 0xf04ed878
edi: 0x276
esi: 0x3
ebx: 0x3
ebx: 0xf04ed878
edi: 0x277
esi: 0xf04ed710
dup: 0xf04ed710
edi: 0x278
esi: 0xf04ed710
edi: 0x281
esi: 0x3
edi: 0x28c
esi: 0xf04ed710
dup: 0xf04ed710
edi: 0x28d
esi: 0xf04ed710
edi: 0x292
esi: 0x1
ebx: 0x1
ebx: 0xf04ed710
edi: 0x293
esi: 0xb7
drop: 0xf04ed710
edi: 0x294
esi: 0xf04ed710
dup: 0xf04ed710
edi: 0x295
esi: 0xf04ed710
edi: 0x29a
esi: 0x3
ebx: 0x3
ebx: 0xf04ed710
edi: 0x29b
esi: 0xf04ed6fc
drop: 0xf04ed710
edi: 0x29c
esi: 0xf04ed710
drop: 0xf04ed878
edi: 0x29d
esi: 0xf04ed878
drop: 0xf04ed878
edi: 0x29e
esi: 0xf04ed878
dup: 0xf04ed878
edi: 0x29f
esi: 0xf04ed878
edi: 0x2a4
esi: 0x1
ebx: 0x1
ebx: 0xf04ed878
edi: 0x2a5
esi: 0xc9
edi: 0x2aa
esi: 0xc9
drop: 0xf04ed878
edi: 0x2ab
esi: 0xf04ed878
dup: 0xf04ed878
edi: 0x2ac
esi: 0xf04ed878
edi: 0x2b1
esi: 0x3
ebx: 0x3
ebx: 0xf04ed878
edi: 0x2b2
esi: 0xf04ed710
edi: 0x2b7
esi: 0xf04ed710
drop: 0xf04ed878
edi: 0x2b8
esi: 0xf04ed878
dup: 0xf04ed878
edi: 0x2b9
esi: 0xf04ed878
edi: 0x2be
esi: 0x3
ebx: 0x3
ebx: 0xf04ed878
edi: 0x2bf
esi: 0xf04ed710
edi: 0x2c4
esi: 0x1
ebx: 0x1
ebx: 0xf04ed710
edi: 0x2c5
esi: 0xb7
edi: 0x2ca
esi: 0xb7
drop: 0xf04ed878
edi: 0x2cb
esi: 0xf04ed878
dup: 0xf04ed878
edi: 0x2cc
esi: 0xf04ed878
edi: 0x2d1
esi: 0x3
ebx: 0x3
ebx: 0xf04ed878
edi: 0x2d2
esi: 0xf04ed710
edi: 0x2d7
esi: 0x3
ebx: 0x3
ebx: 0xf04ed710
edi: 0x2d8
esi: 0xf04ed6fc
edi: 0x2dd
esi: 0xf04ed6fc
drop: 0xf04ed878
edi: 0x2de
esi: 0xf04ed878
drop: 0xb9
edi: 0x2df
esi: 0xb9
edi: 0x2e4
esi: 0xb9
edi: 0x2e9
esi: 0xc9
edi: 0x2ee
esi: 0xb7
edi: 0x3e9
esi: 0xb9
edi: 0x3f2
esi: 0xb9
edi: 0x3f7
esi: 0xb9
edi: 0x3fc
esi: 0xc9
edi: 0x401
esi: 0xc9
edi: 0x406
esi: 0xb7
edi: 0x407
esi: 0x13
edi: 0x2f7
esi: 0x13
edi: 0x2fc
esi: 0x1
edi: 0x2fd
esi: 0x3
edi: 0x302
esi: 0xb9
edi: 0x307
esi: 0x3
edi: 0x30c
esi: 0x3
edi: 0x311
esi: 0xb7
edi: 0x316
esi: 0xc9
edi: 0x31b
esi: 0xf04ed6fc
edi: 0x324
esi: 0xf04ed88c
edi: 0x23f
esi: 0xb7
edi: 0x248
esi: 0xb7
edi: 0x24d
esi: 0xb7
edi: 0x252
esi: 0xf04ed88c
dup: 0xf04ed88c
edi: 0x253
esi: 0xf04ed88c
dup: 0xf04ed88c
edi: 0x254
esi: 0xf04ed88c
edi: 0x25d
esi: 0x3
edi: 0x268
esi: 0xf04ed88c
dup: 0xf04ed88c
edi: 0x269
esi: 0xf04ed88c
edi: 0x26e
esi: 0x1
ebx: 0x1
ebx: 0xf04ed88c
edi: 0x26f
esi: 0xc9
drop: 0xf04ed88c
edi: 0x270
esi: 0xf04ed88c
dup: 0xf04ed88c
edi: 0x271
esi: 0xf04ed88c
edi: 0x276
esi: 0x3
ebx: 0x3
ebx: 0xf04ed88c
edi: 0x277
esi: 0xf04ed6fc
dup: 0xf04ed6fc
edi: 0x278
esi: 0xf04ed6fc
edi: 0x281
esi: 0x3
edi: 0x28c
esi: 0xf04ed6fc
dup: 0xf04ed6fc
edi: 0x28d
esi: 0xf04ed6fc
edi: 0x292
esi: 0x1
ebx: 0x1
ebx: 0xf04ed6fc
edi: 0x293
esi: 0xb5
drop: 0xf04ed6fc
edi: 0x294
esi: 0xf04ed6fc
dup: 0xf04ed6fc
edi: 0x295
esi: 0xf04ed6fc
edi: 0x29a
esi: 0x3
ebx: 0x3
ebx: 0xf04ed6fc
edi: 0x29b
esi: 0xf04ed6e8
drop: 0xf04ed6fc
edi: 0x29c
esi: 0xf04ed6fc
drop: 0xf04ed88c
edi: 0x29d
esi: 0xf04ed88c
drop: 0xf04ed88c
edi: 0x29e
esi: 0xf04ed88c
dup: 0xf04ed88c
edi: 0x29f
esi: 0xf04ed88c
edi: 0x2a4
esi: 0x1
ebx: 0x1
ebx: 0xf04ed88c
edi: 0x2a5
esi: 0xc9
edi: 0x2aa
esi: 0xc9
drop: 0xf04ed88c
edi: 0x2ab
esi: 0xf04ed88c
dup: 0xf04ed88c
edi: 0x2ac
esi: 0xf04ed88c
edi: 0x2b1
esi: 0x3
ebx: 0x3
ebx: 0xf04ed88c
edi: 0x2b2
esi: 0xf04ed6fc
edi: 0x2b7
esi: 0xf04ed6fc
drop: 0xf04ed88c
edi: 0x2b8
esi: 0xf04ed88c
dup: 0xf04ed88c
edi: 0x2b9
esi: 0xf04ed88c
edi: 0x2be
esi: 0x3
ebx: 0x3
ebx: 0xf04ed88c
edi: 0x2bf
esi: 0xf04ed6fc
edi: 0x2c4
esi: 0x1
ebx: 0x1
ebx: 0xf04ed6fc
edi: 0x2c5
esi: 0xb5
edi: 0x2ca
esi: 0xb5
drop: 0xf04ed88c
edi: 0x2cb
esi: 0xf04ed88c
dup: 0xf04ed88c
edi: 0x2cc
esi: 0xf04ed88c
edi: 0x2d1
esi: 0x3
ebx: 0x3
ebx: 0xf04ed88c
edi: 0x2d2
esi: 0xf04ed6fc
edi: 0x2d7
esi: 0x3
ebx: 0x3
ebx: 0xf04ed6fc
edi: 0x2d8
esi: 0xf04ed6e8
edi: 0x2dd
esi: 0xf04ed6e8
drop: 0xf04ed88c
edi: 0x2de
esi: 0xf04ed88c
drop: 0xb7
edi: 0x2df
esi: 0xb7
edi: 0x2e4
esi: 0xb7
edi: 0x2e9
esi: 0xc9
edi: 0x2ee
esi: 0xb5
edi: 0x3e9
esi: 0xb7
edi: 0x3f2
esi: 0xb7
edi: 0x3f7
esi: 0xb7
edi: 0x3fc
esi: 0xc9
edi: 0x401
esi: 0xc9
edi: 0x406
esi: 0xb5
edi: 0x407
esi: 0x15
edi: 0x2f7
esi: 0x15
edi: 0x2fc
esi: 0x1
edi: 0x2fd
esi: 0x3
edi: 0x302
esi: 0xb7
edi: 0x307
esi: 0x3
edi: 0x30c
esi: 0x3
edi: 0x311
esi: 0xb5
edi: 0x316
esi: 0xc9
edi: 0x31b
esi: 0xf04ed6e8
edi: 0x324
esi: 0xf04ed8a0
edi: 0x23f
esi: 0xb5
edi: 0x248
esi: 0xb5
edi: 0x24d
esi: 0xb5
edi: 0x252
esi: 0xf04ed8a0
dup: 0xf04ed8a0
edi: 0x253
esi: 0xf04ed8a0
dup: 0xf04ed8a0
edi: 0x254
esi: 0xf04ed8a0
edi: 0x25d
esi: 0x3
edi: 0x268
esi: 0xf04ed8a0
dup: 0xf04ed8a0
edi: 0x269
esi: 0xf04ed8a0
edi: 0x26e
esi: 0x1
ebx: 0x1
ebx: 0xf04ed8a0
edi: 0x26f
esi: 0xc9
drop: 0xf04ed8a0
edi: 0x270
esi: 0xf04ed8a0
dup: 0xf04ed8a0
edi: 0x271
esi: 0xf04ed8a0
edi: 0x276
esi: 0x3
ebx: 0x3
ebx: 0xf04ed8a0
edi: 0x277
esi: 0xf04ed6e8
dup: 0xf04ed6e8
edi: 0x278
esi: 0xf04ed6e8
edi: 0x281
esi: 0x3
edi: 0x28c
esi: 0xf04ed6e8
dup: 0xf04ed6e8
edi: 0x28d
esi: 0xf04ed6e8
edi: 0x292
esi: 0x1
ebx: 0x1
ebx: 0xf04ed6e8
edi: 0x293
esi: 0xb3
drop: 0xf04ed6e8
edi: 0x294
esi: 0xf04ed6e8
dup: 0xf04ed6e8
edi: 0x295
esi: 0xf04ed6e8
edi: 0x29a
esi: 0x3
ebx: 0x3
ebx: 0xf04ed6e8
edi: 0x29b
esi: 0xf04ed6d4
drop: 0xf04ed6e8
edi: 0x29c
esi: 0xf04ed6e8
drop: 0xf04ed8a0
edi: 0x29d
esi: 0xf04ed8a0
drop: 0xf04ed8a0
edi: 0x29e
esi: 0xf04ed8a0
dup: 0xf04ed8a0
edi: 0x29f
esi: 0xf04ed8a0
edi: 0x2a4
esi: 0x1
ebx: 0x1
ebx: 0xf04ed8a0
edi: 0x2a5
esi: 0xc9
edi: 0x2aa
esi: 0xc9
drop: 0xf04ed8a0
edi: 0x2ab
esi: 0xf04ed8a0
dup: 0xf04ed8a0
edi: 0x2ac
esi: 0xf04ed8a0
edi: 0x2b1
esi: 0x3
ebx: 0x3
ebx: 0xf04ed8a0
edi: 0x2b2
esi: 0xf04ed6e8
edi: 0x2b7
esi: 0xf04ed6e8
drop: 0xf04ed8a0
edi: 0x2b8
esi: 0xf04ed8a0
dup: 0xf04ed8a0
edi: 0x2b9
esi: 0xf04ed8a0
edi: 0x2be
esi: 0x3
ebx: 0x3
ebx: 0xf04ed8a0
edi: 0x2bf
esi: 0xf04ed6e8
edi: 0x2c4
esi: 0x1
ebx: 0x1
ebx: 0xf04ed6e8
edi: 0x2c5
esi: 0xb3
edi: 0x2ca
esi: 0xb3
drop: 0xf04ed8a0
edi: 0x2cb
esi: 0xf04ed8a0
dup: 0xf04ed8a0
edi: 0x2cc
esi: 0xf04ed8a0
edi: 0x2d1
esi: 0x3
ebx: 0x3
ebx: 0xf04ed8a0
edi: 0x2d2
esi: 0xf04ed6e8
edi: 0x2d7
esi: 0x3
ebx: 0x3
ebx: 0xf04ed6e8
edi: 0x2d8
esi: 0xf04ed6d4
edi: 0x2dd
esi: 0xf04ed6d4
drop: 0xf04ed8a0
edi: 0x2de
esi: 0xf04ed8a0
drop: 0xb5
edi: 0x2df
esi: 0xb5
edi: 0x2e4
esi: 0xb5
edi: 0x2e9
esi: 0xc9
edi: 0x2ee
esi: 0xb3
edi: 0x3e9
esi: 0xb5
edi: 0x3f2
esi: 0xb5
edi: 0x3f7
esi: 0xb5
edi: 0x3fc
esi: 0xc9
edi: 0x401
esi: 0xc9
edi: 0x406
esi: 0xb3
edi: 0x407
esi: 0x17
edi: 0x2f7
esi: 0x17
edi: 0x2fc
esi: 0x1
edi: 0x2fd
esi: 0x3
edi: 0x302
esi: 0xb5
edi: 0x307
esi: 0x3
edi: 0x30c
esi: 0x3
edi: 0x311
esi: 0xb3
edi: 0x316
esi: 0xc9
edi: 0x31b
esi: 0xf04ed6d4
edi: 0x324
esi: 0xf04ed8b4
edi: 0x23f
esi: 0xb3
edi: 0x248
esi: 0xb3
edi: 0x24d
esi: 0xb3
edi: 0x252
esi: 0xf04ed8b4
dup: 0xf04ed8b4
edi: 0x253
esi: 0xf04ed8b4
dup: 0xf04ed8b4
edi: 0x254
esi: 0xf04ed8b4
edi: 0x25d
esi: 0x3
edi: 0x268
esi: 0xf04ed8b4
dup: 0xf04ed8b4
edi: 0x269
esi: 0xf04ed8b4
edi: 0x26e
esi: 0x1
ebx: 0x1
ebx: 0xf04ed8b4
edi: 0x26f
esi: 0xc9
drop: 0xf04ed8b4
edi: 0x270
esi: 0xf04ed8b4
dup: 0xf04ed8b4
edi: 0x271
esi: 0xf04ed8b4
edi: 0x276
esi: 0x3
ebx: 0x3
ebx: 0xf04ed8b4
edi: 0x277
esi: 0xf04ed6d4
dup: 0xf04ed6d4
edi: 0x278
esi: 0xf04ed6d4
edi: 0x281
esi: 0x3
edi: 0x28c
esi: 0xf04ed6d4
dup: 0xf04ed6d4
edi: 0x28d
esi: 0xf04ed6d4
edi: 0x292
esi: 0x1
ebx: 0x1
ebx: 0xf04ed6d4
edi: 0x293
esi: 0xb1
drop: 0xf04ed6d4
edi: 0x294
esi: 0xf04ed6d4
dup: 0xf04ed6d4
edi: 0x295
esi: 0xf04ed6d4
edi: 0x29a
esi: 0x3
ebx: 0x3
ebx: 0xf04ed6d4
edi: 0x29b
esi: 0xf04ed6c0
drop: 0xf04ed6d4
edi: 0x29c
esi: 0xf04ed6d4
drop: 0xf04ed8b4
edi: 0x29d
esi: 0xf04ed8b4
drop: 0xf04ed8b4
edi: 0x29e
esi: 0xf04ed8b4
dup: 0xf04ed8b4
edi: 0x29f
esi: 0xf04ed8b4
edi: 0x2a4
esi: 0x1
ebx: 0x1
ebx: 0xf04ed8b4
edi: 0x2a5
esi: 0xc9
edi: 0x2aa
esi: 0xc9
drop: 0xf04ed8b4
edi: 0x2ab
esi: 0xf04ed8b4
dup: 0xf04ed8b4
edi: 0x2ac
esi: 0xf04ed8b4
edi: 0x2b1
esi: 0x3
ebx: 0x3
ebx: 0xf04ed8b4
edi: 0x2b2
esi: 0xf04ed6d4
edi: 0x2b7
esi: 0xf04ed6d4
drop: 0xf04ed8b4
edi: 0x2b8
esi: 0xf04ed8b4
dup: 0xf04ed8b4
edi: 0x2b9
esi: 0xf04ed8b4
edi: 0x2be
esi: 0x3
ebx: 0x3
ebx: 0xf04ed8b4
edi: 0x2bf
esi: 0xf04ed6d4
edi: 0x2c4
esi: 0x1
ebx: 0x1
ebx: 0xf04ed6d4
edi: 0x2c5
esi: 0xb1
edi: 0x2ca
esi: 0xb1
drop: 0xf04ed8b4
edi: 0x2cb
esi: 0xf04ed8b4
dup: 0xf04ed8b4
edi: 0x2cc
esi: 0xf04ed8b4
edi: 0x2d1
esi: 0x3
ebx: 0x3
ebx: 0xf04ed8b4
edi: 0x2d2
esi: 0xf04ed6d4
edi: 0x2d7
esi: 0x3
ebx: 0x3
ebx: 0xf04ed6d4
edi: 0x2d8
esi: 0xf04ed6c0
edi: 0x2dd
esi: 0xf04ed6c0
drop: 0xf04ed8b4
edi: 0x2de
esi: 0xf04ed8b4
drop: 0xb3
edi: 0x2df
esi: 0xb3
edi: 0x2e4
esi: 0xb3
edi: 0x2e9
esi: 0xc9
edi: 0x2ee
esi: 0xb1
edi: 0x3e9
esi: 0xb3
edi: 0x3f2
esi: 0xb3
edi: 0x3f7
esi: 0xb3
edi: 0x3fc
esi: 0xc9
edi: 0x401
esi: 0xc9
edi: 0x406
esi: 0xb1
edi: 0x407
esi: 0x19
edi: 0x2f7
esi: 0x19
edi: 0x2fc
esi: 0x1
edi: 0x2fd
esi: 0x3
edi: 0x302
esi: 0xb3
edi: 0x307
esi: 0x3
edi: 0x30c
esi: 0x3
edi: 0x311
esi: 0xb1
edi: 0x316
esi: 0xc9
edi: 0x31b
esi: 0xf04ed6c0
edi: 0x324
esi: 0xf04ed8c8
edi: 0x23f
esi: 0xb1
edi: 0x248
esi: 0xb1
edi: 0x24d
esi: 0xb1
edi: 0x252
esi: 0xf04ed8c8
dup: 0xf04ed8c8
edi: 0x253
esi: 0xf04ed8c8
dup: 0xf04ed8c8
edi: 0x254
esi: 0xf04ed8c8
edi: 0x25d
esi: 0x3
edi: 0x268
esi: 0xf04ed8c8
dup: 0xf04ed8c8
edi: 0x269
esi: 0xf04ed8c8
edi: 0x26e
esi: 0x1
ebx: 0x1
ebx: 0xf04ed8c8
edi: 0x26f
esi: 0xc9
drop: 0xf04ed8c8
edi: 0x270
esi: 0xf04ed8c8
dup: 0xf04ed8c8
edi: 0x271
esi: 0xf04ed8c8
edi: 0x276
esi: 0x3
ebx: 0x3
ebx: 0xf04ed8c8
edi: 0x277
esi: 0xf04ed6c0
dup: 0xf04ed6c0
edi: 0x278
esi: 0xf04ed6c0
edi: 0x281
esi: 0x3
edi: 0x28c
esi: 0xf04ed6c0
dup: 0xf04ed6c0
edi: 0x28d
esi: 0xf04ed6c0
edi: 0x292
esi: 0x1
ebx: 0x1
ebx: 0xf04ed6c0
edi: 0x293
esi: 0xaf
drop: 0xf04ed6c0
edi: 0x294
esi: 0xf04ed6c0
dup: 0xf04ed6c0
edi: 0x295
esi: 0xf04ed6c0
edi: 0x29a
esi: 0x3
ebx: 0x3
ebx: 0xf04ed6c0
edi: 0x29b
esi: 0xf04ed6ac
drop: 0xf04ed6c0
edi: 0x29c
esi: 0xf04ed6c0
drop: 0xf04ed8c8
edi: 0x29d
esi: 0xf04ed8c8
drop: 0xf04ed8c8
edi: 0x29e
esi: 0xf04ed8c8
dup: 0xf04ed8c8
edi: 0x29f
esi: 0xf04ed8c8
edi: 0x2a4
esi: 0x1
ebx: 0x1
ebx: 0xf04ed8c8
edi: 0x2a5
esi: 0xc9
edi: 0x2aa
esi: 0xc9
drop: 0xf04ed8c8
edi: 0x2ab
esi: 0xf04ed8c8
dup: 0xf04ed8c8
edi: 0x2ac
esi: 0xf04ed8c8
edi: 0x2b1
esi: 0x3
ebx: 0x3
ebx: 0xf04ed8c8
edi: 0x2b2
esi: 0xf04ed6c0
edi: 0x2b7
esi: 0xf04ed6c0
drop: 0xf04ed8c8
edi: 0x2b8
esi: 0xf04ed8c8
dup: 0xf04ed8c8
edi: 0x2b9
esi: 0xf04ed8c8
edi: 0x2be
esi: 0x3
ebx: 0x3
ebx: 0xf04ed8c8
edi: 0x2bf
esi: 0xf04ed6c0
edi: 0x2c4
esi: 0x1
ebx: 0x1
ebx: 0xf04ed6c0
edi: 0x2c5
esi: 0xaf
edi: 0x2ca
esi: 0xaf
drop: 0xf04ed8c8
edi: 0x2cb
esi: 0xf04ed8c8
dup: 0xf04ed8c8
edi: 0x2cc
esi: 0xf04ed8c8
edi: 0x2d1
esi: 0x3
ebx: 0x3
ebx: 0xf04ed8c8
edi: 0x2d2
esi: 0xf04ed6c0
edi: 0x2d7
esi: 0x3
ebx: 0x3
ebx: 0xf04ed6c0
edi: 0x2d8
esi: 0xf04ed6ac
edi: 0x2dd
esi: 0xf04ed6ac
drop: 0xf04ed8c8
edi: 0x2de
esi: 0xf04ed8c8
drop: 0xb1
edi: 0x2df
esi: 0xb1
edi: 0x2e4
esi: 0xb1
edi: 0x2e9
esi: 0xc9
edi: 0x2ee
esi: 0xaf
edi: 0x3e9
esi: 0xb1
edi: 0x3f2
esi: 0xb1
edi: 0x3f7
esi: 0xb1
edi: 0x3fc
esi: 0xc9
edi: 0x401
esi: 0xc9
edi: 0x406
esi: 0xaf
edi: 0x407
esi: 0x1b
edi: 0x2f7
esi: 0x1b
edi: 0x2fc
esi: 0x1
edi: 0x2fd
esi: 0x3
edi: 0x302
esi: 0xb1
edi: 0x307
esi: 0x3
edi: 0x30c
esi: 0x3
edi: 0x311
esi: 0xaf
edi: 0x316
esi: 0xc9
edi: 0x31b
esi: 0xf04ed6ac
edi: 0x324
esi: 0xf04ed8dc
edi: 0x23f
esi: 0xaf
edi: 0x248
esi: 0xaf
edi: 0x24d
esi: 0xaf
edi: 0x252
esi: 0xf04ed8dc
dup: 0xf04ed8dc
edi: 0x253
esi: 0xf04ed8dc
dup: 0xf04ed8dc
edi: 0x254
esi: 0xf04ed8dc
edi: 0x25d
esi: 0x3
edi: 0x268
esi: 0xf04ed8dc
dup: 0xf04ed8dc
edi: 0x269
esi: 0xf04ed8dc
edi: 0x26e
esi: 0x1
ebx: 0x1
ebx: 0xf04ed8dc
edi: 0x26f
esi: 0xc9
drop: 0xf04ed8dc
edi: 0x270
esi: 0xf04ed8dc
dup: 0xf04ed8dc
edi: 0x271
esi: 0xf04ed8dc
edi: 0x276
esi: 0x3
ebx: 0x3
ebx: 0xf04ed8dc
edi: 0x277
esi: 0xf04ed6ac
dup: 0xf04ed6ac
edi: 0x278
esi: 0xf04ed6ac
edi: 0x281
esi: 0x3
edi: 0x28c
esi: 0xf04ed6ac
dup: 0xf04ed6ac
edi: 0x28d
esi: 0xf04ed6ac
edi: 0x292
esi: 0x1
ebx: 0x1
ebx: 0xf04ed6ac
edi: 0x293
esi: 0xad
drop: 0xf04ed6ac
edi: 0x294
esi: 0xf04ed6ac
dup: 0xf04ed6ac
edi: 0x295
esi: 0xf04ed6ac
edi: 0x29a
esi: 0x3
ebx: 0x3
ebx: 0xf04ed6ac
edi: 0x29b
esi: 0xf04ed698
drop: 0xf04ed6ac
edi: 0x29c
esi: 0xf04ed6ac
drop: 0xf04ed8dc
edi: 0x29d
esi: 0xf04ed8dc
drop: 0xf04ed8dc
edi: 0x29e
esi: 0xf04ed8dc
dup: 0xf04ed8dc
edi: 0x29f
esi: 0xf04ed8dc
edi: 0x2a4
esi: 0x1
ebx: 0x1
ebx: 0xf04ed8dc
edi: 0x2a5
esi: 0xc9
edi: 0x2aa
esi: 0xc9
drop: 0xf04ed8dc
edi: 0x2ab
esi: 0xf04ed8dc
dup: 0xf04ed8dc
edi: 0x2ac
esi: 0xf04ed8dc
edi: 0x2b1
esi: 0x3
ebx: 0x3
ebx: 0xf04ed8dc
edi: 0x2b2
esi: 0xf04ed6ac
edi: 0x2b7
esi: 0xf04ed6ac
drop: 0xf04ed8dc
edi: 0x2b8
esi: 0xf04ed8dc
dup: 0xf04ed8dc
edi: 0x2b9
esi: 0xf04ed8dc
edi: 0x2be
esi: 0x3
ebx: 0x3
ebx: 0xf04ed8dc
edi: 0x2bf
esi: 0xf04ed6ac
edi: 0x2c4
esi: 0x1
ebx: 0x1
ebx: 0xf04ed6ac
edi: 0x2c5
esi: 0xad
edi: 0x2ca
esi: 0xad
drop: 0xf04ed8dc
edi: 0x2cb
esi: 0xf04ed8dc
dup: 0xf04ed8dc
edi: 0x2cc
esi: 0xf04ed8dc
edi: 0x2d1
esi: 0x3
ebx: 0x3
ebx: 0xf04ed8dc
edi: 0x2d2
esi: 0xf04ed6ac
edi: 0x2d7
esi: 0x3
ebx: 0x3
ebx: 0xf04ed6ac
edi: 0x2d8
esi: 0xf04ed698
edi: 0x2dd
esi: 0xf04ed698
drop: 0xf04ed8dc
edi: 0x2de
esi: 0xf04ed8dc
drop: 0xaf
edi: 0x2df
esi: 0xaf
edi: 0x2e4
esi: 0xaf
edi: 0x2e9
esi: 0xc9
edi: 0x2ee
esi: 0xad
edi: 0x3e9
esi: 0xaf
edi: 0x3f2
esi: 0xaf
edi: 0x3f7
esi: 0xaf
edi: 0x3fc
esi: 0xc9
edi: 0x401
esi: 0xc9
edi: 0x406
esi: 0xad
edi: 0x407
esi: 0x1d
edi: 0x2f7
esi: 0x1d
edi: 0x2fc
esi: 0x1
edi: 0x2fd
esi: 0x3
edi: 0x302
esi: 0xaf
edi: 0x307
esi: 0x3
edi: 0x30c
esi: 0x3
edi: 0x311
esi: 0xad
edi: 0x316
esi: 0xc9
edi: 0x31b
esi: 0xf04ed698
edi: 0x324
esi: 0xf04ed8f0
edi: 0x23f
esi: 0xad
edi: 0x248
esi: 0xad
edi: 0x24d
esi: 0xad
edi: 0x252
esi: 0xf04ed8f0
dup: 0xf04ed8f0
edi: 0x253
esi: 0xf04ed8f0
dup: 0xf04ed8f0
edi: 0x254
esi: 0xf04ed8f0
edi: 0x25d
esi: 0x3
edi: 0x268
esi: 0xf04ed8f0
dup: 0xf04ed8f0
edi: 0x269
esi: 0xf04ed8f0
edi: 0x26e
esi: 0x1
ebx: 0x1
ebx: 0xf04ed8f0
edi: 0x26f
esi: 0xc9
drop: 0xf04ed8f0
edi: 0x270
esi: 0xf04ed8f0
dup: 0xf04ed8f0
edi: 0x271
esi: 0xf04ed8f0
edi: 0x276
esi: 0x3
ebx: 0x3
ebx: 0xf04ed8f0
edi: 0x277
esi: 0xf04ed698
dup: 0xf04ed698
edi: 0x278
esi: 0xf04ed698
edi: 0x281
esi: 0x3
edi: 0x28c
esi: 0xf04ed698
dup: 0xf04ed698
edi: 0x28d
esi: 0xf04ed698
edi: 0x292
esi: 0x1
ebx: 0x1
ebx: 0xf04ed698
edi: 0x293
esi: 0xab
drop: 0xf04ed698
edi: 0x294
esi: 0xf04ed698
dup: 0xf04ed698
edi: 0x295
esi: 0xf04ed698
edi: 0x29a
esi: 0x3
ebx: 0x3
ebx: 0xf04ed698
edi: 0x29b
esi: 0xf04ed684
drop: 0xf04ed698
edi: 0x29c
esi: 0xf04ed698
drop: 0xf04ed8f0
edi: 0x29d
esi: 0xf04ed8f0
drop: 0xf04ed8f0
edi: 0x29e
esi: 0xf04ed8f0
dup: 0xf04ed8f0
edi: 0x29f
esi: 0xf04ed8f0
edi: 0x2a4
esi: 0x1
ebx: 0x1
ebx: 0xf04ed8f0
edi: 0x2a5
esi: 0xc9
edi: 0x2aa
esi: 0xc9
drop: 0xf04ed8f0
edi: 0x2ab
esi: 0xf04ed8f0
dup: 0xf04ed8f0
edi: 0x2ac
esi: 0xf04ed8f0
edi: 0x2b1
esi: 0x3
ebx: 0x3
ebx: 0xf04ed8f0
edi: 0x2b2
esi: 0xf04ed698
edi: 0x2b7
esi: 0xf04ed698
drop: 0xf04ed8f0
edi: 0x2b8
esi: 0xf04ed8f0
dup: 0xf04ed8f0
edi: 0x2b9
esi: 0xf04ed8f0
edi: 0x2be
esi: 0x3
ebx: 0x3
ebx: 0xf04ed8f0
edi: 0x2bf
esi: 0xf04ed698
edi: 0x2c4
esi: 0x1
ebx: 0x1
ebx: 0xf04ed698
edi: 0x2c5
esi: 0xab
edi: 0x2ca
esi: 0xab
drop: 0xf04ed8f0
edi: 0x2cb
esi: 0xf04ed8f0
dup: 0xf04ed8f0
edi: 0x2cc
esi: 0xf04ed8f0
edi: 0x2d1
esi: 0x3
ebx: 0x3
ebx: 0xf04ed8f0
edi: 0x2d2
esi: 0xf04ed698
edi: 0x2d7
esi: 0x3
ebx: 0x3
ebx: 0xf04ed698
edi: 0x2d8
esi: 0xf04ed684
edi: 0x2dd
esi: 0xf04ed684
drop: 0xf04ed8f0
edi: 0x2de
esi: 0xf04ed8f0
drop: 0xad
edi: 0x2df
esi: 0xad
edi: 0x2e4
esi: 0xad
edi: 0x2e9
esi: 0xc9
edi: 0x2ee
esi: 0xab
edi: 0x3e9
esi: 0xad
edi: 0x3f2
esi: 0xad
edi: 0x3f7
esi: 0xad
edi: 0x3fc
esi: 0xc9
edi: 0x401
esi: 0xc9
edi: 0x406
esi: 0xab
edi: 0x407
esi: 0x1f
edi: 0x2f7
esi: 0x1f
edi: 0x2fc
esi: 0x1
edi: 0x2fd
esi: 0x3
edi: 0x302
esi: 0xad
edi: 0x307
esi: 0x3
edi: 0x30c
esi: 0x3
edi: 0x311
esi: 0xab
edi: 0x316
esi: 0xc9
edi: 0x31b
esi: 0xf04ed684
edi: 0x324
esi: 0xf04ed904
edi: 0x23f
esi: 0xab
edi: 0x248
esi: 0xab
edi: 0x24d
esi: 0xab
edi: 0x252
esi: 0xf04ed904
dup: 0xf04ed904
edi: 0x253
esi: 0xf04ed904
dup: 0xf04ed904
edi: 0x254
esi: 0xf04ed904
edi: 0x25d
esi: 0x3
edi: 0x268
esi: 0xf04ed904
dup: 0xf04ed904
edi: 0x269
esi: 0xf04ed904
edi: 0x26e
esi: 0x1
ebx: 0x1
ebx: 0xf04ed904
edi: 0x26f
esi: 0xc9
drop: 0xf04ed904
edi: 0x270
esi: 0xf04ed904
dup: 0xf04ed904
edi: 0x271
esi: 0xf04ed904
edi: 0x276
esi: 0x3
ebx: 0x3
ebx: 0xf04ed904
edi: 0x277
esi: 0xf04ed684
dup: 0xf04ed684
edi: 0x278
esi: 0xf04ed684
edi: 0x281
esi: 0x3
edi: 0x28c
esi: 0xf04ed684
dup: 0xf04ed684
edi: 0x28d
esi: 0xf04ed684
edi: 0x292
esi: 0x1
ebx: 0x1
ebx: 0xf04ed684
edi: 0x293
esi: 0xa9
drop: 0xf04ed684
edi: 0x294
esi: 0xf04ed684
dup: 0xf04ed684
edi: 0x295
esi: 0xf04ed684
edi: 0x29a
esi: 0x3
ebx: 0x3
ebx: 0xf04ed684
edi: 0x29b
esi: 0xf04ed670
drop: 0xf04ed684
edi: 0x29c
esi: 0xf04ed684
drop: 0xf04ed904
edi: 0x29d
esi: 0xf04ed904
drop: 0xf04ed904
edi: 0x29e
esi: 0xf04ed904
dup: 0xf04ed904
edi: 0x29f
esi: 0xf04ed904
edi: 0x2a4
esi: 0x1
ebx: 0x1
ebx: 0xf04ed904
edi: 0x2a5
esi: 0xc9
edi: 0x2aa
esi: 0xc9
drop: 0xf04ed904
edi: 0x2ab
esi: 0xf04ed904
dup: 0xf04ed904
edi: 0x2ac
esi: 0xf04ed904
edi: 0x2b1
esi: 0x3
ebx: 0x3
ebx: 0xf04ed904
edi: 0x2b2
esi: 0xf04ed684
edi: 0x2b7
esi: 0xf04ed684
drop: 0xf04ed904
edi: 0x2b8
esi: 0xf04ed904
dup: 0xf04ed904
edi: 0x2b9
esi: 0xf04ed904
edi: 0x2be
esi: 0x3
ebx: 0x3
ebx: 0xf04ed904
edi: 0x2bf
esi: 0xf04ed684
edi: 0x2c4
esi: 0x1
ebx: 0x1
ebx: 0xf04ed684
edi: 0x2c5
esi: 0xa9
edi: 0x2ca
esi: 0xa9
drop: 0xf04ed904
edi: 0x2cb
esi: 0xf04ed904
dup: 0xf04ed904
edi: 0x2cc
esi: 0xf04ed904
edi: 0x2d1
esi: 0x3
ebx: 0x3
ebx: 0xf04ed904
edi: 0x2d2
esi: 0xf04ed684
edi: 0x2d7
esi: 0x3
ebx: 0x3
ebx: 0xf04ed684
edi: 0x2d8
esi: 0xf04ed670
edi: 0x2dd
esi: 0xf04ed670
drop: 0xf04ed904
edi: 0x2de
esi: 0xf04ed904
drop: 0xab
edi: 0x2df
esi: 0xab
edi: 0x2e4
esi: 0xab
edi: 0x2e9
esi: 0xc9
edi: 0x2ee
esi: 0xa9
edi: 0x3e9
esi: 0xab
edi: 0x3f2
esi: 0xab
edi: 0x3f7
esi: 0xab
edi: 0x3fc
esi: 0xc9
edi: 0x401
esi: 0xc9
edi: 0x406
esi: 0xa9
edi: 0x407
esi: 0x21
edi: 0x2f7
esi: 0x21
edi: 0x2fc
esi: 0x1
edi: 0x2fd
esi: 0x3
edi: 0x302
esi: 0xab
edi: 0x307
esi: 0x3
edi: 0x30c
esi: 0x3
edi: 0x311
esi: 0xa9
edi: 0x316
esi: 0xc9
edi: 0x31b
esi: 0xf04ed670
edi: 0x324
esi: 0xf04ed918
edi: 0x23f
esi: 0xa9
edi: 0x248
esi: 0xa9
edi: 0x24d
esi: 0xa9
edi: 0x252
esi: 0xf04ed918
dup: 0xf04ed918
edi: 0x253
esi: 0xf04ed918
dup: 0xf04ed918
edi: 0x254
esi: 0xf04ed918
edi: 0x25d
esi: 0x3
edi: 0x268
esi: 0xf04ed918
dup: 0xf04ed918
edi: 0x269
esi: 0xf04ed918
edi: 0x26e
esi: 0x1
ebx: 0x1
ebx: 0xf04ed918
edi: 0x26f
esi: 0xc9
drop: 0xf04ed918
edi: 0x270
esi: 0xf04ed918
dup: 0xf04ed918
edi: 0x271
esi: 0xf04ed918
edi: 0x276
esi: 0x3
ebx: 0x3
ebx: 0xf04ed918
edi: 0x277
esi: 0xf04ed670
dup: 0xf04ed670
edi: 0x278
esi: 0xf04ed670
edi: 0x281
esi: 0x3
edi: 0x28c
esi: 0xf04ed670
dup: 0xf04ed670
edi: 0x28d
esi: 0xf04ed670
edi: 0x292
esi: 0x1
ebx: 0x1
ebx: 0xf04ed670
edi: 0x293
esi: 0xa7
drop: 0xf04ed670
edi: 0x294
esi: 0xf04ed670
dup: 0xf04ed670
edi: 0x295
esi: 0xf04ed670
edi: 0x29a
esi: 0x3
ebx: 0x3
ebx: 0xf04ed670
edi: 0x29b
esi: 0xf04ed65c
drop: 0xf04ed670
edi: 0x29c
esi: 0xf04ed670
drop: 0xf04ed918
edi: 0x29d
esi: 0xf04ed918
drop: 0xf04ed918
edi: 0x29e
esi: 0xf04ed918
dup: 0xf04ed918
edi: 0x29f
esi: 0xf04ed918
edi: 0x2a4
esi: 0x1
ebx: 0x1
ebx: 0xf04ed918
edi: 0x2a5
esi: 0xc9
edi: 0x2aa
esi: 0xc9
drop: 0xf04ed918
edi: 0x2ab
esi: 0xf04ed918
dup: 0xf04ed918
edi: 0x2ac
esi: 0xf04ed918
edi: 0x2b1
esi: 0x3
ebx: 0x3
ebx: 0xf04ed918
edi: 0x2b2
esi: 0xf04ed670
edi: 0x2b7
esi: 0xf04ed670
drop: 0xf04ed918
edi: 0x2b8
esi: 0xf04ed918
dup: 0xf04ed918
edi: 0x2b9
esi: 0xf04ed918
edi: 0x2be
esi: 0x3
ebx: 0x3
ebx: 0xf04ed918
edi: 0x2bf
esi: 0xf04ed670
edi: 0x2c4
esi: 0x1
ebx: 0x1
ebx: 0xf04ed670
edi: 0x2c5
esi: 0xa7
edi: 0x2ca
esi: 0xa7
drop: 0xf04ed918
edi: 0x2cb
esi: 0xf04ed918
dup: 0xf04ed918
edi: 0x2cc
esi: 0xf04ed918
edi: 0x2d1
esi: 0x3
ebx: 0x3
ebx: 0xf04ed918
edi: 0x2d2
esi: 0xf04ed670
edi: 0x2d7
esi: 0x3
ebx: 0x3
ebx: 0xf04ed670
edi: 0x2d8
esi: 0xf04ed65c
edi: 0x2dd
esi: 0xf04ed65c
drop: 0xf04ed918
edi: 0x2de
esi: 0xf04ed918
drop: 0xa9
edi: 0x2df
esi: 0xa9
edi: 0x2e4
esi: 0xa9
edi: 0x2e9
esi: 0xc9
edi: 0x2ee
esi: 0xa7
edi: 0x3e9
esi: 0xa9
edi: 0x3f2
esi: 0xa9
edi: 0x3f7
esi: 0xa9
edi: 0x3fc
esi: 0xc9
edi: 0x401
esi: 0xc9
edi: 0x406
esi: 0xa7
edi: 0x407
esi: 0x23
edi: 0x2f7
esi: 0x23
edi: 0x2fc
esi: 0x1
edi: 0x2fd
esi: 0x3
edi: 0x302
esi: 0xa9
edi: 0x307
esi: 0x3
edi: 0x30c
esi: 0x3
edi: 0x311
esi: 0xa7
edi: 0x316
esi: 0xc9
edi: 0x31b
esi: 0xf04ed65c
edi: 0x324
esi: 0xf04ed92c
edi: 0x23f
esi: 0xa7
edi: 0x248
esi: 0xa7
edi: 0x24d
esi: 0xa7
edi: 0x252
esi: 0xf04ed92c
dup: 0xf04ed92c
edi: 0x253
esi: 0xf04ed92c
dup: 0xf04ed92c
edi: 0x254
esi: 0xf04ed92c
edi: 0x25d
esi: 0x3
edi: 0x268
esi: 0xf04ed92c
dup: 0xf04ed92c
edi: 0x269
esi: 0xf04ed92c
edi: 0x26e
esi: 0x1
ebx: 0x1
ebx: 0xf04ed92c
edi: 0x26f
esi: 0xc9
drop: 0xf04ed92c
edi: 0x270
esi: 0xf04ed92c
dup: 0xf04ed92c
edi: 0x271
esi: 0xf04ed92c
edi: 0x276
esi: 0x3
ebx: 0x3
ebx: 0xf04ed92c
edi: 0x277
esi: 0xf04ed65c
dup: 0xf04ed65c
edi: 0x278
esi: 0xf04ed65c
edi: 0x281
esi: 0x3
edi: 0x28c
esi: 0xf04ed65c
dup: 0xf04ed65c
edi: 0x28d
esi: 0xf04ed65c
edi: 0x292
esi: 0x1
ebx: 0x1
ebx: 0xf04ed65c
edi: 0x293
esi: 0xa5
drop: 0xf04ed65c
edi: 0x294
esi: 0xf04ed65c
dup: 0xf04ed65c
edi: 0x295
esi: 0xf04ed65c
edi: 0x29a
esi: 0x3
ebx: 0x3
ebx: 0xf04ed65c
edi: 0x29b
esi: 0xf04ed648
drop: 0xf04ed65c
edi: 0x29c
esi: 0xf04ed65c
drop: 0xf04ed92c
edi: 0x29d
esi: 0xf04ed92c
drop: 0xf04ed92c
edi: 0x29e
esi: 0xf04ed92c
dup: 0xf04ed92c
edi: 0x29f
esi: 0xf04ed92c
edi: 0x2a4
esi: 0x1
ebx: 0x1
ebx: 0xf04ed92c
edi: 0x2a5
esi: 0xc9
edi: 0x2aa
esi: 0xc9
drop: 0xf04ed92c
edi: 0x2ab
esi: 0xf04ed92c
dup: 0xf04ed92c
edi: 0x2ac
esi: 0xf04ed92c
edi: 0x2b1
esi: 0x3
ebx: 0x3
ebx: 0xf04ed92c
edi: 0x2b2
esi: 0xf04ed65c
edi: 0x2b7
esi: 0xf04ed65c
drop: 0xf04ed92c
edi: 0x2b8
esi: 0xf04ed92c
dup: 0xf04ed92c
edi: 0x2b9
esi: 0xf04ed92c
edi: 0x2be
esi: 0x3
ebx: 0x3
ebx: 0xf04ed92c
edi: 0x2bf
esi: 0xf04ed65c
edi: 0x2c4
esi: 0x1
ebx: 0x1
ebx: 0xf04ed65c
edi: 0x2c5
esi: 0xa5
edi: 0x2ca
esi: 0xa5
drop: 0xf04ed92c
edi: 0x2cb
esi: 0xf04ed92c
dup: 0xf04ed92c
edi: 0x2cc
esi: 0xf04ed92c
edi: 0x2d1
esi: 0x3
ebx: 0x3
ebx: 0xf04ed92c
edi: 0x2d2
esi: 0xf04ed65c
edi: 0x2d7
esi: 0x3
ebx: 0x3
ebx: 0xf04ed65c
edi: 0x2d8
esi: 0xf04ed648
edi: 0x2dd
esi: 0xf04ed648
drop: 0xf04ed92c
edi: 0x2de
esi: 0xf04ed92c
drop: 0xa7
edi: 0x2df
esi: 0xa7
edi: 0x2e4
esi: 0xa7
edi: 0x2e9
esi: 0xc9
edi: 0x2ee
esi: 0xa5
edi: 0x3e9
esi: 0xa7
edi: 0x3f2
esi: 0xa7
edi: 0x3f7
esi: 0xa7
edi: 0x3fc
esi: 0xc9
edi: 0x401
esi: 0xc9
edi: 0x406
esi: 0xa5
edi: 0x407
esi: 0x25
edi: 0x2f7
esi: 0x25
edi: 0x2fc
esi: 0x1
edi: 0x2fd
esi: 0x3
edi: 0x302
esi: 0xa7
edi: 0x307
esi: 0x3
edi: 0x30c
esi: 0x3
edi: 0x311
esi: 0xa5
edi: 0x316
esi: 0xc9
edi: 0x31b
esi: 0xf04ed648
edi: 0x324
esi: 0xf04ed940
edi: 0x23f
esi: 0xa5
edi: 0x248
esi: 0xa5
edi: 0x24d
esi: 0xa5
edi: 0x252
esi: 0xf04ed940
dup: 0xf04ed940
edi: 0x253
esi: 0xf04ed940
dup: 0xf04ed940
edi: 0x254
esi: 0xf04ed940
edi: 0x25d
esi: 0x3
edi: 0x268
esi: 0xf04ed940
dup: 0xf04ed940
edi: 0x269
esi: 0xf04ed940
edi: 0x26e
esi: 0x1
ebx: 0x1
ebx: 0xf04ed940
edi: 0x26f
esi: 0xc9
drop: 0xf04ed940
edi: 0x270
esi: 0xf04ed940
dup: 0xf04ed940
edi: 0x271
esi: 0xf04ed940
edi: 0x276
esi: 0x3
ebx: 0x3
ebx: 0xf04ed940
edi: 0x277
esi: 0xf04ed648
dup: 0xf04ed648
edi: 0x278
esi: 0xf04ed648
edi: 0x281
esi: 0x3
edi: 0x28c
esi: 0xf04ed648
dup: 0xf04ed648
edi: 0x28d
esi: 0xf04ed648
edi: 0x292
esi: 0x1
ebx: 0x1
ebx: 0xf04ed648
edi: 0x293
esi: 0xa3
drop: 0xf04ed648
edi: 0x294
esi: 0xf04ed648
dup: 0xf04ed648
edi: 0x295
esi: 0xf04ed648
edi: 0x29a
esi: 0x3
ebx: 0x3
ebx: 0xf04ed648
edi: 0x29b
esi: 0xf04ed634
drop: 0xf04ed648
edi: 0x29c
esi: 0xf04ed648
drop: 0xf04ed940
edi: 0x29d
esi: 0xf04ed940
drop: 0xf04ed940
edi: 0x29e
esi: 0xf04ed940
dup: 0xf04ed940
edi: 0x29f
esi: 0xf04ed940
edi: 0x2a4
esi: 0x1
ebx: 0x1
ebx: 0xf04ed940
edi: 0x2a5
esi: 0xc9
edi: 0x2aa
esi: 0xc9
drop: 0xf04ed940
edi: 0x2ab
esi: 0xf04ed940
dup: 0xf04ed940
edi: 0x2ac
esi: 0xf04ed940
edi: 0x2b1
esi: 0x3
ebx: 0x3
ebx: 0xf04ed940
edi: 0x2b2
esi: 0xf04ed648
edi: 0x2b7
esi: 0xf04ed648
drop: 0xf04ed940
edi: 0x2b8
esi: 0xf04ed940
dup: 0xf04ed940
edi: 0x2b9
esi: 0xf04ed940
edi: 0x2be
esi: 0x3
ebx: 0x3
ebx: 0xf04ed940
edi: 0x2bf
esi: 0xf04ed648
edi: 0x2c4
esi: 0x1
ebx: 0x1
ebx: 0xf04ed648
edi: 0x2c5
esi: 0xa3
edi: 0x2ca
esi: 0xa3
drop: 0xf04ed940
edi: 0x2cb
esi: 0xf04ed940
dup: 0xf04ed940
edi: 0x2cc
esi: 0xf04ed940
edi: 0x2d1
esi: 0x3
ebx: 0x3
ebx: 0xf04ed940
edi: 0x2d2
esi: 0xf04ed648
edi: 0x2d7
esi: 0x3
ebx: 0x3
ebx: 0xf04ed648
edi: 0x2d8
esi: 0xf04ed634
edi: 0x2dd
esi: 0xf04ed634
drop: 0xf04ed940
edi: 0x2de
esi: 0xf04ed940
drop: 0xa5
edi: 0x2df
esi: 0xa5
edi: 0x2e4
esi: 0xa5
edi: 0x2e9
esi: 0xc9
edi: 0x2ee
esi: 0xa3
edi: 0x3e9
esi: 0xa5
edi: 0x3f2
esi: 0xa5
edi: 0x3f7
esi: 0xa5
edi: 0x3fc
esi: 0xc9
edi: 0x401
esi: 0xc9
edi: 0x406
esi: 0xa3
edi: 0x407
esi: 0x27
edi: 0x2f7
esi: 0x27
edi: 0x2fc
esi: 0x1
edi: 0x2fd
esi: 0x3
edi: 0x302
esi: 0xa5
edi: 0x307
esi: 0x3
edi: 0x30c
esi: 0x3
edi: 0x311
esi: 0xa3
edi: 0x316
esi: 0xc9
edi: 0x31b
esi: 0xf04ed634
edi: 0x324
esi: 0xf04ed954
edi: 0x23f
esi: 0xa3
edi: 0x248
esi: 0xa3
edi: 0x24d
esi: 0xa3
edi: 0x252
esi: 0xf04ed954
dup: 0xf04ed954
edi: 0x253
esi: 0xf04ed954
dup: 0xf04ed954
edi: 0x254
esi: 0xf04ed954
edi: 0x25d
esi: 0x3
edi: 0x268
esi: 0xf04ed954
dup: 0xf04ed954
edi: 0x269
esi: 0xf04ed954
edi: 0x26e
esi: 0x1
ebx: 0x1
ebx: 0xf04ed954
edi: 0x26f
esi: 0xc9
drop: 0xf04ed954
edi: 0x270
esi: 0xf04ed954
dup: 0xf04ed954
edi: 0x271
esi: 0xf04ed954
edi: 0x276
esi: 0x3
ebx: 0x3
ebx: 0xf04ed954
edi: 0x277
esi: 0xf04ed634
dup: 0xf04ed634
edi: 0x278
esi: 0xf04ed634
edi: 0x281
esi: 0x3
edi: 0x28c
esi: 0xf04ed634
dup: 0xf04ed634
edi: 0x28d
esi: 0xf04ed634
edi: 0x292
esi: 0x1
ebx: 0x1
ebx: 0xf04ed634
edi: 0x293
esi: 0xa1
drop: 0xf04ed634
edi: 0x294
esi: 0xf04ed634
dup: 0xf04ed634
edi: 0x295
esi: 0xf04ed634
edi: 0x29a
esi: 0x3
ebx: 0x3
ebx: 0xf04ed634
edi: 0x29b
esi: 0xf04ed620
drop: 0xf04ed634
edi: 0x29c
esi: 0xf04ed634
drop: 0xf04ed954
edi: 0x29d
esi: 0xf04ed954
drop: 0xf04ed954
edi: 0x29e
esi: 0xf04ed954
dup: 0xf04ed954
edi: 0x29f
esi: 0xf04ed954
edi: 0x2a4
esi: 0x1
ebx: 0x1
ebx: 0xf04ed954
edi: 0x2a5
esi: 0xc9
edi: 0x2aa
esi: 0xc9
drop: 0xf04ed954
edi: 0x2ab
esi: 0xf04ed954
dup: 0xf04ed954
edi: 0x2ac
esi: 0xf04ed954
edi: 0x2b1
esi: 0x3
ebx: 0x3
ebx: 0xf04ed954
edi: 0x2b2
esi: 0xf04ed634
edi: 0x2b7
esi: 0xf04ed634
drop: 0xf04ed954
edi: 0x2b8
esi: 0xf04ed954
dup: 0xf04ed954
edi: 0x2b9
esi: 0xf04ed954
edi: 0x2be
esi: 0x3
ebx: 0x3
ebx: 0xf04ed954
edi: 0x2bf
esi: 0xf04ed634
edi: 0x2c4
esi: 0x1
ebx: 0x1
ebx: 0xf04ed634
edi: 0x2c5
esi: 0xa1
edi: 0x2ca
esi: 0xa1
drop: 0xf04ed954
edi: 0x2cb
esi: 0xf04ed954
dup: 0xf04ed954
edi: 0x2cc
esi: 0xf04ed954
edi: 0x2d1
esi: 0x3
ebx: 0x3
ebx: 0xf04ed954
edi: 0x2d2
esi: 0xf04ed634
edi: 0x2d7
esi: 0x3
ebx: 0x3
ebx: 0xf04ed634
edi: 0x2d8
esi: 0xf04ed620
edi: 0x2dd
esi: 0xf04ed620
drop: 0xf04ed954
edi: 0x2de
esi: 0xf04ed954
drop: 0xa3
edi: 0x2df
esi: 0xa3
edi: 0x2e4
esi: 0xa3
edi: 0x2e9
esi: 0xc9
edi: 0x2ee
esi: 0xa1
edi: 0x3e9
esi: 0xa3
edi: 0x3f2
esi: 0xa3
edi: 0x3f7
esi: 0xa3
edi: 0x3fc
esi: 0xc9
edi: 0x401
esi: 0xc9
edi: 0x406
esi: 0xa1
edi: 0x407
esi: 0x29
edi: 0x2f7
esi: 0x29
edi: 0x2fc
esi: 0x1
edi: 0x2fd
esi: 0x3
edi: 0x302
esi: 0xa3
edi: 0x307
esi: 0x3
edi: 0x30c
esi: 0x3
edi: 0x311
esi: 0xa1
edi: 0x316
esi: 0xc9
edi: 0x31b
esi: 0xf04ed620
edi: 0x324
esi: 0xf04ed968
edi: 0x23f
esi: 0xa1
edi: 0x248
esi: 0xa1
edi: 0x24d
esi: 0xa1
edi: 0x252
esi: 0xf04ed968
dup: 0xf04ed968
edi: 0x253
esi: 0xf04ed968
dup: 0xf04ed968
edi: 0x254
esi: 0xf04ed968
edi: 0x25d
esi: 0x3
edi: 0x268
esi: 0xf04ed968
dup: 0xf04ed968
edi: 0x269
esi: 0xf04ed968
edi: 0x26e
esi: 0x1
ebx: 0x1
ebx: 0xf04ed968
edi: 0x26f
esi: 0xc9
drop: 0xf04ed968
edi: 0x270
esi: 0xf04ed968
dup: 0xf04ed968
edi: 0x271
esi: 0xf04ed968
edi: 0x276
esi: 0x3
ebx: 0x3
ebx: 0xf04ed968
edi: 0x277
esi: 0xf04ed620
dup: 0xf04ed620
edi: 0x278
esi: 0xf04ed620
edi: 0x281
esi: 0x3
edi: 0x28c
esi: 0xf04ed620
dup: 0xf04ed620
edi: 0x28d
esi: 0xf04ed620
edi: 0x292
esi: 0x1
ebx: 0x1
ebx: 0xf04ed620
edi: 0x293
esi: 0x9f
drop: 0xf04ed620
edi: 0x294
esi: 0xf04ed620
dup: 0xf04ed620
edi: 0x295
esi: 0xf04ed620
edi: 0x29a
esi: 0x3
ebx: 0x3
ebx: 0xf04ed620
edi: 0x29b
esi: 0xf04ed60c
drop: 0xf04ed620
edi: 0x29c
esi: 0xf04ed620
drop: 0xf04ed968
edi: 0x29d
esi: 0xf04ed968
drop: 0xf04ed968
edi: 0x29e
esi: 0xf04ed968
dup: 0xf04ed968
edi: 0x29f
esi: 0xf04ed968
edi: 0x2a4
esi: 0x1
ebx: 0x1
ebx: 0xf04ed968
edi: 0x2a5
esi: 0xc9
edi: 0x2aa
esi: 0xc9
drop: 0xf04ed968
edi: 0x2ab
esi: 0xf04ed968
dup: 0xf04ed968
edi: 0x2ac
esi: 0xf04ed968
edi: 0x2b1
esi: 0x3
ebx: 0x3
ebx: 0xf04ed968
edi: 0x2b2
esi: 0xf04ed620
edi: 0x2b7
esi: 0xf04ed620
drop: 0xf04ed968
edi: 0x2b8
esi: 0xf04ed968
dup: 0xf04ed968
edi: 0x2b9
esi: 0xf04ed968
edi: 0x2be
esi: 0x3
ebx: 0x3
ebx: 0xf04ed968
edi: 0x2bf
esi: 0xf04ed620
edi: 0x2c4
esi: 0x1
ebx: 0x1
ebx: 0xf04ed620
edi: 0x2c5
esi: 0x9f
edi: 0x2ca
esi: 0x9f
drop: 0xf04ed968
edi: 0x2cb
esi: 0xf04ed968
dup: 0xf04ed968
edi: 0x2cc
esi: 0xf04ed968
edi: 0x2d1
esi: 0x3
ebx: 0x3
ebx: 0xf04ed968
edi: 0x2d2
esi: 0xf04ed620
edi: 0x2d7
esi: 0x3
ebx: 0x3
ebx: 0xf04ed620
edi: 0x2d8
esi: 0xf04ed60c
edi: 0x2dd
esi: 0xf04ed60c
drop: 0xf04ed968
edi: 0x2de
esi: 0xf04ed968
drop: 0xa1
edi: 0x2df
esi: 0xa1
edi: 0x2e4
esi: 0xa1
edi: 0x2e9
esi: 0xc9
edi: 0x2ee
esi: 0x9f
edi: 0x3e9
esi: 0xa1
edi: 0x3f2
esi: 0xa1
edi: 0x3f7
esi: 0xa1
edi: 0x3fc
esi: 0xc9
edi: 0x401
esi: 0xc9
edi: 0x406
esi: 0x9f
edi: 0x407
esi: 0x2b
edi: 0x2f7
esi: 0x2b
edi: 0x2fc
esi: 0x1
edi: 0x2fd
esi: 0x3
edi: 0x302
esi: 0xa1
edi: 0x307
esi: 0x3
edi: 0x30c
esi: 0x3
edi: 0x311
esi: 0x9f
edi: 0x316
esi: 0xc9
edi: 0x31b
esi: 0xf04ed60c
edi: 0x324
esi: 0xf04ed97c
edi: 0x23f
esi: 0x9f
edi: 0x248
esi: 0x9f
edi: 0x24d
esi: 0x9f
edi: 0x252
esi: 0xf04ed97c
dup: 0xf04ed97c
edi: 0x253
esi: 0xf04ed97c
dup: 0xf04ed97c
edi: 0x254
esi: 0xf04ed97c
edi: 0x25d
esi: 0x3
edi: 0x268
esi: 0xf04ed97c
dup: 0xf04ed97c
edi: 0x269
esi: 0xf04ed97c
edi: 0x26e
esi: 0x1
ebx: 0x1
ebx: 0xf04ed97c
edi: 0x26f
esi: 0xc9
drop: 0xf04ed97c
edi: 0x270
esi: 0xf04ed97c
dup: 0xf04ed97c
edi: 0x271
esi: 0xf04ed97c
edi: 0x276
esi: 0x3
ebx: 0x3
ebx: 0xf04ed97c
edi: 0x277
esi: 0xf04ed60c
dup: 0xf04ed60c
edi: 0x278
esi: 0xf04ed60c
edi: 0x281
esi: 0x3
edi: 0x28c
esi: 0xf04ed60c
dup: 0xf04ed60c
edi: 0x28d
esi: 0xf04ed60c
edi: 0x292
esi: 0x1
ebx: 0x1
ebx: 0xf04ed60c
edi: 0x293
esi: 0x9d
drop: 0xf04ed60c
edi: 0x294
esi: 0xf04ed60c
dup: 0xf04ed60c
edi: 0x295
esi: 0xf04ed60c
edi: 0x29a
esi: 0x3
ebx: 0x3
ebx: 0xf04ed60c
edi: 0x29b
esi: 0xf04ed5f8
drop: 0xf04ed60c
edi: 0x29c
esi: 0xf04ed60c
drop: 0xf04ed97c
edi: 0x29d
esi: 0xf04ed97c
drop: 0xf04ed97c
edi: 0x29e
esi: 0xf04ed97c
dup: 0xf04ed97c
edi: 0x29f
esi: 0xf04ed97c
edi: 0x2a4
esi: 0x1
ebx: 0x1
ebx: 0xf04ed97c
edi: 0x2a5
esi: 0xc9
edi: 0x2aa
esi: 0xc9
drop: 0xf04ed97c
edi: 0x2ab
esi: 0xf04ed97c
dup: 0xf04ed97c
edi: 0x2ac
esi: 0xf04ed97c
edi: 0x2b1
esi: 0x3
ebx: 0x3
ebx: 0xf04ed97c
edi: 0x2b2
esi: 0xf04ed60c
edi: 0x2b7
esi: 0xf04ed60c
drop: 0xf04ed97c
edi: 0x2b8
esi: 0xf04ed97c
dup: 0xf04ed97c
edi: 0x2b9
esi: 0xf04ed97c
edi: 0x2be
esi: 0x3
ebx: 0x3
ebx: 0xf04ed97c
edi: 0x2bf
esi: 0xf04ed60c
edi: 0x2c4
esi: 0x1
ebx: 0x1
ebx: 0xf04ed60c
edi: 0x2c5
esi: 0x9d
edi: 0x2ca
esi: 0x9d
drop: 0xf04ed97c
edi: 0x2cb
esi: 0xf04ed97c
dup: 0xf04ed97c
edi: 0x2cc
esi: 0xf04ed97c
edi: 0x2d1
esi: 0x3
ebx: 0x3
ebx: 0xf04ed97c
edi: 0x2d2
esi: 0xf04ed60c
edi: 0x2d7
esi: 0x3
ebx: 0x3
ebx: 0xf04ed60c
edi: 0x2d8
esi: 0xf04ed5f8
edi: 0x2dd
esi: 0xf04ed5f8
drop: 0xf04ed97c
edi: 0x2de
esi: 0xf04ed97c
drop: 0x9f
edi: 0x2df
esi: 0x9f
edi: 0x2e4
esi: 0x9f
edi: 0x2e9
esi: 0xc9
edi: 0x2ee
esi: 0x9d
edi: 0x3e9
esi: 0x9f
edi: 0x3f2
esi: 0x9f
edi: 0x3f7
esi: 0x9f
edi: 0x3fc
esi: 0xc9
edi: 0x401
esi: 0xc9
edi: 0x406
esi: 0x9d
edi: 0x407
esi: 0x2d
edi: 0x2f7
esi: 0x2d
edi: 0x2fc
esi: 0x1
edi: 0x2fd
esi: 0x3
edi: 0x302
esi: 0x9f
edi: 0x307
esi: 0x3
edi: 0x30c
esi: 0x3
edi: 0x311
esi: 0x9d
edi: 0x316
esi: 0xc9
edi: 0x31b
esi: 0xf04ed5f8
edi: 0x324
esi: 0xf04ed990
edi: 0x23f
esi: 0x9d
edi: 0x248
esi: 0x9d
edi: 0x24d
esi: 0x9d
edi: 0x252
esi: 0xf04ed990
dup: 0xf04ed990
edi: 0x253
esi: 0xf04ed990
dup: 0xf04ed990
edi: 0x254
esi: 0xf04ed990
edi: 0x25d
esi: 0x3
edi: 0x268
esi: 0xf04ed990
dup: 0xf04ed990
edi: 0x269
esi: 0xf04ed990
edi: 0x26e
esi: 0x1
ebx: 0x1
ebx: 0xf04ed990
edi: 0x26f
esi: 0xc9
drop: 0xf04ed990
edi: 0x270
esi: 0xf04ed990
dup: 0xf04ed990
edi: 0x271
esi: 0xf04ed990
edi: 0x276
esi: 0x3
ebx: 0x3
ebx: 0xf04ed990
edi: 0x277
esi: 0xf04ed5f8
dup: 0xf04ed5f8
edi: 0x278
esi: 0xf04ed5f8
edi: 0x281
esi: 0x3
edi: 0x28c
esi: 0xf04ed5f8
dup: 0xf04ed5f8
edi: 0x28d
esi: 0xf04ed5f8
edi: 0x292
esi: 0x1
ebx: 0x1
ebx: 0xf04ed5f8
edi: 0x293
esi: 0x9b
drop: 0xf04ed5f8
edi: 0x294
esi: 0xf04ed5f8
dup: 0xf04ed5f8
edi: 0x295
esi: 0xf04ed5f8
edi: 0x29a
esi: 0x3
ebx: 0x3
ebx: 0xf04ed5f8
edi: 0x29b
esi: 0xf04ed5e4
drop: 0xf04ed5f8
edi: 0x29c
esi: 0xf04ed5f8
drop: 0xf04ed990
edi: 0x29d
esi: 0xf04ed990
drop: 0xf04ed990
edi: 0x29e
esi: 0xf04ed990
dup: 0xf04ed990
edi: 0x29f
esi: 0xf04ed990
edi: 0x2a4
esi: 0x1
ebx: 0x1
ebx: 0xf04ed990
edi: 0x2a5
esi: 0xc9
edi: 0x2aa
esi: 0xc9
drop: 0xf04ed990
edi: 0x2ab
esi: 0xf04ed990
dup: 0xf04ed990
edi: 0x2ac
esi: 0xf04ed990
edi: 0x2b1
esi: 0x3
ebx: 0x3
ebx: 0xf04ed990
edi: 0x2b2
esi: 0xf04ed5f8
edi: 0x2b7
esi: 0xf04ed5f8
drop: 0xf04ed990
edi: 0x2b8
esi: 0xf04ed990
dup: 0xf04ed990
edi: 0x2b9
esi: 0xf04ed990
edi: 0x2be
esi: 0x3
ebx: 0x3
ebx: 0xf04ed990
edi: 0x2bf
esi: 0xf04ed5f8
edi: 0x2c4
esi: 0x1
ebx: 0x1
ebx: 0xf04ed5f8
edi: 0x2c5
esi: 0x9b
edi: 0x2ca
esi: 0x9b
drop: 0xf04ed990
edi: 0x2cb
esi: 0xf04ed990
dup: 0xf04ed990
edi: 0x2cc
esi: 0xf04ed990
edi: 0x2d1
esi: 0x3
ebx: 0x3
ebx: 0xf04ed990
edi: 0x2d2
esi: 0xf04ed5f8
edi: 0x2d7
esi: 0x3
ebx: 0x3
ebx: 0xf04ed5f8
edi: 0x2d8
esi: 0xf04ed5e4
edi: 0x2dd
esi: 0xf04ed5e4
drop: 0xf04ed990
edi: 0x2de
esi: 0xf04ed990
drop: 0x9d
edi: 0x2df
esi: 0x9d
edi: 0x2e4
esi: 0x9d
edi: 0x2e9
esi: 0xc9
edi: 0x2ee
esi: 0x9b
edi: 0x3e9
esi: 0x9d
edi: 0x3f2
esi: 0x9d
edi: 0x3f7
esi: 0x9d
edi: 0x3fc
esi: 0xc9
edi: 0x401
esi: 0xc9
edi: 0x406
esi: 0x9b
edi: 0x407
esi: 0x2f
edi: 0x2f7
esi: 0x2f
edi: 0x2fc
esi: 0x1
edi: 0x2fd
esi: 0x3
edi: 0x302
esi: 0x9d
edi: 0x307
esi: 0x3
edi: 0x30c
esi: 0x3
edi: 0x311
esi: 0x9b
edi: 0x316
esi: 0xc9
edi: 0x31b
esi: 0xf04ed5e4
edi: 0x324
esi: 0xf04ed9a4
edi: 0x23f
esi: 0x9b
edi: 0x248
esi: 0x9b
edi: 0x24d
esi: 0x9b
edi: 0x252
esi: 0xf04ed9a4
dup: 0xf04ed9a4
edi: 0x253
esi: 0xf04ed9a4
dup: 0xf04ed9a4
edi: 0x254
esi: 0xf04ed9a4
edi: 0x25d
esi: 0x3
edi: 0x268
esi: 0xf04ed9a4
dup: 0xf04ed9a4
edi: 0x269
esi: 0xf04ed9a4
edi: 0x26e
esi: 0x1
ebx: 0x1
ebx: 0xf04ed9a4
edi: 0x26f
esi: 0xc9
drop: 0xf04ed9a4
edi: 0x270
esi: 0xf04ed9a4
dup: 0xf04ed9a4
edi: 0x271
esi: 0xf04ed9a4
edi: 0x276
esi: 0x3
ebx: 0x3
ebx: 0xf04ed9a4
edi: 0x277
esi: 0xf04ed5e4
dup: 0xf04ed5e4
edi: 0x278
esi: 0xf04ed5e4
edi: 0x281
esi: 0x3
edi: 0x28c
esi: 0xf04ed5e4
dup: 0xf04ed5e4
edi: 0x28d
esi: 0xf04ed5e4
edi: 0x292
esi: 0x1
ebx: 0x1
ebx: 0xf04ed5e4
edi: 0x293
esi: 0x99
drop: 0xf04ed5e4
edi: 0x294
esi: 0xf04ed5e4
dup: 0xf04ed5e4
edi: 0x295
esi: 0xf04ed5e4
edi: 0x29a
esi: 0x3
ebx: 0x3
ebx: 0xf04ed5e4
edi: 0x29b
esi: 0xf04ed5d0
drop: 0xf04ed5e4
edi: 0x29c
esi: 0xf04ed5e4
drop: 0xf04ed9a4
edi: 0x29d
esi: 0xf04ed9a4
drop: 0xf04ed9a4
edi: 0x29e
esi: 0xf04ed9a4
dup: 0xf04ed9a4
edi: 0x29f
esi: 0xf04ed9a4
edi: 0x2a4
esi: 0x1
ebx: 0x1
ebx: 0xf04ed9a4
edi: 0x2a5
esi: 0xc9
edi: 0x2aa
esi: 0xc9
drop: 0xf04ed9a4
edi: 0x2ab
esi: 0xf04ed9a4
dup: 0xf04ed9a4
edi: 0x2ac
esi: 0xf04ed9a4
edi: 0x2b1
esi: 0x3
ebx: 0x3
ebx: 0xf04ed9a4
edi: 0x2b2
esi: 0xf04ed5e4
edi: 0x2b7
esi: 0xf04ed5e4
drop: 0xf04ed9a4
edi: 0x2b8
esi: 0xf04ed9a4
dup: 0xf04ed9a4
edi: 0x2b9
esi: 0xf04ed9a4
edi: 0x2be
esi: 0x3
ebx: 0x3
ebx: 0xf04ed9a4
edi: 0x2bf
esi: 0xf04ed5e4
edi: 0x2c4
esi: 0x1
ebx: 0x1
ebx: 0xf04ed5e4
edi: 0x2c5
esi: 0x99
edi: 0x2ca
esi: 0x99
drop: 0xf04ed9a4
edi: 0x2cb
esi: 0xf04ed9a4
dup: 0xf04ed9a4
edi: 0x2cc
esi: 0xf04ed9a4
edi: 0x2d1
esi: 0x3
ebx: 0x3
ebx: 0xf04ed9a4
edi: 0x2d2
esi: 0xf04ed5e4
edi: 0x2d7
esi: 0x3
ebx: 0x3
ebx: 0xf04ed5e4
edi: 0x2d8
esi: 0xf04ed5d0
edi: 0x2dd
esi: 0xf04ed5d0
drop: 0xf04ed9a4
edi: 0x2de
esi: 0xf04ed9a4
drop: 0x9b
edi: 0x2df
esi: 0x9b
edi: 0x2e4
esi: 0x9b
edi: 0x2e9
esi: 0xc9
edi: 0x2ee
esi: 0x99
edi: 0x3e9
esi: 0x9b
edi: 0x3f2
esi: 0x9b
edi: 0x3f7
esi: 0x9b
edi: 0x3fc
esi: 0xc9
edi: 0x401
esi: 0xc9
edi: 0x406
esi: 0x99
edi: 0x407
esi: 0x31
edi: 0x2f7
esi: 0x31
edi: 0x2fc
esi: 0x1
edi: 0x2fd
esi: 0x3
edi: 0x302
esi: 0x9b
edi: 0x307
esi: 0x3
edi: 0x30c
esi: 0x3
edi: 0x311
esi: 0x99
edi: 0x316
esi: 0xc9
edi: 0x31b
esi: 0xf04ed5d0
edi: 0x324
esi: 0xf04ed9b8
edi: 0x23f
esi: 0x99
edi: 0x248
esi: 0x99
edi: 0x24d
esi: 0x99
edi: 0x252
esi: 0xf04ed9b8
dup: 0xf04ed9b8
edi: 0x253
esi: 0xf04ed9b8
dup: 0xf04ed9b8
edi: 0x254
esi: 0xf04ed9b8
edi: 0x25d
esi: 0x3
edi: 0x268
esi: 0xf04ed9b8
dup: 0xf04ed9b8
edi: 0x269
esi: 0xf04ed9b8
edi: 0x26e
esi: 0x1
ebx: 0x1
ebx: 0xf04ed9b8
edi: 0x26f
esi: 0xc9
drop: 0xf04ed9b8
edi: 0x270
esi: 0xf04ed9b8
dup: 0xf04ed9b8
edi: 0x271
esi: 0xf04ed9b8
edi: 0x276
esi: 0x3
ebx: 0x3
ebx: 0xf04ed9b8
edi: 0x277
esi: 0xf04ed5d0
dup: 0xf04ed5d0
edi: 0x278
esi: 0xf04ed5d0
edi: 0x281
esi: 0x3
edi: 0x28c
esi: 0xf04ed5d0
dup: 0xf04ed5d0
edi: 0x28d
esi: 0xf04ed5d0
edi: 0x292
esi: 0x1
ebx: 0x1
ebx: 0xf04ed5d0
edi: 0x293
esi: 0x97
drop: 0xf04ed5d0
edi: 0x294
esi: 0xf04ed5d0
dup: 0xf04ed5d0
edi: 0x295
esi: 0xf04ed5d0
edi: 0x29a
esi: 0x3
ebx: 0x3
ebx: 0xf04ed5d0
edi: 0x29b
esi: 0xf04ed5bc
drop: 0xf04ed5d0
edi: 0x29c
esi: 0xf04ed5d0
drop: 0xf04ed9b8
edi: 0x29d
esi: 0xf04ed9b8
drop: 0xf04ed9b8
edi: 0x29e
esi: 0xf04ed9b8
dup: 0xf04ed9b8
edi: 0x29f
esi: 0xf04ed9b8
edi: 0x2a4
esi: 0x1
ebx: 0x1
ebx: 0xf04ed9b8
edi: 0x2a5
esi: 0xc9
edi: 0x2aa
esi: 0xc9
drop: 0xf04ed9b8
edi: 0x2ab
esi: 0xf04ed9b8
dup: 0xf04ed9b8
edi: 0x2ac
esi: 0xf04ed9b8
edi: 0x2b1
esi: 0x3
ebx: 0x3
ebx: 0xf04ed9b8
edi: 0x2b2
esi: 0xf04ed5d0
edi: 0x2b7
esi: 0xf04ed5d0
drop: 0xf04ed9b8
edi: 0x2b8
esi: 0xf04ed9b8
dup: 0xf04ed9b8
edi: 0x2b9
esi: 0xf04ed9b8
edi: 0x2be
esi: 0x3
ebx: 0x3
ebx: 0xf04ed9b8
edi: 0x2bf
esi: 0xf04ed5d0
edi: 0x2c4
esi: 0x1
ebx: 0x1
ebx: 0xf04ed5d0
edi: 0x2c5
esi: 0x97
edi: 0x2ca
esi: 0x97
drop: 0xf04ed9b8
edi: 0x2cb
esi: 0xf04ed9b8
dup: 0xf04ed9b8
edi: 0x2cc
esi: 0xf04ed9b8
edi: 0x2d1
esi: 0x3
ebx: 0x3
ebx: 0xf04ed9b8
edi: 0x2d2
esi: 0xf04ed5d0
edi: 0x2d7
esi: 0x3
ebx: 0x3
ebx: 0xf04ed5d0
edi: 0x2d8
esi: 0xf04ed5bc
edi: 0x2dd
esi: 0xf04ed5bc
drop: 0xf04ed9b8
edi: 0x2de
esi: 0xf04ed9b8
drop: 0x99
edi: 0x2df
esi: 0x99
edi: 0x2e4
esi: 0x99
edi: 0x2e9
esi: 0xc9
edi: 0x2ee
esi: 0x97
edi: 0x3e9
esi: 0x99
edi: 0x3f2
esi: 0x99
edi: 0x3f7
esi: 0x99
edi: 0x3fc
esi: 0xc9
edi: 0x401
esi: 0xc9
edi: 0x406
esi: 0x97
edi: 0x407
esi: 0x33
edi: 0x2f7
esi: 0x33
edi: 0x2fc
esi: 0x1
edi: 0x2fd
esi: 0x3
edi: 0x302
esi: 0x99
edi: 0x307
esi: 0x3
edi: 0x30c
esi: 0x3
edi: 0x311
esi: 0x97
edi: 0x316
esi: 0xc9
edi: 0x31b
esi: 0xf04ed5bc
edi: 0x324
esi: 0xf04ed9cc
edi: 0x23f
esi: 0x97
edi: 0x248
esi: 0x97
edi: 0x24d
esi: 0x97
edi: 0x252
esi: 0xf04ed9cc
dup: 0xf04ed9cc
edi: 0x253
esi: 0xf04ed9cc
dup: 0xf04ed9cc
edi: 0x254
esi: 0xf04ed9cc
edi: 0x25d
esi: 0x3
edi: 0x268
esi: 0xf04ed9cc
dup: 0xf04ed9cc
edi: 0x269
esi: 0xf04ed9cc
edi: 0x26e
esi: 0x1
ebx: 0x1
ebx: 0xf04ed9cc
edi: 0x26f
esi: 0xc9
drop: 0xf04ed9cc
edi: 0x270
esi: 0xf04ed9cc
dup: 0xf04ed9cc
edi: 0x271
esi: 0xf04ed9cc
edi: 0x276
esi: 0x3
ebx: 0x3
ebx: 0xf04ed9cc
edi: 0x277
esi: 0xf04ed5bc
dup: 0xf04ed5bc
edi: 0x278
esi: 0xf04ed5bc
edi: 0x281
esi: 0x3
edi: 0x28c
esi: 0xf04ed5bc
dup: 0xf04ed5bc
edi: 0x28d
esi: 0xf04ed5bc
edi: 0x292
esi: 0x1
ebx: 0x1
ebx: 0xf04ed5bc
edi: 0x293
esi: 0x95
drop: 0xf04ed5bc
edi: 0x294
esi: 0xf04ed5bc
dup: 0xf04ed5bc
edi: 0x295
esi: 0xf04ed5bc
edi: 0x29a
esi: 0x3
ebx: 0x3
ebx: 0xf04ed5bc
edi: 0x29b
esi: 0xf04ed5a8
drop: 0xf04ed5bc
edi: 0x29c
esi: 0xf04ed5bc
drop: 0xf04ed9cc
edi: 0x29d
esi: 0xf04ed9cc
drop: 0xf04ed9cc
edi: 0x29e
esi: 0xf04ed9cc
dup: 0xf04ed9cc
edi: 0x29f
esi: 0xf04ed9cc
edi: 0x2a4
esi: 0x1
ebx: 0x1
ebx: 0xf04ed9cc
edi: 0x2a5
esi: 0xc9
edi: 0x2aa
esi: 0xc9
drop: 0xf04ed9cc
edi: 0x2ab
esi: 0xf04ed9cc
dup: 0xf04ed9cc
edi: 0x2ac
esi: 0xf04ed9cc
edi: 0x2b1
esi: 0x3
ebx: 0x3
ebx: 0xf04ed9cc
edi: 0x2b2
esi: 0xf04ed5bc
edi: 0x2b7
esi: 0xf04ed5bc
drop: 0xf04ed9cc
edi: 0x2b8
esi: 0xf04ed9cc
dup: 0xf04ed9cc
edi: 0x2b9
esi: 0xf04ed9cc
edi: 0x2be
esi: 0x3
ebx: 0x3
ebx: 0xf04ed9cc
edi: 0x2bf
esi: 0xf04ed5bc
edi: 0x2c4
esi: 0x1
ebx: 0x1
ebx: 0xf04ed5bc
edi: 0x2c5
esi: 0x95
edi: 0x2ca
esi: 0x95
drop: 0xf04ed9cc
edi: 0x2cb
esi: 0xf04ed9cc
dup: 0xf04ed9cc
edi: 0x2cc
esi: 0xf04ed9cc
edi: 0x2d1
esi: 0x3
ebx: 0x3
ebx: 0xf04ed9cc
edi: 0x2d2
esi: 0xf04ed5bc
edi: 0x2d7
esi: 0x3
ebx: 0x3
ebx: 0xf04ed5bc
edi: 0x2d8
esi: 0xf04ed5a8
edi: 0x2dd
esi: 0xf04ed5a8
drop: 0xf04ed9cc
edi: 0x2de
esi: 0xf04ed9cc
drop: 0x97
edi: 0x2df
esi: 0x97
edi: 0x2e4
esi: 0x97
edi: 0x2e9
esi: 0xc9
edi: 0x2ee
esi: 0x95
edi: 0x3e9
esi: 0x97
edi: 0x3f2
esi: 0x97
edi: 0x3f7
esi: 0x97
edi: 0x3fc
esi: 0xc9
edi: 0x401
esi: 0xc9
edi: 0x406
esi: 0x95
edi: 0x407
esi: 0x35
edi: 0x2f7
esi: 0x35
edi: 0x2fc
esi: 0x1
edi: 0x2fd
esi: 0x3
edi: 0x302
esi: 0x97
edi: 0x307
esi: 0x3
edi: 0x30c
esi: 0x3
edi: 0x311
esi: 0x95
edi: 0x316
esi: 0xc9
edi: 0x31b
esi: 0xf04ed5a8
edi: 0x324
esi: 0xf04ed9e0
edi: 0x23f
esi: 0x95
edi: 0x248
esi: 0x95
edi: 0x24d
esi: 0x95
edi: 0x252
esi: 0xf04ed9e0
dup: 0xf04ed9e0
edi: 0x253
esi: 0xf04ed9e0
dup: 0xf04ed9e0
edi: 0x254
esi: 0xf04ed9e0
edi: 0x25d
esi: 0x3
edi: 0x268
esi: 0xf04ed9e0
dup: 0xf04ed9e0
edi: 0x269
esi: 0xf04ed9e0
edi: 0x26e
esi: 0x1
ebx: 0x1
ebx: 0xf04ed9e0
edi: 0x26f
esi: 0xc9
drop: 0xf04ed9e0
edi: 0x270
esi: 0xf04ed9e0
dup: 0xf04ed9e0
edi: 0x271
esi: 0xf04ed9e0
edi: 0x276
esi: 0x3
ebx: 0x3
ebx: 0xf04ed9e0
edi: 0x277
esi: 0xf04ed5a8
dup: 0xf04ed5a8
edi: 0x278
esi: 0xf04ed5a8
edi: 0x281
esi: 0x3
edi: 0x28c
esi: 0xf04ed5a8
dup: 0xf04ed5a8
edi: 0x28d
esi: 0xf04ed5a8
edi: 0x292
esi: 0x1
ebx: 0x1
ebx: 0xf04ed5a8
edi: 0x293
esi: 0x93
drop: 0xf04ed5a8
edi: 0x294
esi: 0xf04ed5a8
dup: 0xf04ed5a8
edi: 0x295
esi: 0xf04ed5a8
edi: 0x29a
esi: 0x3
ebx: 0x3
ebx: 0xf04ed5a8
edi: 0x29b
esi: 0xf04ed594
drop: 0xf04ed5a8
edi: 0x29c
esi: 0xf04ed5a8
drop: 0xf04ed9e0
edi: 0x29d
esi: 0xf04ed9e0
drop: 0xf04ed9e0
edi: 0x29e
esi: 0xf04ed9e0
dup: 0xf04ed9e0
edi: 0x29f
esi: 0xf04ed9e0
edi: 0x2a4
esi: 0x1
ebx: 0x1
ebx: 0xf04ed9e0
edi: 0x2a5
esi: 0xc9
edi: 0x2aa
esi: 0xc9
drop: 0xf04ed9e0
edi: 0x2ab
esi: 0xf04ed9e0
dup: 0xf04ed9e0
edi: 0x2ac
esi: 0xf04ed9e0
edi: 0x2b1
esi: 0x3
ebx: 0x3
ebx: 0xf04ed9e0
edi: 0x2b2
esi: 0xf04ed5a8
edi: 0x2b7
esi: 0xf04ed5a8
drop: 0xf04ed9e0
edi: 0x2b8
esi: 0xf04ed9e0
dup: 0xf04ed9e0
edi: 0x2b9
esi: 0xf04ed9e0
edi: 0x2be
esi: 0x3
ebx: 0x3
ebx: 0xf04ed9e0
edi: 0x2bf
esi: 0xf04ed5a8
edi: 0x2c4
esi: 0x1
ebx: 0x1
ebx: 0xf04ed5a8
edi: 0x2c5
esi: 0x93
edi: 0x2ca
esi: 0x93
drop: 0xf04ed9e0
edi: 0x2cb
esi: 0xf04ed9e0
dup: 0xf04ed9e0
edi: 0x2cc
esi: 0xf04ed9e0
edi: 0x2d1
esi: 0x3
ebx: 0x3
ebx: 0xf04ed9e0
edi: 0x2d2
esi: 0xf04ed5a8
edi: 0x2d7
esi: 0x3
ebx: 0x3
ebx: 0xf04ed5a8
edi: 0x2d8
esi: 0xf04ed594
edi: 0x2dd
esi: 0xf04ed594
drop: 0xf04ed9e0
edi: 0x2de
esi: 0xf04ed9e0
drop: 0x95
edi: 0x2df
esi: 0x95
edi: 0x2e4
esi: 0x95
edi: 0x2e9
esi: 0xc9
edi: 0x2ee
esi: 0x93
edi: 0x3e9
esi: 0x95
edi: 0x3f2
esi: 0x95
edi: 0x3f7
esi: 0x95
edi: 0x3fc
esi: 0xc9
edi: 0x401
esi: 0xc9
edi: 0x406
esi: 0x93
edi: 0x407
esi: 0x37
edi: 0x2f7
esi: 0x37
edi: 0x2fc
esi: 0x1
edi: 0x2fd
esi: 0x3
edi: 0x302
esi: 0x95
edi: 0x307
esi: 0x3
edi: 0x30c
esi: 0x3
edi: 0x311
esi: 0x93
edi: 0x316
esi: 0xc9
edi: 0x31b
esi: 0xf04ed594
edi: 0x324
esi: 0xf04ed9f4
edi: 0x23f
esi: 0x93
edi: 0x248
esi: 0x93
edi: 0x24d
esi: 0x93
edi: 0x252
esi: 0xf04ed9f4
dup: 0xf04ed9f4
edi: 0x253
esi: 0xf04ed9f4
dup: 0xf04ed9f4
edi: 0x254
esi: 0xf04ed9f4
edi: 0x25d
esi: 0x3
edi: 0x268
esi: 0xf04ed9f4
dup: 0xf04ed9f4
edi: 0x269
esi: 0xf04ed9f4
edi: 0x26e
esi: 0x1
ebx: 0x1
ebx: 0xf04ed9f4
edi: 0x26f
esi: 0xc9
drop: 0xf04ed9f4
edi: 0x270
esi: 0xf04ed9f4
dup: 0xf04ed9f4
edi: 0x271
esi: 0xf04ed9f4
edi: 0x276
esi: 0x3
ebx: 0x3
ebx: 0xf04ed9f4
edi: 0x277
esi: 0xf04ed594
dup: 0xf04ed594
edi: 0x278
esi: 0xf04ed594
edi: 0x281
esi: 0x3
edi: 0x28c
esi: 0xf04ed594
dup: 0xf04ed594
edi: 0x28d
esi: 0xf04ed594
edi: 0x292
esi: 0x1
ebx: 0x1
ebx: 0xf04ed594
edi: 0x293
esi: 0x91
drop: 0xf04ed594
edi: 0x294
esi: 0xf04ed594
dup: 0xf04ed594
edi: 0x295
esi: 0xf04ed594
edi: 0x29a
esi: 0x3
ebx: 0x3
ebx: 0xf04ed594
edi: 0x29b
esi: 0xf04ed580
drop: 0xf04ed594
edi: 0x29c
esi: 0xf04ed594
drop: 0xf04ed9f4
edi: 0x29d
esi: 0xf04ed9f4
drop: 0xf04ed9f4
edi: 0x29e
esi: 0xf04ed9f4
dup: 0xf04ed9f4
edi: 0x29f
esi: 0xf04ed9f4
edi: 0x2a4
esi: 0x1
ebx: 0x1
ebx: 0xf04ed9f4
edi: 0x2a5
esi: 0xc9
edi: 0x2aa
esi: 0xc9
drop: 0xf04ed9f4
edi: 0x2ab
esi: 0xf04ed9f4
dup: 0xf04ed9f4
edi: 0x2ac
esi: 0xf04ed9f4
edi: 0x2b1
esi: 0x3
ebx: 0x3
ebx: 0xf04ed9f4
edi: 0x2b2
esi: 0xf04ed594
edi: 0x2b7
esi: 0xf04ed594
drop: 0xf04ed9f4
edi: 0x2b8
esi: 0xf04ed9f4
dup: 0xf04ed9f4
edi: 0x2b9
esi: 0xf04ed9f4
edi: 0x2be
esi: 0x3
ebx: 0x3
ebx: 0xf04ed9f4
edi: 0x2bf
esi: 0xf04ed594
edi: 0x2c4
esi: 0x1
ebx: 0x1
ebx: 0xf04ed594
edi: 0x2c5
esi: 0x91
edi: 0x2ca
esi: 0x91
drop: 0xf04ed9f4
edi: 0x2cb
esi: 0xf04ed9f4
dup: 0xf04ed9f4
edi: 0x2cc
esi: 0xf04ed9f4
edi: 0x2d1
esi: 0x3
ebx: 0x3
ebx: 0xf04ed9f4
edi: 0x2d2
esi: 0xf04ed594
edi: 0x2d7
esi: 0x3
ebx: 0x3
ebx: 0xf04ed594
edi: 0x2d8
esi: 0xf04ed580
edi: 0x2dd
esi: 0xf04ed580
drop: 0xf04ed9f4
edi: 0x2de
esi: 0xf04ed9f4
drop: 0x93
edi: 0x2df
esi: 0x93
edi: 0x2e4
esi: 0x93
edi: 0x2e9
esi: 0xc9
edi: 0x2ee
esi: 0x91
edi: 0x3e9
esi: 0x93
edi: 0x3f2
esi: 0x93
edi: 0x3f7
esi: 0x93
edi: 0x3fc
esi: 0xc9
edi: 0x401
esi: 0xc9
edi: 0x406
esi: 0x91
edi: 0x407
esi: 0x39
edi: 0x2f7
esi: 0x39
edi: 0x2fc
esi: 0x1
edi: 0x2fd
esi: 0x3
edi: 0x302
esi: 0x93
edi: 0x307
esi: 0x3
edi: 0x30c
esi: 0x3
edi: 0x311
esi: 0x91
edi: 0x316
esi: 0xc9
edi: 0x31b
esi: 0xf04ed580
edi: 0x324
esi: 0xf04eda08
edi: 0x23f
esi: 0x91
edi: 0x248
esi: 0x91
edi: 0x24d
esi: 0x91
edi: 0x252
esi: 0xf04eda08
dup: 0xf04eda08
edi: 0x253
esi: 0xf04eda08
dup: 0xf04eda08
edi: 0x254
esi: 0xf04eda08
edi: 0x25d
esi: 0x3
edi: 0x268
esi: 0xf04eda08
dup: 0xf04eda08
edi: 0x269
esi: 0xf04eda08
edi: 0x26e
esi: 0x1
ebx: 0x1
ebx: 0xf04eda08
edi: 0x26f
esi: 0xc9
drop: 0xf04eda08
edi: 0x270
esi: 0xf04eda08
dup: 0xf04eda08
edi: 0x271
esi: 0xf04eda08
edi: 0x276
esi: 0x3
ebx: 0x3
ebx: 0xf04eda08
edi: 0x277
esi: 0xf04ed580
dup: 0xf04ed580
edi: 0x278
esi: 0xf04ed580
edi: 0x281
esi: 0x3
edi: 0x28c
esi: 0xf04ed580
dup: 0xf04ed580
edi: 0x28d
esi: 0xf04ed580
edi: 0x292
esi: 0x1
ebx: 0x1
ebx: 0xf04ed580
edi: 0x293
esi: 0x8f
drop: 0xf04ed580
edi: 0x294
esi: 0xf04ed580
dup: 0xf04ed580
edi: 0x295
esi: 0xf04ed580
edi: 0x29a
esi: 0x3
ebx: 0x3
ebx: 0xf04ed580
edi: 0x29b
esi: 0xf04ed56c
drop: 0xf04ed580
edi: 0x29c
esi: 0xf04ed580
drop: 0xf04eda08
edi: 0x29d
esi: 0xf04eda08
drop: 0xf04eda08
edi: 0x29e
esi: 0xf04eda08
dup: 0xf04eda08
edi: 0x29f
esi: 0xf04eda08
edi: 0x2a4
esi: 0x1
ebx: 0x1
ebx: 0xf04eda08
edi: 0x2a5
esi: 0xc9
edi: 0x2aa
esi: 0xc9
drop: 0xf04eda08
edi: 0x2ab
esi: 0xf04eda08
dup: 0xf04eda08
edi: 0x2ac
esi: 0xf04eda08
edi: 0x2b1
esi: 0x3
ebx: 0x3
ebx: 0xf04eda08
edi: 0x2b2
esi: 0xf04ed580
edi: 0x2b7
esi: 0xf04ed580
drop: 0xf04eda08
edi: 0x2b8
esi: 0xf04eda08
dup: 0xf04eda08
edi: 0x2b9
esi: 0xf04eda08
edi: 0x2be
esi: 0x3
ebx: 0x3
ebx: 0xf04eda08
edi: 0x2bf
esi: 0xf04ed580
edi: 0x2c4
esi: 0x1
ebx: 0x1
ebx: 0xf04ed580
edi: 0x2c5
esi: 0x8f
edi: 0x2ca
esi: 0x8f
drop: 0xf04eda08
edi: 0x2cb
esi: 0xf04eda08
dup: 0xf04eda08
edi: 0x2cc
esi: 0xf04eda08
edi: 0x2d1
esi: 0x3
ebx: 0x3
ebx: 0xf04eda08
edi: 0x2d2
esi: 0xf04ed580
edi: 0x2d7
esi: 0x3
ebx: 0x3
ebx: 0xf04ed580
edi: 0x2d8
esi: 0xf04ed56c
edi: 0x2dd
esi: 0xf04ed56c
drop: 0xf04eda08
edi: 0x2de
esi: 0xf04eda08
drop: 0x91
edi: 0x2df
esi: 0x91
edi: 0x2e4
esi: 0x91
edi: 0x2e9
esi: 0xc9
edi: 0x2ee
esi: 0x8f
edi: 0x3e9
esi: 0x91
edi: 0x3f2
esi: 0x91
edi: 0x3f7
esi: 0x91
edi: 0x3fc
esi: 0xc9
edi: 0x401
esi: 0xc9
edi: 0x406
esi: 0x8f
edi: 0x407
esi: 0x3b
edi: 0x2f7
esi: 0x3b
edi: 0x2fc
esi: 0x1
edi: 0x2fd
esi: 0x3
edi: 0x302
esi: 0x91
edi: 0x307
esi: 0x3
edi: 0x30c
esi: 0x3
edi: 0x311
esi: 0x8f
edi: 0x316
esi: 0xc9
edi: 0x31b
esi: 0xf04ed56c
edi: 0x324
esi: 0xf04eda1c
edi: 0x23f
esi: 0x8f
edi: 0x248
esi: 0x8f
edi: 0x24d
esi: 0x8f
edi: 0x252
esi: 0xf04eda1c
dup: 0xf04eda1c
edi: 0x253
esi: 0xf04eda1c
dup: 0xf04eda1c
edi: 0x254
esi: 0xf04eda1c
edi: 0x25d
esi: 0x3
edi: 0x268
esi: 0xf04eda1c
dup: 0xf04eda1c
edi: 0x269
esi: 0xf04eda1c
edi: 0x26e
esi: 0x1
ebx: 0x1
ebx: 0xf04eda1c
edi: 0x26f
esi: 0xc9
drop: 0xf04eda1c
edi: 0x270
esi: 0xf04eda1c
dup: 0xf04eda1c
edi: 0x271
esi: 0xf04eda1c
edi: 0x276
esi: 0x3
ebx: 0x3
ebx: 0xf04eda1c
edi: 0x277
esi: 0xf04ed56c
dup: 0xf04ed56c
edi: 0x278
esi: 0xf04ed56c
edi: 0x281
esi: 0x3
edi: 0x28c
esi: 0xf04ed56c
dup: 0xf04ed56c
edi: 0x28d
esi: 0xf04ed56c
edi: 0x292
esi: 0x1
ebx: 0x1
ebx: 0xf04ed56c
edi: 0x293
esi: 0x8d
drop: 0xf04ed56c
edi: 0x294
esi: 0xf04ed56c
dup: 0xf04ed56c
edi: 0x295
esi: 0xf04ed56c
edi: 0x29a
esi: 0x3
ebx: 0x3
ebx: 0xf04ed56c
edi: 0x29b
esi: 0xf04ed558
drop: 0xf04ed56c
edi: 0x29c
esi: 0xf04ed56c
drop: 0xf04eda1c
edi: 0x29d
esi: 0xf04eda1c
drop: 0xf04eda1c
edi: 0x29e
esi: 0xf04eda1c
dup: 0xf04eda1c
edi: 0x29f
esi: 0xf04eda1c
edi: 0x2a4
esi: 0x1
ebx: 0x1
ebx: 0xf04eda1c
edi: 0x2a5
esi: 0xc9
edi: 0x2aa
esi: 0xc9
drop: 0xf04eda1c
edi: 0x2ab
esi: 0xf04eda1c
dup: 0xf04eda1c
edi: 0x2ac
esi: 0xf04eda1c
edi: 0x2b1
esi: 0x3
ebx: 0x3
ebx: 0xf04eda1c
edi: 0x2b2
esi: 0xf04ed56c
edi: 0x2b7
esi: 0xf04ed56c
drop: 0xf04eda1c
edi: 0x2b8
esi: 0xf04eda1c
dup: 0xf04eda1c
edi: 0x2b9
esi: 0xf04eda1c
edi: 0x2be
esi: 0x3
ebx: 0x3
ebx: 0xf04eda1c
edi: 0x2bf
esi: 0xf04ed56c
edi: 0x2c4
esi: 0x1
ebx: 0x1
ebx: 0xf04ed56c
edi: 0x2c5
esi: 0x8d
edi: 0x2ca
esi: 0x8d
drop: 0xf04eda1c
edi: 0x2cb
esi: 0xf04eda1c
dup: 0xf04eda1c
edi: 0x2cc
esi: 0xf04eda1c
edi: 0x2d1
esi: 0x3
ebx: 0x3
ebx: 0xf04eda1c
edi: 0x2d2
esi: 0xf04ed56c
edi: 0x2d7
esi: 0x3
ebx: 0x3
ebx: 0xf04ed56c
edi: 0x2d8
esi: 0xf04ed558
edi: 0x2dd
esi: 0xf04ed558
drop: 0xf04eda1c
edi: 0x2de
esi: 0xf04eda1c
drop: 0x8f
edi: 0x2df
esi: 0x8f
edi: 0x2e4
esi: 0x8f
edi: 0x2e9
esi: 0xc9
edi: 0x2ee
esi: 0x8d
edi: 0x3e9
esi: 0x8f
edi: 0x3f2
esi: 0x8f
edi: 0x3f7
esi: 0x8f
edi: 0x3fc
esi: 0xc9
edi: 0x401
esi: 0xc9
edi: 0x406
esi: 0x8d
edi: 0x407
esi: 0x3d
edi: 0x2f7
esi: 0x3d
edi: 0x2fc
esi: 0x1
edi: 0x2fd
esi: 0x3
edi: 0x302
esi: 0x8f
edi: 0x307
esi: 0x3
edi: 0x30c
esi: 0x3
edi: 0x311
esi: 0x8d
edi: 0x316
esi: 0xc9
edi: 0x31b
esi: 0xf04ed558
edi: 0x324
esi: 0xf04eda30
edi: 0x23f
esi: 0x8d
edi: 0x248
esi: 0x8d
edi: 0x24d
esi: 0x8d
edi: 0x252
esi: 0xf04eda30
dup: 0xf04eda30
edi: 0x253
esi: 0xf04eda30
dup: 0xf04eda30
edi: 0x254
esi: 0xf04eda30
edi: 0x25d
esi: 0x3
edi: 0x268
esi: 0xf04eda30
dup: 0xf04eda30
edi: 0x269
esi: 0xf04eda30
edi: 0x26e
esi: 0x1
ebx: 0x1
ebx: 0xf04eda30
edi: 0x26f
esi: 0xc9
drop: 0xf04eda30
edi: 0x270
esi: 0xf04eda30
dup: 0xf04eda30
edi: 0x271
esi: 0xf04eda30
edi: 0x276
esi: 0x3
ebx: 0x3
ebx: 0xf04eda30
edi: 0x277
esi: 0xf04ed558
dup: 0xf04ed558
edi: 0x278
esi: 0xf04ed558
edi: 0x281
esi: 0x3
edi: 0x28c
esi: 0xf04ed558
dup: 0xf04ed558
edi: 0x28d
esi: 0xf04ed558
edi: 0x292
esi: 0x1
ebx: 0x1
ebx: 0xf04ed558
edi: 0x293
esi: 0x8b
drop: 0xf04ed558
edi: 0x294
esi: 0xf04ed558
dup: 0xf04ed558
edi: 0x295
esi: 0xf04ed558
edi: 0x29a
esi: 0x3
ebx: 0x3
ebx: 0xf04ed558
edi: 0x29b
esi: 0xf04ed544
drop: 0xf04ed558
edi: 0x29c
esi: 0xf04ed558
drop: 0xf04eda30
edi: 0x29d
esi: 0xf04eda30
drop: 0xf04eda30
edi: 0x29e
esi: 0xf04eda30
dup: 0xf04eda30
edi: 0x29f
esi: 0xf04eda30
edi: 0x2a4
esi: 0x1
ebx: 0x1
ebx: 0xf04eda30
edi: 0x2a5
esi: 0xc9
edi: 0x2aa
esi: 0xc9
drop: 0xf04eda30
edi: 0x2ab
esi: 0xf04eda30
dup: 0xf04eda30
edi: 0x2ac
esi: 0xf04eda30
edi: 0x2b1
esi: 0x3
ebx: 0x3
ebx: 0xf04eda30
edi: 0x2b2
esi: 0xf04ed558
edi: 0x2b7
esi: 0xf04ed558
drop: 0xf04eda30
edi: 0x2b8
esi: 0xf04eda30
dup: 0xf04eda30
edi: 0x2b9
esi: 0xf04eda30
edi: 0x2be
esi: 0x3
ebx: 0x3
ebx: 0xf04eda30
edi: 0x2bf
esi: 0xf04ed558
edi: 0x2c4
esi: 0x1
ebx: 0x1
ebx: 0xf04ed558
edi: 0x2c5
esi: 0x8b
edi: 0x2ca
esi: 0x8b
drop: 0xf04eda30
edi: 0x2cb
esi: 0xf04eda30
dup: 0xf04eda30
edi: 0x2cc
esi: 0xf04eda30
edi: 0x2d1
esi: 0x3
ebx: 0x3
ebx: 0xf04eda30
edi: 0x2d2
esi: 0xf04ed558
edi: 0x2d7
esi: 0x3
ebx: 0x3
ebx: 0xf04ed558
edi: 0x2d8
esi: 0xf04ed544
edi: 0x2dd
esi: 0xf04ed544
drop: 0xf04eda30
edi: 0x2de
esi: 0xf04eda30
drop: 0x8d
edi: 0x2df
esi: 0x8d
edi: 0x2e4
esi: 0x8d
edi: 0x2e9
esi: 0xc9
edi: 0x2ee
esi: 0x8b
edi: 0x3e9
esi: 0x8d
edi: 0x3f2
esi: 0x8d
edi: 0x3f7
esi: 0x8d
edi: 0x3fc
esi: 0xc9
edi: 0x401
esi: 0xc9
edi: 0x406
esi: 0x8b
edi: 0x407
esi: 0x3f
edi: 0x2f7
esi: 0x3f
edi: 0x2fc
esi: 0x1
edi: 0x2fd
esi: 0x3
edi: 0x302
esi: 0x8d
edi: 0x307
esi: 0x3
edi: 0x30c
esi: 0x3
edi: 0x311
esi: 0x8b
edi: 0x316
esi: 0xc9
edi: 0x31b
esi: 0xf04ed544
edi: 0x324
esi: 0xf04eda44
edi: 0x23f
esi: 0x8b
edi: 0x248
esi: 0x8b
edi: 0x24d
esi: 0x8b
edi: 0x252
esi: 0xf04eda44
dup: 0xf04eda44
edi: 0x253
esi: 0xf04eda44
dup: 0xf04eda44
edi: 0x254
esi: 0xf04eda44
edi: 0x25d
esi: 0x3
edi: 0x268
esi: 0xf04eda44
dup: 0xf04eda44
edi: 0x269
esi: 0xf04eda44
edi: 0x26e
esi: 0x1
ebx: 0x1
ebx: 0xf04eda44
edi: 0x26f
esi: 0xc9
drop: 0xf04eda44
edi: 0x270
esi: 0xf04eda44
dup: 0xf04eda44
edi: 0x271
esi: 0xf04eda44
edi: 0x276
esi: 0x3
ebx: 0x3
ebx: 0xf04eda44
edi: 0x277
esi: 0xf04ed544
dup: 0xf04ed544
edi: 0x278
esi: 0xf04ed544
edi: 0x281
esi: 0x3
edi: 0x28c
esi: 0xf04ed544
dup: 0xf04ed544
edi: 0x28d
esi: 0xf04ed544
edi: 0x292
esi: 0x1
ebx: 0x1
ebx: 0xf04ed544
edi: 0x293
esi: 0x89
drop: 0xf04ed544
edi: 0x294
esi: 0xf04ed544
dup: 0xf04ed544
edi: 0x295
esi: 0xf04ed544
edi: 0x29a
esi: 0x3
ebx: 0x3
ebx: 0xf04ed544
edi: 0x29b
esi: 0xf04ed530
drop: 0xf04ed544
edi: 0x29c
esi: 0xf04ed544
drop: 0xf04eda44
edi: 0x29d
esi: 0xf04eda44
drop: 0xf04eda44
edi: 0x29e
esi: 0xf04eda44
dup: 0xf04eda44
edi: 0x29f
esi: 0xf04eda44
edi: 0x2a4
esi: 0x1
ebx: 0x1
ebx: 0xf04eda44
edi: 0x2a5
esi: 0xc9
edi: 0x2aa
esi: 0xc9
drop: 0xf04eda44
edi: 0x2ab
esi: 0xf04eda44
dup: 0xf04eda44
edi: 0x2ac
esi: 0xf04eda44
edi: 0x2b1
esi: 0x3
ebx: 0x3
ebx: 0xf04eda44
edi: 0x2b2
esi: 0xf04ed544
edi: 0x2b7
esi: 0xf04ed544
drop: 0xf04eda44
edi: 0x2b8
esi: 0xf04eda44
dup: 0xf04eda44
edi: 0x2b9
esi: 0xf04eda44
edi: 0x2be
esi: 0x3
ebx: 0x3
ebx: 0xf04eda44
edi: 0x2bf
esi: 0xf04ed544
edi: 0x2c4
esi: 0x1
ebx: 0x1
ebx: 0xf04ed544
edi: 0x2c5
esi: 0x89
edi: 0x2ca
esi: 0x89
drop: 0xf04eda44
edi: 0x2cb
esi: 0xf04eda44
dup: 0xf04eda44
edi: 0x2cc
esi: 0xf04eda44
edi: 0x2d1
esi: 0x3
ebx: 0x3
ebx: 0xf04eda44
edi: 0x2d2
esi: 0xf04ed544
edi: 0x2d7
esi: 0x3
ebx: 0x3
ebx: 0xf04ed544
edi: 0x2d8
esi: 0xf04ed530
edi: 0x2dd
esi: 0xf04ed530
drop: 0xf04eda44
edi: 0x2de
esi: 0xf04eda44
drop: 0x8b
edi: 0x2df
esi: 0x8b
edi: 0x2e4
esi: 0x8b
edi: 0x2e9
esi: 0xc9
edi: 0x2ee
esi: 0x89
edi: 0x3e9
esi: 0x8b
edi: 0x3f2
esi: 0x8b
edi: 0x3f7
esi: 0x8b
edi: 0x3fc
esi: 0xc9
edi: 0x401
esi: 0xc9
edi: 0x406
esi: 0x89
edi: 0x407
esi: 0x41
edi: 0x2f7
esi: 0x41
edi: 0x2fc
esi: 0x1
edi: 0x2fd
esi: 0x3
edi: 0x302
esi: 0x8b
edi: 0x307
esi: 0x3
edi: 0x30c
esi: 0x3
edi: 0x311
esi: 0x89
edi: 0x316
esi: 0xc9
edi: 0x31b
esi: 0xf04ed530
edi: 0x324
esi: 0xf04eda58
edi: 0x23f
esi: 0x89
edi: 0x248
esi: 0x89
edi: 0x24d
esi: 0x89
edi: 0x252
esi: 0xf04eda58
dup: 0xf04eda58
edi: 0x253
esi: 0xf04eda58
dup: 0xf04eda58
edi: 0x254
esi: 0xf04eda58
edi: 0x25d
esi: 0x3
edi: 0x268
esi: 0xf04eda58
dup: 0xf04eda58
edi: 0x269
esi: 0xf04eda58
edi: 0x26e
esi: 0x1
ebx: 0x1
ebx: 0xf04eda58
edi: 0x26f
esi: 0xc9
drop: 0xf04eda58
edi: 0x270
esi: 0xf04eda58
dup: 0xf04eda58
edi: 0x271
esi: 0xf04eda58
edi: 0x276
esi: 0x3
ebx: 0x3
ebx: 0xf04eda58
edi: 0x277
esi: 0xf04ed530
dup: 0xf04ed530
edi: 0x278
esi: 0xf04ed530
edi: 0x281
esi: 0x3
edi: 0x28c
esi: 0xf04ed530
dup: 0xf04ed530
edi: 0x28d
esi: 0xf04ed530
edi: 0x292
esi: 0x1
ebx: 0x1
ebx: 0xf04ed530
edi: 0x293
esi: 0x87
drop: 0xf04ed530
edi: 0x294
esi: 0xf04ed530
dup: 0xf04ed530
edi: 0x295
esi: 0xf04ed530
edi: 0x29a
esi: 0x3
ebx: 0x3
ebx: 0xf04ed530
edi: 0x29b
esi: 0xf04ed51c
drop: 0xf04ed530
edi: 0x29c
esi: 0xf04ed530
drop: 0xf04eda58
edi: 0x29d
esi: 0xf04eda58
drop: 0xf04eda58
edi: 0x29e
esi: 0xf04eda58
dup: 0xf04eda58
edi: 0x29f
esi: 0xf04eda58
edi: 0x2a4
esi: 0x1
ebx: 0x1
ebx: 0xf04eda58
edi: 0x2a5
esi: 0xc9
edi: 0x2aa
esi: 0xc9
drop: 0xf04eda58
edi: 0x2ab
esi: 0xf04eda58
dup: 0xf04eda58
edi: 0x2ac
esi: 0xf04eda58
edi: 0x2b1
esi: 0x3
ebx: 0x3
ebx: 0xf04eda58
edi: 0x2b2
esi: 0xf04ed530
edi: 0x2b7
esi: 0xf04ed530
drop: 0xf04eda58
edi: 0x2b8
esi: 0xf04eda58
dup: 0xf04eda58
edi: 0x2b9
esi: 0xf04eda58
edi: 0x2be
esi: 0x3
ebx: 0x3
ebx: 0xf04eda58
edi: 0x2bf
esi: 0xf04ed530
edi: 0x2c4
esi: 0x1
ebx: 0x1
ebx: 0xf04ed530
edi: 0x2c5
esi: 0x87
edi: 0x2ca
esi: 0x87
drop: 0xf04eda58
edi: 0x2cb
esi: 0xf04eda58
dup: 0xf04eda58
edi: 0x2cc
esi: 0xf04eda58
edi: 0x2d1
esi: 0x3
ebx: 0x3
ebx: 0xf04eda58
edi: 0x2d2
esi: 0xf04ed530
edi: 0x2d7
esi: 0x3
ebx: 0x3
ebx: 0xf04ed530
edi: 0x2d8
esi: 0xf04ed51c
edi: 0x2dd
esi: 0xf04ed51c
drop: 0xf04eda58
edi: 0x2de
esi: 0xf04eda58
drop: 0x89
edi: 0x2df
esi: 0x89
edi: 0x2e4
esi: 0x89
edi: 0x2e9
esi: 0xc9
edi: 0x2ee
esi: 0x87
edi: 0x3e9
esi: 0x89
edi: 0x3f2
esi: 0x89
edi: 0x3f7
esi: 0x89
edi: 0x3fc
esi: 0xc9
edi: 0x401
esi: 0xc9
edi: 0x406
esi: 0x87
edi: 0x407
esi: 0x43
edi: 0x2f7
esi: 0x43
edi: 0x2fc
esi: 0x1
edi: 0x2fd
esi: 0x3
edi: 0x302
esi: 0x89
edi: 0x307
esi: 0x3
edi: 0x30c
esi: 0x3
edi: 0x311
esi: 0x87
edi: 0x316
esi: 0xc9
edi: 0x31b
esi: 0xf04ed51c
edi: 0x324
esi: 0xf04eda6c
edi: 0x23f
esi: 0x87
edi: 0x248
esi: 0x87
edi: 0x24d
esi: 0x87
edi: 0x252
esi: 0xf04eda6c
dup: 0xf04eda6c
edi: 0x253
esi: 0xf04eda6c
dup: 0xf04eda6c
edi: 0x254
esi: 0xf04eda6c
edi: 0x25d
esi: 0x3
edi: 0x268
esi: 0xf04eda6c
dup: 0xf04eda6c
edi: 0x269
esi: 0xf04eda6c
edi: 0x26e
esi: 0x1
ebx: 0x1
ebx: 0xf04eda6c
edi: 0x26f
esi: 0xc9
drop: 0xf04eda6c
edi: 0x270
esi: 0xf04eda6c
dup: 0xf04eda6c
edi: 0x271
esi: 0xf04eda6c
edi: 0x276
esi: 0x3
ebx: 0x3
ebx: 0xf04eda6c
edi: 0x277
esi: 0xf04ed51c
dup: 0xf04ed51c
edi: 0x278
esi: 0xf04ed51c
edi: 0x281
esi: 0x3
edi: 0x28c
esi: 0xf04ed51c
dup: 0xf04ed51c
edi: 0x28d
esi: 0xf04ed51c
edi: 0x292
esi: 0x1
ebx: 0x1
ebx: 0xf04ed51c
edi: 0x293
esi: 0x85
drop: 0xf04ed51c
edi: 0x294
esi: 0xf04ed51c
dup: 0xf04ed51c
edi: 0x295
esi: 0xf04ed51c
edi: 0x29a
esi: 0x3
ebx: 0x3
ebx: 0xf04ed51c
edi: 0x29b
esi: 0xf04ed508
drop: 0xf04ed51c
edi: 0x29c
esi: 0xf04ed51c
drop: 0xf04eda6c
edi: 0x29d
esi: 0xf04eda6c
drop: 0xf04eda6c
edi: 0x29e
esi: 0xf04eda6c
dup: 0xf04eda6c
edi: 0x29f
esi: 0xf04eda6c
edi: 0x2a4
esi: 0x1
ebx: 0x1
ebx: 0xf04eda6c
edi: 0x2a5
esi: 0xc9
edi: 0x2aa
esi: 0xc9
drop: 0xf04eda6c
edi: 0x2ab
esi: 0xf04eda6c
dup: 0xf04eda6c
edi: 0x2ac
esi: 0xf04eda6c
edi: 0x2b1
esi: 0x3
ebx: 0x3
ebx: 0xf04eda6c
edi: 0x2b2
esi: 0xf04ed51c
edi: 0x2b7
esi: 0xf04ed51c
drop: 0xf04eda6c
edi: 0x2b8
esi: 0xf04eda6c
dup: 0xf04eda6c
edi: 0x2b9
esi: 0xf04eda6c
edi: 0x2be
esi: 0x3
ebx: 0x3
ebx: 0xf04eda6c
edi: 0x2bf
esi: 0xf04ed51c
edi: 0x2c4
esi: 0x1
ebx: 0x1
ebx: 0xf04ed51c
edi: 0x2c5
esi: 0x85
edi: 0x2ca
esi: 0x85
drop: 0xf04eda6c
edi: 0x2cb
esi: 0xf04eda6c
dup: 0xf04eda6c
edi: 0x2cc
esi: 0xf04eda6c
edi: 0x2d1
esi: 0x3
ebx: 0x3
ebx: 0xf04eda6c
edi: 0x2d2
esi: 0xf04ed51c
edi: 0x2d7
esi: 0x3
ebx: 0x3
ebx: 0xf04ed51c
edi: 0x2d8
esi: 0xf04ed508
edi: 0x2dd
esi: 0xf04ed508
drop: 0xf04eda6c
edi: 0x2de
esi: 0xf04eda6c
drop: 0x87
edi: 0x2df
esi: 0x87
edi: 0x2e4
esi: 0x87
edi: 0x2e9
esi: 0xc9
edi: 0x2ee
esi: 0x85
edi: 0x3e9
esi: 0x87
edi: 0x3f2
esi: 0x87
edi: 0x3f7
esi: 0x87
edi: 0x3fc
esi: 0xc9
edi: 0x401
esi: 0xc9
edi: 0x406
esi: 0x85
edi: 0x407
esi: 0x45
edi: 0x2f7
esi: 0x45
edi: 0x2fc
esi: 0x1
edi: 0x2fd
esi: 0x3
edi: 0x302
esi: 0x87
edi: 0x307
esi: 0x3
edi: 0x30c
esi: 0x3
edi: 0x311
esi: 0x85
edi: 0x316
esi: 0xc9
edi: 0x31b
esi: 0xf04ed508
edi: 0x324
esi: 0xf04eda80
edi: 0x23f
esi: 0x85
edi: 0x248
esi: 0x85
edi: 0x24d
esi: 0x85
edi: 0x252
esi: 0xf04eda80
dup: 0xf04eda80
edi: 0x253
esi: 0xf04eda80
dup: 0xf04eda80
edi: 0x254
esi: 0xf04eda80
edi: 0x25d
esi: 0x3
edi: 0x268
esi: 0xf04eda80
dup: 0xf04eda80
edi: 0x269
esi: 0xf04eda80
edi: 0x26e
esi: 0x1
ebx: 0x1
ebx: 0xf04eda80
edi: 0x26f
esi: 0xc9
drop: 0xf04eda80
edi: 0x270
esi: 0xf04eda80
dup: 0xf04eda80
edi: 0x271
esi: 0xf04eda80
edi: 0x276
esi: 0x3
ebx: 0x3
ebx: 0xf04eda80
edi: 0x277
esi: 0xf04ed508
dup: 0xf04ed508
edi: 0x278
esi: 0xf04ed508
edi: 0x281
esi: 0x3
edi: 0x28c
esi: 0xf04ed508
dup: 0xf04ed508
edi: 0x28d
esi: 0xf04ed508
edi: 0x292
esi: 0x1
ebx: 0x1
ebx: 0xf04ed508
edi: 0x293
esi: 0x83
drop: 0xf04ed508
edi: 0x294
esi: 0xf04ed508
dup: 0xf04ed508
edi: 0x295
esi: 0xf04ed508
edi: 0x29a
esi: 0x3
ebx: 0x3
ebx: 0xf04ed508
edi: 0x29b
esi: 0xf04ed4f4
drop: 0xf04ed508
edi: 0x29c
esi: 0xf04ed508
drop: 0xf04eda80
edi: 0x29d
esi: 0xf04eda80
drop: 0xf04eda80
edi: 0x29e
esi: 0xf04eda80
dup: 0xf04eda80
edi: 0x29f
esi: 0xf04eda80
edi: 0x2a4
esi: 0x1
ebx: 0x1
ebx: 0xf04eda80
edi: 0x2a5
esi: 0xc9
edi: 0x2aa
esi: 0xc9
drop: 0xf04eda80
edi: 0x2ab
esi: 0xf04eda80
dup: 0xf04eda80
edi: 0x2ac
esi: 0xf04eda80
edi: 0x2b1
esi: 0x3
ebx: 0x3
ebx: 0xf04eda80
edi: 0x2b2
esi: 0xf04ed508
edi: 0x2b7
esi: 0xf04ed508
drop: 0xf04eda80
edi: 0x2b8
esi: 0xf04eda80
dup: 0xf04eda80
edi: 0x2b9
esi: 0xf04eda80
edi: 0x2be
esi: 0x3
ebx: 0x3
ebx: 0xf04eda80
edi: 0x2bf
esi: 0xf04ed508
edi: 0x2c4
esi: 0x1
ebx: 0x1
ebx: 0xf04ed508
edi: 0x2c5
esi: 0x83
edi: 0x2ca
esi: 0x83
drop: 0xf04eda80
edi: 0x2cb
esi: 0xf04eda80
dup: 0xf04eda80
edi: 0x2cc
esi: 0xf04eda80
edi: 0x2d1
esi: 0x3
ebx: 0x3
ebx: 0xf04eda80
edi: 0x2d2
esi: 0xf04ed508
edi: 0x2d7
esi: 0x3
ebx: 0x3
ebx: 0xf04ed508
edi: 0x2d8
esi: 0xf04ed4f4
edi: 0x2dd
esi: 0xf04ed4f4
drop: 0xf04eda80
edi: 0x2de
esi: 0xf04eda80
drop: 0x85
edi: 0x2df
esi: 0x85
edi: 0x2e4
esi: 0x85
edi: 0x2e9
esi: 0xc9
edi: 0x2ee
esi: 0x83
edi: 0x3e9
esi: 0x85
edi: 0x3f2
esi: 0x85
edi: 0x3f7
esi: 0x85
edi: 0x3fc
esi: 0xc9
edi: 0x401
esi: 0xc9
edi: 0x406
esi: 0x83
edi: 0x407
esi: 0x47
edi: 0x2f7
esi: 0x47
edi: 0x2fc
esi: 0x1
edi: 0x2fd
esi: 0x3
edi: 0x302
esi: 0x85
edi: 0x307
esi: 0x3
edi: 0x30c
esi: 0x3
edi: 0x311
esi: 0x83
edi: 0x316
esi: 0xc9
edi: 0x31b
esi: 0xf04ed4f4
edi: 0x324
esi: 0xf04eda94
edi: 0x23f
esi: 0x83
edi: 0x248
esi: 0x83
edi: 0x24d
esi: 0x83
edi: 0x252
esi: 0xf04eda94
dup: 0xf04eda94
edi: 0x253
esi: 0xf04eda94
dup: 0xf04eda94
edi: 0x254
esi: 0xf04eda94
edi: 0x25d
esi: 0x3
edi: 0x268
esi: 0xf04eda94
dup: 0xf04eda94
edi: 0x269
esi: 0xf04eda94
edi: 0x26e
esi: 0x1
ebx: 0x1
ebx: 0xf04eda94
edi: 0x26f
esi: 0xc9
drop: 0xf04eda94
edi: 0x270
esi: 0xf04eda94
dup: 0xf04eda94
edi: 0x271
esi: 0xf04eda94
edi: 0x276
esi: 0x3
ebx: 0x3
ebx: 0xf04eda94
edi: 0x277
esi: 0xf04ed4f4
dup: 0xf04ed4f4
edi: 0x278
esi: 0xf04ed4f4
edi: 0x281
esi: 0x3
edi: 0x28c
esi: 0xf04ed4f4
dup: 0xf04ed4f4
edi: 0x28d
esi: 0xf04ed4f4
edi: 0x292
esi: 0x1
ebx: 0x1
ebx: 0xf04ed4f4
edi: 0x293
esi: 0x81
drop: 0xf04ed4f4
edi: 0x294
esi: 0xf04ed4f4
dup: 0xf04ed4f4
edi: 0x295
esi: 0xf04ed4f4
edi: 0x29a
esi: 0x3
ebx: 0x3
ebx: 0xf04ed4f4
edi: 0x29b
esi: 0xf04ed4e0
drop: 0xf04ed4f4
edi: 0x29c
esi: 0xf04ed4f4
drop: 0xf04eda94
edi: 0x29d
esi: 0xf04eda94
drop: 0xf04eda94
edi: 0x29e
esi: 0xf04eda94
dup: 0xf04eda94
edi: 0x29f
esi: 0xf04eda94
edi: 0x2a4
esi: 0x1
ebx: 0x1
ebx: 0xf04eda94
edi: 0x2a5
esi: 0xc9
edi: 0x2aa
esi: 0xc9
drop: 0xf04eda94
edi: 0x2ab
esi: 0xf04eda94
dup: 0xf04eda94
edi: 0x2ac
esi: 0xf04eda94
edi: 0x2b1
esi: 0x3
ebx: 0x3
ebx: 0xf04eda94
edi: 0x2b2
esi: 0xf04ed4f4
edi: 0x2b7
esi: 0xf04ed4f4
drop: 0xf04eda94
edi: 0x2b8
esi: 0xf04eda94
dup: 0xf04eda94
edi: 0x2b9
esi: 0xf04eda94
edi: 0x2be
esi: 0x3
ebx: 0x3
ebx: 0xf04eda94
edi: 0x2bf
esi: 0xf04ed4f4
edi: 0x2c4
esi: 0x1
ebx: 0x1
ebx: 0xf04ed4f4
edi: 0x2c5
esi: 0x81
edi: 0x2ca
esi: 0x81
drop: 0xf04eda94
edi: 0x2cb
esi: 0xf04eda94
dup: 0xf04eda94
edi: 0x2cc
esi: 0xf04eda94
edi: 0x2d1
esi: 0x3
ebx: 0x3
ebx: 0xf04eda94
edi: 0x2d2
esi: 0xf04ed4f4
edi: 0x2d7
esi: 0x3
ebx: 0x3
ebx: 0xf04ed4f4
edi: 0x2d8
esi: 0xf04ed4e0
edi: 0x2dd
esi: 0xf04ed4e0
drop: 0xf04eda94
edi: 0x2de
esi: 0xf04eda94
drop: 0x83
edi: 0x2df
esi: 0x83
edi: 0x2e4
esi: 0x83
edi: 0x2e9
esi: 0xc9
edi: 0x2ee
esi: 0x81
edi: 0x3e9
esi: 0x83
edi: 0x3f2
esi: 0x83
edi: 0x3f7
esi: 0x83
edi: 0x3fc
esi: 0xc9
edi: 0x401
esi: 0xc9
edi: 0x406
esi: 0x81
edi: 0x407
esi: 0x49
edi: 0x2f7
esi: 0x49
edi: 0x2fc
esi: 0x1
edi: 0x2fd
esi: 0x3
edi: 0x302
esi: 0x83
edi: 0x307
esi: 0x3
edi: 0x30c
esi: 0x3
edi: 0x311
esi: 0x81
edi: 0x316
esi: 0xc9
edi: 0x31b
esi: 0xf04ed4e0
edi: 0x324
esi: 0xf04edaa8
edi: 0x23f
esi: 0x81
edi: 0x248
esi: 0x81
edi: 0x24d
esi: 0x81
edi: 0x252
esi: 0xf04edaa8
dup: 0xf04edaa8
edi: 0x253
esi: 0xf04edaa8
dup: 0xf04edaa8
edi: 0x254
esi: 0xf04edaa8
edi: 0x25d
esi: 0x3
edi: 0x268
esi: 0xf04edaa8
dup: 0xf04edaa8
edi: 0x269
esi: 0xf04edaa8
edi: 0x26e
esi: 0x1
ebx: 0x1
ebx: 0xf04edaa8
edi: 0x26f
esi: 0xc9
drop: 0xf04edaa8
edi: 0x270
esi: 0xf04edaa8
dup: 0xf04edaa8
edi: 0x271
esi: 0xf04edaa8
edi: 0x276
esi: 0x3
ebx: 0x3
ebx: 0xf04edaa8
edi: 0x277
esi: 0xf04ed4e0
dup: 0xf04ed4e0
edi: 0x278
esi: 0xf04ed4e0
edi: 0x281
esi: 0x3
edi: 0x28c
esi: 0xf04ed4e0
dup: 0xf04ed4e0
edi: 0x28d
esi: 0xf04ed4e0
edi: 0x292
esi: 0x1
ebx: 0x1
ebx: 0xf04ed4e0
edi: 0x293
esi: 0x7f
drop: 0xf04ed4e0
edi: 0x294
esi: 0xf04ed4e0
dup: 0xf04ed4e0
edi: 0x295
esi: 0xf04ed4e0
edi: 0x29a
esi: 0x3
ebx: 0x3
ebx: 0xf04ed4e0
edi: 0x29b
esi: 0xf04ed4cc
drop: 0xf04ed4e0
edi: 0x29c
esi: 0xf04ed4e0
drop: 0xf04edaa8
edi: 0x29d
esi: 0xf04edaa8
drop: 0xf04edaa8
edi: 0x29e
esi: 0xf04edaa8
dup: 0xf04edaa8
edi: 0x29f
esi: 0xf04edaa8
edi: 0x2a4
esi: 0x1
ebx: 0x1
ebx: 0xf04edaa8
edi: 0x2a5
esi: 0xc9
edi: 0x2aa
esi: 0xc9
drop: 0xf04edaa8
edi: 0x2ab
esi: 0xf04edaa8
dup: 0xf04edaa8
edi: 0x2ac
esi: 0xf04edaa8
edi: 0x2b1
esi: 0x3
ebx: 0x3
ebx: 0xf04edaa8
edi: 0x2b2
esi: 0xf04ed4e0
edi: 0x2b7
esi: 0xf04ed4e0
drop: 0xf04edaa8
edi: 0x2b8
esi: 0xf04edaa8
dup: 0xf04edaa8
edi: 0x2b9
esi: 0xf04edaa8
edi: 0x2be
esi: 0x3
ebx: 0x3
ebx: 0xf04edaa8
edi: 0x2bf
esi: 0xf04ed4e0
edi: 0x2c4
esi: 0x1
ebx: 0x1
ebx: 0xf04ed4e0
edi: 0x2c5
esi: 0x7f
edi: 0x2ca
esi: 0x7f
drop: 0xf04edaa8
edi: 0x2cb
esi: 0xf04edaa8
dup: 0xf04edaa8
edi: 0x2cc
esi: 0xf04edaa8
edi: 0x2d1
esi: 0x3
ebx: 0x3
ebx: 0xf04edaa8
edi: 0x2d2
esi: 0xf04ed4e0
edi: 0x2d7
esi: 0x3
ebx: 0x3
ebx: 0xf04ed4e0
edi: 0x2d8
esi: 0xf04ed4cc
edi: 0x2dd
esi: 0xf04ed4cc
drop: 0xf04edaa8
edi: 0x2de
esi: 0xf04edaa8
drop: 0x81
edi: 0x2df
esi: 0x81
edi: 0x2e4
esi: 0x81
edi: 0x2e9
esi: 0xc9
edi: 0x2ee
esi: 0x7f
edi: 0x3e9
esi: 0x81
edi: 0x3f2
esi: 0x81
edi: 0x3f7
esi: 0x81
edi: 0x3fc
esi: 0xc9
edi: 0x401
esi: 0xc9
edi: 0x406
esi: 0x7f
edi: 0x407
esi: 0x4b
edi: 0x2f7
esi: 0x4b
edi: 0x2fc
esi: 0x1
edi: 0x2fd
esi: 0x3
edi: 0x302
esi: 0x81
edi: 0x307
esi: 0x3
edi: 0x30c
esi: 0x3
edi: 0x311
esi: 0x7f
edi: 0x316
esi: 0xc9
edi: 0x31b
esi: 0xf04ed4cc
edi: 0x324
esi: 0xf04edabc
edi: 0x23f
esi: 0x7f
edi: 0x248
esi: 0x7f
edi: 0x24d
esi: 0x7f
edi: 0x252
esi: 0xf04edabc
dup: 0xf04edabc
edi: 0x253
esi: 0xf04edabc
dup: 0xf04edabc
edi: 0x254
esi: 0xf04edabc
edi: 0x25d
esi: 0x3
edi: 0x268
esi: 0xf04edabc
dup: 0xf04edabc
edi: 0x269
esi: 0xf04edabc
edi: 0x26e
esi: 0x1
ebx: 0x1
ebx: 0xf04edabc
edi: 0x26f
esi: 0xc9
drop: 0xf04edabc
edi: 0x270
esi: 0xf04edabc
dup: 0xf04edabc
edi: 0x271
esi: 0xf04edabc
edi: 0x276
esi: 0x3
ebx: 0x3
ebx: 0xf04edabc
edi: 0x277
esi: 0xf04ed4cc
dup: 0xf04ed4cc
edi: 0x278
esi: 0xf04ed4cc
edi: 0x281
esi: 0x3
edi: 0x28c
esi: 0xf04ed4cc
dup: 0xf04ed4cc
edi: 0x28d
esi: 0xf04ed4cc
edi: 0x292
esi: 0x1
ebx: 0x1
ebx: 0xf04ed4cc
edi: 0x293
esi: 0x7d
drop: 0xf04ed4cc
edi: 0x294
esi: 0xf04ed4cc
dup: 0xf04ed4cc
edi: 0x295
esi: 0xf04ed4cc
edi: 0x29a
esi: 0x3
ebx: 0x3
ebx: 0xf04ed4cc
edi: 0x29b
esi: 0xf04ed4b8
drop: 0xf04ed4cc
edi: 0x29c
esi: 0xf04ed4cc
drop: 0xf04edabc
edi: 0x29d
esi: 0xf04edabc
drop: 0xf04edabc
edi: 0x29e
esi: 0xf04edabc
dup: 0xf04edabc
edi: 0x29f
esi: 0xf04edabc
edi: 0x2a4
esi: 0x1
ebx: 0x1
ebx: 0xf04edabc
edi: 0x2a5
esi: 0xc9
edi: 0x2aa
esi: 0xc9
drop: 0xf04edabc
edi: 0x2ab
esi: 0xf04edabc
dup: 0xf04edabc
edi: 0x2ac
esi: 0xf04edabc
edi: 0x2b1
esi: 0x3
ebx: 0x3
ebx: 0xf04edabc
edi: 0x2b2
esi: 0xf04ed4cc
edi: 0x2b7
esi: 0xf04ed4cc
drop: 0xf04edabc
edi: 0x2b8
esi: 0xf04edabc
dup: 0xf04edabc
edi: 0x2b9
esi: 0xf04edabc
edi: 0x2be
esi: 0x3
ebx: 0x3
ebx: 0xf04edabc
edi: 0x2bf
esi: 0xf04ed4cc
edi: 0x2c4
esi: 0x1
ebx: 0x1
ebx: 0xf04ed4cc
edi: 0x2c5
esi: 0x7d
edi: 0x2ca
esi: 0x7d
drop: 0xf04edabc
edi: 0x2cb
esi: 0xf04edabc
dup: 0xf04edabc
edi: 0x2cc
esi: 0xf04edabc
edi: 0x2d1
esi: 0x3
ebx: 0x3
ebx: 0xf04edabc
edi: 0x2d2
esi: 0xf04ed4cc
edi: 0x2d7
esi: 0x3
ebx: 0x3
ebx: 0xf04ed4cc
edi: 0x2d8
esi: 0xf04ed4b8
edi: 0x2dd
esi: 0xf04ed4b8
drop: 0xf04edabc
edi: 0x2de
esi: 0xf04edabc
drop: 0x7f
edi: 0x2df
esi: 0x7f
edi: 0x2e4
esi: 0x7f
edi: 0x2e9
esi: 0xc9
edi: 0x2ee
esi: 0x7d
edi: 0x3e9
esi: 0x7f
edi: 0x3f2
esi: 0x7f
edi: 0x3f7
esi: 0x7f
edi: 0x3fc
esi: 0xc9
edi: 0x401
esi: 0xc9
edi: 0x406
esi: 0x7d
edi: 0x407
esi: 0x4d
edi: 0x2f7
esi: 0x4d
edi: 0x2fc
esi: 0x1
edi: 0x2fd
esi: 0x3
edi: 0x302
esi: 0x7f
edi: 0x307
esi: 0x3
edi: 0x30c
esi: 0x3
edi: 0x311
esi: 0x7d
edi: 0x316
esi: 0xc9
edi: 0x31b
esi: 0xf04ed4b8
edi: 0x324
esi: 0xf04edad0
edi: 0x23f
esi: 0x7d
edi: 0x248
esi: 0x7d
edi: 0x24d
esi: 0x7d
edi: 0x252
esi: 0xf04edad0
dup: 0xf04edad0
edi: 0x253
esi: 0xf04edad0
dup: 0xf04edad0
edi: 0x254
esi: 0xf04edad0
edi: 0x25d
esi: 0x3
edi: 0x268
esi: 0xf04edad0
dup: 0xf04edad0
edi: 0x269
esi: 0xf04edad0
edi: 0x26e
esi: 0x1
ebx: 0x1
ebx: 0xf04edad0
edi: 0x26f
esi: 0xc9
drop: 0xf04edad0
edi: 0x270
esi: 0xf04edad0
dup: 0xf04edad0
edi: 0x271
esi: 0xf04edad0
edi: 0x276
esi: 0x3
ebx: 0x3
ebx: 0xf04edad0
edi: 0x277
esi: 0xf04ed4b8
dup: 0xf04ed4b8
edi: 0x278
esi: 0xf04ed4b8
edi: 0x281
esi: 0x3
edi: 0x28c
esi: 0xf04ed4b8
dup: 0xf04ed4b8
edi: 0x28d
esi: 0xf04ed4b8
edi: 0x292
esi: 0x1
ebx: 0x1
ebx: 0xf04ed4b8
edi: 0x293
esi: 0x7b
drop: 0xf04ed4b8
edi: 0x294
esi: 0xf04ed4b8
dup: 0xf04ed4b8
edi: 0x295
esi: 0xf04ed4b8
edi: 0x29a
esi: 0x3
ebx: 0x3
ebx: 0xf04ed4b8
edi: 0x29b
esi: 0xf04ed4a4
drop: 0xf04ed4b8
edi: 0x29c
esi: 0xf04ed4b8
drop: 0xf04edad0
edi: 0x29d
esi: 0xf04edad0
drop: 0xf04edad0
edi: 0x29e
esi: 0xf04edad0
dup: 0xf04edad0
edi: 0x29f
esi: 0xf04edad0
edi: 0x2a4
esi: 0x1
ebx: 0x1
ebx: 0xf04edad0
edi: 0x2a5
esi: 0xc9
edi: 0x2aa
esi: 0xc9
drop: 0xf04edad0
edi: 0x2ab
esi: 0xf04edad0
dup: 0xf04edad0
edi: 0x2ac
esi: 0xf04edad0
edi: 0x2b1
esi: 0x3
ebx: 0x3
ebx: 0xf04edad0
edi: 0x2b2
esi: 0xf04ed4b8
edi: 0x2b7
esi: 0xf04ed4b8
drop: 0xf04edad0
edi: 0x2b8
esi: 0xf04edad0
dup: 0xf04edad0
edi: 0x2b9
esi: 0xf04edad0
edi: 0x2be
esi: 0x3
ebx: 0x3
ebx: 0xf04edad0
edi: 0x2bf
esi: 0xf04ed4b8
edi: 0x2c4
esi: 0x1
ebx: 0x1
ebx: 0xf04ed4b8
edi: 0x2c5
esi: 0x7b
edi: 0x2ca
esi: 0x7b
drop: 0xf04edad0
edi: 0x2cb
esi: 0xf04edad0
dup: 0xf04edad0
edi: 0x2cc
esi: 0xf04edad0
edi: 0x2d1
esi: 0x3
ebx: 0x3
ebx: 0xf04edad0
edi: 0x2d2
esi: 0xf04ed4b8
edi: 0x2d7
esi: 0x3
ebx: 0x3
ebx: 0xf04ed4b8
edi: 0x2d8
esi: 0xf04ed4a4
edi: 0x2dd
esi: 0xf04ed4a4
drop: 0xf04edad0
edi: 0x2de
esi: 0xf04edad0
drop: 0x7d
edi: 0x2df
esi: 0x7d
edi: 0x2e4
esi: 0x7d
edi: 0x2e9
esi: 0xc9
edi: 0x2ee
esi: 0x7b
edi: 0x3e9
esi: 0x7d
edi: 0x3f2
esi: 0x7d
edi: 0x3f7
esi: 0x7d
edi: 0x3fc
esi: 0xc9
edi: 0x401
esi: 0xc9
edi: 0x406
esi: 0x7b
edi: 0x407
esi: 0x4f
edi: 0x2f7
esi: 0x4f
edi: 0x2fc
esi: 0x1
edi: 0x2fd
esi: 0x3
edi: 0x302
esi: 0x7d
edi: 0x307
esi: 0x3
edi: 0x30c
esi: 0x3
edi: 0x311
esi: 0x7b
edi: 0x316
esi: 0xc9
edi: 0x31b
esi: 0xf04ed4a4
edi: 0x324
esi: 0xf04edae4
edi: 0x23f
esi: 0x7b
edi: 0x248
esi: 0x7b
edi: 0x24d
esi: 0x7b
edi: 0x252
esi: 0xf04edae4
dup: 0xf04edae4
edi: 0x253
esi: 0xf04edae4
dup: 0xf04edae4
edi: 0x254
esi: 0xf04edae4
edi: 0x25d
esi: 0x3
edi: 0x268
esi: 0xf04edae4
dup: 0xf04edae4
edi: 0x269
esi: 0xf04edae4
edi: 0x26e
esi: 0x1
ebx: 0x1
ebx: 0xf04edae4
edi: 0x26f
esi: 0xc9
drop: 0xf04edae4
edi: 0x270
esi: 0xf04edae4
dup: 0xf04edae4
edi: 0x271
esi: 0xf04edae4
edi: 0x276
esi: 0x3
ebx: 0x3
ebx: 0xf04edae4
edi: 0x277
esi: 0xf04ed4a4
dup: 0xf04ed4a4
edi: 0x278
esi: 0xf04ed4a4
edi: 0x281
esi: 0x3
edi: 0x28c
esi: 0xf04ed4a4
dup: 0xf04ed4a4
edi: 0x28d
esi: 0xf04ed4a4
edi: 0x292
esi: 0x1
ebx: 0x1
ebx: 0xf04ed4a4
edi: 0x293
esi: 0x79
drop: 0xf04ed4a4
edi: 0x294
esi: 0xf04ed4a4
dup: 0xf04ed4a4
edi: 0x295
esi: 0xf04ed4a4
edi: 0x29a
esi: 0x3
ebx: 0x3
ebx: 0xf04ed4a4
edi: 0x29b
esi: 0xf04ed490
drop: 0xf04ed4a4
edi: 0x29c
esi: 0xf04ed4a4
drop: 0xf04edae4
edi: 0x29d
esi: 0xf04edae4
drop: 0xf04edae4
edi: 0x29e
esi: 0xf04edae4
dup: 0xf04edae4
edi: 0x29f
esi: 0xf04edae4
edi: 0x2a4
esi: 0x1
ebx: 0x1
ebx: 0xf04edae4
edi: 0x2a5
esi: 0xc9
edi: 0x2aa
esi: 0xc9
drop: 0xf04edae4
edi: 0x2ab
esi: 0xf04edae4
dup: 0xf04edae4
edi: 0x2ac
esi: 0xf04edae4
edi: 0x2b1
esi: 0x3
ebx: 0x3
ebx: 0xf04edae4
edi: 0x2b2
esi: 0xf04ed4a4
edi: 0x2b7
esi: 0xf04ed4a4
drop: 0xf04edae4
edi: 0x2b8
esi: 0xf04edae4
dup: 0xf04edae4
edi: 0x2b9
esi: 0xf04edae4
edi: 0x2be
esi: 0x3
ebx: 0x3
ebx: 0xf04edae4
edi: 0x2bf
esi: 0xf04ed4a4
edi: 0x2c4
esi: 0x1
ebx: 0x1
ebx: 0xf04ed4a4
edi: 0x2c5
esi: 0x79
edi: 0x2ca
esi: 0x79
drop: 0xf04edae4
edi: 0x2cb
esi: 0xf04edae4
dup: 0xf04edae4
edi: 0x2cc
esi: 0xf04edae4
edi: 0x2d1
esi: 0x3
ebx: 0x3
ebx: 0xf04edae4
edi: 0x2d2
esi: 0xf04ed4a4
edi: 0x2d7
esi: 0x3
ebx: 0x3
ebx: 0xf04ed4a4
edi: 0x2d8
esi: 0xf04ed490
edi: 0x2dd
esi: 0xf04ed490
drop: 0xf04edae4
edi: 0x2de
esi: 0xf04edae4
drop: 0x7b
edi: 0x2df
esi: 0x7b
edi: 0x2e4
esi: 0x7b
edi: 0x2e9
esi: 0xc9
edi: 0x2ee
esi: 0x79
edi: 0x3e9
esi: 0x7b
edi: 0x3f2
esi: 0x7b
edi: 0x3f7
esi: 0x7b
edi: 0x3fc
esi: 0xc9
edi: 0x401
esi: 0xc9
edi: 0x406
esi: 0x79
edi: 0x407
esi: 0x51
edi: 0x2f7
esi: 0x51
edi: 0x2fc
esi: 0x1
edi: 0x2fd
esi: 0x3
edi: 0x302
esi: 0x7b
edi: 0x307
esi: 0x3
edi: 0x30c
esi: 0x3
edi: 0x311
esi: 0x79
edi: 0x316
esi: 0xc9
edi: 0x31b
esi: 0xf04ed490
edi: 0x324
esi: 0xf04edaf8
edi: 0x23f
esi: 0x79
edi: 0x248
esi: 0x79
edi: 0x24d
esi: 0x79
edi: 0x252
esi: 0xf04edaf8
dup: 0xf04edaf8
edi: 0x253
esi: 0xf04edaf8
dup: 0xf04edaf8
edi: 0x254
esi: 0xf04edaf8
edi: 0x25d
esi: 0x3
edi: 0x268
esi: 0xf04edaf8
dup: 0xf04edaf8
edi: 0x269
esi: 0xf04edaf8
edi: 0x26e
esi: 0x1
ebx: 0x1
ebx: 0xf04edaf8
edi: 0x26f
esi: 0xc9
drop: 0xf04edaf8
edi: 0x270
esi: 0xf04edaf8
dup: 0xf04edaf8
edi: 0x271
esi: 0xf04edaf8
edi: 0x276
esi: 0x3
ebx: 0x3
ebx: 0xf04edaf8
edi: 0x277
esi: 0xf04ed490
dup: 0xf04ed490
edi: 0x278
esi: 0xf04ed490
edi: 0x281
esi: 0x3
edi: 0x28c
esi: 0xf04ed490
dup: 0xf04ed490
edi: 0x28d
esi: 0xf04ed490
edi: 0x292
esi: 0x1
ebx: 0x1
ebx: 0xf04ed490
edi: 0x293
esi: 0x77
drop: 0xf04ed490
edi: 0x294
esi: 0xf04ed490
dup: 0xf04ed490
edi: 0x295
esi: 0xf04ed490
edi: 0x29a
esi: 0x3
ebx: 0x3
ebx: 0xf04ed490
edi: 0x29b
esi: 0xf04ed47c
drop: 0xf04ed490
edi: 0x29c
esi: 0xf04ed490
drop: 0xf04edaf8
edi: 0x29d
esi: 0xf04edaf8
drop: 0xf04edaf8
edi: 0x29e
esi: 0xf04edaf8
dup: 0xf04edaf8
edi: 0x29f
esi: 0xf04edaf8
edi: 0x2a4
esi: 0x1
ebx: 0x1
ebx: 0xf04edaf8
edi: 0x2a5
esi: 0xc9
edi: 0x2aa
esi: 0xc9
drop: 0xf04edaf8
edi: 0x2ab
esi: 0xf04edaf8
dup: 0xf04edaf8
edi: 0x2ac
esi: 0xf04edaf8
edi: 0x2b1
esi: 0x3
ebx: 0x3
ebx: 0xf04edaf8
edi: 0x2b2
esi: 0xf04ed490
edi: 0x2b7
esi: 0xf04ed490
drop: 0xf04edaf8
edi: 0x2b8
esi: 0xf04edaf8
dup: 0xf04edaf8
edi: 0x2b9
esi: 0xf04edaf8
edi: 0x2be
esi: 0x3
ebx: 0x3
ebx: 0xf04edaf8
edi: 0x2bf
esi: 0xf04ed490
edi: 0x2c4
esi: 0x1
ebx: 0x1
ebx: 0xf04ed490
edi: 0x2c5
esi: 0x77
edi: 0x2ca
esi: 0x77
drop: 0xf04edaf8
edi: 0x2cb
esi: 0xf04edaf8
dup: 0xf04edaf8
edi: 0x2cc
esi: 0xf04edaf8
edi: 0x2d1
esi: 0x3
ebx: 0x3
ebx: 0xf04edaf8
edi: 0x2d2
esi: 0xf04ed490
edi: 0x2d7
esi: 0x3
ebx: 0x3
ebx: 0xf04ed490
edi: 0x2d8
esi: 0xf04ed47c
edi: 0x2dd
esi: 0xf04ed47c
drop: 0xf04edaf8
edi: 0x2de
esi: 0xf04edaf8
drop: 0x79
edi: 0x2df
esi: 0x79
edi: 0x2e4
esi: 0x79
edi: 0x2e9
esi: 0xc9
edi: 0x2ee
esi: 0x77
edi: 0x3e9
esi: 0x79
edi: 0x3f2
esi: 0x79
edi: 0x3f7
esi: 0x79
edi: 0x3fc
esi: 0xc9
edi: 0x401
esi: 0xc9
edi: 0x406
esi: 0x77
edi: 0x407
esi: 0x53
edi: 0x2f7
esi: 0x53
edi: 0x2fc
esi: 0x1
edi: 0x2fd
esi: 0x3
edi: 0x302
esi: 0x79
edi: 0x307
esi: 0x3
edi: 0x30c
esi: 0x3
edi: 0x311
esi: 0x77
edi: 0x316
esi: 0xc9
edi: 0x31b
esi: 0xf04ed47c
edi: 0x324
esi: 0xf04edb0c
edi: 0x23f
esi: 0x77
edi: 0x248
esi: 0x77
edi: 0x24d
esi: 0x77
edi: 0x252
esi: 0xf04edb0c
dup: 0xf04edb0c
edi: 0x253
esi: 0xf04edb0c
dup: 0xf04edb0c
edi: 0x254
esi: 0xf04edb0c
edi: 0x25d
esi: 0x3
edi: 0x268
esi: 0xf04edb0c
dup: 0xf04edb0c
edi: 0x269
esi: 0xf04edb0c
edi: 0x26e
esi: 0x1
ebx: 0x1
ebx: 0xf04edb0c
edi: 0x26f
esi: 0xc9
drop: 0xf04edb0c
edi: 0x270
esi: 0xf04edb0c
dup: 0xf04edb0c
edi: 0x271
esi: 0xf04edb0c
edi: 0x276
esi: 0x3
ebx: 0x3
ebx: 0xf04edb0c
edi: 0x277
esi: 0xf04ed47c
dup: 0xf04ed47c
edi: 0x278
esi: 0xf04ed47c
edi: 0x281
esi: 0x3
edi: 0x28c
esi: 0xf04ed47c
dup: 0xf04ed47c
edi: 0x28d
esi: 0xf04ed47c
edi: 0x292
esi: 0x1
ebx: 0x1
ebx: 0xf04ed47c
edi: 0x293
esi: 0x75
drop: 0xf04ed47c
edi: 0x294
esi: 0xf04ed47c
dup: 0xf04ed47c
edi: 0x295
esi: 0xf04ed47c
edi: 0x29a
esi: 0x3
ebx: 0x3
ebx: 0xf04ed47c
edi: 0x29b
esi: 0xf04ed468
drop: 0xf04ed47c
edi: 0x29c
esi: 0xf04ed47c
drop: 0xf04edb0c
edi: 0x29d
esi: 0xf04edb0c
drop: 0xf04edb0c
edi: 0x29e
esi: 0xf04edb0c
dup: 0xf04edb0c
edi: 0x29f
esi: 0xf04edb0c
edi: 0x2a4
esi: 0x1
ebx: 0x1
ebx: 0xf04edb0c
edi: 0x2a5
esi: 0xc9
edi: 0x2aa
esi: 0xc9
drop: 0xf04edb0c
edi: 0x2ab
esi: 0xf04edb0c
dup: 0xf04edb0c
edi: 0x2ac
esi: 0xf04edb0c
edi: 0x2b1
esi: 0x3
ebx: 0x3
ebx: 0xf04edb0c
edi: 0x2b2
esi: 0xf04ed47c
edi: 0x2b7
esi: 0xf04ed47c
drop: 0xf04edb0c
edi: 0x2b8
esi: 0xf04edb0c
dup: 0xf04edb0c
edi: 0x2b9
esi: 0xf04edb0c
edi: 0x2be
esi: 0x3
ebx: 0x3
ebx: 0xf04edb0c
edi: 0x2bf
esi: 0xf04ed47c
edi: 0x2c4
esi: 0x1
ebx: 0x1
ebx: 0xf04ed47c
edi: 0x2c5
esi: 0x75
edi: 0x2ca
esi: 0x75
drop: 0xf04edb0c
edi: 0x2cb
esi: 0xf04edb0c
dup: 0xf04edb0c
edi: 0x2cc
esi: 0xf04edb0c
edi: 0x2d1
esi: 0x3
ebx: 0x3
ebx: 0xf04edb0c
edi: 0x2d2
esi: 0xf04ed47c
edi: 0x2d7
esi: 0x3
ebx: 0x3
ebx: 0xf04ed47c
edi: 0x2d8
esi: 0xf04ed468
edi: 0x2dd
esi: 0xf04ed468
drop: 0xf04edb0c
edi: 0x2de
esi: 0xf04edb0c
drop: 0x77
edi: 0x2df
esi: 0x77
edi: 0x2e4
esi: 0x77
edi: 0x2e9
esi: 0xc9
edi: 0x2ee
esi: 0x75
edi: 0x3e9
esi: 0x77
edi: 0x3f2
esi: 0x77
edi: 0x3f7
esi: 0x77
edi: 0x3fc
esi: 0xc9
edi: 0x401
esi: 0xc9
edi: 0x406
esi: 0x75
edi: 0x407
esi: 0x55
edi: 0x2f7
esi: 0x55
edi: 0x2fc
esi: 0x1
edi: 0x2fd
esi: 0x3
edi: 0x302
esi: 0x77
edi: 0x307
esi: 0x3
edi: 0x30c
esi: 0x3
edi: 0x311
esi: 0x75
edi: 0x316
esi: 0xc9
edi: 0x31b
esi: 0xf04ed468
edi: 0x324
esi: 0xf04edb20
edi: 0x23f
esi: 0x75
edi: 0x248
esi: 0x75
edi: 0x24d
esi: 0x75
edi: 0x252
esi: 0xf04edb20
dup: 0xf04edb20
edi: 0x253
esi: 0xf04edb20
dup: 0xf04edb20
edi: 0x254
esi: 0xf04edb20
edi: 0x25d
esi: 0x3
edi: 0x268
esi: 0xf04edb20
dup: 0xf04edb20
edi: 0x269
esi: 0xf04edb20
edi: 0x26e
esi: 0x1
ebx: 0x1
ebx: 0xf04edb20
edi: 0x26f
esi: 0xc9
drop: 0xf04edb20
edi: 0x270
esi: 0xf04edb20
dup: 0xf04edb20
edi: 0x271
esi: 0xf04edb20
edi: 0x276
esi: 0x3
ebx: 0x3
ebx: 0xf04edb20
edi: 0x277
esi: 0xf04ed468
dup: 0xf04ed468
edi: 0x278
esi: 0xf04ed468
edi: 0x281
esi: 0x3
edi: 0x28c
esi: 0xf04ed468
dup: 0xf04ed468
edi: 0x28d
esi: 0xf04ed468
edi: 0x292
esi: 0x1
ebx: 0x1
ebx: 0xf04ed468
edi: 0x293
esi: 0x73
drop: 0xf04ed468
edi: 0x294
esi: 0xf04ed468
dup: 0xf04ed468
edi: 0x295
esi: 0xf04ed468
edi: 0x29a
esi: 0x3
ebx: 0x3
ebx: 0xf04ed468
edi: 0x29b
esi: 0xf04ed454
drop: 0xf04ed468
edi: 0x29c
esi: 0xf04ed468
drop: 0xf04edb20
edi: 0x29d
esi: 0xf04edb20
drop: 0xf04edb20
edi: 0x29e
esi: 0xf04edb20
dup: 0xf04edb20
edi: 0x29f
esi: 0xf04edb20
edi: 0x2a4
esi: 0x1
ebx: 0x1
ebx: 0xf04edb20
edi: 0x2a5
esi: 0xc9
edi: 0x2aa
esi: 0xc9
drop: 0xf04edb20
edi: 0x2ab
esi: 0xf04edb20
dup: 0xf04edb20
edi: 0x2ac
esi: 0xf04edb20
edi: 0x2b1
esi: 0x3
ebx: 0x3
ebx: 0xf04edb20
edi: 0x2b2
esi: 0xf04ed468
edi: 0x2b7
esi: 0xf04ed468
drop: 0xf04edb20
edi: 0x2b8
esi: 0xf04edb20
dup: 0xf04edb20
edi: 0x2b9
esi: 0xf04edb20
edi: 0x2be
esi: 0x3
ebx: 0x3
ebx: 0xf04edb20
edi: 0x2bf
esi: 0xf04ed468
edi: 0x2c4
esi: 0x1
ebx: 0x1
ebx: 0xf04ed468
edi: 0x2c5
esi: 0x73
edi: 0x2ca
esi: 0x73
drop: 0xf04edb20
edi: 0x2cb
esi: 0xf04edb20
dup: 0xf04edb20
edi: 0x2cc
esi: 0xf04edb20
edi: 0x2d1
esi: 0x3
ebx: 0x3
ebx: 0xf04edb20
edi: 0x2d2
esi: 0xf04ed468
edi: 0x2d7
esi: 0x3
ebx: 0x3
ebx: 0xf04ed468
edi: 0x2d8
esi: 0xf04ed454
edi: 0x2dd
esi: 0xf04ed454
drop: 0xf04edb20
edi: 0x2de
esi: 0xf04edb20
drop: 0x75
edi: 0x2df
esi: 0x75
edi: 0x2e4
esi: 0x75
edi: 0x2e9
esi: 0xc9
edi: 0x2ee
esi: 0x73
edi: 0x3e9
esi: 0x75
edi: 0x3f2
esi: 0x75
edi: 0x3f7
esi: 0x75
edi: 0x3fc
esi: 0xc9
edi: 0x401
esi: 0xc9
edi: 0x406
esi: 0x73
edi: 0x407
esi: 0x57
edi: 0x2f7
esi: 0x57
edi: 0x2fc
esi: 0x1
edi: 0x2fd
esi: 0x3
edi: 0x302
esi: 0x75
edi: 0x307
esi: 0x3
edi: 0x30c
esi: 0x3
edi: 0x311
esi: 0x73
edi: 0x316
esi: 0xc9
edi: 0x31b
esi: 0xf04ed454
edi: 0x324
esi: 0xf04edb34
edi: 0x23f
esi: 0x73
edi: 0x248
esi: 0x73
edi: 0x24d
esi: 0x73
edi: 0x252
esi: 0xf04edb34
dup: 0xf04edb34
edi: 0x253
esi: 0xf04edb34
dup: 0xf04edb34
edi: 0x254
esi: 0xf04edb34
edi: 0x25d
esi: 0x3
edi: 0x268
esi: 0xf04edb34
dup: 0xf04edb34
edi: 0x269
esi: 0xf04edb34
edi: 0x26e
esi: 0x1
ebx: 0x1
ebx: 0xf04edb34
edi: 0x26f
esi: 0xc9
drop: 0xf04edb34
edi: 0x270
esi: 0xf04edb34
dup: 0xf04edb34
edi: 0x271
esi: 0xf04edb34
edi: 0x276
esi: 0x3
ebx: 0x3
ebx: 0xf04edb34
edi: 0x277
esi: 0xf04ed454
dup: 0xf04ed454
edi: 0x278
esi: 0xf04ed454
edi: 0x281
esi: 0x3
edi: 0x28c
esi: 0xf04ed454
dup: 0xf04ed454
edi: 0x28d
esi: 0xf04ed454
edi: 0x292
esi: 0x1
ebx: 0x1
ebx: 0xf04ed454
edi: 0x293
esi: 0x71
drop: 0xf04ed454
edi: 0x294
esi: 0xf04ed454
dup: 0xf04ed454
edi: 0x295
esi: 0xf04ed454
edi: 0x29a
esi: 0x3
ebx: 0x3
ebx: 0xf04ed454
edi: 0x29b
esi: 0xf04ed440
drop: 0xf04ed454
edi: 0x29c
esi: 0xf04ed454
drop: 0xf04edb34
edi: 0x29d
esi: 0xf04edb34
drop: 0xf04edb34
edi: 0x29e
esi: 0xf04edb34
dup: 0xf04edb34
edi: 0x29f
esi: 0xf04edb34
edi: 0x2a4
esi: 0x1
ebx: 0x1
ebx: 0xf04edb34
edi: 0x2a5
esi: 0xc9
edi: 0x2aa
esi: 0xc9
drop: 0xf04edb34
edi: 0x2ab
esi: 0xf04edb34
dup: 0xf04edb34
edi: 0x2ac
esi: 0xf04edb34
edi: 0x2b1
esi: 0x3
ebx: 0x3
ebx: 0xf04edb34
edi: 0x2b2
esi: 0xf04ed454
edi: 0x2b7
esi: 0xf04ed454
drop: 0xf04edb34
edi: 0x2b8
esi: 0xf04edb34
dup: 0xf04edb34
edi: 0x2b9
esi: 0xf04edb34
edi: 0x2be
esi: 0x3
ebx: 0x3
ebx: 0xf04edb34
edi: 0x2bf
esi: 0xf04ed454
edi: 0x2c4
esi: 0x1
ebx: 0x1
ebx: 0xf04ed454
edi: 0x2c5
esi: 0x71
edi: 0x2ca
esi: 0x71
drop: 0xf04edb34
edi: 0x2cb
esi: 0xf04edb34
dup: 0xf04edb34
edi: 0x2cc
esi: 0xf04edb34
edi: 0x2d1
esi: 0x3
ebx: 0x3
ebx: 0xf04edb34
edi: 0x2d2
esi: 0xf04ed454
edi: 0x2d7
esi: 0x3
ebx: 0x3
ebx: 0xf04ed454
edi: 0x2d8
esi: 0xf04ed440
edi: 0x2dd
esi: 0xf04ed440
drop: 0xf04edb34
edi: 0x2de
esi: 0xf04edb34
drop: 0x73
edi: 0x2df
esi: 0x73
edi: 0x2e4
esi: 0x73
edi: 0x2e9
esi: 0xc9
edi: 0x2ee
esi: 0x71
edi: 0x3e9
esi: 0x73
edi: 0x3f2
esi: 0x73
edi: 0x3f7
esi: 0x73
edi: 0x3fc
esi: 0xc9
edi: 0x401
esi: 0xc9
edi: 0x406
esi: 0x71
edi: 0x407
esi: 0x59
edi: 0x2f7
esi: 0x59
edi: 0x2fc
esi: 0x1
edi: 0x2fd
esi: 0x3
edi: 0x302
esi: 0x73
edi: 0x307
esi: 0x3
edi: 0x30c
esi: 0x3
edi: 0x311
esi: 0x71
edi: 0x316
esi: 0xc9
edi: 0x31b
esi: 0xf04ed440
edi: 0x324
esi: 0xf04edb48
edi: 0x23f
esi: 0x71
edi: 0x248
esi: 0x71
edi: 0x24d
esi: 0x71
edi: 0x252
esi: 0xf04edb48
dup: 0xf04edb48
edi: 0x253
esi: 0xf04edb48
dup: 0xf04edb48
edi: 0x254
esi: 0xf04edb48
edi: 0x25d
esi: 0x3
edi: 0x268
esi: 0xf04edb48
dup: 0xf04edb48
edi: 0x269
esi: 0xf04edb48
edi: 0x26e
esi: 0x1
ebx: 0x1
ebx: 0xf04edb48
edi: 0x26f
esi: 0xc9
drop: 0xf04edb48
edi: 0x270
esi: 0xf04edb48
dup: 0xf04edb48
edi: 0x271
esi: 0xf04edb48
edi: 0x276
esi: 0x3
ebx: 0x3
ebx: 0xf04edb48
edi: 0x277
esi: 0xf04ed440
dup: 0xf04ed440
edi: 0x278
esi: 0xf04ed440
edi: 0x281
esi: 0x3
edi: 0x28c
esi: 0xf04ed440
dup: 0xf04ed440
edi: 0x28d
esi: 0xf04ed440
edi: 0x292
esi: 0x1
ebx: 0x1
ebx: 0xf04ed440
edi: 0x293
esi: 0x6f
drop: 0xf04ed440
edi: 0x294
esi: 0xf04ed440
dup: 0xf04ed440
edi: 0x295
esi: 0xf04ed440
edi: 0x29a
esi: 0x3
ebx: 0x3
ebx: 0xf04ed440
edi: 0x29b
esi: 0xf04ed42c
drop: 0xf04ed440
edi: 0x29c
esi: 0xf04ed440
drop: 0xf04edb48
edi: 0x29d
esi: 0xf04edb48
drop: 0xf04edb48
edi: 0x29e
esi: 0xf04edb48
dup: 0xf04edb48
edi: 0x29f
esi: 0xf04edb48
edi: 0x2a4
esi: 0x1
ebx: 0x1
ebx: 0xf04edb48
edi: 0x2a5
esi: 0xc9
edi: 0x2aa
esi: 0xc9
drop: 0xf04edb48
edi: 0x2ab
esi: 0xf04edb48
dup: 0xf04edb48
edi: 0x2ac
esi: 0xf04edb48
edi: 0x2b1
esi: 0x3
ebx: 0x3
ebx: 0xf04edb48
edi: 0x2b2
esi: 0xf04ed440
edi: 0x2b7
esi: 0xf04ed440
drop: 0xf04edb48
edi: 0x2b8
esi: 0xf04edb48
dup: 0xf04edb48
edi: 0x2b9
esi: 0xf04edb48
edi: 0x2be
esi: 0x3
ebx: 0x3
ebx: 0xf04edb48
edi: 0x2bf
esi: 0xf04ed440
edi: 0x2c4
esi: 0x1
ebx: 0x1
ebx: 0xf04ed440
edi: 0x2c5
esi: 0x6f
edi: 0x2ca
esi: 0x6f
drop: 0xf04edb48
edi: 0x2cb
esi: 0xf04edb48
dup: 0xf04edb48
edi: 0x2cc
esi: 0xf04edb48
edi: 0x2d1
esi: 0x3
ebx: 0x3
ebx: 0xf04edb48
edi: 0x2d2
esi: 0xf04ed440
edi: 0x2d7
esi: 0x3
ebx: 0x3
ebx: 0xf04ed440
edi: 0x2d8
esi: 0xf04ed42c
edi: 0x2dd
esi: 0xf04ed42c
drop: 0xf04edb48
edi: 0x2de
esi: 0xf04edb48
drop: 0x71
edi: 0x2df
esi: 0x71
edi: 0x2e4
esi: 0x71
edi: 0x2e9
esi: 0xc9
edi: 0x2ee
esi: 0x6f
edi: 0x3e9
esi: 0x71
edi: 0x3f2
esi: 0x71
edi: 0x3f7
esi: 0x71
edi: 0x3fc
esi: 0xc9
edi: 0x401
esi: 0xc9
edi: 0x406
esi: 0x6f
edi: 0x407
esi: 0x5b
edi: 0x2f7
esi: 0x5b
edi: 0x2fc
esi: 0x1
edi: 0x2fd
esi: 0x3
edi: 0x302
esi: 0x71
edi: 0x307
esi: 0x3
edi: 0x30c
esi: 0x3
edi: 0x311
esi: 0x6f
edi: 0x316
esi: 0xc9
edi: 0x31b
esi: 0xf04ed42c
edi: 0x324
esi: 0xf04edb5c
edi: 0x23f
esi: 0x6f
edi: 0x248
esi: 0x6f
edi: 0x24d
esi: 0x6f
edi: 0x252
esi: 0xf04edb5c
dup: 0xf04edb5c
edi: 0x253
esi: 0xf04edb5c
dup: 0xf04edb5c
edi: 0x254
esi: 0xf04edb5c
edi: 0x25d
esi: 0x3
edi: 0x268
esi: 0xf04edb5c
dup: 0xf04edb5c
edi: 0x269
esi: 0xf04edb5c
edi: 0x26e
esi: 0x1
ebx: 0x1
ebx: 0xf04edb5c
edi: 0x26f
esi: 0xc9
drop: 0xf04edb5c
edi: 0x270
esi: 0xf04edb5c
dup: 0xf04edb5c
edi: 0x271
esi: 0xf04edb5c
edi: 0x276
esi: 0x3
ebx: 0x3
ebx: 0xf04edb5c
edi: 0x277
esi: 0xf04ed42c
dup: 0xf04ed42c
edi: 0x278
esi: 0xf04ed42c
edi: 0x281
esi: 0x3
edi: 0x28c
esi: 0xf04ed42c
dup: 0xf04ed42c
edi: 0x28d
esi: 0xf04ed42c
edi: 0x292
esi: 0x1
ebx: 0x1
ebx: 0xf04ed42c
edi: 0x293
esi: 0x6d
drop: 0xf04ed42c
edi: 0x294
esi: 0xf04ed42c
dup: 0xf04ed42c
edi: 0x295
esi: 0xf04ed42c
edi: 0x29a
esi: 0x3
ebx: 0x3
ebx: 0xf04ed42c
edi: 0x29b
esi: 0xf04ed418
drop: 0xf04ed42c
edi: 0x29c
esi: 0xf04ed42c
drop: 0xf04edb5c
edi: 0x29d
esi: 0xf04edb5c
drop: 0xf04edb5c
edi: 0x29e
esi: 0xf04edb5c
dup: 0xf04edb5c
edi: 0x29f
esi: 0xf04edb5c
edi: 0x2a4
esi: 0x1
ebx: 0x1
ebx: 0xf04edb5c
edi: 0x2a5
esi: 0xc9
edi: 0x2aa
esi: 0xc9
drop: 0xf04edb5c
edi: 0x2ab
esi: 0xf04edb5c
dup: 0xf04edb5c
edi: 0x2ac
esi: 0xf04edb5c
edi: 0x2b1
esi: 0x3
ebx: 0x3
ebx: 0xf04edb5c
edi: 0x2b2
esi: 0xf04ed42c
edi: 0x2b7
esi: 0xf04ed42c
drop: 0xf04edb5c
edi: 0x2b8
esi: 0xf04edb5c
dup: 0xf04edb5c
edi: 0x2b9
esi: 0xf04edb5c
edi: 0x2be
esi: 0x3
ebx: 0x3
ebx: 0xf04edb5c
edi: 0x2bf
esi: 0xf04ed42c
edi: 0x2c4
esi: 0x1
ebx: 0x1
ebx: 0xf04ed42c
edi: 0x2c5
esi: 0x6d
edi: 0x2ca
esi: 0x6d
drop: 0xf04edb5c
edi: 0x2cb
esi: 0xf04edb5c
dup: 0xf04edb5c
edi: 0x2cc
esi: 0xf04edb5c
edi: 0x2d1
esi: 0x3
ebx: 0x3
ebx: 0xf04edb5c
edi: 0x2d2
esi: 0xf04ed42c
edi: 0x2d7
esi: 0x3
ebx: 0x3
ebx: 0xf04ed42c
edi: 0x2d8
esi: 0xf04ed418
edi: 0x2dd
esi: 0xf04ed418
drop: 0xf04edb5c
edi: 0x2de
esi: 0xf04edb5c
drop: 0x6f
edi: 0x2df
esi: 0x6f
edi: 0x2e4
esi: 0x6f
edi: 0x2e9
esi: 0xc9
edi: 0x2ee
esi: 0x6d
edi: 0x3e9
esi: 0x6f
edi: 0x3f2
esi: 0x6f
edi: 0x3f7
esi: 0x6f
edi: 0x3fc
esi: 0xc9
edi: 0x401
esi: 0xc9
edi: 0x406
esi: 0x6d
edi: 0x407
esi: 0x5d
edi: 0x2f7
esi: 0x5d
edi: 0x2fc
esi: 0x1
edi: 0x2fd
esi: 0x3
edi: 0x302
esi: 0x6f
edi: 0x307
esi: 0x3
edi: 0x30c
esi: 0x3
edi: 0x311
esi: 0x6d
edi: 0x316
esi: 0xc9
edi: 0x31b
esi: 0xf04ed418
edi: 0x324
esi: 0xf04edb70
edi: 0x23f
esi: 0x6d
edi: 0x248
esi: 0x6d
edi: 0x24d
esi: 0x6d
edi: 0x252
esi: 0xf04edb70
dup: 0xf04edb70
edi: 0x253
esi: 0xf04edb70
dup: 0xf04edb70
edi: 0x254
esi: 0xf04edb70
edi: 0x25d
esi: 0x3
edi: 0x268
esi: 0xf04edb70
dup: 0xf04edb70
edi: 0x269
esi: 0xf04edb70
edi: 0x26e
esi: 0x1
ebx: 0x1
ebx: 0xf04edb70
edi: 0x26f
esi: 0xc9
drop: 0xf04edb70
edi: 0x270
esi: 0xf04edb70
dup: 0xf04edb70
edi: 0x271
esi: 0xf04edb70
edi: 0x276
esi: 0x3
ebx: 0x3
ebx: 0xf04edb70
edi: 0x277
esi: 0xf04ed418
dup: 0xf04ed418
edi: 0x278
esi: 0xf04ed418
edi: 0x281
esi: 0x3
edi: 0x28c
esi: 0xf04ed418
dup: 0xf04ed418
edi: 0x28d
esi: 0xf04ed418
edi: 0x292
esi: 0x1
ebx: 0x1
ebx: 0xf04ed418
edi: 0x293
esi: 0x6b
drop: 0xf04ed418
edi: 0x294
esi: 0xf04ed418
dup: 0xf04ed418
edi: 0x295
esi: 0xf04ed418
edi: 0x29a
esi: 0x3
ebx: 0x3
ebx: 0xf04ed418
edi: 0x29b
esi: 0xf04ed404
drop: 0xf04ed418
edi: 0x29c
esi: 0xf04ed418
drop: 0xf04edb70
edi: 0x29d
esi: 0xf04edb70
drop: 0xf04edb70
edi: 0x29e
esi: 0xf04edb70
dup: 0xf04edb70
edi: 0x29f
esi: 0xf04edb70
edi: 0x2a4
esi: 0x1
ebx: 0x1
ebx: 0xf04edb70
edi: 0x2a5
esi: 0xc9
edi: 0x2aa
esi: 0xc9
drop: 0xf04edb70
edi: 0x2ab
esi: 0xf04edb70
dup: 0xf04edb70
edi: 0x2ac
esi: 0xf04edb70
edi: 0x2b1
esi: 0x3
ebx: 0x3
ebx: 0xf04edb70
edi: 0x2b2
esi: 0xf04ed418
edi: 0x2b7
esi: 0xf04ed418
drop: 0xf04edb70
edi: 0x2b8
esi: 0xf04edb70
dup: 0xf04edb70
edi: 0x2b9
esi: 0xf04edb70
edi: 0x2be
esi: 0x3
ebx: 0x3
ebx: 0xf04edb70
edi: 0x2bf
esi: 0xf04ed418
edi: 0x2c4
esi: 0x1
ebx: 0x1
ebx: 0xf04ed418
edi: 0x2c5
esi: 0x6b
edi: 0x2ca
esi: 0x6b
drop: 0xf04edb70
edi: 0x2cb
esi: 0xf04edb70
dup: 0xf04edb70
edi: 0x2cc
esi: 0xf04edb70
edi: 0x2d1
esi: 0x3
ebx: 0x3
ebx: 0xf04edb70
edi: 0x2d2
esi: 0xf04ed418
edi: 0x2d7
esi: 0x3
ebx: 0x3
ebx: 0xf04ed418
edi: 0x2d8
esi: 0xf04ed404
edi: 0x2dd
esi: 0xf04ed404
drop: 0xf04edb70
edi: 0x2de
esi: 0xf04edb70
drop: 0x6d
edi: 0x2df
esi: 0x6d
edi: 0x2e4
esi: 0x6d
edi: 0x2e9
esi: 0xc9
edi: 0x2ee
esi: 0x6b
edi: 0x3e9
esi: 0x6d
edi: 0x3f2
esi: 0x6d
edi: 0x3f7
esi: 0x6d
edi: 0x3fc
esi: 0xc9
edi: 0x401
esi: 0xc9
edi: 0x406
esi: 0x6b
edi: 0x407
esi: 0x5f
edi: 0x2f7
esi: 0x5f
edi: 0x2fc
esi: 0x1
edi: 0x2fd
esi: 0x3
edi: 0x302
esi: 0x6d
edi: 0x307
esi: 0x3
edi: 0x30c
esi: 0x3
edi: 0x311
esi: 0x6b
edi: 0x316
esi: 0xc9
edi: 0x31b
esi: 0xf04ed404
edi: 0x324
esi: 0xf04edb84
edi: 0x23f
esi: 0x6b
edi: 0x248
esi: 0x6b
edi: 0x24d
esi: 0x6b
edi: 0x252
esi: 0xf04edb84
dup: 0xf04edb84
edi: 0x253
esi: 0xf04edb84
dup: 0xf04edb84
edi: 0x254
esi: 0xf04edb84
edi: 0x25d
esi: 0x3
edi: 0x268
esi: 0xf04edb84
dup: 0xf04edb84
edi: 0x269
esi: 0xf04edb84
edi: 0x26e
esi: 0x1
ebx: 0x1
ebx: 0xf04edb84
edi: 0x26f
esi: 0xc9
drop: 0xf04edb84
edi: 0x270
esi: 0xf04edb84
dup: 0xf04edb84
edi: 0x271
esi: 0xf04edb84
edi: 0x276
esi: 0x3
ebx: 0x3
ebx: 0xf04edb84
edi: 0x277
esi: 0xf04ed404
dup: 0xf04ed404
edi: 0x278
esi: 0xf04ed404
edi: 0x281
esi: 0x3
edi: 0x28c
esi: 0xf04ed404
dup: 0xf04ed404
edi: 0x28d
esi: 0xf04ed404
edi: 0x292
esi: 0x1
ebx: 0x1
ebx: 0xf04ed404
edi: 0x293
esi: 0x69
drop: 0xf04ed404
edi: 0x294
esi: 0xf04ed404
dup: 0xf04ed404
edi: 0x295
esi: 0xf04ed404
edi: 0x29a
esi: 0x3
ebx: 0x3
ebx: 0xf04ed404
edi: 0x29b
esi: 0xf04ed3f0
drop: 0xf04ed404
edi: 0x29c
esi: 0xf04ed404
drop: 0xf04edb84
edi: 0x29d
esi: 0xf04edb84
drop: 0xf04edb84
edi: 0x29e
esi: 0xf04edb84
dup: 0xf04edb84
edi: 0x29f
esi: 0xf04edb84
edi: 0x2a4
esi: 0x1
ebx: 0x1
ebx: 0xf04edb84
edi: 0x2a5
esi: 0xc9
edi: 0x2aa
esi: 0xc9
drop: 0xf04edb84
edi: 0x2ab
esi: 0xf04edb84
dup: 0xf04edb84
edi: 0x2ac
esi: 0xf04edb84
edi: 0x2b1
esi: 0x3
ebx: 0x3
ebx: 0xf04edb84
edi: 0x2b2
esi: 0xf04ed404
edi: 0x2b7
esi: 0xf04ed404
drop: 0xf04edb84
edi: 0x2b8
esi: 0xf04edb84
dup: 0xf04edb84
edi: 0x2b9
esi: 0xf04edb84
edi: 0x2be
esi: 0x3
ebx: 0x3
ebx: 0xf04edb84
edi: 0x2bf
esi: 0xf04ed404
edi: 0x2c4
esi: 0x1
ebx: 0x1
ebx: 0xf04ed404
edi: 0x2c5
esi: 0x69
edi: 0x2ca
esi: 0x69
drop: 0xf04edb84
edi: 0x2cb
esi: 0xf04edb84
dup: 0xf04edb84
edi: 0x2cc
esi: 0xf04edb84
edi: 0x2d1
esi: 0x3
ebx: 0x3
ebx: 0xf04edb84
edi: 0x2d2
esi: 0xf04ed404
edi: 0x2d7
esi: 0x3
ebx: 0x3
ebx: 0xf04ed404
edi: 0x2d8
esi: 0xf04ed3f0
edi: 0x2dd
esi: 0xf04ed3f0
drop: 0xf04edb84
edi: 0x2de
esi: 0xf04edb84
drop: 0x6b
edi: 0x2df
esi: 0x6b
edi: 0x2e4
esi: 0x6b
edi: 0x2e9
esi: 0xc9
edi: 0x2ee
esi: 0x69
edi: 0x3e9
esi: 0x6b
edi: 0x3f2
esi: 0x6b
edi: 0x3f7
esi: 0x6b
edi: 0x3fc
esi: 0xc9
edi: 0x401
esi: 0xc9
edi: 0x406
esi: 0x69
edi: 0x407
esi: 0x61
edi: 0x2f7
esi: 0x61
edi: 0x2fc
esi: 0x1
edi: 0x2fd
esi: 0x3
edi: 0x302
esi: 0x6b
edi: 0x307
esi: 0x3
edi: 0x30c
esi: 0x3
edi: 0x311
esi: 0x69
edi: 0x316
esi: 0xc9
edi: 0x31b
esi: 0xf04ed3f0
edi: 0x324
esi: 0xf04edb98
edi: 0x23f
esi: 0x69
edi: 0x248
esi: 0x69
edi: 0x24d
esi: 0x69
edi: 0x252
esi: 0xf04edb98
dup: 0xf04edb98
edi: 0x253
esi: 0xf04edb98
dup: 0xf04edb98
edi: 0x254
esi: 0xf04edb98
edi: 0x25d
esi: 0x3
edi: 0x268
esi: 0xf04edb98
dup: 0xf04edb98
edi: 0x269
esi: 0xf04edb98
edi: 0x26e
esi: 0x1
ebx: 0x1
ebx: 0xf04edb98
edi: 0x26f
esi: 0xc9
drop: 0xf04edb98
edi: 0x270
esi: 0xf04edb98
dup: 0xf04edb98
edi: 0x271
esi: 0xf04edb98
edi: 0x276
esi: 0x3
ebx: 0x3
ebx: 0xf04edb98
edi: 0x277
esi: 0xf04ed3f0
dup: 0xf04ed3f0
edi: 0x278
esi: 0xf04ed3f0
edi: 0x281
esi: 0x3
edi: 0x28c
esi: 0xf04ed3f0
dup: 0xf04ed3f0
edi: 0x28d
esi: 0xf04ed3f0
edi: 0x292
esi: 0x1
ebx: 0x1
ebx: 0xf04ed3f0
edi: 0x293
esi: 0x67
drop: 0xf04ed3f0
edi: 0x294
esi: 0xf04ed3f0
dup: 0xf04ed3f0
edi: 0x295
esi: 0xf04ed3f0
edi: 0x29a
esi: 0x3
ebx: 0x3
ebx: 0xf04ed3f0
edi: 0x29b
esi: 0xf04ed3dc
drop: 0xf04ed3f0
edi: 0x29c
esi: 0xf04ed3f0
drop: 0xf04edb98
edi: 0x29d
esi: 0xf04edb98
drop: 0xf04edb98
edi: 0x29e
esi: 0xf04edb98
dup: 0xf04edb98
edi: 0x29f
esi: 0xf04edb98
edi: 0x2a4
esi: 0x1
ebx: 0x1
ebx: 0xf04edb98
edi: 0x2a5
esi: 0xc9
edi: 0x2aa
esi: 0xc9
drop: 0xf04edb98
edi: 0x2ab
esi: 0xf04edb98
dup: 0xf04edb98
edi: 0x2ac
esi: 0xf04edb98
edi: 0x2b1
esi: 0x3
ebx: 0x3
ebx: 0xf04edb98
edi: 0x2b2
esi: 0xf04ed3f0
edi: 0x2b7
esi: 0xf04ed3f0
drop: 0xf04edb98
edi: 0x2b8
esi: 0xf04edb98
dup: 0xf04edb98
edi: 0x2b9
esi: 0xf04edb98
edi: 0x2be
esi: 0x3
ebx: 0x3
ebx: 0xf04edb98
edi: 0x2bf
esi: 0xf04ed3f0
edi: 0x2c4
esi: 0x1
ebx: 0x1
ebx: 0xf04ed3f0
edi: 0x2c5
esi: 0x67
edi: 0x2ca
esi: 0x67
drop: 0xf04edb98
edi: 0x2cb
esi: 0xf04edb98
dup: 0xf04edb98
edi: 0x2cc
esi: 0xf04edb98
edi: 0x2d1
esi: 0x3
ebx: 0x3
ebx: 0xf04edb98
edi: 0x2d2
esi: 0xf04ed3f0
edi: 0x2d7
esi: 0x3
ebx: 0x3
ebx: 0xf04ed3f0
edi: 0x2d8
esi: 0xf04ed3dc
edi: 0x2dd
esi: 0xf04ed3dc
drop: 0xf04edb98
edi: 0x2de
esi: 0xf04edb98
drop: 0x69
edi: 0x2df
esi: 0x69
edi: 0x2e4
esi: 0x69
edi: 0x2e9
esi: 0xc9
edi: 0x2ee
esi: 0x67
edi: 0x3e9
esi: 0x69
edi: 0x3f2
esi: 0x69
edi: 0x3f7
esi: 0x69
edi: 0x3fc
esi: 0xc9
edi: 0x401
esi: 0xc9
edi: 0x406
esi: 0x67
edi: 0x407
esi: 0x63
edi: 0x2f7
esi: 0x63
edi: 0x2fc
esi: 0x1
edi: 0x2fd
esi: 0x3
edi: 0x302
esi: 0x69
edi: 0x307
esi: 0x3
edi: 0x30c
esi: 0x3
edi: 0x311
esi: 0x67
edi: 0x316
esi: 0xc9
edi: 0x31b
esi: 0xf04ed3dc
edi: 0x324
esi: 0xf04edbac
edi: 0x23f
esi: 0x67
edi: 0x248
esi: 0x67
edi: 0x24d
esi: 0x67
edi: 0x252
esi: 0xf04edbac
dup: 0xf04edbac
edi: 0x253
esi: 0xf04edbac
dup: 0xf04edbac
edi: 0x254
esi: 0xf04edbac
edi: 0x25d
esi: 0x3
edi: 0x268
esi: 0xf04edbac
dup: 0xf04edbac
edi: 0x269
esi: 0xf04edbac
edi: 0x26e
esi: 0x1
ebx: 0x1
ebx: 0xf04edbac
edi: 0x26f
esi: 0xc9
drop: 0xf04edbac
edi: 0x270
esi: 0xf04edbac
dup: 0xf04edbac
edi: 0x271
esi: 0xf04edbac
edi: 0x276
esi: 0x3
ebx: 0x3
ebx: 0xf04edbac
edi: 0x277
esi: 0xf04ed3dc
dup: 0xf04ed3dc
edi: 0x278
esi: 0xf04ed3dc
edi: 0x281
esi: 0x3
edi: 0x28c
esi: 0xf04ed3dc
dup: 0xf04ed3dc
edi: 0x28d
esi: 0xf04ed3dc
edi: 0x292
esi: 0x1
ebx: 0x1
ebx: 0xf04ed3dc
edi: 0x293
esi: 0x65
drop: 0xf04ed3dc
edi: 0x294
esi: 0xf04ed3dc
dup: 0xf04ed3dc
edi: 0x295
esi: 0xf04ed3dc
edi: 0x29a
esi: 0x3
ebx: 0x3
ebx: 0xf04ed3dc
edi: 0x29b
esi: 0xf04ed3c8
drop: 0xf04ed3dc
edi: 0x29c
esi: 0xf04ed3dc
drop: 0xf04edbac
edi: 0x29d
esi: 0xf04edbac
drop: 0xf04edbac
edi: 0x29e
esi: 0xf04edbac
dup: 0xf04edbac
edi: 0x29f
esi: 0xf04edbac
edi: 0x2a4
esi: 0x1
ebx: 0x1
ebx: 0xf04edbac
edi: 0x2a5
esi: 0xc9
edi: 0x2aa
esi: 0xc9
drop: 0xf04edbac
edi: 0x2ab
esi: 0xf04edbac
dup: 0xf04edbac
edi: 0x2ac
esi: 0xf04edbac
edi: 0x2b1
esi: 0x3
ebx: 0x3
ebx: 0xf04edbac
edi: 0x2b2
esi: 0xf04ed3dc
edi: 0x2b7
esi: 0xf04ed3dc
drop: 0xf04edbac
edi: 0x2b8
esi: 0xf04edbac
dup: 0xf04edbac
edi: 0x2b9
esi: 0xf04edbac
edi: 0x2be
esi: 0x3
ebx: 0x3
ebx: 0xf04edbac
edi: 0x2bf
esi: 0xf04ed3dc
edi: 0x2c4
esi: 0x1
ebx: 0x1
ebx: 0xf04ed3dc
edi: 0x2c5
esi: 0x65
edi: 0x2ca
esi: 0x65
drop: 0xf04edbac
edi: 0x2cb
esi: 0xf04edbac
dup: 0xf04edbac
edi: 0x2cc
esi: 0xf04edbac
edi: 0x2d1
esi: 0x3
ebx: 0x3
ebx: 0xf04edbac
edi: 0x2d2
esi: 0xf04ed3dc
edi: 0x2d7
esi: 0x3
ebx: 0x3
ebx: 0xf04ed3dc
edi: 0x2d8
esi: 0xf04ed3c8
edi: 0x2dd
esi: 0xf04ed3c8
drop: 0xf04edbac
edi: 0x2de
esi: 0xf04edbac
drop: 0x67
edi: 0x2df
esi: 0x67
edi: 0x2e4
esi: 0x67
edi: 0x2e9
esi: 0xc9
edi: 0x2ee
esi: 0x65
edi: 0x3e9
esi: 0x67
edi: 0x3f2
esi: 0x67
edi: 0x3f7
esi: 0x67
edi: 0x3fc
esi: 0xc9
edi: 0x401
esi: 0xc9
edi: 0x406
esi: 0x65
edi: 0x407
esi: 0x65
edi: 0x2f7
esi: 0x65
edi: 0x2fc
esi: 0x1
edi: 0x2fd
esi: 0x3
edi: 0x302
esi: 0x67
edi: 0x307
esi: 0x3
edi: 0x30c
esi: 0x3
edi: 0x311
esi: 0x65
edi: 0x316
esi: 0xc9
edi: 0x31b
esi: 0xf04ed3c8
edi: 0x324
esi: 0xf04edbc0
edi: 0x23f
esi: 0x65
edi: 0x248
esi: 0x65
edi: 0x24d
esi: 0x65
edi: 0x252
esi: 0xf04edbc0
dup: 0xf04edbc0
edi: 0x253
esi: 0xf04edbc0
dup: 0xf04edbc0
edi: 0x254
esi: 0xf04edbc0
edi: 0x25d
esi: 0x3
edi: 0x268
esi: 0xf04edbc0
dup: 0xf04edbc0
edi: 0x269
esi: 0xf04edbc0
edi: 0x26e
esi: 0x1
ebx: 0x1
ebx: 0xf04edbc0
edi: 0x26f
esi: 0xc9
drop: 0xf04edbc0
edi: 0x270
esi: 0xf04edbc0
dup: 0xf04edbc0
edi: 0x271
esi: 0xf04edbc0
edi: 0x276
esi: 0x3
ebx: 0x3
ebx: 0xf04edbc0
edi: 0x277
esi: 0xf04ed3c8
dup: 0xf04ed3c8
edi: 0x278
esi: 0xf04ed3c8
edi: 0x281
esi: 0x3
edi: 0x28c
esi: 0xf04ed3c8
dup: 0xf04ed3c8
edi: 0x28d
esi: 0xf04ed3c8
edi: 0x292
esi: 0x1
ebx: 0x1
ebx: 0xf04ed3c8
edi: 0x293
esi: 0x63
drop: 0xf04ed3c8
edi: 0x294
esi: 0xf04ed3c8
dup: 0xf04ed3c8
edi: 0x295
esi: 0xf04ed3c8
edi: 0x29a
esi: 0x3
ebx: 0x3
ebx: 0xf04ed3c8
edi: 0x29b
esi: 0xf04ed3b4
drop: 0xf04ed3c8
edi: 0x29c
esi: 0xf04ed3c8
drop: 0xf04edbc0
edi: 0x29d
esi: 0xf04edbc0
drop: 0xf04edbc0
edi: 0x29e
esi: 0xf04edbc0
dup: 0xf04edbc0
edi: 0x29f
esi: 0xf04edbc0
edi: 0x2a4
esi: 0x1
ebx: 0x1
ebx: 0xf04edbc0
edi: 0x2a5
esi: 0xc9
edi: 0x2aa
esi: 0xc9
drop: 0xf04edbc0
edi: 0x2ab
esi: 0xf04edbc0
dup: 0xf04edbc0
edi: 0x2ac
esi: 0xf04edbc0
edi: 0x2b1
esi: 0x3
ebx: 0x3
ebx: 0xf04edbc0
edi: 0x2b2
esi: 0xf04ed3c8
edi: 0x2b7
esi: 0xf04ed3c8
drop: 0xf04edbc0
edi: 0x2b8
esi: 0xf04edbc0
dup: 0xf04edbc0
edi: 0x2b9
esi: 0xf04edbc0
edi: 0x2be
esi: 0x3
ebx: 0x3
ebx: 0xf04edbc0
edi: 0x2bf
esi: 0xf04ed3c8
edi: 0x2c4
esi: 0x1
ebx: 0x1
ebx: 0xf04ed3c8
edi: 0x2c5
esi: 0x63
edi: 0x2ca
esi: 0x63
drop: 0xf04edbc0
edi: 0x2cb
esi: 0xf04edbc0
dup: 0xf04edbc0
edi: 0x2cc
esi: 0xf04edbc0
edi: 0x2d1
esi: 0x3
ebx: 0x3
ebx: 0xf04edbc0
edi: 0x2d2
esi: 0xf04ed3c8
edi: 0x2d7
esi: 0x3
ebx: 0x3
ebx: 0xf04ed3c8
edi: 0x2d8
esi: 0xf04ed3b4
edi: 0x2dd
esi: 0xf04ed3b4
drop: 0xf04edbc0
edi: 0x2de
esi: 0xf04edbc0
drop: 0x65
edi: 0x2df
esi: 0x65
edi: 0x2e4
esi: 0x65
edi: 0x2e9
esi: 0xc9
edi: 0x2ee
esi: 0x63
edi: 0x3e9
esi: 0x65
edi: 0x3f2
esi: 0x65
edi: 0x3f7
esi: 0x65
edi: 0x3fc
esi: 0xc9
edi: 0x401
esi: 0xc9
edi: 0x406
esi: 0x63
edi: 0x407
esi: 0x67
edi: 0x2f7
esi: 0x67
edi: 0x2fc
esi: 0x1
edi: 0x2fd
esi: 0x3
edi: 0x302
esi: 0x65
edi: 0x307
esi: 0x3
edi: 0x30c
esi: 0x3
edi: 0x311
esi: 0x63
edi: 0x316
esi: 0xc9
edi: 0x31b
esi: 0xf04ed3b4
edi: 0x324
esi: 0xf04edbd4
edi: 0x23f
esi: 0x63
edi: 0x248
esi: 0x63
edi: 0x24d
esi: 0x63
edi: 0x252
esi: 0xf04edbd4
dup: 0xf04edbd4
edi: 0x253
esi: 0xf04edbd4
dup: 0xf04edbd4
edi: 0x254
esi: 0xf04edbd4
edi: 0x25d
esi: 0x3
edi: 0x268
esi: 0xf04edbd4
dup: 0xf04edbd4
edi: 0x269
esi: 0xf04edbd4
edi: 0x26e
esi: 0x1
ebx: 0x1
ebx: 0xf04edbd4
edi: 0x26f
esi: 0xc9
drop: 0xf04edbd4
edi: 0x270
esi: 0xf04edbd4
dup: 0xf04edbd4
edi: 0x271
esi: 0xf04edbd4
edi: 0x276
esi: 0x3
ebx: 0x3
ebx: 0xf04edbd4
edi: 0x277
esi: 0xf04ed3b4
dup: 0xf04ed3b4
edi: 0x278
esi: 0xf04ed3b4
edi: 0x281
esi: 0x3
edi: 0x28c
esi: 0xf04ed3b4
dup: 0xf04ed3b4
edi: 0x28d
esi: 0xf04ed3b4
edi: 0x292
esi: 0x1
ebx: 0x1
ebx: 0xf04ed3b4
edi: 0x293
esi: 0x61
drop: 0xf04ed3b4
edi: 0x294
esi: 0xf04ed3b4
dup: 0xf04ed3b4
edi: 0x295
esi: 0xf04ed3b4
edi: 0x29a
esi: 0x3
ebx: 0x3
ebx: 0xf04ed3b4
edi: 0x29b
esi: 0xf04ed3a0
drop: 0xf04ed3b4
edi: 0x29c
esi: 0xf04ed3b4
drop: 0xf04edbd4
edi: 0x29d
esi: 0xf04edbd4
drop: 0xf04edbd4
edi: 0x29e
esi: 0xf04edbd4
dup: 0xf04edbd4
edi: 0x29f
esi: 0xf04edbd4
edi: 0x2a4
esi: 0x1
ebx: 0x1
ebx: 0xf04edbd4
edi: 0x2a5
esi: 0xc9
edi: 0x2aa
esi: 0xc9
drop: 0xf04edbd4
edi: 0x2ab
esi: 0xf04edbd4
dup: 0xf04edbd4
edi: 0x2ac
esi: 0xf04edbd4
edi: 0x2b1
esi: 0x3
ebx: 0x3
ebx: 0xf04edbd4
edi: 0x2b2
esi: 0xf04ed3b4
edi: 0x2b7
esi: 0xf04ed3b4
drop: 0xf04edbd4
edi: 0x2b8
esi: 0xf04edbd4
dup: 0xf04edbd4
edi: 0x2b9
esi: 0xf04edbd4
edi: 0x2be
esi: 0x3
ebx: 0x3
ebx: 0xf04edbd4
edi: 0x2bf
esi: 0xf04ed3b4
edi: 0x2c4
esi: 0x1
ebx: 0x1
ebx: 0xf04ed3b4
edi: 0x2c5
esi: 0x61
edi: 0x2ca
esi: 0x61
drop: 0xf04edbd4
edi: 0x2cb
esi: 0xf04edbd4
dup: 0xf04edbd4
edi: 0x2cc
esi: 0xf04edbd4
edi: 0x2d1
esi: 0x3
ebx: 0x3
ebx: 0xf04edbd4
edi: 0x2d2
esi: 0xf04ed3b4
edi: 0x2d7
esi: 0x3
ebx: 0x3
ebx: 0xf04ed3b4
edi: 0x2d8
esi: 0xf04ed3a0
edi: 0x2dd
esi: 0xf04ed3a0
drop: 0xf04edbd4
edi: 0x2de
esi: 0xf04edbd4
drop: 0x63
edi: 0x2df
esi: 0x63
edi: 0x2e4
esi: 0x63
edi: 0x2e9
esi: 0xc9
edi: 0x2ee
esi: 0x61
edi: 0x3e9
esi: 0x63
edi: 0x3f2
esi: 0x63
edi: 0x3f7
esi: 0x63
edi: 0x3fc
esi: 0xc9
edi: 0x401
esi: 0xc9
edi: 0x406
esi: 0x61
edi: 0x407
esi: 0x69
edi: 0x2f7
esi: 0x69
edi: 0x2fc
esi: 0x1
edi: 0x2fd
esi: 0x3
edi: 0x302
esi: 0x63
edi: 0x307
esi: 0x3
edi: 0x30c
esi: 0x3
edi: 0x311
esi: 0x61
edi: 0x316
esi: 0xc9
edi: 0x31b
esi: 0xf04ed3a0
edi: 0x324
esi: 0xf04edbe8
edi: 0x23f
esi: 0x61
edi: 0x248
esi: 0x61
edi: 0x24d
esi: 0x61
edi: 0x252
esi: 0xf04edbe8
dup: 0xf04edbe8
edi: 0x253
esi: 0xf04edbe8
dup: 0xf04edbe8
edi: 0x254
esi: 0xf04edbe8
edi: 0x25d
esi: 0x3
edi: 0x268
esi: 0xf04edbe8
dup: 0xf04edbe8
edi: 0x269
esi: 0xf04edbe8
edi: 0x26e
esi: 0x1
ebx: 0x1
ebx: 0xf04edbe8
edi: 0x26f
esi: 0xc9
drop: 0xf04edbe8
edi: 0x270
esi: 0xf04edbe8
dup: 0xf04edbe8
edi: 0x271
esi: 0xf04edbe8
edi: 0x276
esi: 0x3
ebx: 0x3
ebx: 0xf04edbe8
edi: 0x277
esi: 0xf04ed3a0
dup: 0xf04ed3a0
edi: 0x278
esi: 0xf04ed3a0
edi: 0x281
esi: 0x3
edi: 0x28c
esi: 0xf04ed3a0
dup: 0xf04ed3a0
edi: 0x28d
esi: 0xf04ed3a0
edi: 0x292
esi: 0x1
ebx: 0x1
ebx: 0xf04ed3a0
edi: 0x293
esi: 0x5f
drop: 0xf04ed3a0
edi: 0x294
esi: 0xf04ed3a0
dup: 0xf04ed3a0
edi: 0x295
esi: 0xf04ed3a0
edi: 0x29a
esi: 0x3
ebx: 0x3
ebx: 0xf04ed3a0
edi: 0x29b
esi: 0xf04ed38c
drop: 0xf04ed3a0
edi: 0x29c
esi: 0xf04ed3a0
drop: 0xf04edbe8
edi: 0x29d
esi: 0xf04edbe8
drop: 0xf04edbe8
edi: 0x29e
esi: 0xf04edbe8
dup: 0xf04edbe8
edi: 0x29f
esi: 0xf04edbe8
edi: 0x2a4
esi: 0x1
ebx: 0x1
ebx: 0xf04edbe8
edi: 0x2a5
esi: 0xc9
edi: 0x2aa
esi: 0xc9
drop: 0xf04edbe8
edi: 0x2ab
esi: 0xf04edbe8
dup: 0xf04edbe8
edi: 0x2ac
esi: 0xf04edbe8
edi: 0x2b1
esi: 0x3
ebx: 0x3
ebx: 0xf04edbe8
edi: 0x2b2
esi: 0xf04ed3a0
edi: 0x2b7
esi: 0xf04ed3a0
drop: 0xf04edbe8
edi: 0x2b8
esi: 0xf04edbe8
dup: 0xf04edbe8
edi: 0x2b9
esi: 0xf04edbe8
edi: 0x2be
esi: 0x3
ebx: 0x3
ebx: 0xf04edbe8
edi: 0x2bf
esi: 0xf04ed3a0
edi: 0x2c4
esi: 0x1
ebx: 0x1
ebx: 0xf04ed3a0
edi: 0x2c5
esi: 0x5f
edi: 0x2ca
esi: 0x5f
drop: 0xf04edbe8
edi: 0x2cb
esi: 0xf04edbe8
dup: 0xf04edbe8
edi: 0x2cc
esi: 0xf04edbe8
edi: 0x2d1
esi: 0x3
ebx: 0x3
ebx: 0xf04edbe8
edi: 0x2d2
esi: 0xf04ed3a0
edi: 0x2d7
esi: 0x3
ebx: 0x3
ebx: 0xf04ed3a0
edi: 0x2d8
esi: 0xf04ed38c
edi: 0x2dd
esi: 0xf04ed38c
drop: 0xf04edbe8
edi: 0x2de
esi: 0xf04edbe8
drop: 0x61
edi: 0x2df
esi: 0x61
edi: 0x2e4
esi: 0x61
edi: 0x2e9
esi: 0xc9
edi: 0x2ee
esi: 0x5f
edi: 0x3e9
esi: 0x61
edi: 0x3f2
esi: 0x61
edi: 0x3f7
esi: 0x61
edi: 0x3fc
esi: 0xc9
edi: 0x401
esi: 0xc9
edi: 0x406
esi: 0x5f
edi: 0x407
esi: 0x6b
edi: 0x2f7
esi: 0x6b
edi: 0x2fc
esi: 0x1
edi: 0x2fd
esi: 0x3
edi: 0x302
esi: 0x61
edi: 0x307
esi: 0x3
edi: 0x30c
esi: 0x3
edi: 0x311
esi: 0x5f
edi: 0x316
esi: 0xc9
edi: 0x31b
esi: 0xf04ed38c
edi: 0x324
esi: 0xf04edbfc
edi: 0x23f
esi: 0x5f
edi: 0x248
esi: 0x5f
edi: 0x24d
esi: 0x5f
edi: 0x252
esi: 0xf04edbfc
dup: 0xf04edbfc
edi: 0x253
esi: 0xf04edbfc
dup: 0xf04edbfc
edi: 0x254
esi: 0xf04edbfc
edi: 0x25d
esi: 0x3
edi: 0x268
esi: 0xf04edbfc
dup: 0xf04edbfc
edi: 0x269
esi: 0xf04edbfc
edi: 0x26e
esi: 0x1
ebx: 0x1
ebx: 0xf04edbfc
edi: 0x26f
esi: 0xc9
drop: 0xf04edbfc
edi: 0x270
esi: 0xf04edbfc
dup: 0xf04edbfc
edi: 0x271
esi: 0xf04edbfc
edi: 0x276
esi: 0x3
ebx: 0x3
ebx: 0xf04edbfc
edi: 0x277
esi: 0xf04ed38c
dup: 0xf04ed38c
edi: 0x278
esi: 0xf04ed38c
edi: 0x281
esi: 0x3
edi: 0x28c
esi: 0xf04ed38c
dup: 0xf04ed38c
edi: 0x28d
esi: 0xf04ed38c
edi: 0x292
esi: 0x1
ebx: 0x1
ebx: 0xf04ed38c
edi: 0x293
esi: 0x5d
drop: 0xf04ed38c
edi: 0x294
esi: 0xf04ed38c
dup: 0xf04ed38c
edi: 0x295
esi: 0xf04ed38c
edi: 0x29a
esi: 0x3
ebx: 0x3
ebx: 0xf04ed38c
edi: 0x29b
esi: 0xf04ed378
drop: 0xf04ed38c
edi: 0x29c
esi: 0xf04ed38c
drop: 0xf04edbfc
edi: 0x29d
esi: 0xf04edbfc
drop: 0xf04edbfc
edi: 0x29e
esi: 0xf04edbfc
dup: 0xf04edbfc
edi: 0x29f
esi: 0xf04edbfc
edi: 0x2a4
esi: 0x1
ebx: 0x1
ebx: 0xf04edbfc
edi: 0x2a5
esi: 0xc9
edi: 0x2aa
esi: 0xc9
drop: 0xf04edbfc
edi: 0x2ab
esi: 0xf04edbfc
dup: 0xf04edbfc
edi: 0x2ac
esi: 0xf04edbfc
edi: 0x2b1
esi: 0x3
ebx: 0x3
ebx: 0xf04edbfc
edi: 0x2b2
esi: 0xf04ed38c
edi: 0x2b7
esi: 0xf04ed38c
drop: 0xf04edbfc
edi: 0x2b8
esi: 0xf04edbfc
dup: 0xf04edbfc
edi: 0x2b9
esi: 0xf04edbfc
edi: 0x2be
esi: 0x3
ebx: 0x3
ebx: 0xf04edbfc
edi: 0x2bf
esi: 0xf04ed38c
edi: 0x2c4
esi: 0x1
ebx: 0x1
ebx: 0xf04ed38c
edi: 0x2c5
esi: 0x5d
edi: 0x2ca
esi: 0x5d
drop: 0xf04edbfc
edi: 0x2cb
esi: 0xf04edbfc
dup: 0xf04edbfc
edi: 0x2cc
esi: 0xf04edbfc
edi: 0x2d1
esi: 0x3
ebx: 0x3
ebx: 0xf04edbfc
edi: 0x2d2
esi: 0xf04ed38c
edi: 0x2d7
esi: 0x3
ebx: 0x3
ebx: 0xf04ed38c
edi: 0x2d8
esi: 0xf04ed378
edi: 0x2dd
esi: 0xf04ed378
drop: 0xf04edbfc
edi: 0x2de
esi: 0xf04edbfc
drop: 0x5f
edi: 0x2df
esi: 0x5f
edi: 0x2e4
esi: 0x5f
edi: 0x2e9
esi: 0xc9
edi: 0x2ee
esi: 0x5d
edi: 0x3e9
esi: 0x5f
edi: 0x3f2
esi: 0x5f
edi: 0x3f7
esi: 0x5f
edi: 0x3fc
esi: 0xc9
edi: 0x401
esi: 0xc9
edi: 0x406
esi: 0x5d
edi: 0x407
esi: 0x6d
edi: 0x2f7
esi: 0x6d
edi: 0x2fc
esi: 0x1
edi: 0x2fd
esi: 0x3
edi: 0x302
esi: 0x5f
edi: 0x307
esi: 0x3
edi: 0x30c
esi: 0x3
edi: 0x311
esi: 0x5d
edi: 0x316
esi: 0xc9
edi: 0x31b
esi: 0xf04ed378
edi: 0x324
esi: 0xf04edc10
edi: 0x23f
esi: 0x5d
edi: 0x248
esi: 0x5d
edi: 0x24d
esi: 0x5d
edi: 0x252
esi: 0xf04edc10
dup: 0xf04edc10
edi: 0x253
esi: 0xf04edc10
dup: 0xf04edc10
edi: 0x254
esi: 0xf04edc10
edi: 0x25d
esi: 0x3
edi: 0x268
esi: 0xf04edc10
dup: 0xf04edc10
edi: 0x269
esi: 0xf04edc10
edi: 0x26e
esi: 0x1
ebx: 0x1
ebx: 0xf04edc10
edi: 0x26f
esi: 0xc9
drop: 0xf04edc10
edi: 0x270
esi: 0xf04edc10
dup: 0xf04edc10
edi: 0x271
esi: 0xf04edc10
edi: 0x276
esi: 0x3
ebx: 0x3
ebx: 0xf04edc10
edi: 0x277
esi: 0xf04ed378
dup: 0xf04ed378
edi: 0x278
esi: 0xf04ed378
edi: 0x281
esi: 0x3
edi: 0x28c
esi: 0xf04ed378
dup: 0xf04ed378
edi: 0x28d
esi: 0xf04ed378
edi: 0x292
esi: 0x1
ebx: 0x1
ebx: 0xf04ed378
edi: 0x293
esi: 0x5b
drop: 0xf04ed378
edi: 0x294
esi: 0xf04ed378
dup: 0xf04ed378
edi: 0x295
esi: 0xf04ed378
edi: 0x29a
esi: 0x3
ebx: 0x3
ebx: 0xf04ed378
edi: 0x29b
esi: 0xf04ed364
drop: 0xf04ed378
edi: 0x29c
esi: 0xf04ed378
drop: 0xf04edc10
edi: 0x29d
esi: 0xf04edc10
drop: 0xf04edc10
edi: 0x29e
esi: 0xf04edc10
dup: 0xf04edc10
edi: 0x29f
esi: 0xf04edc10
edi: 0x2a4
esi: 0x1
ebx: 0x1
ebx: 0xf04edc10
edi: 0x2a5
esi: 0xc9
edi: 0x2aa
esi: 0xc9
drop: 0xf04edc10
edi: 0x2ab
esi: 0xf04edc10
dup: 0xf04edc10
edi: 0x2ac
esi: 0xf04edc10
edi: 0x2b1
esi: 0x3
ebx: 0x3
ebx: 0xf04edc10
edi: 0x2b2
esi: 0xf04ed378
edi: 0x2b7
esi: 0xf04ed378
drop: 0xf04edc10
edi: 0x2b8
esi: 0xf04edc10
dup: 0xf04edc10
edi: 0x2b9
esi: 0xf04edc10
edi: 0x2be
esi: 0x3
ebx: 0x3
ebx: 0xf04edc10
edi: 0x2bf
esi: 0xf04ed378
edi: 0x2c4
esi: 0x1
ebx: 0x1
ebx: 0xf04ed378
edi: 0x2c5
esi: 0x5b
edi: 0x2ca
esi: 0x5b
drop: 0xf04edc10
edi: 0x2cb
esi: 0xf04edc10
dup: 0xf04edc10
edi: 0x2cc
esi: 0xf04edc10
edi: 0x2d1
esi: 0x3
ebx: 0x3
ebx: 0xf04edc10
edi: 0x2d2
esi: 0xf04ed378
edi: 0x2d7
esi: 0x3
ebx: 0x3
ebx: 0xf04ed378
edi: 0x2d8
esi: 0xf04ed364
edi: 0x2dd
esi: 0xf04ed364
drop: 0xf04edc10
edi: 0x2de
esi: 0xf04edc10
drop: 0x5d
edi: 0x2df
esi: 0x5d
edi: 0x2e4
esi: 0x5d
edi: 0x2e9
esi: 0xc9
edi: 0x2ee
esi: 0x5b
edi: 0x3e9
esi: 0x5d
edi: 0x3f2
esi: 0x5d
edi: 0x3f7
esi: 0x5d
edi: 0x3fc
esi: 0xc9
edi: 0x401
esi: 0xc9
edi: 0x406
esi: 0x5b
edi: 0x407
esi: 0x6f
edi: 0x2f7
esi: 0x6f
edi: 0x2fc
esi: 0x1
edi: 0x2fd
esi: 0x3
edi: 0x302
esi: 0x5d
edi: 0x307
esi: 0x3
edi: 0x30c
esi: 0x3
edi: 0x311
esi: 0x5b
edi: 0x316
esi: 0xc9
edi: 0x31b
esi: 0xf04ed364
edi: 0x324
esi: 0xf04edc24
edi: 0x23f
esi: 0x5b
edi: 0x248
esi: 0x5b
edi: 0x24d
esi: 0x5b
edi: 0x252
esi: 0xf04edc24
dup: 0xf04edc24
edi: 0x253
esi: 0xf04edc24
dup: 0xf04edc24
edi: 0x254
esi: 0xf04edc24
edi: 0x25d
esi: 0x3
edi: 0x268
esi: 0xf04edc24
dup: 0xf04edc24
edi: 0x269
esi: 0xf04edc24
edi: 0x26e
esi: 0x1
ebx: 0x1
ebx: 0xf04edc24
edi: 0x26f
esi: 0xc9
drop: 0xf04edc24
edi: 0x270
esi: 0xf04edc24
dup: 0xf04edc24
edi: 0x271
esi: 0xf04edc24
edi: 0x276
esi: 0x3
ebx: 0x3
ebx: 0xf04edc24
edi: 0x277
esi: 0xf04ed364
dup: 0xf04ed364
edi: 0x278
esi: 0xf04ed364
edi: 0x281
esi: 0x3
edi: 0x28c
esi: 0xf04ed364
dup: 0xf04ed364
edi: 0x28d
esi: 0xf04ed364
edi: 0x292
esi: 0x1
ebx: 0x1
ebx: 0xf04ed364
edi: 0x293
esi: 0x59
drop: 0xf04ed364
edi: 0x294
esi: 0xf04ed364
dup: 0xf04ed364
edi: 0x295
esi: 0xf04ed364
edi: 0x29a
esi: 0x3
ebx: 0x3
ebx: 0xf04ed364
edi: 0x29b
esi: 0xf04ed350
drop: 0xf04ed364
edi: 0x29c
esi: 0xf04ed364
drop: 0xf04edc24
edi: 0x29d
esi: 0xf04edc24
drop: 0xf04edc24
edi: 0x29e
esi: 0xf04edc24
dup: 0xf04edc24
edi: 0x29f
esi: 0xf04edc24
edi: 0x2a4
esi: 0x1
ebx: 0x1
ebx: 0xf04edc24
edi: 0x2a5
esi: 0xc9
edi: 0x2aa
esi: 0xc9
drop: 0xf04edc24
edi: 0x2ab
esi: 0xf04edc24
dup: 0xf04edc24
edi: 0x2ac
esi: 0xf04edc24
edi: 0x2b1
esi: 0x3
ebx: 0x3
ebx: 0xf04edc24
edi: 0x2b2
esi: 0xf04ed364
edi: 0x2b7
esi: 0xf04ed364
drop: 0xf04edc24
edi: 0x2b8
esi: 0xf04edc24
dup: 0xf04edc24
edi: 0x2b9
esi: 0xf04edc24
edi: 0x2be
esi: 0x3
ebx: 0x3
ebx: 0xf04edc24
edi: 0x2bf
esi: 0xf04ed364
edi: 0x2c4
esi: 0x1
ebx: 0x1
ebx: 0xf04ed364
edi: 0x2c5
esi: 0x59
edi: 0x2ca
esi: 0x59
drop: 0xf04edc24
edi: 0x2cb
esi: 0xf04edc24
dup: 0xf04edc24
edi: 0x2cc
esi: 0xf04edc24
edi: 0x2d1
esi: 0x3
ebx: 0x3
ebx: 0xf04edc24
edi: 0x2d2
esi: 0xf04ed364
edi: 0x2d7
esi: 0x3
ebx: 0x3
ebx: 0xf04ed364
edi: 0x2d8
esi: 0xf04ed350
edi: 0x2dd
esi: 0xf04ed350
drop: 0xf04edc24
edi: 0x2de
esi: 0xf04edc24
drop: 0x5b
edi: 0x2df
esi: 0x5b
edi: 0x2e4
esi: 0x5b
edi: 0x2e9
esi: 0xc9
edi: 0x2ee
esi: 0x59
edi: 0x3e9
esi: 0x5b
edi: 0x3f2
esi: 0x5b
edi: 0x3f7
esi: 0x5b
edi: 0x3fc
esi: 0xc9
edi: 0x401
esi: 0xc9
edi: 0x406
esi: 0x59
edi: 0x407
esi: 0x71
edi: 0x2f7
esi: 0x71
edi: 0x2fc
esi: 0x1
edi: 0x2fd
esi: 0x3
edi: 0x302
esi: 0x5b
edi: 0x307
esi: 0x3
edi: 0x30c
esi: 0x3
edi: 0x311
esi: 0x59
edi: 0x316
esi: 0xc9
edi: 0x31b
esi: 0xf04ed350
edi: 0x324
esi: 0xf04edc38
edi: 0x23f
esi: 0x59
edi: 0x248
esi: 0x59
edi: 0x24d
esi: 0x59
edi: 0x252
esi: 0xf04edc38
dup: 0xf04edc38
edi: 0x253
esi: 0xf04edc38
dup: 0xf04edc38
edi: 0x254
esi: 0xf04edc38
edi: 0x25d
esi: 0x3
edi: 0x268
esi: 0xf04edc38
dup: 0xf04edc38
edi: 0x269
esi: 0xf04edc38
edi: 0x26e
esi: 0x1
ebx: 0x1
ebx: 0xf04edc38
edi: 0x26f
esi: 0xc9
drop: 0xf04edc38
edi: 0x270
esi: 0xf04edc38
dup: 0xf04edc38
edi: 0x271
esi: 0xf04edc38
edi: 0x276
esi: 0x3
ebx: 0x3
ebx: 0xf04edc38
edi: 0x277
esi: 0xf04ed350
dup: 0xf04ed350
edi: 0x278
esi: 0xf04ed350
edi: 0x281
esi: 0x3
edi: 0x28c
esi: 0xf04ed350
dup: 0xf04ed350
edi: 0x28d
esi: 0xf04ed350
edi: 0x292
esi: 0x1
ebx: 0x1
ebx: 0xf04ed350
edi: 0x293
esi: 0x57
drop: 0xf04ed350
edi: 0x294
esi: 0xf04ed350
dup: 0xf04ed350
edi: 0x295
esi: 0xf04ed350
edi: 0x29a
esi: 0x3
ebx: 0x3
ebx: 0xf04ed350
edi: 0x29b
esi: 0xf04ed33c
drop: 0xf04ed350
edi: 0x29c
esi: 0xf04ed350
drop: 0xf04edc38
edi: 0x29d
esi: 0xf04edc38
drop: 0xf04edc38
edi: 0x29e
esi: 0xf04edc38
dup: 0xf04edc38
edi: 0x29f
esi: 0xf04edc38
edi: 0x2a4
esi: 0x1
ebx: 0x1
ebx: 0xf04edc38
edi: 0x2a5
esi: 0xc9
edi: 0x2aa
esi: 0xc9
drop: 0xf04edc38
edi: 0x2ab
esi: 0xf04edc38
dup: 0xf04edc38
edi: 0x2ac
esi: 0xf04edc38
edi: 0x2b1
esi: 0x3
ebx: 0x3
ebx: 0xf04edc38
edi: 0x2b2
esi: 0xf04ed350
edi: 0x2b7
esi: 0xf04ed350
drop: 0xf04edc38
edi: 0x2b8
esi: 0xf04edc38
dup: 0xf04edc38
edi: 0x2b9
esi: 0xf04edc38
edi: 0x2be
esi: 0x3
ebx: 0x3
ebx: 0xf04edc38
edi: 0x2bf
esi: 0xf04ed350
edi: 0x2c4
esi: 0x1
ebx: 0x1
ebx: 0xf04ed350
edi: 0x2c5
esi: 0x57
edi: 0x2ca
esi: 0x57
drop: 0xf04edc38
edi: 0x2cb
esi: 0xf04edc38
dup: 0xf04edc38
edi: 0x2cc
esi: 0xf04edc38
edi: 0x2d1
esi: 0x3
ebx: 0x3
ebx: 0xf04edc38
edi: 0x2d2
esi: 0xf04ed350
edi: 0x2d7
esi: 0x3
ebx: 0x3
ebx: 0xf04ed350
edi: 0x2d8
esi: 0xf04ed33c
edi: 0x2dd
esi: 0xf04ed33c
drop: 0xf04edc38
edi: 0x2de
esi: 0xf04edc38
drop: 0x59
edi: 0x2df
esi: 0x59
edi: 0x2e4
esi: 0x59
edi: 0x2e9
esi: 0xc9
edi: 0x2ee
esi: 0x57
edi: 0x3e9
esi: 0x59
edi: 0x3f2
esi: 0x59
edi: 0x3f7
esi: 0x59
edi: 0x3fc
esi: 0xc9
edi: 0x401
esi: 0xc9
edi: 0x406
esi: 0x57
edi: 0x407
esi: 0x73
edi: 0x2f7
esi: 0x73
edi: 0x2fc
esi: 0x1
edi: 0x2fd
esi: 0x3
edi: 0x302
esi: 0x59
edi: 0x307
esi: 0x3
edi: 0x30c
esi: 0x3
edi: 0x311
esi: 0x57
edi: 0x316
esi: 0xc9
edi: 0x31b
esi: 0xf04ed33c
edi: 0x324
esi: 0xf04edc4c
edi: 0x23f
esi: 0x57
edi: 0x248
esi: 0x57
edi: 0x24d
esi: 0x57
edi: 0x252
esi: 0xf04edc4c
dup: 0xf04edc4c
edi: 0x253
esi: 0xf04edc4c
dup: 0xf04edc4c
edi: 0x254
esi: 0xf04edc4c
edi: 0x25d
esi: 0x3
edi: 0x268
esi: 0xf04edc4c
dup: 0xf04edc4c
edi: 0x269
esi: 0xf04edc4c
edi: 0x26e
esi: 0x1
ebx: 0x1
ebx: 0xf04edc4c
edi: 0x26f
esi: 0xc9
drop: 0xf04edc4c
edi: 0x270
esi: 0xf04edc4c
dup: 0xf04edc4c
edi: 0x271
esi: 0xf04edc4c
edi: 0x276
esi: 0x3
ebx: 0x3
ebx: 0xf04edc4c
edi: 0x277
esi: 0xf04ed33c
dup: 0xf04ed33c
edi: 0x278
esi: 0xf04ed33c
edi: 0x281
esi: 0x3
edi: 0x28c
esi: 0xf04ed33c
dup: 0xf04ed33c
edi: 0x28d
esi: 0xf04ed33c
edi: 0x292
esi: 0x1
ebx: 0x1
ebx: 0xf04ed33c
edi: 0x293
esi: 0x55
drop: 0xf04ed33c
edi: 0x294
esi: 0xf04ed33c
dup: 0xf04ed33c
edi: 0x295
esi: 0xf04ed33c
edi: 0x29a
esi: 0x3
ebx: 0x3
ebx: 0xf04ed33c
edi: 0x29b
esi: 0xf04ed328
drop: 0xf04ed33c
edi: 0x29c
esi: 0xf04ed33c
drop: 0xf04edc4c
edi: 0x29d
esi: 0xf04edc4c
drop: 0xf04edc4c
edi: 0x29e
esi: 0xf04edc4c
dup: 0xf04edc4c
edi: 0x29f
esi: 0xf04edc4c
edi: 0x2a4
esi: 0x1
ebx: 0x1
ebx: 0xf04edc4c
edi: 0x2a5
esi: 0xc9
edi: 0x2aa
esi: 0xc9
drop: 0xf04edc4c
edi: 0x2ab
esi: 0xf04edc4c
dup: 0xf04edc4c
edi: 0x2ac
esi: 0xf04edc4c
edi: 0x2b1
esi: 0x3
ebx: 0x3
ebx: 0xf04edc4c
edi: 0x2b2
esi: 0xf04ed33c
edi: 0x2b7
esi: 0xf04ed33c
drop: 0xf04edc4c
edi: 0x2b8
esi: 0xf04edc4c
dup: 0xf04edc4c
edi: 0x2b9
esi: 0xf04edc4c
edi: 0x2be
esi: 0x3
ebx: 0x3
ebx: 0xf04edc4c
edi: 0x2bf
esi: 0xf04ed33c
edi: 0x2c4
esi: 0x1
ebx: 0x1
ebx: 0xf04ed33c
edi: 0x2c5
esi: 0x55
edi: 0x2ca
esi: 0x55
drop: 0xf04edc4c
edi: 0x2cb
esi: 0xf04edc4c
dup: 0xf04edc4c
edi: 0x2cc
esi: 0xf04edc4c
edi: 0x2d1
esi: 0x3
ebx: 0x3
ebx: 0xf04edc4c
edi: 0x2d2
esi: 0xf04ed33c
edi: 0x2d7
esi: 0x3
ebx: 0x3
ebx: 0xf04ed33c
edi: 0x2d8
esi: 0xf04ed328
edi: 0x2dd
esi: 0xf04ed328
drop: 0xf04edc4c
edi: 0x2de
esi: 0xf04edc4c
drop: 0x57
edi: 0x2df
esi: 0x57
edi: 0x2e4
esi: 0x57
edi: 0x2e9
esi: 0xc9
edi: 0x2ee
esi: 0x55
edi: 0x3e9
esi: 0x57
edi: 0x3f2
esi: 0x57
edi: 0x3f7
esi: 0x57
edi: 0x3fc
esi: 0xc9
edi: 0x401
esi: 0xc9
edi: 0x406
esi: 0x55
edi: 0x407
esi: 0x75
edi: 0x2f7
esi: 0x75
edi: 0x2fc
esi: 0x1
edi: 0x2fd
esi: 0x3
edi: 0x302
esi: 0x57
edi: 0x307
esi: 0x3
edi: 0x30c
esi: 0x3
edi: 0x311
esi: 0x55
edi: 0x316
esi: 0xc9
edi: 0x31b
esi: 0xf04ed328
edi: 0x324
esi: 0xf04edc60
edi: 0x23f
esi: 0x55
edi: 0x248
esi: 0x55
edi: 0x24d
esi: 0x55
edi: 0x252
esi: 0xf04edc60
dup: 0xf04edc60
edi: 0x253
esi: 0xf04edc60
dup: 0xf04edc60
edi: 0x254
esi: 0xf04edc60
edi: 0x25d
esi: 0x3
edi: 0x268
esi: 0xf04edc60
dup: 0xf04edc60
edi: 0x269
esi: 0xf04edc60
edi: 0x26e
esi: 0x1
ebx: 0x1
ebx: 0xf04edc60
edi: 0x26f
esi: 0xc9
drop: 0xf04edc60
edi: 0x270
esi: 0xf04edc60
dup: 0xf04edc60
edi: 0x271
esi: 0xf04edc60
edi: 0x276
esi: 0x3
ebx: 0x3
ebx: 0xf04edc60
edi: 0x277
esi: 0xf04ed328
dup: 0xf04ed328
edi: 0x278
esi: 0xf04ed328
edi: 0x281
esi: 0x3
edi: 0x28c
esi: 0xf04ed328
dup: 0xf04ed328
edi: 0x28d
esi: 0xf04ed328
edi: 0x292
esi: 0x1
ebx: 0x1
ebx: 0xf04ed328
edi: 0x293
esi: 0x53
drop: 0xf04ed328
edi: 0x294
esi: 0xf04ed328
dup: 0xf04ed328
edi: 0x295
esi: 0xf04ed328
edi: 0x29a
esi: 0x3
ebx: 0x3
ebx: 0xf04ed328
edi: 0x29b
esi: 0xf04ed314
drop: 0xf04ed328
edi: 0x29c
esi: 0xf04ed328
drop: 0xf04edc60
edi: 0x29d
esi: 0xf04edc60
drop: 0xf04edc60
edi: 0x29e
esi: 0xf04edc60
dup: 0xf04edc60
edi: 0x29f
esi: 0xf04edc60
edi: 0x2a4
esi: 0x1
ebx: 0x1
ebx: 0xf04edc60
edi: 0x2a5
esi: 0xc9
edi: 0x2aa
esi: 0xc9
drop: 0xf04edc60
edi: 0x2ab
esi: 0xf04edc60
dup: 0xf04edc60
edi: 0x2ac
esi: 0xf04edc60
edi: 0x2b1
esi: 0x3
ebx: 0x3
ebx: 0xf04edc60
edi: 0x2b2
esi: 0xf04ed328
edi: 0x2b7
esi: 0xf04ed328
drop: 0xf04edc60
edi: 0x2b8
esi: 0xf04edc60
dup: 0xf04edc60
edi: 0x2b9
esi: 0xf04edc60
edi: 0x2be
esi: 0x3
ebx: 0x3
ebx: 0xf04edc60
edi: 0x2bf
esi: 0xf04ed328
edi: 0x2c4
esi: 0x1
ebx: 0x1
ebx: 0xf04ed328
edi: 0x2c5
esi: 0x53
edi: 0x2ca
esi: 0x53
drop: 0xf04edc60
edi: 0x2cb
esi: 0xf04edc60
dup: 0xf04edc60
edi: 0x2cc
esi: 0xf04edc60
edi: 0x2d1
esi: 0x3
ebx: 0x3
ebx: 0xf04edc60
edi: 0x2d2
esi: 0xf04ed328
edi: 0x2d7
esi: 0x3
ebx: 0x3
ebx: 0xf04ed328
edi: 0x2d8
esi: 0xf04ed314
edi: 0x2dd
esi: 0xf04ed314
drop: 0xf04edc60
edi: 0x2de
esi: 0xf04edc60
drop: 0x55
edi: 0x2df
esi: 0x55
edi: 0x2e4
esi: 0x55
edi: 0x2e9
esi: 0xc9
edi: 0x2ee
esi: 0x53
edi: 0x3e9
esi: 0x55
edi: 0x3f2
esi: 0x55
edi: 0x3f7
esi: 0x55
edi: 0x3fc
esi: 0xc9
edi: 0x401
esi: 0xc9
edi: 0x406
esi: 0x53
edi: 0x407
esi: 0x77
edi: 0x2f7
esi: 0x77
edi: 0x2fc
esi: 0x1
edi: 0x2fd
esi: 0x3
edi: 0x302
esi: 0x55
edi: 0x307
esi: 0x3
edi: 0x30c
esi: 0x3
edi: 0x311
esi: 0x53
edi: 0x316
esi: 0xc9
edi: 0x31b
esi: 0xf04ed314
edi: 0x324
esi: 0xf04edc74
edi: 0x23f
esi: 0x53
edi: 0x248
esi: 0x53
edi: 0x24d
esi: 0x53
edi: 0x252
esi: 0xf04edc74
dup: 0xf04edc74
edi: 0x253
esi: 0xf04edc74
dup: 0xf04edc74
edi: 0x254
esi: 0xf04edc74
edi: 0x25d
esi: 0x3
edi: 0x268
esi: 0xf04edc74
dup: 0xf04edc74
edi: 0x269
esi: 0xf04edc74
edi: 0x26e
esi: 0x1
ebx: 0x1
ebx: 0xf04edc74
edi: 0x26f
esi: 0xc9
drop: 0xf04edc74
edi: 0x270
esi: 0xf04edc74
dup: 0xf04edc74
edi: 0x271
esi: 0xf04edc74
edi: 0x276
esi: 0x3
ebx: 0x3
ebx: 0xf04edc74
edi: 0x277
esi: 0xf04ed314
dup: 0xf04ed314
edi: 0x278
esi: 0xf04ed314
edi: 0x281
esi: 0x3
edi: 0x28c
esi: 0xf04ed314
dup: 0xf04ed314
edi: 0x28d
esi: 0xf04ed314
edi: 0x292
esi: 0x1
ebx: 0x1
ebx: 0xf04ed314
edi: 0x293
esi: 0x51
drop: 0xf04ed314
edi: 0x294
esi: 0xf04ed314
dup: 0xf04ed314
edi: 0x295
esi: 0xf04ed314
edi: 0x29a
esi: 0x3
ebx: 0x3
ebx: 0xf04ed314
edi: 0x29b
esi: 0xf04ed300
drop: 0xf04ed314
edi: 0x29c
esi: 0xf04ed314
drop: 0xf04edc74
edi: 0x29d
esi: 0xf04edc74
drop: 0xf04edc74
edi: 0x29e
esi: 0xf04edc74
dup: 0xf04edc74
edi: 0x29f
esi: 0xf04edc74
edi: 0x2a4
esi: 0x1
ebx: 0x1
ebx: 0xf04edc74
edi: 0x2a5
esi: 0xc9
edi: 0x2aa
esi: 0xc9
drop: 0xf04edc74
edi: 0x2ab
esi: 0xf04edc74
dup: 0xf04edc74
edi: 0x2ac
esi: 0xf04edc74
edi: 0x2b1
esi: 0x3
ebx: 0x3
ebx: 0xf04edc74
edi: 0x2b2
esi: 0xf04ed314
edi: 0x2b7
esi: 0xf04ed314
drop: 0xf04edc74
edi: 0x2b8
esi: 0xf04edc74
dup: 0xf04edc74
edi: 0x2b9
esi: 0xf04edc74
edi: 0x2be
esi: 0x3
ebx: 0x3
ebx: 0xf04edc74
edi: 0x2bf
esi: 0xf04ed314
edi: 0x2c4
esi: 0x1
ebx: 0x1
ebx: 0xf04ed314
edi: 0x2c5
esi: 0x51
edi: 0x2ca
esi: 0x51
drop: 0xf04edc74
edi: 0x2cb
esi: 0xf04edc74
dup: 0xf04edc74
edi: 0x2cc
esi: 0xf04edc74
edi: 0x2d1
esi: 0x3
ebx: 0x3
ebx: 0xf04edc74
edi: 0x2d2
esi: 0xf04ed314
edi: 0x2d7
esi: 0x3
ebx: 0x3
ebx: 0xf04ed314
edi: 0x2d8
esi: 0xf04ed300
edi: 0x2dd
esi: 0xf04ed300
drop: 0xf04edc74
edi: 0x2de
esi: 0xf04edc74
drop: 0x53
edi: 0x2df
esi: 0x53
edi: 0x2e4
esi: 0x53
edi: 0x2e9
esi: 0xc9
edi: 0x2ee
esi: 0x51
edi: 0x3e9
esi: 0x53
edi: 0x3f2
esi: 0x53
edi: 0x3f7
esi: 0x53
edi: 0x3fc
esi: 0xc9
edi: 0x401
esi: 0xc9
edi: 0x406
esi: 0x51
edi: 0x407
esi: 0x79
edi: 0x2f7
esi: 0x79
edi: 0x2fc
esi: 0x1
edi: 0x2fd
esi: 0x3
edi: 0x302
esi: 0x53
edi: 0x307
esi: 0x3
edi: 0x30c
esi: 0x3
edi: 0x311
esi: 0x51
edi: 0x316
esi: 0xc9
edi: 0x31b
esi: 0xf04ed300
edi: 0x324
esi: 0xf04edc88
edi: 0x23f
esi: 0x51
edi: 0x248
esi: 0x51
edi: 0x24d
esi: 0x51
edi: 0x252
esi: 0xf04edc88
dup: 0xf04edc88
edi: 0x253
esi: 0xf04edc88
dup: 0xf04edc88
edi: 0x254
esi: 0xf04edc88
edi: 0x25d
esi: 0x3
edi: 0x268
esi: 0xf04edc88
dup: 0xf04edc88
edi: 0x269
esi: 0xf04edc88
edi: 0x26e
esi: 0x1
ebx: 0x1
ebx: 0xf04edc88
edi: 0x26f
esi: 0xc9
drop: 0xf04edc88
edi: 0x270
esi: 0xf04edc88
dup: 0xf04edc88
edi: 0x271
esi: 0xf04edc88
edi: 0x276
esi: 0x3
ebx: 0x3
ebx: 0xf04edc88
edi: 0x277
esi: 0xf04ed300
dup: 0xf04ed300
edi: 0x278
esi: 0xf04ed300
edi: 0x281
esi: 0x3
edi: 0x28c
esi: 0xf04ed300
dup: 0xf04ed300
edi: 0x28d
esi: 0xf04ed300
edi: 0x292
esi: 0x1
ebx: 0x1
ebx: 0xf04ed300
edi: 0x293
esi: 0x4f
drop: 0xf04ed300
edi: 0x294
esi: 0xf04ed300
dup: 0xf04ed300
edi: 0x295
esi: 0xf04ed300
edi: 0x29a
esi: 0x3
ebx: 0x3
ebx: 0xf04ed300
edi: 0x29b
esi: 0xf04ed2ec
drop: 0xf04ed300
edi: 0x29c
esi: 0xf04ed300
drop: 0xf04edc88
edi: 0x29d
esi: 0xf04edc88
drop: 0xf04edc88
edi: 0x29e
esi: 0xf04edc88
dup: 0xf04edc88
edi: 0x29f
esi: 0xf04edc88
edi: 0x2a4
esi: 0x1
ebx: 0x1
ebx: 0xf04edc88
edi: 0x2a5
esi: 0xc9
edi: 0x2aa
esi: 0xc9
drop: 0xf04edc88
edi: 0x2ab
esi: 0xf04edc88
dup: 0xf04edc88
edi: 0x2ac
esi: 0xf04edc88
edi: 0x2b1
esi: 0x3
ebx: 0x3
ebx: 0xf04edc88
edi: 0x2b2
esi: 0xf04ed300
edi: 0x2b7
esi: 0xf04ed300
drop: 0xf04edc88
edi: 0x2b8
esi: 0xf04edc88
dup: 0xf04edc88
edi: 0x2b9
esi: 0xf04edc88
edi: 0x2be
esi: 0x3
ebx: 0x3
ebx: 0xf04edc88
edi: 0x2bf
esi: 0xf04ed300
edi: 0x2c4
esi: 0x1
ebx: 0x1
ebx: 0xf04ed300
edi: 0x2c5
esi: 0x4f
edi: 0x2ca
esi: 0x4f
drop: 0xf04edc88
edi: 0x2cb
esi: 0xf04edc88
dup: 0xf04edc88
edi: 0x2cc
esi: 0xf04edc88
edi: 0x2d1
esi: 0x3
ebx: 0x3
ebx: 0xf04edc88
edi: 0x2d2
esi: 0xf04ed300
edi: 0x2d7
esi: 0x3
ebx: 0x3
ebx: 0xf04ed300
edi: 0x2d8
esi: 0xf04ed2ec
edi: 0x2dd
esi: 0xf04ed2ec
drop: 0xf04edc88
edi: 0x2de
esi: 0xf04edc88
drop: 0x51
edi: 0x2df
esi: 0x51
edi: 0x2e4
esi: 0x51
edi: 0x2e9
esi: 0xc9
edi: 0x2ee
esi: 0x4f
edi: 0x3e9
esi: 0x51
edi: 0x3f2
esi: 0x51
edi: 0x3f7
esi: 0x51
edi: 0x3fc
esi: 0xc9
edi: 0x401
esi: 0xc9
edi: 0x406
esi: 0x4f
edi: 0x407
esi: 0x7b
edi: 0x2f7
esi: 0x7b
edi: 0x2fc
esi: 0x1
edi: 0x2fd
esi: 0x3
edi: 0x302
esi: 0x51
edi: 0x307
esi: 0x3
edi: 0x30c
esi: 0x3
edi: 0x311
esi: 0x4f
edi: 0x316
esi: 0xc9
edi: 0x31b
esi: 0xf04ed2ec
edi: 0x324
esi: 0xf04edc9c
edi: 0x23f
esi: 0x4f
edi: 0x248
esi: 0x4f
edi: 0x24d
esi: 0x4f
edi: 0x252
esi: 0xf04edc9c
dup: 0xf04edc9c
edi: 0x253
esi: 0xf04edc9c
dup: 0xf04edc9c
edi: 0x254
esi: 0xf04edc9c
edi: 0x25d
esi: 0x3
edi: 0x268
esi: 0xf04edc9c
dup: 0xf04edc9c
edi: 0x269
esi: 0xf04edc9c
edi: 0x26e
esi: 0x1
ebx: 0x1
ebx: 0xf04edc9c
edi: 0x26f
esi: 0xc9
drop: 0xf04edc9c
edi: 0x270
esi: 0xf04edc9c
dup: 0xf04edc9c
edi: 0x271
esi: 0xf04edc9c
edi: 0x276
esi: 0x3
ebx: 0x3
ebx: 0xf04edc9c
edi: 0x277
esi: 0xf04ed2ec
dup: 0xf04ed2ec
edi: 0x278
esi: 0xf04ed2ec
edi: 0x281
esi: 0x3
edi: 0x28c
esi: 0xf04ed2ec
dup: 0xf04ed2ec
edi: 0x28d
esi: 0xf04ed2ec
edi: 0x292
esi: 0x1
ebx: 0x1
ebx: 0xf04ed2ec
edi: 0x293
esi: 0x4d
drop: 0xf04ed2ec
edi: 0x294
esi: 0xf04ed2ec
dup: 0xf04ed2ec
edi: 0x295
esi: 0xf04ed2ec
edi: 0x29a
esi: 0x3
ebx: 0x3
ebx: 0xf04ed2ec
edi: 0x29b
esi: 0xf04ed2d8
drop: 0xf04ed2ec
edi: 0x29c
esi: 0xf04ed2ec
drop: 0xf04edc9c
edi: 0x29d
esi: 0xf04edc9c
drop: 0xf04edc9c
edi: 0x29e
esi: 0xf04edc9c
dup: 0xf04edc9c
edi: 0x29f
esi: 0xf04edc9c
edi: 0x2a4
esi: 0x1
ebx: 0x1
ebx: 0xf04edc9c
edi: 0x2a5
esi: 0xc9
edi: 0x2aa
esi: 0xc9
drop: 0xf04edc9c
edi: 0x2ab
esi: 0xf04edc9c
dup: 0xf04edc9c
edi: 0x2ac
esi: 0xf04edc9c
edi: 0x2b1
esi: 0x3
ebx: 0x3
ebx: 0xf04edc9c
edi: 0x2b2
esi: 0xf04ed2ec
edi: 0x2b7
esi: 0xf04ed2ec
drop: 0xf04edc9c
edi: 0x2b8
esi: 0xf04edc9c
dup: 0xf04edc9c
edi: 0x2b9
esi: 0xf04edc9c
edi: 0x2be
esi: 0x3
ebx: 0x3
ebx: 0xf04edc9c
edi: 0x2bf
esi: 0xf04ed2ec
edi: 0x2c4
esi: 0x1
ebx: 0x1
ebx: 0xf04ed2ec
edi: 0x2c5
esi: 0x4d
edi: 0x2ca
esi: 0x4d
drop: 0xf04edc9c
edi: 0x2cb
esi: 0xf04edc9c
dup: 0xf04edc9c
edi: 0x2cc
esi: 0xf04edc9c
edi: 0x2d1
esi: 0x3
ebx: 0x3
ebx: 0xf04edc9c
edi: 0x2d2
esi: 0xf04ed2ec
edi: 0x2d7
esi: 0x3
ebx: 0x3
ebx: 0xf04ed2ec
edi: 0x2d8
esi: 0xf04ed2d8
edi: 0x2dd
esi: 0xf04ed2d8
drop: 0xf04edc9c
edi: 0x2de
esi: 0xf04edc9c
drop: 0x4f
edi: 0x2df
esi: 0x4f
edi: 0x2e4
esi: 0x4f
edi: 0x2e9
esi: 0xc9
edi: 0x2ee
esi: 0x4d
edi: 0x3e9
esi: 0x4f
edi: 0x3f2
esi: 0x4f
edi: 0x3f7
esi: 0x4f
edi: 0x3fc
esi: 0xc9
edi: 0x401
esi: 0xc9
edi: 0x406
esi: 0x4d
edi: 0x407
esi: 0x7d
edi: 0x2f7
esi: 0x7d
edi: 0x2fc
esi: 0x1
edi: 0x2fd
esi: 0x3
edi: 0x302
esi: 0x4f
edi: 0x307
esi: 0x3
edi: 0x30c
esi: 0x3
edi: 0x311
esi: 0x4d
edi: 0x316
esi: 0xc9
edi: 0x31b
esi: 0xf04ed2d8
edi: 0x324
esi: 0xf04edcb0
edi: 0x23f
esi: 0x4d
edi: 0x248
esi: 0x4d
edi: 0x24d
esi: 0x4d
edi: 0x252
esi: 0xf04edcb0
dup: 0xf04edcb0
edi: 0x253
esi: 0xf04edcb0
dup: 0xf04edcb0
edi: 0x254
esi: 0xf04edcb0
edi: 0x25d
esi: 0x3
edi: 0x268
esi: 0xf04edcb0
dup: 0xf04edcb0
edi: 0x269
esi: 0xf04edcb0
edi: 0x26e
esi: 0x1
ebx: 0x1
ebx: 0xf04edcb0
edi: 0x26f
esi: 0xc9
drop: 0xf04edcb0
edi: 0x270
esi: 0xf04edcb0
dup: 0xf04edcb0
edi: 0x271
esi: 0xf04edcb0
edi: 0x276
esi: 0x3
ebx: 0x3
ebx: 0xf04edcb0
edi: 0x277
esi: 0xf04ed2d8
dup: 0xf04ed2d8
edi: 0x278
esi: 0xf04ed2d8
edi: 0x281
esi: 0x3
edi: 0x28c
esi: 0xf04ed2d8
dup: 0xf04ed2d8
edi: 0x28d
esi: 0xf04ed2d8
edi: 0x292
esi: 0x1
ebx: 0x1
ebx: 0xf04ed2d8
edi: 0x293
esi: 0x4b
drop: 0xf04ed2d8
edi: 0x294
esi: 0xf04ed2d8
dup: 0xf04ed2d8
edi: 0x295
esi: 0xf04ed2d8
edi: 0x29a
esi: 0x3
ebx: 0x3
ebx: 0xf04ed2d8
edi: 0x29b
esi: 0xf04ed2c4
drop: 0xf04ed2d8
edi: 0x29c
esi: 0xf04ed2d8
drop: 0xf04edcb0
edi: 0x29d
esi: 0xf04edcb0
drop: 0xf04edcb0
edi: 0x29e
esi: 0xf04edcb0
dup: 0xf04edcb0
edi: 0x29f
esi: 0xf04edcb0
edi: 0x2a4
esi: 0x1
ebx: 0x1
ebx: 0xf04edcb0
edi: 0x2a5
esi: 0xc9
edi: 0x2aa
esi: 0xc9
drop: 0xf04edcb0
edi: 0x2ab
esi: 0xf04edcb0
dup: 0xf04edcb0
edi: 0x2ac
esi: 0xf04edcb0
edi: 0x2b1
esi: 0x3
ebx: 0x3
ebx: 0xf04edcb0
edi: 0x2b2
esi: 0xf04ed2d8
edi: 0x2b7
esi: 0xf04ed2d8
drop: 0xf04edcb0
edi: 0x2b8
esi: 0xf04edcb0
dup: 0xf04edcb0
edi: 0x2b9
esi: 0xf04edcb0
edi: 0x2be
esi: 0x3
ebx: 0x3
ebx: 0xf04edcb0
edi: 0x2bf
esi: 0xf04ed2d8
edi: 0x2c4
esi: 0x1
ebx: 0x1
ebx: 0xf04ed2d8
edi: 0x2c5
esi: 0x4b
edi: 0x2ca
esi: 0x4b
drop: 0xf04edcb0
edi: 0x2cb
esi: 0xf04edcb0
dup: 0xf04edcb0
edi: 0x2cc
esi: 0xf04edcb0
edi: 0x2d1
esi: 0x3
ebx: 0x3
ebx: 0xf04edcb0
edi: 0x2d2
esi: 0xf04ed2d8
edi: 0x2d7
esi: 0x3
ebx: 0x3
ebx: 0xf04ed2d8
edi: 0x2d8
esi: 0xf04ed2c4
edi: 0x2dd
esi: 0xf04ed2c4
drop: 0xf04edcb0
edi: 0x2de
esi: 0xf04edcb0
drop: 0x4d
edi: 0x2df
esi: 0x4d
edi: 0x2e4
esi: 0x4d
edi: 0x2e9
esi: 0xc9
edi: 0x2ee
esi: 0x4b
edi: 0x3e9
esi: 0x4d
edi: 0x3f2
esi: 0x4d
edi: 0x3f7
esi: 0x4d
edi: 0x3fc
esi: 0xc9
edi: 0x401
esi: 0xc9
edi: 0x406
esi: 0x4b
edi: 0x407
esi: 0x7f
edi: 0x2f7
esi: 0x7f
edi: 0x2fc
esi: 0x1
edi: 0x2fd
esi: 0x3
edi: 0x302
esi: 0x4d
edi: 0x307
esi: 0x3
edi: 0x30c
esi: 0x3
edi: 0x311
esi: 0x4b
edi: 0x316
esi: 0xc9
edi: 0x31b
esi: 0xf04ed2c4
edi: 0x324
esi: 0xf04edcc4
edi: 0x23f
esi: 0x4b
edi: 0x248
esi: 0x4b
edi: 0x24d
esi: 0x4b
edi: 0x252
esi: 0xf04edcc4
dup: 0xf04edcc4
edi: 0x253
esi: 0xf04edcc4
dup: 0xf04edcc4
edi: 0x254
esi: 0xf04edcc4
edi: 0x25d
esi: 0x3
edi: 0x268
esi: 0xf04edcc4
dup: 0xf04edcc4
edi: 0x269
esi: 0xf04edcc4
edi: 0x26e
esi: 0x1
ebx: 0x1
ebx: 0xf04edcc4
edi: 0x26f
esi: 0xc9
drop: 0xf04edcc4
edi: 0x270
esi: 0xf04edcc4
dup: 0xf04edcc4
edi: 0x271
esi: 0xf04edcc4
edi: 0x276
esi: 0x3
ebx: 0x3
ebx: 0xf04edcc4
edi: 0x277
esi: 0xf04ed2c4
dup: 0xf04ed2c4
edi: 0x278
esi: 0xf04ed2c4
edi: 0x281
esi: 0x3
edi: 0x28c
esi: 0xf04ed2c4
dup: 0xf04ed2c4
edi: 0x28d
esi: 0xf04ed2c4
edi: 0x292
esi: 0x1
ebx: 0x1
ebx: 0xf04ed2c4
edi: 0x293
esi: 0x49
drop: 0xf04ed2c4
edi: 0x294
esi: 0xf04ed2c4
dup: 0xf04ed2c4
edi: 0x295
esi: 0xf04ed2c4
edi: 0x29a
esi: 0x3
ebx: 0x3
ebx: 0xf04ed2c4
edi: 0x29b
esi: 0xf04ed2b0
drop: 0xf04ed2c4
edi: 0x29c
esi: 0xf04ed2c4
drop: 0xf04edcc4
edi: 0x29d
esi: 0xf04edcc4
drop: 0xf04edcc4
edi: 0x29e
esi: 0xf04edcc4
dup: 0xf04edcc4
edi: 0x29f
esi: 0xf04edcc4
edi: 0x2a4
esi: 0x1
ebx: 0x1
ebx: 0xf04edcc4
edi: 0x2a5
esi: 0xc9
edi: 0x2aa
esi: 0xc9
drop: 0xf04edcc4
edi: 0x2ab
esi: 0xf04edcc4
dup: 0xf04edcc4
edi: 0x2ac
esi: 0xf04edcc4
edi: 0x2b1
esi: 0x3
ebx: 0x3
ebx: 0xf04edcc4
edi: 0x2b2
esi: 0xf04ed2c4
edi: 0x2b7
esi: 0xf04ed2c4
drop: 0xf04edcc4
edi: 0x2b8
esi: 0xf04edcc4
dup: 0xf04edcc4
edi: 0x2b9
esi: 0xf04edcc4
edi: 0x2be
esi: 0x3
ebx: 0x3
ebx: 0xf04edcc4
edi: 0x2bf
esi: 0xf04ed2c4
edi: 0x2c4
esi: 0x1
ebx: 0x1
ebx: 0xf04ed2c4
edi: 0x2c5
esi: 0x49
edi: 0x2ca
esi: 0x49
drop: 0xf04edcc4
edi: 0x2cb
esi: 0xf04edcc4
dup: 0xf04edcc4
edi: 0x2cc
esi: 0xf04edcc4
edi: 0x2d1
esi: 0x3
ebx: 0x3
ebx: 0xf04edcc4
edi: 0x2d2
esi: 0xf04ed2c4
edi: 0x2d7
esi: 0x3
ebx: 0x3
ebx: 0xf04ed2c4
edi: 0x2d8
esi: 0xf04ed2b0
edi: 0x2dd
esi: 0xf04ed2b0
drop: 0xf04edcc4
edi: 0x2de
esi: 0xf04edcc4
drop: 0x4b
edi: 0x2df
esi: 0x4b
edi: 0x2e4
esi: 0x4b
edi: 0x2e9
esi: 0xc9
edi: 0x2ee
esi: 0x49
edi: 0x3e9
esi: 0x4b
edi: 0x3f2
esi: 0x4b
edi: 0x3f7
esi: 0x4b
edi: 0x3fc
esi: 0xc9
edi: 0x401
esi: 0xc9
edi: 0x406
esi: 0x49
edi: 0x407
esi: 0x81
edi: 0x2f7
esi: 0x81
edi: 0x2fc
esi: 0x1
edi: 0x2fd
esi: 0x3
edi: 0x302
esi: 0x4b
edi: 0x307
esi: 0x3
edi: 0x30c
esi: 0x3
edi: 0x311
esi: 0x49
edi: 0x316
esi: 0xc9
edi: 0x31b
esi: 0xf04ed2b0
edi: 0x324
esi: 0xf04edcd8
edi: 0x23f
esi: 0x49
edi: 0x248
esi: 0x49
edi: 0x24d
esi: 0x49
edi: 0x252
esi: 0xf04edcd8
dup: 0xf04edcd8
edi: 0x253
esi: 0xf04edcd8
dup: 0xf04edcd8
edi: 0x254
esi: 0xf04edcd8
edi: 0x25d
esi: 0x3
edi: 0x268
esi: 0xf04edcd8
dup: 0xf04edcd8
edi: 0x269
esi: 0xf04edcd8
edi: 0x26e
esi: 0x1
ebx: 0x1
ebx: 0xf04edcd8
edi: 0x26f
esi: 0xc9
drop: 0xf04edcd8
edi: 0x270
esi: 0xf04edcd8
dup: 0xf04edcd8
edi: 0x271
esi: 0xf04edcd8
edi: 0x276
esi: 0x3
ebx: 0x3
ebx: 0xf04edcd8
edi: 0x277
esi: 0xf04ed2b0
dup: 0xf04ed2b0
edi: 0x278
esi: 0xf04ed2b0
edi: 0x281
esi: 0x3
edi: 0x28c
esi: 0xf04ed2b0
dup: 0xf04ed2b0
edi: 0x28d
esi: 0xf04ed2b0
edi: 0x292
esi: 0x1
ebx: 0x1
ebx: 0xf04ed2b0
edi: 0x293
esi: 0x47
drop: 0xf04ed2b0
edi: 0x294
esi: 0xf04ed2b0
dup: 0xf04ed2b0
edi: 0x295
esi: 0xf04ed2b0
edi: 0x29a
esi: 0x3
ebx: 0x3
ebx: 0xf04ed2b0
edi: 0x29b
esi: 0xf04ed29c
drop: 0xf04ed2b0
edi: 0x29c
esi: 0xf04ed2b0
drop: 0xf04edcd8
edi: 0x29d
esi: 0xf04edcd8
drop: 0xf04edcd8
edi: 0x29e
esi: 0xf04edcd8
dup: 0xf04edcd8
edi: 0x29f
esi: 0xf04edcd8
edi: 0x2a4
esi: 0x1
ebx: 0x1
ebx: 0xf04edcd8
edi: 0x2a5
esi: 0xc9
edi: 0x2aa
esi: 0xc9
drop: 0xf04edcd8
edi: 0x2ab
esi: 0xf04edcd8
dup: 0xf04edcd8
edi: 0x2ac
esi: 0xf04edcd8
edi: 0x2b1
esi: 0x3
ebx: 0x3
ebx: 0xf04edcd8
edi: 0x2b2
esi: 0xf04ed2b0
edi: 0x2b7
esi: 0xf04ed2b0
drop: 0xf04edcd8
edi: 0x2b8
esi: 0xf04edcd8
dup: 0xf04edcd8
edi: 0x2b9
esi: 0xf04edcd8
edi: 0x2be
esi: 0x3
ebx: 0x3
ebx: 0xf04edcd8
edi: 0x2bf
esi: 0xf04ed2b0
edi: 0x2c4
esi: 0x1
ebx: 0x1
ebx: 0xf04ed2b0
edi: 0x2c5
esi: 0x47
edi: 0x2ca
esi: 0x47
drop: 0xf04edcd8
edi: 0x2cb
esi: 0xf04edcd8
dup: 0xf04edcd8
edi: 0x2cc
esi: 0xf04edcd8
edi: 0x2d1
esi: 0x3
ebx: 0x3
ebx: 0xf04edcd8
edi: 0x2d2
esi: 0xf04ed2b0
edi: 0x2d7
esi: 0x3
ebx: 0x3
ebx: 0xf04ed2b0
edi: 0x2d8
esi: 0xf04ed29c
edi: 0x2dd
esi: 0xf04ed29c
drop: 0xf04edcd8
edi: 0x2de
esi: 0xf04edcd8
drop: 0x49
edi: 0x2df
esi: 0x49
edi: 0x2e4
esi: 0x49
edi: 0x2e9
esi: 0xc9
edi: 0x2ee
esi: 0x47
edi: 0x3e9
esi: 0x49
edi: 0x3f2
esi: 0x49
edi: 0x3f7
esi: 0x49
edi: 0x3fc
esi: 0xc9
edi: 0x401
esi: 0xc9
edi: 0x406
esi: 0x47
edi: 0x407
esi: 0x83
edi: 0x2f7
esi: 0x83
edi: 0x2fc
esi: 0x1
edi: 0x2fd
esi: 0x3
edi: 0x302
esi: 0x49
edi: 0x307
esi: 0x3
edi: 0x30c
esi: 0x3
edi: 0x311
esi: 0x47
edi: 0x316
esi: 0xc9
edi: 0x31b
esi: 0xf04ed29c
edi: 0x324
esi: 0xf04edcec
edi: 0x23f
esi: 0x47
edi: 0x248
esi: 0x47
edi: 0x24d
esi: 0x47
edi: 0x252
esi: 0xf04edcec
dup: 0xf04edcec
edi: 0x253
esi: 0xf04edcec
dup: 0xf04edcec
edi: 0x254
esi: 0xf04edcec
edi: 0x25d
esi: 0x3
edi: 0x268
esi: 0xf04edcec
dup: 0xf04edcec
edi: 0x269
esi: 0xf04edcec
edi: 0x26e
esi: 0x1
ebx: 0x1
ebx: 0xf04edcec
edi: 0x26f
esi: 0xc9
drop: 0xf04edcec
edi: 0x270
esi: 0xf04edcec
dup: 0xf04edcec
edi: 0x271
esi: 0xf04edcec
edi: 0x276
esi: 0x3
ebx: 0x3
ebx: 0xf04edcec
edi: 0x277
esi: 0xf04ed29c
dup: 0xf04ed29c
edi: 0x278
esi: 0xf04ed29c
edi: 0x281
esi: 0x3
edi: 0x28c
esi: 0xf04ed29c
dup: 0xf04ed29c
edi: 0x28d
esi: 0xf04ed29c
edi: 0x292
esi: 0x1
ebx: 0x1
ebx: 0xf04ed29c
edi: 0x293
esi: 0x45
drop: 0xf04ed29c
edi: 0x294
esi: 0xf04ed29c
dup: 0xf04ed29c
edi: 0x295
esi: 0xf04ed29c
edi: 0x29a
esi: 0x3
ebx: 0x3
ebx: 0xf04ed29c
edi: 0x29b
esi: 0xf04ed288
drop: 0xf04ed29c
edi: 0x29c
esi: 0xf04ed29c
drop: 0xf04edcec
edi: 0x29d
esi: 0xf04edcec
drop: 0xf04edcec
edi: 0x29e
esi: 0xf04edcec
dup: 0xf04edcec
edi: 0x29f
esi: 0xf04edcec
edi: 0x2a4
esi: 0x1
ebx: 0x1
ebx: 0xf04edcec
edi: 0x2a5
esi: 0xc9
edi: 0x2aa
esi: 0xc9
drop: 0xf04edcec
edi: 0x2ab
esi: 0xf04edcec
dup: 0xf04edcec
edi: 0x2ac
esi: 0xf04edcec
edi: 0x2b1
esi: 0x3
ebx: 0x3
ebx: 0xf04edcec
edi: 0x2b2
esi: 0xf04ed29c
edi: 0x2b7
esi: 0xf04ed29c
drop: 0xf04edcec
edi: 0x2b8
esi: 0xf04edcec
dup: 0xf04edcec
edi: 0x2b9
esi: 0xf04edcec
edi: 0x2be
esi: 0x3
ebx: 0x3
ebx: 0xf04edcec
edi: 0x2bf
esi: 0xf04ed29c
edi: 0x2c4
esi: 0x1
ebx: 0x1
ebx: 0xf04ed29c
edi: 0x2c5
esi: 0x45
edi: 0x2ca
esi: 0x45
drop: 0xf04edcec
edi: 0x2cb
esi: 0xf04edcec
dup: 0xf04edcec
edi: 0x2cc
esi: 0xf04edcec
edi: 0x2d1
esi: 0x3
ebx: 0x3
ebx: 0xf04edcec
edi: 0x2d2
esi: 0xf04ed29c
edi: 0x2d7
esi: 0x3
ebx: 0x3
ebx: 0xf04ed29c
edi: 0x2d8
esi: 0xf04ed288
edi: 0x2dd
esi: 0xf04ed288
drop: 0xf04edcec
edi: 0x2de
esi: 0xf04edcec
drop: 0x47
edi: 0x2df
esi: 0x47
edi: 0x2e4
esi: 0x47
edi: 0x2e9
esi: 0xc9
edi: 0x2ee
esi: 0x45
edi: 0x3e9
esi: 0x47
edi: 0x3f2
esi: 0x47
edi: 0x3f7
esi: 0x47
edi: 0x3fc
esi: 0xc9
edi: 0x401
esi: 0xc9
edi: 0x406
esi: 0x45
edi: 0x407
esi: 0x85
edi: 0x2f7
esi: 0x85
edi: 0x2fc
esi: 0x1
edi: 0x2fd
esi: 0x3
edi: 0x302
esi: 0x47
edi: 0x307
esi: 0x3
edi: 0x30c
esi: 0x3
edi: 0x311
esi: 0x45
edi: 0x316
esi: 0xc9
edi: 0x31b
esi: 0xf04ed288
edi: 0x324
esi: 0xf04edd00
edi: 0x23f
esi: 0x45
edi: 0x248
esi: 0x45
edi: 0x24d
esi: 0x45
edi: 0x252
esi: 0xf04edd00
dup: 0xf04edd00
edi: 0x253
esi: 0xf04edd00
dup: 0xf04edd00
edi: 0x254
esi: 0xf04edd00
edi: 0x25d
esi: 0x3
edi: 0x268
esi: 0xf04edd00
dup: 0xf04edd00
edi: 0x269
esi: 0xf04edd00
edi: 0x26e
esi: 0x1
ebx: 0x1
ebx: 0xf04edd00
edi: 0x26f
esi: 0xc9
drop: 0xf04edd00
edi: 0x270
esi: 0xf04edd00
dup: 0xf04edd00
edi: 0x271
esi: 0xf04edd00
edi: 0x276
esi: 0x3
ebx: 0x3
ebx: 0xf04edd00
edi: 0x277
esi: 0xf04ed288
dup: 0xf04ed288
edi: 0x278
esi: 0xf04ed288
edi: 0x281
esi: 0x3
edi: 0x28c
esi: 0xf04ed288
dup: 0xf04ed288
edi: 0x28d
esi: 0xf04ed288
edi: 0x292
esi: 0x1
ebx: 0x1
ebx: 0xf04ed288
edi: 0x293
esi: 0x43
drop: 0xf04ed288
edi: 0x294
esi: 0xf04ed288
dup: 0xf04ed288
edi: 0x295
esi: 0xf04ed288
edi: 0x29a
esi: 0x3
ebx: 0x3
ebx: 0xf04ed288
edi: 0x29b
esi: 0xf04ed274
drop: 0xf04ed288
edi: 0x29c
esi: 0xf04ed288
drop: 0xf04edd00
edi: 0x29d
esi: 0xf04edd00
drop: 0xf04edd00
edi: 0x29e
esi: 0xf04edd00
dup: 0xf04edd00
edi: 0x29f
esi: 0xf04edd00
edi: 0x2a4
esi: 0x1
ebx: 0x1
ebx: 0xf04edd00
edi: 0x2a5
esi: 0xc9
edi: 0x2aa
esi: 0xc9
drop: 0xf04edd00
edi: 0x2ab
esi: 0xf04edd00
dup: 0xf04edd00
edi: 0x2ac
esi: 0xf04edd00
edi: 0x2b1
esi: 0x3
ebx: 0x3
ebx: 0xf04edd00
edi: 0x2b2
esi: 0xf04ed288
edi: 0x2b7
esi: 0xf04ed288
drop: 0xf04edd00
edi: 0x2b8
esi: 0xf04edd00
dup: 0xf04edd00
edi: 0x2b9
esi: 0xf04edd00
edi: 0x2be
esi: 0x3
ebx: 0x3
ebx: 0xf04edd00
edi: 0x2bf
esi: 0xf04ed288
edi: 0x2c4
esi: 0x1
ebx: 0x1
ebx: 0xf04ed288
edi: 0x2c5
esi: 0x43
edi: 0x2ca
esi: 0x43
drop: 0xf04edd00
edi: 0x2cb
esi: 0xf04edd00
dup: 0xf04edd00
edi: 0x2cc
esi: 0xf04edd00
edi: 0x2d1
esi: 0x3
ebx: 0x3
ebx: 0xf04edd00
edi: 0x2d2
esi: 0xf04ed288
edi: 0x2d7
esi: 0x3
ebx: 0x3
ebx: 0xf04ed288
edi: 0x2d8
esi: 0xf04ed274
edi: 0x2dd
esi: 0xf04ed274
drop: 0xf04edd00
edi: 0x2de
esi: 0xf04edd00
drop: 0x45
edi: 0x2df
esi: 0x45
edi: 0x2e4
esi: 0x45
edi: 0x2e9
esi: 0xc9
edi: 0x2ee
esi: 0x43
edi: 0x3e9
esi: 0x45
edi: 0x3f2
esi: 0x45
edi: 0x3f7
esi: 0x45
edi: 0x3fc
esi: 0xc9
edi: 0x401
esi: 0xc9
edi: 0x406
esi: 0x43
edi: 0x407
esi: 0x87
edi: 0x2f7
esi: 0x87
edi: 0x2fc
esi: 0x1
edi: 0x2fd
esi: 0x3
edi: 0x302
esi: 0x45
edi: 0x307
esi: 0x3
edi: 0x30c
esi: 0x3
edi: 0x311
esi: 0x43
edi: 0x316
esi: 0xc9
edi: 0x31b
esi: 0xf04ed274
edi: 0x324
esi: 0xf04edd14
edi: 0x23f
esi: 0x43
edi: 0x248
esi: 0x43
edi: 0x24d
esi: 0x43
edi: 0x252
esi: 0xf04edd14
dup: 0xf04edd14
edi: 0x253
esi: 0xf04edd14
dup: 0xf04edd14
edi: 0x254
esi: 0xf04edd14
edi: 0x25d
esi: 0x3
edi: 0x268
esi: 0xf04edd14
dup: 0xf04edd14
edi: 0x269
esi: 0xf04edd14
edi: 0x26e
esi: 0x1
ebx: 0x1
ebx: 0xf04edd14
edi: 0x26f
esi: 0xc9
drop: 0xf04edd14
edi: 0x270
esi: 0xf04edd14
dup: 0xf04edd14
edi: 0x271
esi: 0xf04edd14
edi: 0x276
esi: 0x3
ebx: 0x3
ebx: 0xf04edd14
edi: 0x277
esi: 0xf04ed274
dup: 0xf04ed274
edi: 0x278
esi: 0xf04ed274
edi: 0x281
esi: 0x3
edi: 0x28c
esi: 0xf04ed274
dup: 0xf04ed274
edi: 0x28d
esi: 0xf04ed274
edi: 0x292
esi: 0x1
ebx: 0x1
ebx: 0xf04ed274
edi: 0x293
esi: 0x41
drop: 0xf04ed274
edi: 0x294
esi: 0xf04ed274
dup: 0xf04ed274
edi: 0x295
esi: 0xf04ed274
edi: 0x29a
esi: 0x3
ebx: 0x3
ebx: 0xf04ed274
edi: 0x29b
esi: 0xf04ed260
drop: 0xf04ed274
edi: 0x29c
esi: 0xf04ed274
drop: 0xf04edd14
edi: 0x29d
esi: 0xf04edd14
drop: 0xf04edd14
edi: 0x29e
esi: 0xf04edd14
dup: 0xf04edd14
edi: 0x29f
esi: 0xf04edd14
edi: 0x2a4
esi: 0x1
ebx: 0x1
ebx: 0xf04edd14
edi: 0x2a5
esi: 0xc9
edi: 0x2aa
esi: 0xc9
drop: 0xf04edd14
edi: 0x2ab
esi: 0xf04edd14
dup: 0xf04edd14
edi: 0x2ac
esi: 0xf04edd14
edi: 0x2b1
esi: 0x3
ebx: 0x3
ebx: 0xf04edd14
edi: 0x2b2
esi: 0xf04ed274
edi: 0x2b7
esi: 0xf04ed274
drop: 0xf04edd14
edi: 0x2b8
esi: 0xf04edd14
dup: 0xf04edd14
edi: 0x2b9
esi: 0xf04edd14
edi: 0x2be
esi: 0x3
ebx: 0x3
ebx: 0xf04edd14
edi: 0x2bf
esi: 0xf04ed274
edi: 0x2c4
esi: 0x1
ebx: 0x1
ebx: 0xf04ed274
edi: 0x2c5
esi: 0x41
edi: 0x2ca
esi: 0x41
drop: 0xf04edd14
edi: 0x2cb
esi: 0xf04edd14
dup: 0xf04edd14
edi: 0x2cc
esi: 0xf04edd14
edi: 0x2d1
esi: 0x3
ebx: 0x3
ebx: 0xf04edd14
edi: 0x2d2
esi: 0xf04ed274
edi: 0x2d7
esi: 0x3
ebx: 0x3
ebx: 0xf04ed274
edi: 0x2d8
esi: 0xf04ed260
edi: 0x2dd
esi: 0xf04ed260
drop: 0xf04edd14
edi: 0x2de
esi: 0xf04edd14
drop: 0x43
edi: 0x2df
esi: 0x43
edi: 0x2e4
esi: 0x43
edi: 0x2e9
esi: 0xc9
edi: 0x2ee
esi: 0x41
edi: 0x3e9
esi: 0x43
edi: 0x3f2
esi: 0x43
edi: 0x3f7
esi: 0x43
edi: 0x3fc
esi: 0xc9
edi: 0x401
esi: 0xc9
edi: 0x406
esi: 0x41
edi: 0x407
esi: 0x89
edi: 0x2f7
esi: 0x89
edi: 0x2fc
esi: 0x1
edi: 0x2fd
esi: 0x3
edi: 0x302
esi: 0x43
edi: 0x307
esi: 0x3
edi: 0x30c
esi: 0x3
edi: 0x311
esi: 0x41
edi: 0x316
esi: 0xc9
edi: 0x31b
esi: 0xf04ed260
edi: 0x324
esi: 0xf04edd28
edi: 0x23f
esi: 0x41
edi: 0x248
esi: 0x41
edi: 0x24d
esi: 0x41
edi: 0x252
esi: 0xf04edd28
dup: 0xf04edd28
edi: 0x253
esi: 0xf04edd28
dup: 0xf04edd28
edi: 0x254
esi: 0xf04edd28
edi: 0x25d
esi: 0x3
edi: 0x268
esi: 0xf04edd28
dup: 0xf04edd28
edi: 0x269
esi: 0xf04edd28
edi: 0x26e
esi: 0x1
ebx: 0x1
ebx: 0xf04edd28
edi: 0x26f
esi: 0xc9
drop: 0xf04edd28
edi: 0x270
esi: 0xf04edd28
dup: 0xf04edd28
edi: 0x271
esi: 0xf04edd28
edi: 0x276
esi: 0x3
ebx: 0x3
ebx: 0xf04edd28
edi: 0x277
esi: 0xf04ed260
dup: 0xf04ed260
edi: 0x278
esi: 0xf04ed260
edi: 0x281
esi: 0x3
edi: 0x28c
esi: 0xf04ed260
dup: 0xf04ed260
edi: 0x28d
esi: 0xf04ed260
edi: 0x292
esi: 0x1
ebx: 0x1
ebx: 0xf04ed260
edi: 0x293
esi: 0x3f
drop: 0xf04ed260
edi: 0x294
esi: 0xf04ed260
dup: 0xf04ed260
edi: 0x295
esi: 0xf04ed260
edi: 0x29a
esi: 0x3
ebx: 0x3
ebx: 0xf04ed260
edi: 0x29b
esi: 0xf04ed24c
drop: 0xf04ed260
edi: 0x29c
esi: 0xf04ed260
drop: 0xf04edd28
edi: 0x29d
esi: 0xf04edd28
drop: 0xf04edd28
edi: 0x29e
esi: 0xf04edd28
dup: 0xf04edd28
edi: 0x29f
esi: 0xf04edd28
edi: 0x2a4
esi: 0x1
ebx: 0x1
ebx: 0xf04edd28
edi: 0x2a5
esi: 0xc9
edi: 0x2aa
esi: 0xc9
drop: 0xf04edd28
edi: 0x2ab
esi: 0xf04edd28
dup: 0xf04edd28
edi: 0x2ac
esi: 0xf04edd28
edi: 0x2b1
esi: 0x3
ebx: 0x3
ebx: 0xf04edd28
edi: 0x2b2
esi: 0xf04ed260
edi: 0x2b7
esi: 0xf04ed260
drop: 0xf04edd28
edi: 0x2b8
esi: 0xf04edd28
dup: 0xf04edd28
edi: 0x2b9
esi: 0xf04edd28
edi: 0x2be
esi: 0x3
ebx: 0x3
ebx: 0xf04edd28
edi: 0x2bf
esi: 0xf04ed260
edi: 0x2c4
esi: 0x1
ebx: 0x1
ebx: 0xf04ed260
edi: 0x2c5
esi: 0x3f
edi: 0x2ca
esi: 0x3f
drop: 0xf04edd28
edi: 0x2cb
esi: 0xf04edd28
dup: 0xf04edd28
edi: 0x2cc
esi: 0xf04edd28
edi: 0x2d1
esi: 0x3
ebx: 0x3
ebx: 0xf04edd28
edi: 0x2d2
esi: 0xf04ed260
edi: 0x2d7
esi: 0x3
ebx: 0x3
ebx: 0xf04ed260
edi: 0x2d8
esi: 0xf04ed24c
edi: 0x2dd
esi: 0xf04ed24c
drop: 0xf04edd28
edi: 0x2de
esi: 0xf04edd28
drop: 0x41
edi: 0x2df
esi: 0x41
edi: 0x2e4
esi: 0x41
edi: 0x2e9
esi: 0xc9
edi: 0x2ee
esi: 0x3f
edi: 0x3e9
esi: 0x41
edi: 0x3f2
esi: 0x41
edi: 0x3f7
esi: 0x41
edi: 0x3fc
esi: 0xc9
edi: 0x401
esi: 0xc9
edi: 0x406
esi: 0x3f
edi: 0x407
esi: 0x8b
edi: 0x2f7
esi: 0x8b
edi: 0x2fc
esi: 0x1
edi: 0x2fd
esi: 0x3
edi: 0x302
esi: 0x41
edi: 0x307
esi: 0x3
edi: 0x30c
esi: 0x3
edi: 0x311
esi: 0x3f
edi: 0x316
esi: 0xc9
edi: 0x31b
esi: 0xf04ed24c
edi: 0x324
esi: 0xf04edd3c
edi: 0x23f
esi: 0x3f
edi: 0x248
esi: 0x3f
edi: 0x24d
esi: 0x3f
edi: 0x252
esi: 0xf04edd3c
dup: 0xf04edd3c
edi: 0x253
esi: 0xf04edd3c
dup: 0xf04edd3c
edi: 0x254
esi: 0xf04edd3c
edi: 0x25d
esi: 0x3
edi: 0x268
esi: 0xf04edd3c
dup: 0xf04edd3c
edi: 0x269
esi: 0xf04edd3c
edi: 0x26e
esi: 0x1
ebx: 0x1
ebx: 0xf04edd3c
edi: 0x26f
esi: 0xc9
drop: 0xf04edd3c
edi: 0x270
esi: 0xf04edd3c
dup: 0xf04edd3c
edi: 0x271
esi: 0xf04edd3c
edi: 0x276
esi: 0x3
ebx: 0x3
ebx: 0xf04edd3c
edi: 0x277
esi: 0xf04ed24c
dup: 0xf04ed24c
edi: 0x278
esi: 0xf04ed24c
edi: 0x281
esi: 0x3
edi: 0x28c
esi: 0xf04ed24c
dup: 0xf04ed24c
edi: 0x28d
esi: 0xf04ed24c
edi: 0x292
esi: 0x1
ebx: 0x1
ebx: 0xf04ed24c
edi: 0x293
esi: 0x3d
drop: 0xf04ed24c
edi: 0x294
esi: 0xf04ed24c
dup: 0xf04ed24c
edi: 0x295
esi: 0xf04ed24c
edi: 0x29a
esi: 0x3
ebx: 0x3
ebx: 0xf04ed24c
edi: 0x29b
esi: 0xf04ed238
drop: 0xf04ed24c
edi: 0x29c
esi: 0xf04ed24c
drop: 0xf04edd3c
edi: 0x29d
esi: 0xf04edd3c
drop: 0xf04edd3c
edi: 0x29e
esi: 0xf04edd3c
dup: 0xf04edd3c
edi: 0x29f
esi: 0xf04edd3c
edi: 0x2a4
esi: 0x1
ebx: 0x1
ebx: 0xf04edd3c
edi: 0x2a5
esi: 0xc9
edi: 0x2aa
esi: 0xc9
drop: 0xf04edd3c
edi: 0x2ab
esi: 0xf04edd3c
dup: 0xf04edd3c
edi: 0x2ac
esi: 0xf04edd3c
edi: 0x2b1
esi: 0x3
ebx: 0x3
ebx: 0xf04edd3c
edi: 0x2b2
esi: 0xf04ed24c
edi: 0x2b7
esi: 0xf04ed24c
drop: 0xf04edd3c
edi: 0x2b8
esi: 0xf04edd3c
dup: 0xf04edd3c
edi: 0x2b9
esi: 0xf04edd3c
edi: 0x2be
esi: 0x3
ebx: 0x3
ebx: 0xf04edd3c
edi: 0x2bf
esi: 0xf04ed24c
edi: 0x2c4
esi: 0x1
ebx: 0x1
ebx: 0xf04ed24c
edi: 0x2c5
esi: 0x3d
edi: 0x2ca
esi: 0x3d
drop: 0xf04edd3c
edi: 0x2cb
esi: 0xf04edd3c
dup: 0xf04edd3c
edi: 0x2cc
esi: 0xf04edd3c
edi: 0x2d1
esi: 0x3
ebx: 0x3
ebx: 0xf04edd3c
edi: 0x2d2
esi: 0xf04ed24c
edi: 0x2d7
esi: 0x3
ebx: 0x3
ebx: 0xf04ed24c
edi: 0x2d8
esi: 0xf04ed238
edi: 0x2dd
esi: 0xf04ed238
drop: 0xf04edd3c
edi: 0x2de
esi: 0xf04edd3c
drop: 0x3f
edi: 0x2df
esi: 0x3f
edi: 0x2e4
esi: 0x3f
edi: 0x2e9
esi: 0xc9
edi: 0x2ee
esi: 0x3d
edi: 0x3e9
esi: 0x3f
edi: 0x3f2
esi: 0x3f
edi: 0x3f7
esi: 0x3f
edi: 0x3fc
esi: 0xc9
edi: 0x401
esi: 0xc9
edi: 0x406
esi: 0x3d
edi: 0x407
esi: 0x8d
edi: 0x2f7
esi: 0x8d
edi: 0x2fc
esi: 0x1
edi: 0x2fd
esi: 0x3
edi: 0x302
esi: 0x3f
edi: 0x307
esi: 0x3
edi: 0x30c
esi: 0x3
edi: 0x311
esi: 0x3d
edi: 0x316
esi: 0xc9
edi: 0x31b
esi: 0xf04ed238
edi: 0x324
esi: 0xf04edd50
edi: 0x23f
esi: 0x3d
edi: 0x248
esi: 0x3d
edi: 0x24d
esi: 0x3d
edi: 0x252
esi: 0xf04edd50
dup: 0xf04edd50
edi: 0x253
esi: 0xf04edd50
dup: 0xf04edd50
edi: 0x254
esi: 0xf04edd50
edi: 0x25d
esi: 0x3
edi: 0x268
esi: 0xf04edd50
dup: 0xf04edd50
edi: 0x269
esi: 0xf04edd50
edi: 0x26e
esi: 0x1
ebx: 0x1
ebx: 0xf04edd50
edi: 0x26f
esi: 0xc9
drop: 0xf04edd50
edi: 0x270
esi: 0xf04edd50
dup: 0xf04edd50
edi: 0x271
esi: 0xf04edd50
edi: 0x276
esi: 0x3
ebx: 0x3
ebx: 0xf04edd50
edi: 0x277
esi: 0xf04ed238
dup: 0xf04ed238
edi: 0x278
esi: 0xf04ed238
edi: 0x281
esi: 0x3
edi: 0x28c
esi: 0xf04ed238
dup: 0xf04ed238
edi: 0x28d
esi: 0xf04ed238
edi: 0x292
esi: 0x1
ebx: 0x1
ebx: 0xf04ed238
edi: 0x293
esi: 0x3b
drop: 0xf04ed238
edi: 0x294
esi: 0xf04ed238
dup: 0xf04ed238
edi: 0x295
esi: 0xf04ed238
edi: 0x29a
esi: 0x3
ebx: 0x3
ebx: 0xf04ed238
edi: 0x29b
esi: 0xf04ed224
drop: 0xf04ed238
edi: 0x29c
esi: 0xf04ed238
drop: 0xf04edd50
edi: 0x29d
esi: 0xf04edd50
drop: 0xf04edd50
edi: 0x29e
esi: 0xf04edd50
dup: 0xf04edd50
edi: 0x29f
esi: 0xf04edd50
edi: 0x2a4
esi: 0x1
ebx: 0x1
ebx: 0xf04edd50
edi: 0x2a5
esi: 0xc9
edi: 0x2aa
esi: 0xc9
drop: 0xf04edd50
edi: 0x2ab
esi: 0xf04edd50
dup: 0xf04edd50
edi: 0x2ac
esi: 0xf04edd50
edi: 0x2b1
esi: 0x3
ebx: 0x3
ebx: 0xf04edd50
edi: 0x2b2
esi: 0xf04ed238
edi: 0x2b7
esi: 0xf04ed238
drop: 0xf04edd50
edi: 0x2b8
esi: 0xf04edd50
dup: 0xf04edd50
edi: 0x2b9
esi: 0xf04edd50
edi: 0x2be
esi: 0x3
ebx: 0x3
ebx: 0xf04edd50
edi: 0x2bf
esi: 0xf04ed238
edi: 0x2c4
esi: 0x1
ebx: 0x1
ebx: 0xf04ed238
edi: 0x2c5
esi: 0x3b
edi: 0x2ca
esi: 0x3b
drop: 0xf04edd50
edi: 0x2cb
esi: 0xf04edd50
dup: 0xf04edd50
edi: 0x2cc
esi: 0xf04edd50
edi: 0x2d1
esi: 0x3
ebx: 0x3
ebx: 0xf04edd50
edi: 0x2d2
esi: 0xf04ed238
edi: 0x2d7
esi: 0x3
ebx: 0x3
ebx: 0xf04ed238
edi: 0x2d8
esi: 0xf04ed224
edi: 0x2dd
esi: 0xf04ed224
drop: 0xf04edd50
edi: 0x2de
esi: 0xf04edd50
drop: 0x3d
edi: 0x2df
esi: 0x3d
edi: 0x2e4
esi: 0x3d
edi: 0x2e9
esi: 0xc9
edi: 0x2ee
esi: 0x3b
edi: 0x3e9
esi: 0x3d
edi: 0x3f2
esi: 0x3d
edi: 0x3f7
esi: 0x3d
edi: 0x3fc
esi: 0xc9
edi: 0x401
esi: 0xc9
edi: 0x406
esi: 0x3b
edi: 0x407
esi: 0x8f
edi: 0x2f7
esi: 0x8f
edi: 0x2fc
esi: 0x1
edi: 0x2fd
esi: 0x3
edi: 0x302
esi: 0x3d
edi: 0x307
esi: 0x3
edi: 0x30c
esi: 0x3
edi: 0x311
esi: 0x3b
edi: 0x316
esi: 0xc9
edi: 0x31b
esi: 0xf04ed224
edi: 0x324
esi: 0xf04edd64
edi: 0x23f
esi: 0x3b
edi: 0x248
esi: 0x3b
edi: 0x24d
esi: 0x3b
edi: 0x252
esi: 0xf04edd64
dup: 0xf04edd64
edi: 0x253
esi: 0xf04edd64
dup: 0xf04edd64
edi: 0x254
esi: 0xf04edd64
edi: 0x25d
esi: 0x3
edi: 0x268
esi: 0xf04edd64
dup: 0xf04edd64
edi: 0x269
esi: 0xf04edd64
edi: 0x26e
esi: 0x1
ebx: 0x1
ebx: 0xf04edd64
edi: 0x26f
esi: 0xc9
drop: 0xf04edd64
edi: 0x270
esi: 0xf04edd64
dup: 0xf04edd64
edi: 0x271
esi: 0xf04edd64
edi: 0x276
esi: 0x3
ebx: 0x3
ebx: 0xf04edd64
edi: 0x277
esi: 0xf04ed224
dup: 0xf04ed224
edi: 0x278
esi: 0xf04ed224
edi: 0x281
esi: 0x3
edi: 0x28c
esi: 0xf04ed224
dup: 0xf04ed224
edi: 0x28d
esi: 0xf04ed224
edi: 0x292
esi: 0x1
ebx: 0x1
ebx: 0xf04ed224
edi: 0x293
esi: 0x39
drop: 0xf04ed224
edi: 0x294
esi: 0xf04ed224
dup: 0xf04ed224
edi: 0x295
esi: 0xf04ed224
edi: 0x29a
esi: 0x3
ebx: 0x3
ebx: 0xf04ed224
edi: 0x29b
esi: 0xf04ed210
drop: 0xf04ed224
edi: 0x29c
esi: 0xf04ed224
drop: 0xf04edd64
edi: 0x29d
esi: 0xf04edd64
drop: 0xf04edd64
edi: 0x29e
esi: 0xf04edd64
dup: 0xf04edd64
edi: 0x29f
esi: 0xf04edd64
edi: 0x2a4
esi: 0x1
ebx: 0x1
ebx: 0xf04edd64
edi: 0x2a5
esi: 0xc9
edi: 0x2aa
esi: 0xc9
drop: 0xf04edd64
edi: 0x2ab
esi: 0xf04edd64
dup: 0xf04edd64
edi: 0x2ac
esi: 0xf04edd64
edi: 0x2b1
esi: 0x3
ebx: 0x3
ebx: 0xf04edd64
edi: 0x2b2
esi: 0xf04ed224
edi: 0x2b7
esi: 0xf04ed224
drop: 0xf04edd64
edi: 0x2b8
esi: 0xf04edd64
dup: 0xf04edd64
edi: 0x2b9
esi: 0xf04edd64
edi: 0x2be
esi: 0x3
ebx: 0x3
ebx: 0xf04edd64
edi: 0x2bf
esi: 0xf04ed224
edi: 0x2c4
esi: 0x1
ebx: 0x1
ebx: 0xf04ed224
edi: 0x2c5
esi: 0x39
edi: 0x2ca
esi: 0x39
drop: 0xf04edd64
edi: 0x2cb
esi: 0xf04edd64
dup: 0xf04edd64
edi: 0x2cc
esi: 0xf04edd64
edi: 0x2d1
esi: 0x3
ebx: 0x3
ebx: 0xf04edd64
edi: 0x2d2
esi: 0xf04ed224
edi: 0x2d7
esi: 0x3
ebx: 0x3
ebx: 0xf04ed224
edi: 0x2d8
esi: 0xf04ed210
edi: 0x2dd
esi: 0xf04ed210
drop: 0xf04edd64
edi: 0x2de
esi: 0xf04edd64
drop: 0x3b
edi: 0x2df
esi: 0x3b
edi: 0x2e4
esi: 0x3b
edi: 0x2e9
esi: 0xc9
edi: 0x2ee
esi: 0x39
edi: 0x3e9
esi: 0x3b
edi: 0x3f2
esi: 0x3b
edi: 0x3f7
esi: 0x3b
edi: 0x3fc
esi: 0xc9
edi: 0x401
esi: 0xc9
edi: 0x406
esi: 0x39
edi: 0x407
esi: 0x91
edi: 0x2f7
esi: 0x91
edi: 0x2fc
esi: 0x1
edi: 0x2fd
esi: 0x3
edi: 0x302
esi: 0x3b
edi: 0x307
esi: 0x3
edi: 0x30c
esi: 0x3
edi: 0x311
esi: 0x39
edi: 0x316
esi: 0xc9
edi: 0x31b
esi: 0xf04ed210
edi: 0x324
esi: 0xf04edd78
edi: 0x23f
esi: 0x39
edi: 0x248
esi: 0x39
edi: 0x24d
esi: 0x39
edi: 0x252
esi: 0xf04edd78
dup: 0xf04edd78
edi: 0x253
esi: 0xf04edd78
dup: 0xf04edd78
edi: 0x254
esi: 0xf04edd78
edi: 0x25d
esi: 0x3
edi: 0x268
esi: 0xf04edd78
dup: 0xf04edd78
edi: 0x269
esi: 0xf04edd78
edi: 0x26e
esi: 0x1
ebx: 0x1
ebx: 0xf04edd78
edi: 0x26f
esi: 0xc9
drop: 0xf04edd78
edi: 0x270
esi: 0xf04edd78
dup: 0xf04edd78
edi: 0x271
esi: 0xf04edd78
edi: 0x276
esi: 0x3
ebx: 0x3
ebx: 0xf04edd78
edi: 0x277
esi: 0xf04ed210
dup: 0xf04ed210
edi: 0x278
esi: 0xf04ed210
edi: 0x281
esi: 0x3
edi: 0x28c
esi: 0xf04ed210
dup: 0xf04ed210
edi: 0x28d
esi: 0xf04ed210
edi: 0x292
esi: 0x1
ebx: 0x1
ebx: 0xf04ed210
edi: 0x293
esi: 0x37
drop: 0xf04ed210
edi: 0x294
esi: 0xf04ed210
dup: 0xf04ed210
edi: 0x295
esi: 0xf04ed210
edi: 0x29a
esi: 0x3
ebx: 0x3
ebx: 0xf04ed210
edi: 0x29b
esi: 0xf04ed1fc
drop: 0xf04ed210
edi: 0x29c
esi: 0xf04ed210
drop: 0xf04edd78
edi: 0x29d
esi: 0xf04edd78
drop: 0xf04edd78
edi: 0x29e
esi: 0xf04edd78
dup: 0xf04edd78
edi: 0x29f
esi: 0xf04edd78
edi: 0x2a4
esi: 0x1
ebx: 0x1
ebx: 0xf04edd78
edi: 0x2a5
esi: 0xc9
edi: 0x2aa
esi: 0xc9
drop: 0xf04edd78
edi: 0x2ab
esi: 0xf04edd78
dup: 0xf04edd78
edi: 0x2ac
esi: 0xf04edd78
edi: 0x2b1
esi: 0x3
ebx: 0x3
ebx: 0xf04edd78
edi: 0x2b2
esi: 0xf04ed210
edi: 0x2b7
esi: 0xf04ed210
drop: 0xf04edd78
edi: 0x2b8
esi: 0xf04edd78
dup: 0xf04edd78
edi: 0x2b9
esi: 0xf04edd78
edi: 0x2be
esi: 0x3
ebx: 0x3
ebx: 0xf04edd78
edi: 0x2bf
esi: 0xf04ed210
edi: 0x2c4
esi: 0x1
ebx: 0x1
ebx: 0xf04ed210
edi: 0x2c5
esi: 0x37
edi: 0x2ca
esi: 0x37
drop: 0xf04edd78
edi: 0x2cb
esi: 0xf04edd78
dup: 0xf04edd78
edi: 0x2cc
esi: 0xf04edd78
edi: 0x2d1
esi: 0x3
ebx: 0x3
ebx: 0xf04edd78
edi: 0x2d2
esi: 0xf04ed210
edi: 0x2d7
esi: 0x3
ebx: 0x3
ebx: 0xf04ed210
edi: 0x2d8
esi: 0xf04ed1fc
edi: 0x2dd
esi: 0xf04ed1fc
drop: 0xf04edd78
edi: 0x2de
esi: 0xf04edd78
drop: 0x39
edi: 0x2df
esi: 0x39
edi: 0x2e4
esi: 0x39
edi: 0x2e9
esi: 0xc9
edi: 0x2ee
esi: 0x37
edi: 0x3e9
esi: 0x39
edi: 0x3f2
esi: 0x39
edi: 0x3f7
esi: 0x39
edi: 0x3fc
esi: 0xc9
edi: 0x401
esi: 0xc9
edi: 0x406
esi: 0x37
edi: 0x407
esi: 0x93
edi: 0x2f7
esi: 0x93
edi: 0x2fc
esi: 0x1
edi: 0x2fd
esi: 0x3
edi: 0x302
esi: 0x39
edi: 0x307
esi: 0x3
edi: 0x30c
esi: 0x3
edi: 0x311
esi: 0x37
edi: 0x316
esi: 0xc9
edi: 0x31b
esi: 0xf04ed1fc
edi: 0x324
esi: 0xf04edd8c
edi: 0x23f
esi: 0x37
edi: 0x248
esi: 0x37
edi: 0x24d
esi: 0x37
edi: 0x252
esi: 0xf04edd8c
dup: 0xf04edd8c
edi: 0x253
esi: 0xf04edd8c
dup: 0xf04edd8c
edi: 0x254
esi: 0xf04edd8c
edi: 0x25d
esi: 0x3
edi: 0x268
esi: 0xf04edd8c
dup: 0xf04edd8c
edi: 0x269
esi: 0xf04edd8c
edi: 0x26e
esi: 0x1
ebx: 0x1
ebx: 0xf04edd8c
edi: 0x26f
esi: 0xc9
drop: 0xf04edd8c
edi: 0x270
esi: 0xf04edd8c
dup: 0xf04edd8c
edi: 0x271
esi: 0xf04edd8c
edi: 0x276
esi: 0x3
ebx: 0x3
ebx: 0xf04edd8c
edi: 0x277
esi: 0xf04ed1fc
dup: 0xf04ed1fc
edi: 0x278
esi: 0xf04ed1fc
edi: 0x281
esi: 0x3
edi: 0x28c
esi: 0xf04ed1fc
dup: 0xf04ed1fc
edi: 0x28d
esi: 0xf04ed1fc
edi: 0x292
esi: 0x1
ebx: 0x1
ebx: 0xf04ed1fc
edi: 0x293
esi: 0x35
drop: 0xf04ed1fc
edi: 0x294
esi: 0xf04ed1fc
dup: 0xf04ed1fc
edi: 0x295
esi: 0xf04ed1fc
edi: 0x29a
esi: 0x3
ebx: 0x3
ebx: 0xf04ed1fc
edi: 0x29b
esi: 0xf04ed1e8
drop: 0xf04ed1fc
edi: 0x29c
esi: 0xf04ed1fc
drop: 0xf04edd8c
edi: 0x29d
esi: 0xf04edd8c
drop: 0xf04edd8c
edi: 0x29e
esi: 0xf04edd8c
dup: 0xf04edd8c
edi: 0x29f
esi: 0xf04edd8c
edi: 0x2a4
esi: 0x1
ebx: 0x1
ebx: 0xf04edd8c
edi: 0x2a5
esi: 0xc9
edi: 0x2aa
esi: 0xc9
drop: 0xf04edd8c
edi: 0x2ab
esi: 0xf04edd8c
dup: 0xf04edd8c
edi: 0x2ac
esi: 0xf04edd8c
edi: 0x2b1
esi: 0x3
ebx: 0x3
ebx: 0xf04edd8c
edi: 0x2b2
esi: 0xf04ed1fc
edi: 0x2b7
esi: 0xf04ed1fc
drop: 0xf04edd8c
edi: 0x2b8
esi: 0xf04edd8c
dup: 0xf04edd8c
edi: 0x2b9
esi: 0xf04edd8c
edi: 0x2be
esi: 0x3
ebx: 0x3
ebx: 0xf04edd8c
edi: 0x2bf
esi: 0xf04ed1fc
edi: 0x2c4
esi: 0x1
ebx: 0x1
ebx: 0xf04ed1fc
edi: 0x2c5
esi: 0x35
edi: 0x2ca
esi: 0x35
drop: 0xf04edd8c
edi: 0x2cb
esi: 0xf04edd8c
dup: 0xf04edd8c
edi: 0x2cc
esi: 0xf04edd8c
edi: 0x2d1
esi: 0x3
ebx: 0x3
ebx: 0xf04edd8c
edi: 0x2d2
esi: 0xf04ed1fc
edi: 0x2d7
esi: 0x3
ebx: 0x3
ebx: 0xf04ed1fc
edi: 0x2d8
esi: 0xf04ed1e8
edi: 0x2dd
esi: 0xf04ed1e8
drop: 0xf04edd8c
edi: 0x2de
esi: 0xf04edd8c
drop: 0x37
edi: 0x2df
esi: 0x37
edi: 0x2e4
esi: 0x37
edi: 0x2e9
esi: 0xc9
edi: 0x2ee
esi: 0x35
edi: 0x3e9
esi: 0x37
edi: 0x3f2
esi: 0x37
edi: 0x3f7
esi: 0x37
edi: 0x3fc
esi: 0xc9
edi: 0x401
esi: 0xc9
edi: 0x406
esi: 0x35
edi: 0x407
esi: 0x95
edi: 0x2f7
esi: 0x95
edi: 0x2fc
esi: 0x1
edi: 0x2fd
esi: 0x3
edi: 0x302
esi: 0x37
edi: 0x307
esi: 0x3
edi: 0x30c
esi: 0x3
edi: 0x311
esi: 0x35
edi: 0x316
esi: 0xc9
edi: 0x31b
esi: 0xf04ed1e8
edi: 0x324
esi: 0xf04edda0
edi: 0x23f
esi: 0x35
edi: 0x248
esi: 0x35
edi: 0x24d
esi: 0x35
edi: 0x252
esi: 0xf04edda0
dup: 0xf04edda0
edi: 0x253
esi: 0xf04edda0
dup: 0xf04edda0
edi: 0x254
esi: 0xf04edda0
edi: 0x25d
esi: 0x3
edi: 0x268
esi: 0xf04edda0
dup: 0xf04edda0
edi: 0x269
esi: 0xf04edda0
edi: 0x26e
esi: 0x1
ebx: 0x1
ebx: 0xf04edda0
edi: 0x26f
esi: 0xc9
drop: 0xf04edda0
edi: 0x270
esi: 0xf04edda0
dup: 0xf04edda0
edi: 0x271
esi: 0xf04edda0
edi: 0x276
esi: 0x3
ebx: 0x3
ebx: 0xf04edda0
edi: 0x277
esi: 0xf04ed1e8
dup: 0xf04ed1e8
edi: 0x278
esi: 0xf04ed1e8
edi: 0x281
esi: 0x3
edi: 0x28c
esi: 0xf04ed1e8
dup: 0xf04ed1e8
edi: 0x28d
esi: 0xf04ed1e8
edi: 0x292
esi: 0x1
ebx: 0x1
ebx: 0xf04ed1e8
edi: 0x293
esi: 0x33
drop: 0xf04ed1e8
edi: 0x294
esi: 0xf04ed1e8
dup: 0xf04ed1e8
edi: 0x295
esi: 0xf04ed1e8
edi: 0x29a
esi: 0x3
ebx: 0x3
ebx: 0xf04ed1e8
edi: 0x29b
esi: 0xf04ed1d4
drop: 0xf04ed1e8
edi: 0x29c
esi: 0xf04ed1e8
drop: 0xf04edda0
edi: 0x29d
esi: 0xf04edda0
drop: 0xf04edda0
edi: 0x29e
esi: 0xf04edda0
dup: 0xf04edda0
edi: 0x29f
esi: 0xf04edda0
edi: 0x2a4
esi: 0x1
ebx: 0x1
ebx: 0xf04edda0
edi: 0x2a5
esi: 0xc9
edi: 0x2aa
esi: 0xc9
drop: 0xf04edda0
edi: 0x2ab
esi: 0xf04edda0
dup: 0xf04edda0
edi: 0x2ac
esi: 0xf04edda0
edi: 0x2b1
esi: 0x3
ebx: 0x3
ebx: 0xf04edda0
edi: 0x2b2
esi: 0xf04ed1e8
edi: 0x2b7
esi: 0xf04ed1e8
drop: 0xf04edda0
edi: 0x2b8
esi: 0xf04edda0
dup: 0xf04edda0
edi: 0x2b9
esi: 0xf04edda0
edi: 0x2be
esi: 0x3
ebx: 0x3
ebx: 0xf04edda0
edi: 0x2bf
esi: 0xf04ed1e8
edi: 0x2c4
esi: 0x1
ebx: 0x1
ebx: 0xf04ed1e8
edi: 0x2c5
esi: 0x33
edi: 0x2ca
esi: 0x33
drop: 0xf04edda0
edi: 0x2cb
esi: 0xf04edda0
dup: 0xf04edda0
edi: 0x2cc
esi: 0xf04edda0
edi: 0x2d1
esi: 0x3
ebx: 0x3
ebx: 0xf04edda0
edi: 0x2d2
esi: 0xf04ed1e8
edi: 0x2d7
esi: 0x3
ebx: 0x3
ebx: 0xf04ed1e8
edi: 0x2d8
esi: 0xf04ed1d4
edi: 0x2dd
esi: 0xf04ed1d4
drop: 0xf04edda0
edi: 0x2de
esi: 0xf04edda0
drop: 0x35
edi: 0x2df
esi: 0x35
edi: 0x2e4
esi: 0x35
edi: 0x2e9
esi: 0xc9
edi: 0x2ee
esi: 0x33
edi: 0x3e9
esi: 0x35
edi: 0x3f2
esi: 0x35
edi: 0x3f7
esi: 0x35
edi: 0x3fc
esi: 0xc9
edi: 0x401
esi: 0xc9
edi: 0x406
esi: 0x33
edi: 0x407
esi: 0x97
edi: 0x2f7
esi: 0x97
edi: 0x2fc
esi: 0x1
edi: 0x2fd
esi: 0x3
edi: 0x302
esi: 0x35
edi: 0x307
esi: 0x3
edi: 0x30c
esi: 0x3
edi: 0x311
esi: 0x33
edi: 0x316
esi: 0xc9
edi: 0x31b
esi: 0xf04ed1d4
edi: 0x324
esi: 0xf04eddb4
edi: 0x23f
esi: 0x33
edi: 0x248
esi: 0x33
edi: 0x24d
esi: 0x33
edi: 0x252
esi: 0xf04eddb4
dup: 0xf04eddb4
edi: 0x253
esi: 0xf04eddb4
dup: 0xf04eddb4
edi: 0x254
esi: 0xf04eddb4
edi: 0x25d
esi: 0x3
edi: 0x268
esi: 0xf04eddb4
dup: 0xf04eddb4
edi: 0x269
esi: 0xf04eddb4
edi: 0x26e
esi: 0x1
ebx: 0x1
ebx: 0xf04eddb4
edi: 0x26f
esi: 0xc9
drop: 0xf04eddb4
edi: 0x270
esi: 0xf04eddb4
dup: 0xf04eddb4
edi: 0x271
esi: 0xf04eddb4
edi: 0x276
esi: 0x3
ebx: 0x3
ebx: 0xf04eddb4
edi: 0x277
esi: 0xf04ed1d4
dup: 0xf04ed1d4
edi: 0x278
esi: 0xf04ed1d4
edi: 0x281
esi: 0x3
edi: 0x28c
esi: 0xf04ed1d4
dup: 0xf04ed1d4
edi: 0x28d
esi: 0xf04ed1d4
edi: 0x292
esi: 0x1
ebx: 0x1
ebx: 0xf04ed1d4
edi: 0x293
esi: 0x31
drop: 0xf04ed1d4
edi: 0x294
esi: 0xf04ed1d4
dup: 0xf04ed1d4
edi: 0x295
esi: 0xf04ed1d4
edi: 0x29a
esi: 0x3
ebx: 0x3
ebx: 0xf04ed1d4
edi: 0x29b
esi: 0xf04ed1c0
drop: 0xf04ed1d4
edi: 0x29c
esi: 0xf04ed1d4
drop: 0xf04eddb4
edi: 0x29d
esi: 0xf04eddb4
drop: 0xf04eddb4
edi: 0x29e
esi: 0xf04eddb4
dup: 0xf04eddb4
edi: 0x29f
esi: 0xf04eddb4
edi: 0x2a4
esi: 0x1
ebx: 0x1
ebx: 0xf04eddb4
edi: 0x2a5
esi: 0xc9
edi: 0x2aa
esi: 0xc9
drop: 0xf04eddb4
edi: 0x2ab
esi: 0xf04eddb4
dup: 0xf04eddb4
edi: 0x2ac
esi: 0xf04eddb4
edi: 0x2b1
esi: 0x3
ebx: 0x3
ebx: 0xf04eddb4
edi: 0x2b2
esi: 0xf04ed1d4
edi: 0x2b7
esi: 0xf04ed1d4
drop: 0xf04eddb4
edi: 0x2b8
esi: 0xf04eddb4
dup: 0xf04eddb4
edi: 0x2b9
esi: 0xf04eddb4
edi: 0x2be
esi: 0x3
ebx: 0x3
ebx: 0xf04eddb4
edi: 0x2bf
esi: 0xf04ed1d4
edi: 0x2c4
esi: 0x1
ebx: 0x1
ebx: 0xf04ed1d4
edi: 0x2c5
esi: 0x31
edi: 0x2ca
esi: 0x31
drop: 0xf04eddb4
edi: 0x2cb
esi: 0xf04eddb4
dup: 0xf04eddb4
edi: 0x2cc
esi: 0xf04eddb4
edi: 0x2d1
esi: 0x3
ebx: 0x3
ebx: 0xf04eddb4
edi: 0x2d2
esi: 0xf04ed1d4
edi: 0x2d7
esi: 0x3
ebx: 0x3
ebx: 0xf04ed1d4
edi: 0x2d8
esi: 0xf04ed1c0
edi: 0x2dd
esi: 0xf04ed1c0
drop: 0xf04eddb4
edi: 0x2de
esi: 0xf04eddb4
drop: 0x33
edi: 0x2df
esi: 0x33
edi: 0x2e4
esi: 0x33
edi: 0x2e9
esi: 0xc9
edi: 0x2ee
esi: 0x31
edi: 0x3e9
esi: 0x33
edi: 0x3f2
esi: 0x33
edi: 0x3f7
esi: 0x33
edi: 0x3fc
esi: 0xc9
edi: 0x401
esi: 0xc9
edi: 0x406
esi: 0x31
edi: 0x407
esi: 0x99
edi: 0x2f7
esi: 0x99
edi: 0x2fc
esi: 0x1
edi: 0x2fd
esi: 0x3
edi: 0x302
esi: 0x33
edi: 0x307
esi: 0x3
edi: 0x30c
esi: 0x3
edi: 0x311
esi: 0x31
edi: 0x316
esi: 0xc9
edi: 0x31b
esi: 0xf04ed1c0
edi: 0x324
esi: 0xf04eddc8
edi: 0x23f
esi: 0x31
edi: 0x248
esi: 0x31
edi: 0x24d
esi: 0x31
edi: 0x252
esi: 0xf04eddc8
dup: 0xf04eddc8
edi: 0x253
esi: 0xf04eddc8
dup: 0xf04eddc8
edi: 0x254
esi: 0xf04eddc8
edi: 0x25d
esi: 0x3
edi: 0x268
esi: 0xf04eddc8
dup: 0xf04eddc8
edi: 0x269
esi: 0xf04eddc8
edi: 0x26e
esi: 0x1
ebx: 0x1
ebx: 0xf04eddc8
edi: 0x26f
esi: 0xc9
drop: 0xf04eddc8
edi: 0x270
esi: 0xf04eddc8
dup: 0xf04eddc8
edi: 0x271
esi: 0xf04eddc8
edi: 0x276
esi: 0x3
ebx: 0x3
ebx: 0xf04eddc8
edi: 0x277
esi: 0xf04ed1c0
dup: 0xf04ed1c0
edi: 0x278
esi: 0xf04ed1c0
edi: 0x281
esi: 0x3
edi: 0x28c
esi: 0xf04ed1c0
dup: 0xf04ed1c0
edi: 0x28d
esi: 0xf04ed1c0
edi: 0x292
esi: 0x1
ebx: 0x1
ebx: 0xf04ed1c0
edi: 0x293
esi: 0x2f
drop: 0xf04ed1c0
edi: 0x294
esi: 0xf04ed1c0
dup: 0xf04ed1c0
edi: 0x295
esi: 0xf04ed1c0
edi: 0x29a
esi: 0x3
ebx: 0x3
ebx: 0xf04ed1c0
edi: 0x29b
esi: 0xf04ed1ac
drop: 0xf04ed1c0
edi: 0x29c
esi: 0xf04ed1c0
drop: 0xf04eddc8
edi: 0x29d
esi: 0xf04eddc8
drop: 0xf04eddc8
edi: 0x29e
esi: 0xf04eddc8
dup: 0xf04eddc8
edi: 0x29f
esi: 0xf04eddc8
edi: 0x2a4
esi: 0x1
ebx: 0x1
ebx: 0xf04eddc8
edi: 0x2a5
esi: 0xc9
edi: 0x2aa
esi: 0xc9
drop: 0xf04eddc8
edi: 0x2ab
esi: 0xf04eddc8
dup: 0xf04eddc8
edi: 0x2ac
esi: 0xf04eddc8
edi: 0x2b1
esi: 0x3
ebx: 0x3
ebx: 0xf04eddc8
edi: 0x2b2
esi: 0xf04ed1c0
edi: 0x2b7
esi: 0xf04ed1c0
drop: 0xf04eddc8
edi: 0x2b8
esi: 0xf04eddc8
dup: 0xf04eddc8
edi: 0x2b9
esi: 0xf04eddc8
edi: 0x2be
esi: 0x3
ebx: 0x3
ebx: 0xf04eddc8
edi: 0x2bf
esi: 0xf04ed1c0
edi: 0x2c4
esi: 0x1
ebx: 0x1
ebx: 0xf04ed1c0
edi: 0x2c5
esi: 0x2f
edi: 0x2ca
esi: 0x2f
drop: 0xf04eddc8
edi: 0x2cb
esi: 0xf04eddc8
dup: 0xf04eddc8
edi: 0x2cc
esi: 0xf04eddc8
edi: 0x2d1
esi: 0x3
ebx: 0x3
ebx: 0xf04eddc8
edi: 0x2d2
esi: 0xf04ed1c0
edi: 0x2d7
esi: 0x3
ebx: 0x3
ebx: 0xf04ed1c0
edi: 0x2d8
esi: 0xf04ed1ac
edi: 0x2dd
esi: 0xf04ed1ac
drop: 0xf04eddc8
edi: 0x2de
esi: 0xf04eddc8
drop: 0x31
edi: 0x2df
esi: 0x31
edi: 0x2e4
esi: 0x31
edi: 0x2e9
esi: 0xc9
edi: 0x2ee
esi: 0x2f
edi: 0x3e9
esi: 0x31
edi: 0x3f2
esi: 0x31
edi: 0x3f7
esi: 0x31
edi: 0x3fc
esi: 0xc9
edi: 0x401
esi: 0xc9
edi: 0x406
esi: 0x2f
edi: 0x407
esi: 0x9b
edi: 0x2f7
esi: 0x9b
edi: 0x2fc
esi: 0x1
edi: 0x2fd
esi: 0x3
edi: 0x302
esi: 0x31
edi: 0x307
esi: 0x3
edi: 0x30c
esi: 0x3
edi: 0x311
esi: 0x2f
edi: 0x316
esi: 0xc9
edi: 0x31b
esi: 0xf04ed1ac
edi: 0x324
esi: 0xf04edddc
edi: 0x23f
esi: 0x2f
edi: 0x248
esi: 0x2f
edi: 0x24d
esi: 0x2f
edi: 0x252
esi: 0xf04edddc
dup: 0xf04edddc
edi: 0x253
esi: 0xf04edddc
dup: 0xf04edddc
edi: 0x254
esi: 0xf04edddc
edi: 0x25d
esi: 0x3
edi: 0x268
esi: 0xf04edddc
dup: 0xf04edddc
edi: 0x269
esi: 0xf04edddc
edi: 0x26e
esi: 0x1
ebx: 0x1
ebx: 0xf04edddc
edi: 0x26f
esi: 0xc9
drop: 0xf04edddc
edi: 0x270
esi: 0xf04edddc
dup: 0xf04edddc
edi: 0x271
esi: 0xf04edddc
edi: 0x276
esi: 0x3
ebx: 0x3
ebx: 0xf04edddc
edi: 0x277
esi: 0xf04ed1ac
dup: 0xf04ed1ac
edi: 0x278
esi: 0xf04ed1ac
edi: 0x281
esi: 0x3
edi: 0x28c
esi: 0xf04ed1ac
dup: 0xf04ed1ac
edi: 0x28d
esi: 0xf04ed1ac
edi: 0x292
esi: 0x1
ebx: 0x1
ebx: 0xf04ed1ac
edi: 0x293
esi: 0x2d
drop: 0xf04ed1ac
edi: 0x294
esi: 0xf04ed1ac
dup: 0xf04ed1ac
edi: 0x295
esi: 0xf04ed1ac
edi: 0x29a
esi: 0x3
ebx: 0x3
ebx: 0xf04ed1ac
edi: 0x29b
esi: 0xf04ed198
drop: 0xf04ed1ac
edi: 0x29c
esi: 0xf04ed1ac
drop: 0xf04edddc
edi: 0x29d
esi: 0xf04edddc
drop: 0xf04edddc
edi: 0x29e
esi: 0xf04edddc
dup: 0xf04edddc
edi: 0x29f
esi: 0xf04edddc
edi: 0x2a4
esi: 0x1
ebx: 0x1
ebx: 0xf04edddc
edi: 0x2a5
esi: 0xc9
edi: 0x2aa
esi: 0xc9
drop: 0xf04edddc
edi: 0x2ab
esi: 0xf04edddc
dup: 0xf04edddc
edi: 0x2ac
esi: 0xf04edddc
edi: 0x2b1
esi: 0x3
ebx: 0x3
ebx: 0xf04edddc
edi: 0x2b2
esi: 0xf04ed1ac
edi: 0x2b7
esi: 0xf04ed1ac
drop: 0xf04edddc
edi: 0x2b8
esi: 0xf04edddc
dup: 0xf04edddc
edi: 0x2b9
esi: 0xf04edddc
edi: 0x2be
esi: 0x3
ebx: 0x3
ebx: 0xf04edddc
edi: 0x2bf
esi: 0xf04ed1ac
edi: 0x2c4
esi: 0x1
ebx: 0x1
ebx: 0xf04ed1ac
edi: 0x2c5
esi: 0x2d
edi: 0x2ca
esi: 0x2d
drop: 0xf04edddc
edi: 0x2cb
esi: 0xf04edddc
dup: 0xf04edddc
edi: 0x2cc
esi: 0xf04edddc
edi: 0x2d1
esi: 0x3
ebx: 0x3
ebx: 0xf04edddc
edi: 0x2d2
esi: 0xf04ed1ac
edi: 0x2d7
esi: 0x3
ebx: 0x3
ebx: 0xf04ed1ac
edi: 0x2d8
esi: 0xf04ed198
edi: 0x2dd
esi: 0xf04ed198
drop: 0xf04edddc
edi: 0x2de
esi: 0xf04edddc
drop: 0x2f
edi: 0x2df
esi: 0x2f
edi: 0x2e4
esi: 0x2f
edi: 0x2e9
esi: 0xc9
edi: 0x2ee
esi: 0x2d
edi: 0x3e9
esi: 0x2f
edi: 0x3f2
esi: 0x2f
edi: 0x3f7
esi: 0x2f
edi: 0x3fc
esi: 0xc9
edi: 0x401
esi: 0xc9
edi: 0x406
esi: 0x2d
edi: 0x407
esi: 0x9d
edi: 0x2f7
esi: 0x9d
edi: 0x2fc
esi: 0x1
edi: 0x2fd
esi: 0x3
edi: 0x302
esi: 0x2f
edi: 0x307
esi: 0x3
edi: 0x30c
esi: 0x3
edi: 0x311
esi: 0x2d
edi: 0x316
esi: 0xc9
edi: 0x31b
esi: 0xf04ed198
edi: 0x324
esi: 0xf04eddf0
edi: 0x23f
esi: 0x2d
edi: 0x248
esi: 0x2d
edi: 0x24d
esi: 0x2d
edi: 0x252
esi: 0xf04eddf0
dup: 0xf04eddf0
edi: 0x253
esi: 0xf04eddf0
dup: 0xf04eddf0
edi: 0x254
esi: 0xf04eddf0
edi: 0x25d
esi: 0x3
edi: 0x268
esi: 0xf04eddf0
dup: 0xf04eddf0
edi: 0x269
esi: 0xf04eddf0
edi: 0x26e
esi: 0x1
ebx: 0x1
ebx: 0xf04eddf0
edi: 0x26f
esi: 0xc9
drop: 0xf04eddf0
edi: 0x270
esi: 0xf04eddf0
dup: 0xf04eddf0
edi: 0x271
esi: 0xf04eddf0
edi: 0x276
esi: 0x3
ebx: 0x3
ebx: 0xf04eddf0
edi: 0x277
esi: 0xf04ed198
dup: 0xf04ed198
edi: 0x278
esi: 0xf04ed198
edi: 0x281
esi: 0x3
edi: 0x28c
esi: 0xf04ed198
dup: 0xf04ed198
edi: 0x28d
esi: 0xf04ed198
edi: 0x292
esi: 0x1
ebx: 0x1
ebx: 0xf04ed198
edi: 0x293
esi: 0x2b
drop: 0xf04ed198
edi: 0x294
esi: 0xf04ed198
dup: 0xf04ed198
edi: 0x295
esi: 0xf04ed198
edi: 0x29a
esi: 0x3
ebx: 0x3
ebx: 0xf04ed198
edi: 0x29b
esi: 0xf04ed184
drop: 0xf04ed198
edi: 0x29c
esi: 0xf04ed198
drop: 0xf04eddf0
edi: 0x29d
esi: 0xf04eddf0
drop: 0xf04eddf0
edi: 0x29e
esi: 0xf04eddf0
dup: 0xf04eddf0
edi: 0x29f
esi: 0xf04eddf0
edi: 0x2a4
esi: 0x1
ebx: 0x1
ebx: 0xf04eddf0
edi: 0x2a5
esi: 0xc9
edi: 0x2aa
esi: 0xc9
drop: 0xf04eddf0
edi: 0x2ab
esi: 0xf04eddf0
dup: 0xf04eddf0
edi: 0x2ac
esi: 0xf04eddf0
edi: 0x2b1
esi: 0x3
ebx: 0x3
ebx: 0xf04eddf0
edi: 0x2b2
esi: 0xf04ed198
edi: 0x2b7
esi: 0xf04ed198
drop: 0xf04eddf0
edi: 0x2b8
esi: 0xf04eddf0
dup: 0xf04eddf0
edi: 0x2b9
esi: 0xf04eddf0
edi: 0x2be
esi: 0x3
ebx: 0x3
ebx: 0xf04eddf0
edi: 0x2bf
esi: 0xf04ed198
edi: 0x2c4
esi: 0x1
ebx: 0x1
ebx: 0xf04ed198
edi: 0x2c5
esi: 0x2b
edi: 0x2ca
esi: 0x2b
drop: 0xf04eddf0
edi: 0x2cb
esi: 0xf04eddf0
dup: 0xf04eddf0
edi: 0x2cc
esi: 0xf04eddf0
edi: 0x2d1
esi: 0x3
ebx: 0x3
ebx: 0xf04eddf0
edi: 0x2d2
esi: 0xf04ed198
edi: 0x2d7
esi: 0x3
ebx: 0x3
ebx: 0xf04ed198
edi: 0x2d8
esi: 0xf04ed184
edi: 0x2dd
esi: 0xf04ed184
drop: 0xf04eddf0
edi: 0x2de
esi: 0xf04eddf0
drop: 0x2d
edi: 0x2df
esi: 0x2d
edi: 0x2e4
esi: 0x2d
edi: 0x2e9
esi: 0xc9
edi: 0x2ee
esi: 0x2b
edi: 0x3e9
esi: 0x2d
edi: 0x3f2
esi: 0x2d
edi: 0x3f7
esi: 0x2d
edi: 0x3fc
esi: 0xc9
edi: 0x401
esi: 0xc9
edi: 0x406
esi: 0x2b
edi: 0x407
esi: 0x9f
edi: 0x2f7
esi: 0x9f
edi: 0x2fc
esi: 0x1
edi: 0x2fd
esi: 0x3
edi: 0x302
esi: 0x2d
edi: 0x307
esi: 0x3
edi: 0x30c
esi: 0x3
edi: 0x311
esi: 0x2b
edi: 0x316
esi: 0xc9
edi: 0x31b
esi: 0xf04ed184
edi: 0x324
esi: 0xf04ede04
edi: 0x23f
esi: 0x2b
edi: 0x248
esi: 0x2b
edi: 0x24d
esi: 0x2b
edi: 0x252
esi: 0xf04ede04
dup: 0xf04ede04
edi: 0x253
esi: 0xf04ede04
dup: 0xf04ede04
edi: 0x254
esi: 0xf04ede04
edi: 0x25d
esi: 0x3
edi: 0x268
esi: 0xf04ede04
dup: 0xf04ede04
edi: 0x269
esi: 0xf04ede04
edi: 0x26e
esi: 0x1
ebx: 0x1
ebx: 0xf04ede04
edi: 0x26f
esi: 0xc9
drop: 0xf04ede04
edi: 0x270
esi: 0xf04ede04
dup: 0xf04ede04
edi: 0x271
esi: 0xf04ede04
edi: 0x276
esi: 0x3
ebx: 0x3
ebx: 0xf04ede04
edi: 0x277
esi: 0xf04ed184
dup: 0xf04ed184
edi: 0x278
esi: 0xf04ed184
edi: 0x281
esi: 0x3
edi: 0x28c
esi: 0xf04ed184
dup: 0xf04ed184
edi: 0x28d
esi: 0xf04ed184
edi: 0x292
esi: 0x1
ebx: 0x1
ebx: 0xf04ed184
edi: 0x293
esi: 0x29
drop: 0xf04ed184
edi: 0x294
esi: 0xf04ed184
dup: 0xf04ed184
edi: 0x295
esi: 0xf04ed184
edi: 0x29a
esi: 0x3
ebx: 0x3
ebx: 0xf04ed184
edi: 0x29b
esi: 0xf04ed170
drop: 0xf04ed184
edi: 0x29c
esi: 0xf04ed184
drop: 0xf04ede04
edi: 0x29d
esi: 0xf04ede04
drop: 0xf04ede04
edi: 0x29e
esi: 0xf04ede04
dup: 0xf04ede04
edi: 0x29f
esi: 0xf04ede04
edi: 0x2a4
esi: 0x1
ebx: 0x1
ebx: 0xf04ede04
edi: 0x2a5
esi: 0xc9
edi: 0x2aa
esi: 0xc9
drop: 0xf04ede04
edi: 0x2ab
esi: 0xf04ede04
dup: 0xf04ede04
edi: 0x2ac
esi: 0xf04ede04
edi: 0x2b1
esi: 0x3
ebx: 0x3
ebx: 0xf04ede04
edi: 0x2b2
esi: 0xf04ed184
edi: 0x2b7
esi: 0xf04ed184
drop: 0xf04ede04
edi: 0x2b8
esi: 0xf04ede04
dup: 0xf04ede04
edi: 0x2b9
esi: 0xf04ede04
edi: 0x2be
esi: 0x3
ebx: 0x3
ebx: 0xf04ede04
edi: 0x2bf
esi: 0xf04ed184
edi: 0x2c4
esi: 0x1
ebx: 0x1
ebx: 0xf04ed184
edi: 0x2c5
esi: 0x29
edi: 0x2ca
esi: 0x29
drop: 0xf04ede04
edi: 0x2cb
esi: 0xf04ede04
dup: 0xf04ede04
edi: 0x2cc
esi: 0xf04ede04
edi: 0x2d1
esi: 0x3
ebx: 0x3
ebx: 0xf04ede04
edi: 0x2d2
esi: 0xf04ed184
edi: 0x2d7
esi: 0x3
ebx: 0x3
ebx: 0xf04ed184
edi: 0x2d8
esi: 0xf04ed170
edi: 0x2dd
esi: 0xf04ed170
drop: 0xf04ede04
edi: 0x2de
esi: 0xf04ede04
drop: 0x2b
edi: 0x2df
esi: 0x2b
edi: 0x2e4
esi: 0x2b
edi: 0x2e9
esi: 0xc9
edi: 0x2ee
esi: 0x29
edi: 0x3e9
esi: 0x2b
edi: 0x3f2
esi: 0x2b
edi: 0x3f7
esi: 0x2b
edi: 0x3fc
esi: 0xc9
edi: 0x401
esi: 0xc9
edi: 0x406
esi: 0x29
edi: 0x407
esi: 0xa1
edi: 0x2f7
esi: 0xa1
edi: 0x2fc
esi: 0x1
edi: 0x2fd
esi: 0x3
edi: 0x302
esi: 0x2b
edi: 0x307
esi: 0x3
edi: 0x30c
esi: 0x3
edi: 0x311
esi: 0x29
edi: 0x316
esi: 0xc9
edi: 0x31b
esi: 0xf04ed170
edi: 0x324
esi: 0xf04ede18
edi: 0x23f
esi: 0x29
edi: 0x248
esi: 0x29
edi: 0x24d
esi: 0x29
edi: 0x252
esi: 0xf04ede18
dup: 0xf04ede18
edi: 0x253
esi: 0xf04ede18
dup: 0xf04ede18
edi: 0x254
esi: 0xf04ede18
edi: 0x25d
esi: 0x3
edi: 0x268
esi: 0xf04ede18
dup: 0xf04ede18
edi: 0x269
esi: 0xf04ede18
edi: 0x26e
esi: 0x1
ebx: 0x1
ebx: 0xf04ede18
edi: 0x26f
esi: 0xc9
drop: 0xf04ede18
edi: 0x270
esi: 0xf04ede18
dup: 0xf04ede18
edi: 0x271
esi: 0xf04ede18
edi: 0x276
esi: 0x3
ebx: 0x3
ebx: 0xf04ede18
edi: 0x277
esi: 0xf04ed170
dup: 0xf04ed170
edi: 0x278
esi: 0xf04ed170
edi: 0x281
esi: 0x3
edi: 0x28c
esi: 0xf04ed170
dup: 0xf04ed170
edi: 0x28d
esi: 0xf04ed170
edi: 0x292
esi: 0x1
ebx: 0x1
ebx: 0xf04ed170
edi: 0x293
esi: 0x27
drop: 0xf04ed170
edi: 0x294
esi: 0xf04ed170
dup: 0xf04ed170
edi: 0x295
esi: 0xf04ed170
edi: 0x29a
esi: 0x3
ebx: 0x3
ebx: 0xf04ed170
edi: 0x29b
esi: 0xf04ed15c
drop: 0xf04ed170
edi: 0x29c
esi: 0xf04ed170
drop: 0xf04ede18
edi: 0x29d
esi: 0xf04ede18
drop: 0xf04ede18
edi: 0x29e
esi: 0xf04ede18
dup: 0xf04ede18
edi: 0x29f
esi: 0xf04ede18
edi: 0x2a4
esi: 0x1
ebx: 0x1
ebx: 0xf04ede18
edi: 0x2a5
esi: 0xc9
edi: 0x2aa
esi: 0xc9
drop: 0xf04ede18
edi: 0x2ab
esi: 0xf04ede18
dup: 0xf04ede18
edi: 0x2ac
esi: 0xf04ede18
edi: 0x2b1
esi: 0x3
ebx: 0x3
ebx: 0xf04ede18
edi: 0x2b2
esi: 0xf04ed170
edi: 0x2b7
esi: 0xf04ed170
drop: 0xf04ede18
edi: 0x2b8
esi: 0xf04ede18
dup: 0xf04ede18
edi: 0x2b9
esi: 0xf04ede18
edi: 0x2be
esi: 0x3
ebx: 0x3
ebx: 0xf04ede18
edi: 0x2bf
esi: 0xf04ed170
edi: 0x2c4
esi: 0x1
ebx: 0x1
ebx: 0xf04ed170
edi: 0x2c5
esi: 0x27
edi: 0x2ca
esi: 0x27
drop: 0xf04ede18
edi: 0x2cb
esi: 0xf04ede18
dup: 0xf04ede18
edi: 0x2cc
esi: 0xf04ede18
edi: 0x2d1
esi: 0x3
ebx: 0x3
ebx: 0xf04ede18
edi: 0x2d2
esi: 0xf04ed170
edi: 0x2d7
esi: 0x3
ebx: 0x3
ebx: 0xf04ed170
edi: 0x2d8
esi: 0xf04ed15c
edi: 0x2dd
esi: 0xf04ed15c
drop: 0xf04ede18
edi: 0x2de
esi: 0xf04ede18
drop: 0x29
edi: 0x2df
esi: 0x29
edi: 0x2e4
esi: 0x29
edi: 0x2e9
esi: 0xc9
edi: 0x2ee
esi: 0x27
edi: 0x3e9
esi: 0x29
edi: 0x3f2
esi: 0x29
edi: 0x3f7
esi: 0x29
edi: 0x3fc
esi: 0xc9
edi: 0x401
esi: 0xc9
edi: 0x406
esi: 0x27
edi: 0x407
esi: 0xa3
edi: 0x2f7
esi: 0xa3
edi: 0x2fc
esi: 0x1
edi: 0x2fd
esi: 0x3
edi: 0x302
esi: 0x29
edi: 0x307
esi: 0x3
edi: 0x30c
esi: 0x3
edi: 0x311
esi: 0x27
edi: 0x316
esi: 0xc9
edi: 0x31b
esi: 0xf04ed15c
edi: 0x324
esi: 0xf04ede2c
edi: 0x23f
esi: 0x27
edi: 0x248
esi: 0x27
edi: 0x24d
esi: 0x27
edi: 0x252
esi: 0xf04ede2c
dup: 0xf04ede2c
edi: 0x253
esi: 0xf04ede2c
dup: 0xf04ede2c
edi: 0x254
esi: 0xf04ede2c
edi: 0x25d
esi: 0x3
edi: 0x268
esi: 0xf04ede2c
dup: 0xf04ede2c
edi: 0x269
esi: 0xf04ede2c
edi: 0x26e
esi: 0x1
ebx: 0x1
ebx: 0xf04ede2c
edi: 0x26f
esi: 0xc9
drop: 0xf04ede2c
edi: 0x270
esi: 0xf04ede2c
dup: 0xf04ede2c
edi: 0x271
esi: 0xf04ede2c
edi: 0x276
esi: 0x3
ebx: 0x3
ebx: 0xf04ede2c
edi: 0x277
esi: 0xf04ed15c
dup: 0xf04ed15c
edi: 0x278
esi: 0xf04ed15c
edi: 0x281
esi: 0x3
edi: 0x28c
esi: 0xf04ed15c
dup: 0xf04ed15c
edi: 0x28d
esi: 0xf04ed15c
edi: 0x292
esi: 0x1
ebx: 0x1
ebx: 0xf04ed15c
edi: 0x293
esi: 0x25
drop: 0xf04ed15c
edi: 0x294
esi: 0xf04ed15c
dup: 0xf04ed15c
edi: 0x295
esi: 0xf04ed15c
edi: 0x29a
esi: 0x3
ebx: 0x3
ebx: 0xf04ed15c
edi: 0x29b
esi: 0xf04ed148
drop: 0xf04ed15c
edi: 0x29c
esi: 0xf04ed15c
drop: 0xf04ede2c
edi: 0x29d
esi: 0xf04ede2c
drop: 0xf04ede2c
edi: 0x29e
esi: 0xf04ede2c
dup: 0xf04ede2c
edi: 0x29f
esi: 0xf04ede2c
edi: 0x2a4
esi: 0x1
ebx: 0x1
ebx: 0xf04ede2c
edi: 0x2a5
esi: 0xc9
edi: 0x2aa
esi: 0xc9
drop: 0xf04ede2c
edi: 0x2ab
esi: 0xf04ede2c
dup: 0xf04ede2c
edi: 0x2ac
esi: 0xf04ede2c
edi: 0x2b1
esi: 0x3
ebx: 0x3
ebx: 0xf04ede2c
edi: 0x2b2
esi: 0xf04ed15c
edi: 0x2b7
esi: 0xf04ed15c
drop: 0xf04ede2c
edi: 0x2b8
esi: 0xf04ede2c
dup: 0xf04ede2c
edi: 0x2b9
esi: 0xf04ede2c
edi: 0x2be
esi: 0x3
ebx: 0x3
ebx: 0xf04ede2c
edi: 0x2bf
esi: 0xf04ed15c
edi: 0x2c4
esi: 0x1
ebx: 0x1
ebx: 0xf04ed15c
edi: 0x2c5
esi: 0x25
edi: 0x2ca
esi: 0x25
drop: 0xf04ede2c
edi: 0x2cb
esi: 0xf04ede2c
dup: 0xf04ede2c
edi: 0x2cc
esi: 0xf04ede2c
edi: 0x2d1
esi: 0x3
ebx: 0x3
ebx: 0xf04ede2c
edi: 0x2d2
esi: 0xf04ed15c
edi: 0x2d7
esi: 0x3
ebx: 0x3
ebx: 0xf04ed15c
edi: 0x2d8
esi: 0xf04ed148
edi: 0x2dd
esi: 0xf04ed148
drop: 0xf04ede2c
edi: 0x2de
esi: 0xf04ede2c
drop: 0x27
edi: 0x2df
esi: 0x27
edi: 0x2e4
esi: 0x27
edi: 0x2e9
esi: 0xc9
edi: 0x2ee
esi: 0x25
edi: 0x3e9
esi: 0x27
edi: 0x3f2
esi: 0x27
edi: 0x3f7
esi: 0x27
edi: 0x3fc
esi: 0xc9
edi: 0x401
esi: 0xc9
edi: 0x406
esi: 0x25
edi: 0x407
esi: 0xa5
edi: 0x2f7
esi: 0xa5
edi: 0x2fc
esi: 0x1
edi: 0x2fd
esi: 0x3
edi: 0x302
esi: 0x27
edi: 0x307
esi: 0x3
edi: 0x30c
esi: 0x3
edi: 0x311
esi: 0x25
edi: 0x316
esi: 0xc9
edi: 0x31b
esi: 0xf04ed148
edi: 0x324
esi: 0xf04ede40
edi: 0x23f
esi: 0x25
edi: 0x248
esi: 0x25
edi: 0x24d
esi: 0x25
edi: 0x252
esi: 0xf04ede40
dup: 0xf04ede40
edi: 0x253
esi: 0xf04ede40
dup: 0xf04ede40
edi: 0x254
esi: 0xf04ede40
edi: 0x25d
esi: 0x3
edi: 0x268
esi: 0xf04ede40
dup: 0xf04ede40
edi: 0x269
esi: 0xf04ede40
edi: 0x26e
esi: 0x1
ebx: 0x1
ebx: 0xf04ede40
edi: 0x26f
esi: 0xc9
drop: 0xf04ede40
edi: 0x270
esi: 0xf04ede40
dup: 0xf04ede40
edi: 0x271
esi: 0xf04ede40
edi: 0x276
esi: 0x3
ebx: 0x3
ebx: 0xf04ede40
edi: 0x277
esi: 0xf04ed148
dup: 0xf04ed148
edi: 0x278
esi: 0xf04ed148
edi: 0x281
esi: 0x3
edi: 0x28c
esi: 0xf04ed148
dup: 0xf04ed148
edi: 0x28d
esi: 0xf04ed148
edi: 0x292
esi: 0x1
ebx: 0x1
ebx: 0xf04ed148
edi: 0x293
esi: 0x23
drop: 0xf04ed148
edi: 0x294
esi: 0xf04ed148
dup: 0xf04ed148
edi: 0x295
esi: 0xf04ed148
edi: 0x29a
esi: 0x3
ebx: 0x3
ebx: 0xf04ed148
edi: 0x29b
esi: 0xf04ed134
drop: 0xf04ed148
edi: 0x29c
esi: 0xf04ed148
drop: 0xf04ede40
edi: 0x29d
esi: 0xf04ede40
drop: 0xf04ede40
edi: 0x29e
esi: 0xf04ede40
dup: 0xf04ede40
edi: 0x29f
esi: 0xf04ede40
edi: 0x2a4
esi: 0x1
ebx: 0x1
ebx: 0xf04ede40
edi: 0x2a5
esi: 0xc9
edi: 0x2aa
esi: 0xc9
drop: 0xf04ede40
edi: 0x2ab
esi: 0xf04ede40
dup: 0xf04ede40
edi: 0x2ac
esi: 0xf04ede40
edi: 0x2b1
esi: 0x3
ebx: 0x3
ebx: 0xf04ede40
edi: 0x2b2
esi: 0xf04ed148
edi: 0x2b7
esi: 0xf04ed148
drop: 0xf04ede40
edi: 0x2b8
esi: 0xf04ede40
dup: 0xf04ede40
edi: 0x2b9
esi: 0xf04ede40
edi: 0x2be
esi: 0x3
ebx: 0x3
ebx: 0xf04ede40
edi: 0x2bf
esi: 0xf04ed148
edi: 0x2c4
esi: 0x1
ebx: 0x1
ebx: 0xf04ed148
edi: 0x2c5
esi: 0x23
edi: 0x2ca
esi: 0x23
drop: 0xf04ede40
edi: 0x2cb
esi: 0xf04ede40
dup: 0xf04ede40
edi: 0x2cc
esi: 0xf04ede40
edi: 0x2d1
esi: 0x3
ebx: 0x3
ebx: 0xf04ede40
edi: 0x2d2
esi: 0xf04ed148
edi: 0x2d7
esi: 0x3
ebx: 0x3
ebx: 0xf04ed148
edi: 0x2d8
esi: 0xf04ed134
edi: 0x2dd
esi: 0xf04ed134
drop: 0xf04ede40
edi: 0x2de
esi: 0xf04ede40
drop: 0x25
edi: 0x2df
esi: 0x25
edi: 0x2e4
esi: 0x25
edi: 0x2e9
esi: 0xc9
edi: 0x2ee
esi: 0x23
edi: 0x3e9
esi: 0x25
edi: 0x3f2
esi: 0x25
edi: 0x3f7
esi: 0x25
edi: 0x3fc
esi: 0xc9
edi: 0x401
esi: 0xc9
edi: 0x406
esi: 0x23
edi: 0x407
esi: 0xa7
edi: 0x2f7
esi: 0xa7
edi: 0x2fc
esi: 0x1
edi: 0x2fd
esi: 0x3
edi: 0x302
esi: 0x25
edi: 0x307
esi: 0x3
edi: 0x30c
esi: 0x3
edi: 0x311
esi: 0x23
edi: 0x316
esi: 0xc9
edi: 0x31b
esi: 0xf04ed134
edi: 0x324
esi: 0xf04ede54
edi: 0x23f
esi: 0x23
edi: 0x248
esi: 0x23
edi: 0x24d
esi: 0x23
edi: 0x252
esi: 0xf04ede54
dup: 0xf04ede54
edi: 0x253
esi: 0xf04ede54
dup: 0xf04ede54
edi: 0x254
esi: 0xf04ede54
edi: 0x25d
esi: 0x3
edi: 0x268
esi: 0xf04ede54
dup: 0xf04ede54
edi: 0x269
esi: 0xf04ede54
edi: 0x26e
esi: 0x1
ebx: 0x1
ebx: 0xf04ede54
edi: 0x26f
esi: 0xc9
drop: 0xf04ede54
edi: 0x270
esi: 0xf04ede54
dup: 0xf04ede54
edi: 0x271
esi: 0xf04ede54
edi: 0x276
esi: 0x3
ebx: 0x3
ebx: 0xf04ede54
edi: 0x277
esi: 0xf04ed134
dup: 0xf04ed134
edi: 0x278
esi: 0xf04ed134
edi: 0x281
esi: 0x3
edi: 0x28c
esi: 0xf04ed134
dup: 0xf04ed134
edi: 0x28d
esi: 0xf04ed134
edi: 0x292
esi: 0x1
ebx: 0x1
ebx: 0xf04ed134
edi: 0x293
esi: 0x21
drop: 0xf04ed134
edi: 0x294
esi: 0xf04ed134
dup: 0xf04ed134
edi: 0x295
esi: 0xf04ed134
edi: 0x29a
esi: 0x3
ebx: 0x3
ebx: 0xf04ed134
edi: 0x29b
esi: 0xf04ed120
drop: 0xf04ed134
edi: 0x29c
esi: 0xf04ed134
drop: 0xf04ede54
edi: 0x29d
esi: 0xf04ede54
drop: 0xf04ede54
edi: 0x29e
esi: 0xf04ede54
dup: 0xf04ede54
edi: 0x29f
esi: 0xf04ede54
edi: 0x2a4
esi: 0x1
ebx: 0x1
ebx: 0xf04ede54
edi: 0x2a5
esi: 0xc9
edi: 0x2aa
esi: 0xc9
drop: 0xf04ede54
edi: 0x2ab
esi: 0xf04ede54
dup: 0xf04ede54
edi: 0x2ac
esi: 0xf04ede54
edi: 0x2b1
esi: 0x3
ebx: 0x3
ebx: 0xf04ede54
edi: 0x2b2
esi: 0xf04ed134
edi: 0x2b7
esi: 0xf04ed134
drop: 0xf04ede54
edi: 0x2b8
esi: 0xf04ede54
dup: 0xf04ede54
edi: 0x2b9
esi: 0xf04ede54
edi: 0x2be
esi: 0x3
ebx: 0x3
ebx: 0xf04ede54
edi: 0x2bf
esi: 0xf04ed134
edi: 0x2c4
esi: 0x1
ebx: 0x1
ebx: 0xf04ed134
edi: 0x2c5
esi: 0x21
edi: 0x2ca
esi: 0x21
drop: 0xf04ede54
edi: 0x2cb
esi: 0xf04ede54
dup: 0xf04ede54
edi: 0x2cc
esi: 0xf04ede54
edi: 0x2d1
esi: 0x3
ebx: 0x3
ebx: 0xf04ede54
edi: 0x2d2
esi: 0xf04ed134
edi: 0x2d7
esi: 0x3
ebx: 0x3
ebx: 0xf04ed134
edi: 0x2d8
esi: 0xf04ed120
edi: 0x2dd
esi: 0xf04ed120
drop: 0xf04ede54
edi: 0x2de
esi: 0xf04ede54
drop: 0x23
edi: 0x2df
esi: 0x23
edi: 0x2e4
esi: 0x23
edi: 0x2e9
esi: 0xc9
edi: 0x2ee
esi: 0x21
edi: 0x3e9
esi: 0x23
edi: 0x3f2
esi: 0x23
edi: 0x3f7
esi: 0x23
edi: 0x3fc
esi: 0xc9
edi: 0x401
esi: 0xc9
edi: 0x406
esi: 0x21
edi: 0x407
esi: 0xa9
edi: 0x2f7
esi: 0xa9
edi: 0x2fc
esi: 0x1
edi: 0x2fd
esi: 0x3
edi: 0x302
esi: 0x23
edi: 0x307
esi: 0x3
edi: 0x30c
esi: 0x3
edi: 0x311
esi: 0x21
edi: 0x316
esi: 0xc9
edi: 0x31b
esi: 0xf04ed120
edi: 0x324
esi: 0xf04ede68
edi: 0x23f
esi: 0x21
edi: 0x248
esi: 0x21
edi: 0x24d
esi: 0x21
edi: 0x252
esi: 0xf04ede68
dup: 0xf04ede68
edi: 0x253
esi: 0xf04ede68
dup: 0xf04ede68
edi: 0x254
esi: 0xf04ede68
edi: 0x25d
esi: 0x3
edi: 0x268
esi: 0xf04ede68
dup: 0xf04ede68
edi: 0x269
esi: 0xf04ede68
edi: 0x26e
esi: 0x1
ebx: 0x1
ebx: 0xf04ede68
edi: 0x26f
esi: 0xc9
drop: 0xf04ede68
edi: 0x270
esi: 0xf04ede68
dup: 0xf04ede68
edi: 0x271
esi: 0xf04ede68
edi: 0x276
esi: 0x3
ebx: 0x3
ebx: 0xf04ede68
edi: 0x277
esi: 0xf04ed120
dup: 0xf04ed120
edi: 0x278
esi: 0xf04ed120
edi: 0x281
esi: 0x3
edi: 0x28c
esi: 0xf04ed120
dup: 0xf04ed120
edi: 0x28d
esi: 0xf04ed120
edi: 0x292
esi: 0x1
ebx: 0x1
ebx: 0xf04ed120
edi: 0x293
esi: 0x1f
drop: 0xf04ed120
edi: 0x294
esi: 0xf04ed120
dup: 0xf04ed120
edi: 0x295
esi: 0xf04ed120
edi: 0x29a
esi: 0x3
ebx: 0x3
ebx: 0xf04ed120
edi: 0x29b
esi: 0xf04ed10c
drop: 0xf04ed120
edi: 0x29c
esi: 0xf04ed120
drop: 0xf04ede68
edi: 0x29d
esi: 0xf04ede68
drop: 0xf04ede68
edi: 0x29e
esi: 0xf04ede68
dup: 0xf04ede68
edi: 0x29f
esi: 0xf04ede68
edi: 0x2a4
esi: 0x1
ebx: 0x1
ebx: 0xf04ede68
edi: 0x2a5
esi: 0xc9
edi: 0x2aa
esi: 0xc9
drop: 0xf04ede68
edi: 0x2ab
esi: 0xf04ede68
dup: 0xf04ede68
edi: 0x2ac
esi: 0xf04ede68
edi: 0x2b1
esi: 0x3
ebx: 0x3
ebx: 0xf04ede68
edi: 0x2b2
esi: 0xf04ed120
edi: 0x2b7
esi: 0xf04ed120
drop: 0xf04ede68
edi: 0x2b8
esi: 0xf04ede68
dup: 0xf04ede68
edi: 0x2b9
esi: 0xf04ede68
edi: 0x2be
esi: 0x3
ebx: 0x3
ebx: 0xf04ede68
edi: 0x2bf
esi: 0xf04ed120
edi: 0x2c4
esi: 0x1
ebx: 0x1
ebx: 0xf04ed120
edi: 0x2c5
esi: 0x1f
edi: 0x2ca
esi: 0x1f
drop: 0xf04ede68
edi: 0x2cb
esi: 0xf04ede68
dup: 0xf04ede68
edi: 0x2cc
esi: 0xf04ede68
edi: 0x2d1
esi: 0x3
ebx: 0x3
ebx: 0xf04ede68
edi: 0x2d2
esi: 0xf04ed120
edi: 0x2d7
esi: 0x3
ebx: 0x3
ebx: 0xf04ed120
edi: 0x2d8
esi: 0xf04ed10c
edi: 0x2dd
esi: 0xf04ed10c
drop: 0xf04ede68
edi: 0x2de
esi: 0xf04ede68
drop: 0x21
edi: 0x2df
esi: 0x21
edi: 0x2e4
esi: 0x21
edi: 0x2e9
esi: 0xc9
edi: 0x2ee
esi: 0x1f
edi: 0x3e9
esi: 0x21
edi: 0x3f2
esi: 0x21
edi: 0x3f7
esi: 0x21
edi: 0x3fc
esi: 0xc9
edi: 0x401
esi: 0xc9
edi: 0x406
esi: 0x1f
edi: 0x407
esi: 0xab
edi: 0x2f7
esi: 0xab
edi: 0x2fc
esi: 0x1
edi: 0x2fd
esi: 0x3
edi: 0x302
esi: 0x21
edi: 0x307
esi: 0x3
edi: 0x30c
esi: 0x3
edi: 0x311
esi: 0x1f
edi: 0x316
esi: 0xc9
edi: 0x31b
esi: 0xf04ed10c
edi: 0x324
esi: 0xf04ede7c
edi: 0x23f
esi: 0x1f
edi: 0x248
esi: 0x1f
edi: 0x24d
esi: 0x1f
edi: 0x252
esi: 0xf04ede7c
dup: 0xf04ede7c
edi: 0x253
esi: 0xf04ede7c
dup: 0xf04ede7c
edi: 0x254
esi: 0xf04ede7c
edi: 0x25d
esi: 0x3
edi: 0x268
esi: 0xf04ede7c
dup: 0xf04ede7c
edi: 0x269
esi: 0xf04ede7c
edi: 0x26e
esi: 0x1
ebx: 0x1
ebx: 0xf04ede7c
edi: 0x26f
esi: 0xc9
drop: 0xf04ede7c
edi: 0x270
esi: 0xf04ede7c
dup: 0xf04ede7c
edi: 0x271
esi: 0xf04ede7c
edi: 0x276
esi: 0x3
ebx: 0x3
ebx: 0xf04ede7c
edi: 0x277
esi: 0xf04ed10c
dup: 0xf04ed10c
edi: 0x278
esi: 0xf04ed10c
edi: 0x281
esi: 0x3
edi: 0x28c
esi: 0xf04ed10c
dup: 0xf04ed10c
edi: 0x28d
esi: 0xf04ed10c
edi: 0x292
esi: 0x1
ebx: 0x1
ebx: 0xf04ed10c
edi: 0x293
esi: 0x1d
drop: 0xf04ed10c
edi: 0x294
esi: 0xf04ed10c
dup: 0xf04ed10c
edi: 0x295
esi: 0xf04ed10c
edi: 0x29a
esi: 0x3
ebx: 0x3
ebx: 0xf04ed10c
edi: 0x29b
esi: 0xf04ed0f8
drop: 0xf04ed10c
edi: 0x29c
esi: 0xf04ed10c
drop: 0xf04ede7c
edi: 0x29d
esi: 0xf04ede7c
drop: 0xf04ede7c
edi: 0x29e
esi: 0xf04ede7c
dup: 0xf04ede7c
edi: 0x29f
esi: 0xf04ede7c
edi: 0x2a4
esi: 0x1
ebx: 0x1
ebx: 0xf04ede7c
edi: 0x2a5
esi: 0xc9
edi: 0x2aa
esi: 0xc9
drop: 0xf04ede7c
edi: 0x2ab
esi: 0xf04ede7c
dup: 0xf04ede7c
edi: 0x2ac
esi: 0xf04ede7c
edi: 0x2b1
esi: 0x3
ebx: 0x3
ebx: 0xf04ede7c
edi: 0x2b2
esi: 0xf04ed10c
edi: 0x2b7
esi: 0xf04ed10c
drop: 0xf04ede7c
edi: 0x2b8
esi: 0xf04ede7c
dup: 0xf04ede7c
edi: 0x2b9
esi: 0xf04ede7c
edi: 0x2be
esi: 0x3
ebx: 0x3
ebx: 0xf04ede7c
edi: 0x2bf
esi: 0xf04ed10c
edi: 0x2c4
esi: 0x1
ebx: 0x1
ebx: 0xf04ed10c
edi: 0x2c5
esi: 0x1d
edi: 0x2ca
esi: 0x1d
drop: 0xf04ede7c
edi: 0x2cb
esi: 0xf04ede7c
dup: 0xf04ede7c
edi: 0x2cc
esi: 0xf04ede7c
edi: 0x2d1
esi: 0x3
ebx: 0x3
ebx: 0xf04ede7c
edi: 0x2d2
esi: 0xf04ed10c
edi: 0x2d7
esi: 0x3
ebx: 0x3
ebx: 0xf04ed10c
edi: 0x2d8
esi: 0xf04ed0f8
edi: 0x2dd
esi: 0xf04ed0f8
drop: 0xf04ede7c
edi: 0x2de
esi: 0xf04ede7c
drop: 0x1f
edi: 0x2df
esi: 0x1f
edi: 0x2e4
esi: 0x1f
edi: 0x2e9
esi: 0xc9
edi: 0x2ee
esi: 0x1d
edi: 0x3e9
esi: 0x1f
edi: 0x3f2
esi: 0x1f
edi: 0x3f7
esi: 0x1f
edi: 0x3fc
esi: 0xc9
edi: 0x401
esi: 0xc9
edi: 0x406
esi: 0x1d
edi: 0x407
esi: 0xad
edi: 0x2f7
esi: 0xad
edi: 0x2fc
esi: 0x1
edi: 0x2fd
esi: 0x3
edi: 0x302
esi: 0x1f
edi: 0x307
esi: 0x3
edi: 0x30c
esi: 0x3
edi: 0x311
esi: 0x1d
edi: 0x316
esi: 0xc9
edi: 0x31b
esi: 0xf04ed0f8
edi: 0x324
esi: 0xf04ede90
edi: 0x23f
esi: 0x1d
edi: 0x248
esi: 0x1d
edi: 0x24d
esi: 0x1d
edi: 0x252
esi: 0xf04ede90
dup: 0xf04ede90
edi: 0x253
esi: 0xf04ede90
dup: 0xf04ede90
edi: 0x254
esi: 0xf04ede90
edi: 0x25d
esi: 0x3
edi: 0x268
esi: 0xf04ede90
dup: 0xf04ede90
edi: 0x269
esi: 0xf04ede90
edi: 0x26e
esi: 0x1
ebx: 0x1
ebx: 0xf04ede90
edi: 0x26f
esi: 0xc9
drop: 0xf04ede90
edi: 0x270
esi: 0xf04ede90
dup: 0xf04ede90
edi: 0x271
esi: 0xf04ede90
edi: 0x276
esi: 0x3
ebx: 0x3
ebx: 0xf04ede90
edi: 0x277
esi: 0xf04ed0f8
dup: 0xf04ed0f8
edi: 0x278
esi: 0xf04ed0f8
edi: 0x281
esi: 0x3
edi: 0x28c
esi: 0xf04ed0f8
dup: 0xf04ed0f8
edi: 0x28d
esi: 0xf04ed0f8
edi: 0x292
esi: 0x1
ebx: 0x1
ebx: 0xf04ed0f8
edi: 0x293
esi: 0x1b
drop: 0xf04ed0f8
edi: 0x294
esi: 0xf04ed0f8
dup: 0xf04ed0f8
edi: 0x295
esi: 0xf04ed0f8
edi: 0x29a
esi: 0x3
ebx: 0x3
ebx: 0xf04ed0f8
edi: 0x29b
esi: 0xf04ed0e4
drop: 0xf04ed0f8
edi: 0x29c
esi: 0xf04ed0f8
drop: 0xf04ede90
edi: 0x29d
esi: 0xf04ede90
drop: 0xf04ede90
edi: 0x29e
esi: 0xf04ede90
dup: 0xf04ede90
edi: 0x29f
esi: 0xf04ede90
edi: 0x2a4
esi: 0x1
ebx: 0x1
ebx: 0xf04ede90
edi: 0x2a5
esi: 0xc9
edi: 0x2aa
esi: 0xc9
drop: 0xf04ede90
edi: 0x2ab
esi: 0xf04ede90
dup: 0xf04ede90
edi: 0x2ac
esi: 0xf04ede90
edi: 0x2b1
esi: 0x3
ebx: 0x3
ebx: 0xf04ede90
edi: 0x2b2
esi: 0xf04ed0f8
edi: 0x2b7
esi: 0xf04ed0f8
drop: 0xf04ede90
edi: 0x2b8
esi: 0xf04ede90
dup: 0xf04ede90
edi: 0x2b9
esi: 0xf04ede90
edi: 0x2be
esi: 0x3
ebx: 0x3
ebx: 0xf04ede90
edi: 0x2bf
esi: 0xf04ed0f8
edi: 0x2c4
esi: 0x1
ebx: 0x1
ebx: 0xf04ed0f8
edi: 0x2c5
esi: 0x1b
edi: 0x2ca
esi: 0x1b
drop: 0xf04ede90
edi: 0x2cb
esi: 0xf04ede90
dup: 0xf04ede90
edi: 0x2cc
esi: 0xf04ede90
edi: 0x2d1
esi: 0x3
ebx: 0x3
ebx: 0xf04ede90
edi: 0x2d2
esi: 0xf04ed0f8
edi: 0x2d7
esi: 0x3
ebx: 0x3
ebx: 0xf04ed0f8
edi: 0x2d8
esi: 0xf04ed0e4
edi: 0x2dd
esi: 0xf04ed0e4
drop: 0xf04ede90
edi: 0x2de
esi: 0xf04ede90
drop: 0x1d
edi: 0x2df
esi: 0x1d
edi: 0x2e4
esi: 0x1d
edi: 0x2e9
esi: 0xc9
edi: 0x2ee
esi: 0x1b
edi: 0x3e9
esi: 0x1d
edi: 0x3f2
esi: 0x1d
edi: 0x3f7
esi: 0x1d
edi: 0x3fc
esi: 0xc9
edi: 0x401
esi: 0xc9
edi: 0x406
esi: 0x1b
edi: 0x407
esi: 0xaf
edi: 0x2f7
esi: 0xaf
edi: 0x2fc
esi: 0x1
edi: 0x2fd
esi: 0x3
edi: 0x302
esi: 0x1d
edi: 0x307
esi: 0x3
edi: 0x30c
esi: 0x3
edi: 0x311
esi: 0x1b
edi: 0x316
esi: 0xc9
edi: 0x31b
esi: 0xf04ed0e4
edi: 0x324
esi: 0xf04edea4
edi: 0x23f
esi: 0x1b
edi: 0x248
esi: 0x1b
edi: 0x24d
esi: 0x1b
edi: 0x252
esi: 0xf04edea4
dup: 0xf04edea4
edi: 0x253
esi: 0xf04edea4
dup: 0xf04edea4
edi: 0x254
esi: 0xf04edea4
edi: 0x25d
esi: 0x3
edi: 0x268
esi: 0xf04edea4
dup: 0xf04edea4
edi: 0x269
esi: 0xf04edea4
edi: 0x26e
esi: 0x1
ebx: 0x1
ebx: 0xf04edea4
edi: 0x26f
esi: 0xc9
drop: 0xf04edea4
edi: 0x270
esi: 0xf04edea4
dup: 0xf04edea4
edi: 0x271
esi: 0xf04edea4
edi: 0x276
esi: 0x3
ebx: 0x3
ebx: 0xf04edea4
edi: 0x277
esi: 0xf04ed0e4
dup: 0xf04ed0e4
edi: 0x278
esi: 0xf04ed0e4
edi: 0x281
esi: 0x3
edi: 0x28c
esi: 0xf04ed0e4
dup: 0xf04ed0e4
edi: 0x28d
esi: 0xf04ed0e4
edi: 0x292
esi: 0x1
ebx: 0x1
ebx: 0xf04ed0e4
edi: 0x293
esi: 0x19
drop: 0xf04ed0e4
edi: 0x294
esi: 0xf04ed0e4
dup: 0xf04ed0e4
edi: 0x295
esi: 0xf04ed0e4
edi: 0x29a
esi: 0x3
ebx: 0x3
ebx: 0xf04ed0e4
edi: 0x29b
esi: 0xf04ed0d0
drop: 0xf04ed0e4
edi: 0x29c
esi: 0xf04ed0e4
drop: 0xf04edea4
edi: 0x29d
esi: 0xf04edea4
drop: 0xf04edea4
edi: 0x29e
esi: 0xf04edea4
dup: 0xf04edea4
edi: 0x29f
esi: 0xf04edea4
edi: 0x2a4
esi: 0x1
ebx: 0x1
ebx: 0xf04edea4
edi: 0x2a5
esi: 0xc9
edi: 0x2aa
esi: 0xc9
drop: 0xf04edea4
edi: 0x2ab
esi: 0xf04edea4
dup: 0xf04edea4
edi: 0x2ac
esi: 0xf04edea4
edi: 0x2b1
esi: 0x3
ebx: 0x3
ebx: 0xf04edea4
edi: 0x2b2
esi: 0xf04ed0e4
edi: 0x2b7
esi: 0xf04ed0e4
drop: 0xf04edea4
edi: 0x2b8
esi: 0xf04edea4
dup: 0xf04edea4
edi: 0x2b9
esi: 0xf04edea4
edi: 0x2be
esi: 0x3
ebx: 0x3
ebx: 0xf04edea4
edi: 0x2bf
esi: 0xf04ed0e4
edi: 0x2c4
esi: 0x1
ebx: 0x1
ebx: 0xf04ed0e4
edi: 0x2c5
esi: 0x19
edi: 0x2ca
esi: 0x19
drop: 0xf04edea4
edi: 0x2cb
esi: 0xf04edea4
dup: 0xf04edea4
edi: 0x2cc
esi: 0xf04edea4
edi: 0x2d1
esi: 0x3
ebx: 0x3
ebx: 0xf04edea4
edi: 0x2d2
esi: 0xf04ed0e4
edi: 0x2d7
esi: 0x3
ebx: 0x3
ebx: 0xf04ed0e4
edi: 0x2d8
esi: 0xf04ed0d0
edi: 0x2dd
esi: 0xf04ed0d0
drop: 0xf04edea4
edi: 0x2de
esi: 0xf04edea4
drop: 0x1b
edi: 0x2df
esi: 0x1b
edi: 0x2e4
esi: 0x1b
edi: 0x2e9
esi: 0xc9
edi: 0x2ee
esi: 0x19
edi: 0x3e9
esi: 0x1b
edi: 0x3f2
esi: 0x1b
edi: 0x3f7
esi: 0x1b
edi: 0x3fc
esi: 0xc9
edi: 0x401
esi: 0xc9
edi: 0x406
esi: 0x19
edi: 0x407
esi: 0xb1
edi: 0x2f7
esi: 0xb1
edi: 0x2fc
esi: 0x1
edi: 0x2fd
esi: 0x3
edi: 0x302
esi: 0x1b
edi: 0x307
esi: 0x3
edi: 0x30c
esi: 0x3
edi: 0x311
esi: 0x19
edi: 0x316
esi: 0xc9
edi: 0x31b
esi: 0xf04ed0d0
edi: 0x324
esi: 0xf04edeb8
edi: 0x23f
esi: 0x19
edi: 0x248
esi: 0x19
edi: 0x24d
esi: 0x19
edi: 0x252
esi: 0xf04edeb8
dup: 0xf04edeb8
edi: 0x253
esi: 0xf04edeb8
dup: 0xf04edeb8
edi: 0x254
esi: 0xf04edeb8
edi: 0x25d
esi: 0x3
edi: 0x268
esi: 0xf04edeb8
dup: 0xf04edeb8
edi: 0x269
esi: 0xf04edeb8
edi: 0x26e
esi: 0x1
ebx: 0x1
ebx: 0xf04edeb8
edi: 0x26f
esi: 0xc9
drop: 0xf04edeb8
edi: 0x270
esi: 0xf04edeb8
dup: 0xf04edeb8
edi: 0x271
esi: 0xf04edeb8
edi: 0x276
esi: 0x3
ebx: 0x3
ebx: 0xf04edeb8
edi: 0x277
esi: 0xf04ed0d0
dup: 0xf04ed0d0
edi: 0x278
esi: 0xf04ed0d0
edi: 0x281
esi: 0x3
edi: 0x28c
esi: 0xf04ed0d0
dup: 0xf04ed0d0
edi: 0x28d
esi: 0xf04ed0d0
edi: 0x292
esi: 0x1
ebx: 0x1
ebx: 0xf04ed0d0
edi: 0x293
esi: 0x17
drop: 0xf04ed0d0
edi: 0x294
esi: 0xf04ed0d0
dup: 0xf04ed0d0
edi: 0x295
esi: 0xf04ed0d0
edi: 0x29a
esi: 0x3
ebx: 0x3
ebx: 0xf04ed0d0
edi: 0x29b
esi: 0xf04ed0bc
drop: 0xf04ed0d0
edi: 0x29c
esi: 0xf04ed0d0
drop: 0xf04edeb8
edi: 0x29d
esi: 0xf04edeb8
drop: 0xf04edeb8
edi: 0x29e
esi: 0xf04edeb8
dup: 0xf04edeb8
edi: 0x29f
esi: 0xf04edeb8
edi: 0x2a4
esi: 0x1
ebx: 0x1
ebx: 0xf04edeb8
edi: 0x2a5
esi: 0xc9
edi: 0x2aa
esi: 0xc9
drop: 0xf04edeb8
edi: 0x2ab
esi: 0xf04edeb8
dup: 0xf04edeb8
edi: 0x2ac
esi: 0xf04edeb8
edi: 0x2b1
esi: 0x3
ebx: 0x3
ebx: 0xf04edeb8
edi: 0x2b2
esi: 0xf04ed0d0
edi: 0x2b7
esi: 0xf04ed0d0
drop: 0xf04edeb8
edi: 0x2b8
esi: 0xf04edeb8
dup: 0xf04edeb8
edi: 0x2b9
esi: 0xf04edeb8
edi: 0x2be
esi: 0x3
ebx: 0x3
ebx: 0xf04edeb8
edi: 0x2bf
esi: 0xf04ed0d0
edi: 0x2c4
esi: 0x1
ebx: 0x1
ebx: 0xf04ed0d0
edi: 0x2c5
esi: 0x17
edi: 0x2ca
esi: 0x17
drop: 0xf04edeb8
edi: 0x2cb
esi: 0xf04edeb8
dup: 0xf04edeb8
edi: 0x2cc
esi: 0xf04edeb8
edi: 0x2d1
esi: 0x3
ebx: 0x3
ebx: 0xf04edeb8
edi: 0x2d2
esi: 0xf04ed0d0
edi: 0x2d7
esi: 0x3
ebx: 0x3
ebx: 0xf04ed0d0
edi: 0x2d8
esi: 0xf04ed0bc
edi: 0x2dd
esi: 0xf04ed0bc
drop: 0xf04edeb8
edi: 0x2de
esi: 0xf04edeb8
drop: 0x19
edi: 0x2df
esi: 0x19
edi: 0x2e4
esi: 0x19
edi: 0x2e9
esi: 0xc9
edi: 0x2ee
esi: 0x17
edi: 0x3e9
esi: 0x19
edi: 0x3f2
esi: 0x19
edi: 0x3f7
esi: 0x19
edi: 0x3fc
esi: 0xc9
edi: 0x401
esi: 0xc9
edi: 0x406
esi: 0x17
edi: 0x407
esi: 0xb3
edi: 0x2f7
esi: 0xb3
edi: 0x2fc
esi: 0x1
edi: 0x2fd
esi: 0x3
edi: 0x302
esi: 0x19
edi: 0x307
esi: 0x3
edi: 0x30c
esi: 0x3
edi: 0x311
esi: 0x17
edi: 0x316
esi: 0xc9
edi: 0x31b
esi: 0xf04ed0bc
edi: 0x324
esi: 0xf04edecc
edi: 0x23f
esi: 0x17
edi: 0x248
esi: 0x17
edi: 0x24d
esi: 0x17
edi: 0x252
esi: 0xf04edecc
dup: 0xf04edecc
edi: 0x253
esi: 0xf04edecc
dup: 0xf04edecc
edi: 0x254
esi: 0xf04edecc
edi: 0x25d
esi: 0x3
edi: 0x268
esi: 0xf04edecc
dup: 0xf04edecc
edi: 0x269
esi: 0xf04edecc
edi: 0x26e
esi: 0x1
ebx: 0x1
ebx: 0xf04edecc
edi: 0x26f
esi: 0xc9
drop: 0xf04edecc
edi: 0x270
esi: 0xf04edecc
dup: 0xf04edecc
edi: 0x271
esi: 0xf04edecc
edi: 0x276
esi: 0x3
ebx: 0x3
ebx: 0xf04edecc
edi: 0x277
esi: 0xf04ed0bc
dup: 0xf04ed0bc
edi: 0x278
esi: 0xf04ed0bc
edi: 0x281
esi: 0x3
edi: 0x28c
esi: 0xf04ed0bc
dup: 0xf04ed0bc
edi: 0x28d
esi: 0xf04ed0bc
edi: 0x292
esi: 0x1
ebx: 0x1
ebx: 0xf04ed0bc
edi: 0x293
esi: 0x15
drop: 0xf04ed0bc
edi: 0x294
esi: 0xf04ed0bc
dup: 0xf04ed0bc
edi: 0x295
esi: 0xf04ed0bc
edi: 0x29a
esi: 0x3
ebx: 0x3
ebx: 0xf04ed0bc
edi: 0x29b
esi: 0xf04ed0a8
drop: 0xf04ed0bc
edi: 0x29c
esi: 0xf04ed0bc
drop: 0xf04edecc
edi: 0x29d
esi: 0xf04edecc
drop: 0xf04edecc
edi: 0x29e
esi: 0xf04edecc
dup: 0xf04edecc
edi: 0x29f
esi: 0xf04edecc
edi: 0x2a4
esi: 0x1
ebx: 0x1
ebx: 0xf04edecc
edi: 0x2a5
esi: 0xc9
edi: 0x2aa
esi: 0xc9
drop: 0xf04edecc
edi: 0x2ab
esi: 0xf04edecc
dup: 0xf04edecc
edi: 0x2ac
esi: 0xf04edecc
edi: 0x2b1
esi: 0x3
ebx: 0x3
ebx: 0xf04edecc
edi: 0x2b2
esi: 0xf04ed0bc
edi: 0x2b7
esi: 0xf04ed0bc
drop: 0xf04edecc
edi: 0x2b8
esi: 0xf04edecc
dup: 0xf04edecc
edi: 0x2b9
esi: 0xf04edecc
edi: 0x2be
esi: 0x3
ebx: 0x3
ebx: 0xf04edecc
edi: 0x2bf
esi: 0xf04ed0bc
edi: 0x2c4
esi: 0x1
ebx: 0x1
ebx: 0xf04ed0bc
edi: 0x2c5
esi: 0x15
edi: 0x2ca
esi: 0x15
drop: 0xf04edecc
edi: 0x2cb
esi: 0xf04edecc
dup: 0xf04edecc
edi: 0x2cc
esi: 0xf04edecc
edi: 0x2d1
esi: 0x3
ebx: 0x3
ebx: 0xf04edecc
edi: 0x2d2
esi: 0xf04ed0bc
edi: 0x2d7
esi: 0x3
ebx: 0x3
ebx: 0xf04ed0bc
edi: 0x2d8
esi: 0xf04ed0a8
edi: 0x2dd
esi: 0xf04ed0a8
drop: 0xf04edecc
edi: 0x2de
esi: 0xf04edecc
drop: 0x17
edi: 0x2df
esi: 0x17
edi: 0x2e4
esi: 0x17
edi: 0x2e9
esi: 0xc9
edi: 0x2ee
esi: 0x15
edi: 0x3e9
esi: 0x17
edi: 0x3f2
esi: 0x17
edi: 0x3f7
esi: 0x17
edi: 0x3fc
esi: 0xc9
edi: 0x401
esi: 0xc9
edi: 0x406
esi: 0x15
edi: 0x407
esi: 0xb5
edi: 0x2f7
esi: 0xb5
edi: 0x2fc
esi: 0x1
edi: 0x2fd
esi: 0x3
edi: 0x302
esi: 0x17
edi: 0x307
esi: 0x3
edi: 0x30c
esi: 0x3
edi: 0x311
esi: 0x15
edi: 0x316
esi: 0xc9
edi: 0x31b
esi: 0xf04ed0a8
edi: 0x324
esi: 0xf04edee0
edi: 0x23f
esi: 0x15
edi: 0x248
esi: 0x15
edi: 0x24d
esi: 0x15
edi: 0x252
esi: 0xf04edee0
dup: 0xf04edee0
edi: 0x253
esi: 0xf04edee0
dup: 0xf04edee0
edi: 0x254
esi: 0xf04edee0
edi: 0x25d
esi: 0x3
edi: 0x268
esi: 0xf04edee0
dup: 0xf04edee0
edi: 0x269
esi: 0xf04edee0
edi: 0x26e
esi: 0x1
ebx: 0x1
ebx: 0xf04edee0
edi: 0x26f
esi: 0xc9
drop: 0xf04edee0
edi: 0x270
esi: 0xf04edee0
dup: 0xf04edee0
edi: 0x271
esi: 0xf04edee0
edi: 0x276
esi: 0x3
ebx: 0x3
ebx: 0xf04edee0
edi: 0x277
esi: 0xf04ed0a8
dup: 0xf04ed0a8
edi: 0x278
esi: 0xf04ed0a8
edi: 0x281
esi: 0x3
edi: 0x28c
esi: 0xf04ed0a8
dup: 0xf04ed0a8
edi: 0x28d
esi: 0xf04ed0a8
edi: 0x292
esi: 0x1
ebx: 0x1
ebx: 0xf04ed0a8
edi: 0x293
esi: 0x13
drop: 0xf04ed0a8
edi: 0x294
esi: 0xf04ed0a8
dup: 0xf04ed0a8
edi: 0x295
esi: 0xf04ed0a8
edi: 0x29a
esi: 0x3
ebx: 0x3
ebx: 0xf04ed0a8
edi: 0x29b
esi: 0xf04ed094
drop: 0xf04ed0a8
edi: 0x29c
esi: 0xf04ed0a8
drop: 0xf04edee0
edi: 0x29d
esi: 0xf04edee0
drop: 0xf04edee0
edi: 0x29e
esi: 0xf04edee0
dup: 0xf04edee0
edi: 0x29f
esi: 0xf04edee0
edi: 0x2a4
esi: 0x1
ebx: 0x1
ebx: 0xf04edee0
edi: 0x2a5
esi: 0xc9
edi: 0x2aa
esi: 0xc9
drop: 0xf04edee0
edi: 0x2ab
esi: 0xf04edee0
dup: 0xf04edee0
edi: 0x2ac
esi: 0xf04edee0
edi: 0x2b1
esi: 0x3
ebx: 0x3
ebx: 0xf04edee0
edi: 0x2b2
esi: 0xf04ed0a8
edi: 0x2b7
esi: 0xf04ed0a8
drop: 0xf04edee0
edi: 0x2b8
esi: 0xf04edee0
dup: 0xf04edee0
edi: 0x2b9
esi: 0xf04edee0
edi: 0x2be
esi: 0x3
ebx: 0x3
ebx: 0xf04edee0
edi: 0x2bf
esi: 0xf04ed0a8
edi: 0x2c4
esi: 0x1
ebx: 0x1
ebx: 0xf04ed0a8
edi: 0x2c5
esi: 0x13
edi: 0x2ca
esi: 0x13
drop: 0xf04edee0
edi: 0x2cb
esi: 0xf04edee0
dup: 0xf04edee0
edi: 0x2cc
esi: 0xf04edee0
edi: 0x2d1
esi: 0x3
ebx: 0x3
ebx: 0xf04edee0
edi: 0x2d2
esi: 0xf04ed0a8
edi: 0x2d7
esi: 0x3
ebx: 0x3
ebx: 0xf04ed0a8
edi: 0x2d8
esi: 0xf04ed094
edi: 0x2dd
esi: 0xf04ed094
drop: 0xf04edee0
edi: 0x2de
esi: 0xf04edee0
drop: 0x15
edi: 0x2df
esi: 0x15
edi: 0x2e4
esi: 0x15
edi: 0x2e9
esi: 0xc9
edi: 0x2ee
esi: 0x13
edi: 0x3e9
esi: 0x15
edi: 0x3f2
esi: 0x15
edi: 0x3f7
esi: 0x15
edi: 0x3fc
esi: 0xc9
edi: 0x401
esi: 0xc9
edi: 0x406
esi: 0x13
edi: 0x407
esi: 0xb7
edi: 0x2f7
esi: 0xb7
edi: 0x2fc
esi: 0x1
edi: 0x2fd
esi: 0x3
edi: 0x302
esi: 0x15
edi: 0x307
esi: 0x3
edi: 0x30c
esi: 0x3
edi: 0x311
esi: 0x13
edi: 0x316
esi: 0xc9
edi: 0x31b
esi: 0xf04ed094
edi: 0x324
esi: 0xf04edef4
edi: 0x23f
esi: 0x13
edi: 0x248
esi: 0x13
edi: 0x24d
esi: 0x13
edi: 0x252
esi: 0xf04edef4
dup: 0xf04edef4
edi: 0x253
esi: 0xf04edef4
dup: 0xf04edef4
edi: 0x254
esi: 0xf04edef4
edi: 0x25d
esi: 0x3
edi: 0x268
esi: 0xf04edef4
dup: 0xf04edef4
edi: 0x269
esi: 0xf04edef4
edi: 0x26e
esi: 0x1
ebx: 0x1
ebx: 0xf04edef4
edi: 0x26f
esi: 0xc9
drop: 0xf04edef4
edi: 0x270
esi: 0xf04edef4
dup: 0xf04edef4
edi: 0x271
esi: 0xf04edef4
edi: 0x276
esi: 0x3
ebx: 0x3
ebx: 0xf04edef4
edi: 0x277
esi: 0xf04ed094
dup: 0xf04ed094
edi: 0x278
esi: 0xf04ed094
edi: 0x281
esi: 0x3
edi: 0x28c
esi: 0xf04ed094
dup: 0xf04ed094
edi: 0x28d
esi: 0xf04ed094
edi: 0x292
esi: 0x1
ebx: 0x1
ebx: 0xf04ed094
edi: 0x293
esi: 0x11
drop: 0xf04ed094
edi: 0x294
esi: 0xf04ed094
dup: 0xf04ed094
edi: 0x295
esi: 0xf04ed094
edi: 0x29a
esi: 0x3
ebx: 0x3
ebx: 0xf04ed094
edi: 0x29b
esi: 0xf04ed080
drop: 0xf04ed094
edi: 0x29c
esi: 0xf04ed094
drop: 0xf04edef4
edi: 0x29d
esi: 0xf04edef4
drop: 0xf04edef4
edi: 0x29e
esi: 0xf04edef4
dup: 0xf04edef4
edi: 0x29f
esi: 0xf04edef4
edi: 0x2a4
esi: 0x1
ebx: 0x1
ebx: 0xf04edef4
edi: 0x2a5
esi: 0xc9
edi: 0x2aa
esi: 0xc9
drop: 0xf04edef4
edi: 0x2ab
esi: 0xf04edef4
dup: 0xf04edef4
edi: 0x2ac
esi: 0xf04edef4
edi: 0x2b1
esi: 0x3
ebx: 0x3
ebx: 0xf04edef4
edi: 0x2b2
esi: 0xf04ed094
edi: 0x2b7
esi: 0xf04ed094
drop: 0xf04edef4
edi: 0x2b8
esi: 0xf04edef4
dup: 0xf04edef4
edi: 0x2b9
esi: 0xf04edef4
edi: 0x2be
esi: 0x3
ebx: 0x3
ebx: 0xf04edef4
edi: 0x2bf
esi: 0xf04ed094
edi: 0x2c4
esi: 0x1
ebx: 0x1
ebx: 0xf04ed094
edi: 0x2c5
esi: 0x11
edi: 0x2ca
esi: 0x11
drop: 0xf04edef4
edi: 0x2cb
esi: 0xf04edef4
dup: 0xf04edef4
edi: 0x2cc
esi: 0xf04edef4
edi: 0x2d1
esi: 0x3
ebx: 0x3
ebx: 0xf04edef4
edi: 0x2d2
esi: 0xf04ed094
edi: 0x2d7
esi: 0x3
ebx: 0x3
ebx: 0xf04ed094
edi: 0x2d8
esi: 0xf04ed080
edi: 0x2dd
esi: 0xf04ed080
drop: 0xf04edef4
edi: 0x2de
esi: 0xf04edef4
drop: 0x13
edi: 0x2df
esi: 0x13
edi: 0x2e4
esi: 0x13
edi: 0x2e9
esi: 0xc9
edi: 0x2ee
esi: 0x11
edi: 0x3e9
esi: 0x13
edi: 0x3f2
esi: 0x13
edi: 0x3f7
esi: 0x13
edi: 0x3fc
esi: 0xc9
edi: 0x401
esi: 0xc9
edi: 0x406
esi: 0x11
edi: 0x407
esi: 0xb9
edi: 0x2f7
esi: 0xb9
edi: 0x2fc
esi: 0x1
edi: 0x2fd
esi: 0x3
edi: 0x302
esi: 0x13
edi: 0x307
esi: 0x3
edi: 0x30c
esi: 0x3
edi: 0x311
esi: 0x11
edi: 0x316
esi: 0xc9
edi: 0x31b
esi: 0xf04ed080
edi: 0x324
esi: 0xf04edf08
edi: 0x23f
esi: 0x11
edi: 0x248
esi: 0x11
edi: 0x24d
esi: 0x11
edi: 0x252
esi: 0xf04edf08
dup: 0xf04edf08
edi: 0x253
esi: 0xf04edf08
dup: 0xf04edf08
edi: 0x254
esi: 0xf04edf08
edi: 0x25d
esi: 0x3
edi: 0x268
esi: 0xf04edf08
dup: 0xf04edf08
edi: 0x269
esi: 0xf04edf08
edi: 0x26e
esi: 0x1
ebx: 0x1
ebx: 0xf04edf08
edi: 0x26f
esi: 0xc9
drop: 0xf04edf08
edi: 0x270
esi: 0xf04edf08
dup: 0xf04edf08
edi: 0x271
esi: 0xf04edf08
edi: 0x276
esi: 0x3
ebx: 0x3
ebx: 0xf04edf08
edi: 0x277
esi: 0xf04ed080
dup: 0xf04ed080
edi: 0x278
esi: 0xf04ed080
edi: 0x281
esi: 0x3
edi: 0x28c
esi: 0xf04ed080
dup: 0xf04ed080
edi: 0x28d
esi: 0xf04ed080
edi: 0x292
esi: 0x1
ebx: 0x1
ebx: 0xf04ed080
edi: 0x293
esi: 0xf
drop: 0xf04ed080
edi: 0x294
esi: 0xf04ed080
dup: 0xf04ed080
edi: 0x295
esi: 0xf04ed080
edi: 0x29a
esi: 0x3
ebx: 0x3
ebx: 0xf04ed080
edi: 0x29b
esi: 0xf04ed06c
drop: 0xf04ed080
edi: 0x29c
esi: 0xf04ed080
drop: 0xf04edf08
edi: 0x29d
esi: 0xf04edf08
drop: 0xf04edf08
edi: 0x29e
esi: 0xf04edf08
dup: 0xf04edf08
edi: 0x29f
esi: 0xf04edf08
edi: 0x2a4
esi: 0x1
ebx: 0x1
ebx: 0xf04edf08
edi: 0x2a5
esi: 0xc9
edi: 0x2aa
esi: 0xc9
drop: 0xf04edf08
edi: 0x2ab
esi: 0xf04edf08
dup: 0xf04edf08
edi: 0x2ac
esi: 0xf04edf08
edi: 0x2b1
esi: 0x3
ebx: 0x3
ebx: 0xf04edf08
edi: 0x2b2
esi: 0xf04ed080
edi: 0x2b7
esi: 0xf04ed080
drop: 0xf04edf08
edi: 0x2b8
esi: 0xf04edf08
dup: 0xf04edf08
edi: 0x2b9
esi: 0xf04edf08
edi: 0x2be
esi: 0x3
ebx: 0x3
ebx: 0xf04edf08
edi: 0x2bf
esi: 0xf04ed080
edi: 0x2c4
esi: 0x1
ebx: 0x1
ebx: 0xf04ed080
edi: 0x2c5
esi: 0xf
edi: 0x2ca
esi: 0xf
drop: 0xf04edf08
edi: 0x2cb
esi: 0xf04edf08
dup: 0xf04edf08
edi: 0x2cc
esi: 0xf04edf08
edi: 0x2d1
esi: 0x3
ebx: 0x3
ebx: 0xf04edf08
edi: 0x2d2
esi: 0xf04ed080
edi: 0x2d7
esi: 0x3
ebx: 0x3
ebx: 0xf04ed080
edi: 0x2d8
esi: 0xf04ed06c
edi: 0x2dd
esi: 0xf04ed06c
drop: 0xf04edf08
edi: 0x2de
esi: 0xf04edf08
drop: 0x11
edi: 0x2df
esi: 0x11
edi: 0x2e4
esi: 0x11
edi: 0x2e9
esi: 0xc9
edi: 0x2ee
esi: 0xf
edi: 0x3e9
esi: 0x11
edi: 0x3f2
esi: 0x11
edi: 0x3f7
esi: 0x11
edi: 0x3fc
esi: 0xc9
edi: 0x401
esi: 0xc9
edi: 0x406
esi: 0xf
edi: 0x407
esi: 0xbb
edi: 0x2f7
esi: 0xbb
edi: 0x2fc
esi: 0x1
edi: 0x2fd
esi: 0x3
edi: 0x302
esi: 0x11
edi: 0x307
esi: 0x3
edi: 0x30c
esi: 0x3
edi: 0x311
esi: 0xf
edi: 0x316
esi: 0xc9
edi: 0x31b
esi: 0xf04ed06c
edi: 0x324
esi: 0xf04edf1c
edi: 0x23f
esi: 0xf
edi: 0x248
esi: 0xf
edi: 0x24d
esi: 0xf
edi: 0x252
esi: 0xf04edf1c
dup: 0xf04edf1c
edi: 0x253
esi: 0xf04edf1c
dup: 0xf04edf1c
edi: 0x254
esi: 0xf04edf1c
edi: 0x25d
esi: 0x3
edi: 0x268
esi: 0xf04edf1c
dup: 0xf04edf1c
edi: 0x269
esi: 0xf04edf1c
edi: 0x26e
esi: 0x1
ebx: 0x1
ebx: 0xf04edf1c
edi: 0x26f
esi: 0xc9
drop: 0xf04edf1c
edi: 0x270
esi: 0xf04edf1c
dup: 0xf04edf1c
edi: 0x271
esi: 0xf04edf1c
edi: 0x276
esi: 0x3
ebx: 0x3
ebx: 0xf04edf1c
edi: 0x277
esi: 0xf04ed06c
dup: 0xf04ed06c
edi: 0x278
esi: 0xf04ed06c
edi: 0x281
esi: 0x3
edi: 0x28c
esi: 0xf04ed06c
dup: 0xf04ed06c
edi: 0x28d
esi: 0xf04ed06c
edi: 0x292
esi: 0x1
ebx: 0x1
ebx: 0xf04ed06c
edi: 0x293
esi: 0xd
drop: 0xf04ed06c
edi: 0x294
esi: 0xf04ed06c
dup: 0xf04ed06c
edi: 0x295
esi: 0xf04ed06c
edi: 0x29a
esi: 0x3
ebx: 0x3
ebx: 0xf04ed06c
edi: 0x29b
esi: 0xf04ed058
drop: 0xf04ed06c
edi: 0x29c
esi: 0xf04ed06c
drop: 0xf04edf1c
edi: 0x29d
esi: 0xf04edf1c
drop: 0xf04edf1c
edi: 0x29e
esi: 0xf04edf1c
dup: 0xf04edf1c
edi: 0x29f
esi: 0xf04edf1c
edi: 0x2a4
esi: 0x1
ebx: 0x1
ebx: 0xf04edf1c
edi: 0x2a5
esi: 0xc9
edi: 0x2aa
esi: 0xc9
drop: 0xf04edf1c
edi: 0x2ab
esi: 0xf04edf1c
dup: 0xf04edf1c
edi: 0x2ac
esi: 0xf04edf1c
edi: 0x2b1
esi: 0x3
ebx: 0x3
ebx: 0xf04edf1c
edi: 0x2b2
esi: 0xf04ed06c
edi: 0x2b7
esi: 0xf04ed06c
drop: 0xf04edf1c
edi: 0x2b8
esi: 0xf04edf1c
dup: 0xf04edf1c
edi: 0x2b9
esi: 0xf04edf1c
edi: 0x2be
esi: 0x3
ebx: 0x3
ebx: 0xf04edf1c
edi: 0x2bf
esi: 0xf04ed06c
edi: 0x2c4
esi: 0x1
ebx: 0x1
ebx: 0xf04ed06c
edi: 0x2c5
esi: 0xd
edi: 0x2ca
esi: 0xd
drop: 0xf04edf1c
edi: 0x2cb
esi: 0xf04edf1c
dup: 0xf04edf1c
edi: 0x2cc
esi: 0xf04edf1c
edi: 0x2d1
esi: 0x3
ebx: 0x3
ebx: 0xf04edf1c
edi: 0x2d2
esi: 0xf04ed06c
edi: 0x2d7
esi: 0x3
ebx: 0x3
ebx: 0xf04ed06c
edi: 0x2d8
esi: 0xf04ed058
edi: 0x2dd
esi: 0xf04ed058
drop: 0xf04edf1c
edi: 0x2de
esi: 0xf04edf1c
drop: 0xf
edi: 0x2df
esi: 0xf
edi: 0x2e4
esi: 0xf
edi: 0x2e9
esi: 0xc9
edi: 0x2ee
esi: 0xd
edi: 0x3e9
esi: 0xf
edi: 0x3f2
esi: 0xf
edi: 0x3f7
esi: 0xf
edi: 0x3fc
esi: 0xc9
edi: 0x401
esi: 0xc9
edi: 0x406
esi: 0xd
edi: 0x407
esi: 0xbd
edi: 0x2f7
esi: 0xbd
edi: 0x2fc
esi: 0x1
edi: 0x2fd
esi: 0x3
edi: 0x302
esi: 0xf
edi: 0x307
esi: 0x3
edi: 0x30c
esi: 0x3
edi: 0x311
esi: 0xd
edi: 0x316
esi: 0xc9
edi: 0x31b
esi: 0xf04ed058
edi: 0x324
esi: 0xf04edf30
edi: 0x23f
esi: 0xd
edi: 0x248
esi: 0xd
edi: 0x24d
esi: 0xd
edi: 0x252
esi: 0xf04edf30
dup: 0xf04edf30
edi: 0x253
esi: 0xf04edf30
dup: 0xf04edf30
edi: 0x254
esi: 0xf04edf30
edi: 0x25d
esi: 0x3
edi: 0x268
esi: 0xf04edf30
dup: 0xf04edf30
edi: 0x269
esi: 0xf04edf30
edi: 0x26e
esi: 0x1
ebx: 0x1
ebx: 0xf04edf30
edi: 0x26f
esi: 0xc9
drop: 0xf04edf30
edi: 0x270
esi: 0xf04edf30
dup: 0xf04edf30
edi: 0x271
esi: 0xf04edf30
edi: 0x276
esi: 0x3
ebx: 0x3
ebx: 0xf04edf30
edi: 0x277
esi: 0xf04ed058
dup: 0xf04ed058
edi: 0x278
esi: 0xf04ed058
edi: 0x281
esi: 0x3
edi: 0x28c
esi: 0xf04ed058
dup: 0xf04ed058
edi: 0x28d
esi: 0xf04ed058
edi: 0x292
esi: 0x1
ebx: 0x1
ebx: 0xf04ed058
edi: 0x293
esi: 0xb
drop: 0xf04ed058
edi: 0x294
esi: 0xf04ed058
dup: 0xf04ed058
edi: 0x295
esi: 0xf04ed058
edi: 0x29a
esi: 0x3
ebx: 0x3
ebx: 0xf04ed058
edi: 0x29b
esi: 0xf04ed044
drop: 0xf04ed058
edi: 0x29c
esi: 0xf04ed058
drop: 0xf04edf30
edi: 0x29d
esi: 0xf04edf30
drop: 0xf04edf30
edi: 0x29e
esi: 0xf04edf30
dup: 0xf04edf30
edi: 0x29f
esi: 0xf04edf30
edi: 0x2a4
esi: 0x1
ebx: 0x1
ebx: 0xf04edf30
edi: 0x2a5
esi: 0xc9
edi: 0x2aa
esi: 0xc9
drop: 0xf04edf30
edi: 0x2ab
esi: 0xf04edf30
dup: 0xf04edf30
edi: 0x2ac
esi: 0xf04edf30
edi: 0x2b1
esi: 0x3
ebx: 0x3
ebx: 0xf04edf30
edi: 0x2b2
esi: 0xf04ed058
edi: 0x2b7
esi: 0xf04ed058
drop: 0xf04edf30
edi: 0x2b8
esi: 0xf04edf30
dup: 0xf04edf30
edi: 0x2b9
esi: 0xf04edf30
edi: 0x2be
esi: 0x3
ebx: 0x3
ebx: 0xf04edf30
edi: 0x2bf
esi: 0xf04ed058
edi: 0x2c4
esi: 0x1
ebx: 0x1
ebx: 0xf04ed058
edi: 0x2c5
esi: 0xb
edi: 0x2ca
esi: 0xb
drop: 0xf04edf30
edi: 0x2cb
esi: 0xf04edf30
dup: 0xf04edf30
edi: 0x2cc
esi: 0xf04edf30
edi: 0x2d1
esi: 0x3
ebx: 0x3
ebx: 0xf04edf30
edi: 0x2d2
esi: 0xf04ed058
edi: 0x2d7
esi: 0x3
ebx: 0x3
ebx: 0xf04ed058
edi: 0x2d8
esi: 0xf04ed044
edi: 0x2dd
esi: 0xf04ed044
drop: 0xf04edf30
edi: 0x2de
esi: 0xf04edf30
drop: 0xd
edi: 0x2df
esi: 0xd
edi: 0x2e4
esi: 0xd
edi: 0x2e9
esi: 0xc9
edi: 0x2ee
esi: 0xb
edi: 0x3e9
esi: 0xd
edi: 0x3f2
esi: 0xd
edi: 0x3f7
esi: 0xd
edi: 0x3fc
esi: 0xc9
edi: 0x401
esi: 0xc9
edi: 0x406
esi: 0xb
edi: 0x407
esi: 0xbf
edi: 0x2f7
esi: 0xbf
edi: 0x2fc
esi: 0x1
edi: 0x2fd
esi: 0x3
edi: 0x302
esi: 0xd
edi: 0x307
esi: 0x3
edi: 0x30c
esi: 0x3
edi: 0x311
esi: 0xb
edi: 0x316
esi: 0xc9
edi: 0x31b
esi: 0xf04ed044
edi: 0x324
esi: 0xf04edf44
edi: 0x23f
esi: 0xb
edi: 0x248
esi: 0xb
edi: 0x24d
esi: 0xb
edi: 0x252
esi: 0xf04edf44
dup: 0xf04edf44
edi: 0x253
esi: 0xf04edf44
dup: 0xf04edf44
edi: 0x254
esi: 0xf04edf44
edi: 0x25d
esi: 0x3
edi: 0x268
esi: 0xf04edf44
dup: 0xf04edf44
edi: 0x269
esi: 0xf04edf44
edi: 0x26e
esi: 0x1
ebx: 0x1
ebx: 0xf04edf44
edi: 0x26f
esi: 0xc9
drop: 0xf04edf44
edi: 0x270
esi: 0xf04edf44
dup: 0xf04edf44
edi: 0x271
esi: 0xf04edf44
edi: 0x276
esi: 0x3
ebx: 0x3
ebx: 0xf04edf44
edi: 0x277
esi: 0xf04ed044
dup: 0xf04ed044
edi: 0x278
esi: 0xf04ed044
edi: 0x281
esi: 0x3
edi: 0x28c
esi: 0xf04ed044
dup: 0xf04ed044
edi: 0x28d
esi: 0xf04ed044
edi: 0x292
esi: 0x1
ebx: 0x1
ebx: 0xf04ed044
edi: 0x293
esi: 0x9
drop: 0xf04ed044
edi: 0x294
esi: 0xf04ed044
dup: 0xf04ed044
edi: 0x295
esi: 0xf04ed044
edi: 0x29a
esi: 0x3
ebx: 0x3
ebx: 0xf04ed044
edi: 0x29b
esi: 0xf04ed030
drop: 0xf04ed044
edi: 0x29c
esi: 0xf04ed044
drop: 0xf04edf44
edi: 0x29d
esi: 0xf04edf44
drop: 0xf04edf44
edi: 0x29e
esi: 0xf04edf44
dup: 0xf04edf44
edi: 0x29f
esi: 0xf04edf44
edi: 0x2a4
esi: 0x1
ebx: 0x1
ebx: 0xf04edf44
edi: 0x2a5
esi: 0xc9
edi: 0x2aa
esi: 0xc9
drop: 0xf04edf44
edi: 0x2ab
esi: 0xf04edf44
dup: 0xf04edf44
edi: 0x2ac
esi: 0xf04edf44
edi: 0x2b1
esi: 0x3
ebx: 0x3
ebx: 0xf04edf44
edi: 0x2b2
esi: 0xf04ed044
edi: 0x2b7
esi: 0xf04ed044
drop: 0xf04edf44
edi: 0x2b8
esi: 0xf04edf44
dup: 0xf04edf44
edi: 0x2b9
esi: 0xf04edf44
edi: 0x2be
esi: 0x3
ebx: 0x3
ebx: 0xf04edf44
edi: 0x2bf
esi: 0xf04ed044
edi: 0x2c4
esi: 0x1
ebx: 0x1
ebx: 0xf04ed044
edi: 0x2c5
esi: 0x9
edi: 0x2ca
esi: 0x9
drop: 0xf04edf44
edi: 0x2cb
esi: 0xf04edf44
dup: 0xf04edf44
edi: 0x2cc
esi: 0xf04edf44
edi: 0x2d1
esi: 0x3
ebx: 0x3
ebx: 0xf04edf44
edi: 0x2d2
esi: 0xf04ed044
edi: 0x2d7
esi: 0x3
ebx: 0x3
ebx: 0xf04ed044
edi: 0x2d8
esi: 0xf04ed030
edi: 0x2dd
esi: 0xf04ed030
drop: 0xf04edf44
edi: 0x2de
esi: 0xf04edf44
drop: 0xb
edi: 0x2df
esi: 0xb
edi: 0x2e4
esi: 0xb
edi: 0x2e9
esi: 0xc9
edi: 0x2ee
esi: 0x9
edi: 0x3e9
esi: 0xb
edi: 0x3f2
esi: 0xb
edi: 0x3f7
esi: 0xb
edi: 0x3fc
esi: 0xc9
edi: 0x401
esi: 0xc9
edi: 0x406
esi: 0x9
edi: 0x407
esi: 0xc1
edi: 0x2f7
esi: 0xc1
edi: 0x2fc
esi: 0x1
edi: 0x2fd
esi: 0x3
edi: 0x302
esi: 0xb
edi: 0x307
esi: 0x3
edi: 0x30c
esi: 0x3
edi: 0x311
esi: 0x9
edi: 0x316
esi: 0xc9
edi: 0x31b
esi: 0xf04ed030
edi: 0x324
esi: 0xf04edf58
edi: 0x23f
esi: 0x9
edi: 0x248
esi: 0x9
edi: 0x24d
esi: 0x9
edi: 0x252
esi: 0xf04edf58
dup: 0xf04edf58
edi: 0x253
esi: 0xf04edf58
dup: 0xf04edf58
edi: 0x254
esi: 0xf04edf58
edi: 0x25d
esi: 0x3
edi: 0x268
esi: 0xf04edf58
dup: 0xf04edf58
edi: 0x269
esi: 0xf04edf58
edi: 0x26e
esi: 0x1
ebx: 0x1
ebx: 0xf04edf58
edi: 0x26f
esi: 0xc9
drop: 0xf04edf58
edi: 0x270
esi: 0xf04edf58
dup: 0xf04edf58
edi: 0x271
esi: 0xf04edf58
edi: 0x276
esi: 0x3
ebx: 0x3
ebx: 0xf04edf58
edi: 0x277
esi: 0xf04ed030
dup: 0xf04ed030
edi: 0x278
esi: 0xf04ed030
edi: 0x281
esi: 0x3
edi: 0x28c
esi: 0xf04ed030
dup: 0xf04ed030
edi: 0x28d
esi: 0xf04ed030
edi: 0x292
esi: 0x1
ebx: 0x1
ebx: 0xf04ed030
edi: 0x293
esi: 0x7
drop: 0xf04ed030
edi: 0x294
esi: 0xf04ed030
dup: 0xf04ed030
edi: 0x295
esi: 0xf04ed030
edi: 0x29a
esi: 0x3
ebx: 0x3
ebx: 0xf04ed030
edi: 0x29b
esi: 0xf04ed01c
drop: 0xf04ed030
edi: 0x29c
esi: 0xf04ed030
drop: 0xf04edf58
edi: 0x29d
esi: 0xf04edf58
drop: 0xf04edf58
edi: 0x29e
esi: 0xf04edf58
dup: 0xf04edf58
edi: 0x29f
esi: 0xf04edf58
edi: 0x2a4
esi: 0x1
ebx: 0x1
ebx: 0xf04edf58
edi: 0x2a5
esi: 0xc9
edi: 0x2aa
esi: 0xc9
drop: 0xf04edf58
edi: 0x2ab
esi: 0xf04edf58
dup: 0xf04edf58
edi: 0x2ac
esi: 0xf04edf58
edi: 0x2b1
esi: 0x3
ebx: 0x3
ebx: 0xf04edf58
edi: 0x2b2
esi: 0xf04ed030
edi: 0x2b7
esi: 0xf04ed030
drop: 0xf04edf58
edi: 0x2b8
esi: 0xf04edf58
dup: 0xf04edf58
edi: 0x2b9
esi: 0xf04edf58
edi: 0x2be
esi: 0x3
ebx: 0x3
ebx: 0xf04edf58
edi: 0x2bf
esi: 0xf04ed030
edi: 0x2c4
esi: 0x1
ebx: 0x1
ebx: 0xf04ed030
edi: 0x2c5
esi: 0x7
edi: 0x2ca
esi: 0x7
drop: 0xf04edf58
edi: 0x2cb
esi: 0xf04edf58
dup: 0xf04edf58
edi: 0x2cc
esi: 0xf04edf58
edi: 0x2d1
esi: 0x3
ebx: 0x3
ebx: 0xf04edf58
edi: 0x2d2
esi: 0xf04ed030
edi: 0x2d7
esi: 0x3
ebx: 0x3
ebx: 0xf04ed030
edi: 0x2d8
esi: 0xf04ed01c
edi: 0x2dd
esi: 0xf04ed01c
drop: 0xf04edf58
edi: 0x2de
esi: 0xf04edf58
drop: 0x9
edi: 0x2df
esi: 0x9
edi: 0x2e4
esi: 0x9
edi: 0x2e9
esi: 0xc9
edi: 0x2ee
esi: 0x7
edi: 0x3e9
esi: 0x9
edi: 0x3f2
esi: 0x9
edi: 0x3f7
esi: 0x9
edi: 0x3fc
esi: 0xc9
edi: 0x401
esi: 0xc9
edi: 0x406
esi: 0x7
edi: 0x407
esi: 0xc3
edi: 0x2f7
esi: 0xc3
edi: 0x2fc
esi: 0x1
edi: 0x2fd
esi: 0x3
edi: 0x302
esi: 0x9
edi: 0x307
esi: 0x3
edi: 0x30c
esi: 0x3
edi: 0x311
esi: 0x7
edi: 0x316
esi: 0xc9
edi: 0x31b
esi: 0xf04ed01c
edi: 0x324
esi: 0xf04edf6c
edi: 0x23f
esi: 0x7
edi: 0x248
esi: 0x7
edi: 0x24d
esi: 0x7
edi: 0x252
esi: 0xf04edf6c
dup: 0xf04edf6c
edi: 0x253
esi: 0xf04edf6c
dup: 0xf04edf6c
edi: 0x254
esi: 0xf04edf6c
edi: 0x25d
esi: 0x3
edi: 0x268
esi: 0xf04edf6c
dup: 0xf04edf6c
edi: 0x269
esi: 0xf04edf6c
edi: 0x26e
esi: 0x1
ebx: 0x1
ebx: 0xf04edf6c
edi: 0x26f
esi: 0xc9
drop: 0xf04edf6c
edi: 0x270
esi: 0xf04edf6c
dup: 0xf04edf6c
edi: 0x271
esi: 0xf04edf6c
edi: 0x276
esi: 0x3
ebx: 0x3
ebx: 0xf04edf6c
edi: 0x277
esi: 0xf04ed01c
dup: 0xf04ed01c
edi: 0x278
esi: 0xf04ed01c
edi: 0x281
esi: 0x3
edi: 0x28c
esi: 0xf04ed01c
dup: 0xf04ed01c
edi: 0x28d
esi: 0xf04ed01c
edi: 0x292
esi: 0x1
ebx: 0x1
ebx: 0xf04ed01c
edi: 0x293
esi: 0x5
drop: 0xf04ed01c
edi: 0x294
esi: 0xf04ed01c
dup: 0xf04ed01c
edi: 0x295
esi: 0xf04ed01c
edi: 0x29a
esi: 0x3
ebx: 0x3
ebx: 0xf04ed01c
edi: 0x29b
esi: 0xf04ed008
drop: 0xf04ed01c
edi: 0x29c
esi: 0xf04ed01c
drop: 0xf04edf6c
edi: 0x29d
esi: 0xf04edf6c
drop: 0xf04edf6c
edi: 0x29e
esi: 0xf04edf6c
dup: 0xf04edf6c
edi: 0x29f
esi: 0xf04edf6c
edi: 0x2a4
esi: 0x1
ebx: 0x1
ebx: 0xf04edf6c
edi: 0x2a5
esi: 0xc9
edi: 0x2aa
esi: 0xc9
drop: 0xf04edf6c
edi: 0x2ab
esi: 0xf04edf6c
dup: 0xf04edf6c
edi: 0x2ac
esi: 0xf04edf6c
edi: 0x2b1
esi: 0x3
ebx: 0x3
ebx: 0xf04edf6c
edi: 0x2b2
esi: 0xf04ed01c
edi: 0x2b7
esi: 0xf04ed01c
drop: 0xf04edf6c
edi: 0x2b8
esi: 0xf04edf6c
dup: 0xf04edf6c
edi: 0x2b9
esi: 0xf04edf6c
edi: 0x2be
esi: 0x3
ebx: 0x3
ebx: 0xf04edf6c
edi: 0x2bf
esi: 0xf04ed01c
edi: 0x2c4
esi: 0x1
ebx: 0x1
ebx: 0xf04ed01c
edi: 0x2c5
esi: 0x5
edi: 0x2ca
esi: 0x5
drop: 0xf04edf6c
edi: 0x2cb
esi: 0xf04edf6c
dup: 0xf04edf6c
edi: 0x2cc
esi: 0xf04edf6c
edi: 0x2d1
esi: 0x3
ebx: 0x3
ebx: 0xf04edf6c
edi: 0x2d2
esi: 0xf04ed01c
edi: 0x2d7
esi: 0x3
ebx: 0x3
ebx: 0xf04ed01c
edi: 0x2d8
esi: 0xf04ed008
edi: 0x2dd
esi: 0xf04ed008
drop: 0xf04edf6c
edi: 0x2de
esi: 0xf04edf6c
drop: 0x7
edi: 0x2df
esi: 0x7
edi: 0x2e4
esi: 0x7
edi: 0x2e9
esi: 0xc9
edi: 0x2ee
esi: 0x5
edi: 0x3e9
esi: 0x7
edi: 0x3f2
esi: 0x7
edi: 0x3f7
esi: 0x7
edi: 0x3fc
esi: 0xc9
edi: 0x401
esi: 0xc9
edi: 0x406
esi: 0x5
edi: 0x407
esi: 0xc5
edi: 0x2f7
esi: 0xc5
edi: 0x2fc
esi: 0x1
edi: 0x2fd
esi: 0x3
edi: 0x302
esi: 0x7
edi: 0x307
esi: 0x3
edi: 0x30c
esi: 0x3
edi: 0x311
esi: 0x5
edi: 0x316
esi: 0xc9
edi: 0x31b
esi: 0xf04ed008
edi: 0x324
esi: 0xf04edf80
edi: 0x23f
esi: 0x5
edi: 0x248
esi: 0x5
edi: 0x24d
esi: 0x5
edi: 0x252
esi: 0xf04edf80
dup: 0xf04edf80
edi: 0x253
esi: 0xf04edf80
dup: 0xf04edf80
edi: 0x254
esi: 0xf04edf80
edi: 0x25d
esi: 0x3
edi: 0x268
esi: 0xf04edf80
dup: 0xf04edf80
edi: 0x269
esi: 0xf04edf80
edi: 0x26e
esi: 0x1
ebx: 0x1
ebx: 0xf04edf80
edi: 0x26f
esi: 0xc9
drop: 0xf04edf80
edi: 0x270
esi: 0xf04edf80
dup: 0xf04edf80
edi: 0x271
esi: 0xf04edf80
edi: 0x276
esi: 0x3
ebx: 0x3
ebx: 0xf04edf80
edi: 0x277
esi: 0xf04ed008
dup: 0xf04ed008
edi: 0x278
esi: 0xf04ed008
edi: 0x281
esi: 0x3
edi: 0x28c
esi: 0xf04ed008
dup: 0xf04ed008
edi: 0x28d
esi: 0xf04ed008
edi: 0x292
esi: 0x1
ebx: 0x1
ebx: 0xf04ed008
edi: 0x293
esi: 0x3
drop: 0xf04ed008
edi: 0x294
esi: 0xf04ed008
dup: 0xf04ed008
edi: 0x295
esi: 0xf04ed008
edi: 0x29a
esi: 0x3
ebx: 0x3
ebx: 0xf04ed008
edi: 0x29b
esi: 0x1
drop: 0xf04ed008
edi: 0x29c
esi: 0xf04ed008
drop: 0xf04edf80
edi: 0x29d
esi: 0xf04edf80
drop: 0xf04edf80
edi: 0x29e
esi: 0xf04edf80
dup: 0xf04edf80
edi: 0x29f
esi: 0xf04edf80
edi: 0x2a4
esi: 0x1
ebx: 0x1
ebx: 0xf04edf80
edi: 0x2a5
esi: 0xc9
edi: 0x2aa
esi: 0xc9
drop: 0xf04edf80
edi: 0x2ab
esi: 0xf04edf80
dup: 0xf04edf80
edi: 0x2ac
esi: 0xf04edf80
edi: 0x2b1
esi: 0x3
ebx: 0x3
ebx: 0xf04edf80
edi: 0x2b2
esi: 0xf04ed008
edi: 0x2b7
esi: 0xf04ed008
drop: 0xf04edf80
edi: 0x2b8
esi: 0xf04edf80
dup: 0xf04edf80
edi: 0x2b9
esi: 0xf04edf80
edi: 0x2be
esi: 0x3
ebx: 0x3
ebx: 0xf04edf80
edi: 0x2bf
esi: 0xf04ed008
edi: 0x2c4
esi: 0x1
ebx: 0x1
ebx: 0xf04ed008
edi: 0x2c5
esi: 0x3
edi: 0x2ca
esi: 0x3
drop: 0xf04edf80
edi: 0x2cb
esi: 0xf04edf80
dup: 0xf04edf80
edi: 0x2cc
esi: 0xf04edf80
edi: 0x2d1
esi: 0x3
ebx: 0x3
ebx: 0xf04edf80
edi: 0x2d2
esi: 0xf04ed008
edi: 0x2d7
esi: 0x3
ebx: 0x3
ebx: 0xf04ed008
edi: 0x2d8
esi: 0x1
edi: 0x2dd
esi: 0x1
drop: 0xf04edf80
edi: 0x2de
esi: 0xf04edf80
drop: 0x5
edi: 0x2df
esi: 0x5
edi: 0x2e4
esi: 0x5
edi: 0x2e9
esi: 0xc9
edi: 0x2ee
esi: 0x3
edi: 0x3e9
esi: 0x5
edi: 0x3f2
esi: 0x5
edi: 0x3f7
esi: 0x5
edi: 0x3fc
esi: 0xc9
edi: 0x401
esi: 0xc9
edi: 0x406
esi: 0x3
edi: 0x407
esi: 0xc7
edi: 0x2f7
esi: 0xc7
edi: 0x2fc
esi: 0x1
edi: 0x2fd
esi: 0x3
edi: 0x302
esi: 0x5
edi: 0x307
esi: 0x3
edi: 0x30c
esi: 0x3
edi: 0x311
esi: 0x3
edi: 0x316
esi: 0xc9
edi: 0x31b
esi: 0x1
edi: 0x324
esi: 0xf04edf94
edi: 0x23f
esi: 0x3
edi: 0x248
esi: 0x3
edi: 0x24d
esi: 0x3
edi: 0x252
esi: 0xf04edf94
dup: 0xf04edf94
edi: 0x253
esi: 0xf04edf94
dup: 0xf04edf94
edi: 0x254
esi: 0xf04edf94
edi: 0x25d
esi: 0x3
edi: 0x268
esi: 0xf04edf94
dup: 0xf04edf94
edi: 0x269
esi: 0xf04edf94
edi: 0x26e
esi: 0x1
ebx: 0x1
ebx: 0xf04edf94
edi: 0x26f
esi: 0xc9
drop: 0xf04edf94
edi: 0x270
esi: 0xf04edf94
dup: 0xf04edf94
edi: 0x271
esi: 0xf04edf94
edi: 0x276
esi: 0x3
ebx: 0x3
ebx: 0xf04edf94
edi: 0x277
esi: 0x1
dup: 0x1
edi: 0x278
esi: 0x1
edi: 0x281
esi: 0x1
edi: 0x286
esi: 0x1
drop: 0xf04edf94
edi: 0x287
esi: 0xf04edf94
edi: 0x262
esi: 0xf04edf94
drop: 0xf04edf94
edi: 0x263
esi: 0xf04edf94
edi: 0x3cc
esi: 0xf04edf94
dup: 0xf04edf94
edi: 0x3cd
esi: 0xf04edf94
drop: 0xf04edf94
edi: 0x3ce
esi: 0xf04edf94
drop: 0x3
edi: 0x3cf
esi: 0x3
edi: 0x3d4
esi: 0x1
edi: 0x3d9
esi: 0x1
edi: 0x3de
esi: 0xf04edf94
0xf04edfa8
eax: 0xf04edfa8
edi: 0x3e3
esi: 0xf04edfa8
edi: 0x3e8
esi: 0xf04edfa8
edi: 0x32d
esi: 0xf04edfa8
edi: 0x332
esi: 0x3
ebx: 0x3
ebx: 0xf04edfa8
edi: 0x333
esi: 0xf04edf94
edi: 0x33c
esi: 0xf04edfb8
0xf04edfcc
eax: 0xf04edfcc
edi: 0x341
esi: 0xf04edfcc
edi: 0x3e8
esi: 0xf04edfcc
edi: 0x32d
esi: 0xf04edfcc
edi: 0x332
esi: 0x3
ebx: 0x3
ebx: 0xf04edfcc
edi: 0x333
esi: 0xf04edfb8
edi: 0x33c
esi: 0xf04edfdc
0xf04edff0
eax: 0xf04edff0
edi: 0x341
esi: 0xf04edff0
edi: 0x3e8
esi: 0xf04edff0
edi: 0x32d
esi: 0xf04edff0
edi: 0x332
esi: 0x3
ebx: 0x3
ebx: 0xf04edff0
edi: 0x333
esi: 0xf04edfdc
edi: 0x33c
esi: 0xf04ee000
0xf04ee014
eax: 0xf04ee014
edi: 0x341
esi: 0xf04ee014
edi: 0x3e8
esi: 0xf04ee014
edi: 0x32d
esi: 0xf04ee014
edi: 0x332
esi: 0x3
ebx: 0x3
ebx: 0xf04ee014
edi: 0x333
esi: 0xf04ee000
edi: 0x33c
esi: 0xf04ee024
0xf04ee038
eax: 0xf04ee038
edi: 0x341
esi: 0xf04ee038
edi: 0x3e8
esi: 0xf04ee038
edi: 0x32d
esi: 0xf04ee038
edi: 0x332
esi: 0x3
ebx: 0x3
ebx: 0xf04ee038
edi: 0x333
esi: 0xf04ee024
edi: 0x33c
esi: 0xf04ee048
0xf04ee05c
eax: 0xf04ee05c
edi: 0x341
esi: 0xf04ee05c
edi: 0x3e8
esi: 0xf04ee05c
edi: 0x32d
esi: 0xf04ee05c
edi: 0x332
esi: 0x3
ebx: 0x3
ebx: 0xf04ee05c
edi: 0x333
esi: 0xf04ee048
edi: 0x33c
esi: 0xf04ee06c
0xf04ee080
eax: 0xf04ee080
edi: 0x341
esi: 0xf04ee080
edi: 0x3e8
esi: 0xf04ee080
edi: 0x32d
esi: 0xf04ee080
edi: 0x332
esi: 0x3
ebx: 0x3
ebx: 0xf04ee080
edi: 0x333
esi: 0xf04ee06c
edi: 0x33c
esi: 0xf04ee090
0xf04ee0a4
eax: 0xf04ee0a4
edi: 0x341
esi: 0xf04ee0a4
edi: 0x3e8
esi: 0xf04ee0a4
edi: 0x32d
esi: 0xf04ee0a4
edi: 0x332
esi: 0x3
ebx: 0x3
ebx: 0xf04ee0a4
edi: 0x333
esi: 0xf04ee090
edi: 0x33c
esi: 0xf04ee0b4
0xf04ee0c8
eax: 0xf04ee0c8
edi: 0x341
esi: 0xf04ee0c8
edi: 0x3e8
esi: 0xf04ee0c8
edi: 0x32d
esi: 0xf04ee0c8
edi: 0x332
esi: 0x3
ebx: 0x3
ebx: 0xf04ee0c8
edi: 0x333
esi: 0xf04ee0b4
edi: 0x33c
esi: 0xf04ee0d8
0xf04ee0ec
eax: 0xf04ee0ec
edi: 0x341
esi: 0xf04ee0ec
edi: 0x3e8
esi: 0xf04ee0ec
edi: 0x32d
esi: 0xf04ee0ec
edi: 0x332
esi: 0x3
ebx: 0x3
ebx: 0xf04ee0ec
edi: 0x333
esi: 0xf04ee0d8
edi: 0x33c
esi: 0xf04ee0fc
0xf04ee110
eax: 0xf04ee110
edi: 0x341
esi: 0xf04ee110
edi: 0x3e8
esi: 0xf04ee110
edi: 0x32d
esi: 0xf04ee110
edi: 0x332
esi: 0x3
ebx: 0x3
ebx: 0xf04ee110
edi: 0x333
esi: 0xf04ee0fc
edi: 0x33c
esi: 0xf04ee120
0xf04ee134
eax: 0xf04ee134
edi: 0x341
esi: 0xf04ee134
edi: 0x3e8
esi: 0xf04ee134
edi: 0x32d
esi: 0xf04ee134
edi: 0x332
esi: 0x3
ebx: 0x3
ebx: 0xf04ee134
edi: 0x333
esi: 0xf04ee120
edi: 0x33c
esi: 0xf04ee144
0xf04ee158
eax: 0xf04ee158
edi: 0x341
esi: 0xf04ee158
edi: 0x3e8
esi: 0xf04ee158
edi: 0x32d
esi: 0xf04ee158
edi: 0x332
esi: 0x3
ebx: 0x3
ebx: 0xf04ee158
edi: 0x333
esi: 0xf04ee144
edi: 0x33c
esi: 0xf04ee168
0xf04ee17c
eax: 0xf04ee17c
edi: 0x341
esi: 0xf04ee17c
edi: 0x3e8
esi: 0xf04ee17c
edi: 0x32d
esi: 0xf04ee17c
edi: 0x332
esi: 0x3
ebx: 0x3
ebx: 0xf04ee17c
edi: 0x333
esi: 0xf04ee168
edi: 0x33c
esi: 0xf04ee18c
0xf04ee1a0
eax: 0xf04ee1a0
edi: 0x341
esi: 0xf04ee1a0
edi: 0x3e8
esi: 0xf04ee1a0
edi: 0x32d
esi: 0xf04ee1a0
edi: 0x332
esi: 0x3
ebx: 0x3
ebx: 0xf04ee1a0
edi: 0x333
esi: 0xf04ee18c
edi: 0x33c
esi: 0xf04ee1b0
0xf04ee1c4
eax: 0xf04ee1c4
edi: 0x341
esi: 0xf04ee1c4
edi: 0x3e8
esi: 0xf04ee1c4
edi: 0x32d
esi: 0xf04ee1c4
edi: 0x332
esi: 0x3
ebx: 0x3
ebx: 0xf04ee1c4
edi: 0x333
esi: 0xf04ee1b0
edi: 0x33c
esi: 0xf04ee1d4
0xf04ee1e8
eax: 0xf04ee1e8
edi: 0x341
esi: 0xf04ee1e8
edi: 0x3e8
esi: 0xf04ee1e8
edi: 0x32d
esi: 0xf04ee1e8
edi: 0x332
esi: 0x3
ebx: 0x3
ebx: 0xf04ee1e8
edi: 0x333
esi: 0xf04ee1d4
edi: 0x33c
esi: 0xf04ee1f8
0xf04ee20c
eax: 0xf04ee20c
edi: 0x341
esi: 0xf04ee20c
edi: 0x3e8
esi: 0xf04ee20c
edi: 0x32d
esi: 0xf04ee20c
edi: 0x332
esi: 0x3
ebx: 0x3
ebx: 0xf04ee20c
edi: 0x333
esi: 0xf04ee1f8
edi: 0x33c
esi: 0xf04ee21c
0xf04ee230
eax: 0xf04ee230
edi: 0x341
esi: 0xf04ee230
edi: 0x3e8
esi: 0xf04ee230
edi: 0x32d
esi: 0xf04ee230
edi: 0x332
esi: 0x3
ebx: 0x3
ebx: 0xf04ee230
edi: 0x333
esi: 0xf04ee21c
edi: 0x33c
esi: 0xf04ee240
0xf04ee254
eax: 0xf04ee254
edi: 0x341
esi: 0xf04ee254
edi: 0x3e8
esi: 0xf04ee254
edi: 0x32d
esi: 0xf04ee254
edi: 0x332
esi: 0x3
ebx: 0x3
ebx: 0xf04ee254
edi: 0x333
esi: 0xf04ee240
edi: 0x33c
esi: 0xf04ee264
0xf04ee278
eax: 0xf04ee278
edi: 0x341
esi: 0xf04ee278
edi: 0x3e8
esi: 0xf04ee278
edi: 0x32d
esi: 0xf04ee278
edi: 0x332
esi: 0x3
ebx: 0x3
ebx: 0xf04ee278
edi: 0x333
esi: 0xf04ee264
edi: 0x33c
esi: 0xf04ee288
0xf04ee29c
eax: 0xf04ee29c
edi: 0x341
esi: 0xf04ee29c
edi: 0x3e8
esi: 0xf04ee29c
edi: 0x32d
esi: 0xf04ee29c
edi: 0x332
esi: 0x3
ebx: 0x3
ebx: 0xf04ee29c
edi: 0x333
esi: 0xf04ee288
edi: 0x33c
esi: 0xf04ee2ac
0xf04ee2c0
eax: 0xf04ee2c0
edi: 0x341
esi: 0xf04ee2c0
edi: 0x3e8
esi: 0xf04ee2c0
edi: 0x32d
esi: 0xf04ee2c0
edi: 0x332
esi: 0x3
ebx: 0x3
ebx: 0xf04ee2c0
edi: 0x333
esi: 0xf04ee2ac
edi: 0x33c
esi: 0xf04ee2d0
0xf04ee2e4
eax: 0xf04ee2e4
edi: 0x341
esi: 0xf04ee2e4
edi: 0x3e8
esi: 0xf04ee2e4
edi: 0x32d
esi: 0xf04ee2e4
edi: 0x332
esi: 0x3
ebx: 0x3
ebx: 0xf04ee2e4
edi: 0x333
esi: 0xf04ee2d0
edi: 0x33c
esi: 0xf04ee2f4
0xf04ee308
eax: 0xf04ee308
edi: 0x341
esi: 0xf04ee308
edi: 0x3e8
esi: 0xf04ee308
edi: 0x32d
esi: 0xf04ee308
edi: 0x332
esi: 0x3
ebx: 0x3
ebx: 0xf04ee308
edi: 0x333
esi: 0xf04ee2f4
edi: 0x33c
esi: 0xf04ee318
0xf04ee32c
eax: 0xf04ee32c
edi: 0x341
esi: 0xf04ee32c
edi: 0x3e8
esi: 0xf04ee32c
edi: 0x32d
esi: 0xf04ee32c
edi: 0x332
esi: 0x3
ebx: 0x3
ebx: 0xf04ee32c
edi: 0x333
esi: 0xf04ee318
edi: 0x33c
esi: 0xf04ee33c
0xf04ee350
eax: 0xf04ee350
edi: 0x341
esi: 0xf04ee350
edi: 0x3e8
esi: 0xf04ee350
edi: 0x32d
esi: 0xf04ee350
edi: 0x332
esi: 0x3
ebx: 0x3
ebx: 0xf04ee350
edi: 0x333
esi: 0xf04ee33c
edi: 0x33c
esi: 0xf04ee360
0xf04ee374
eax: 0xf04ee374
edi: 0x341
esi: 0xf04ee374
edi: 0x3e8
esi: 0xf04ee374
edi: 0x32d
esi: 0xf04ee374
edi: 0x332
esi: 0x3
ebx: 0x3
ebx: 0xf04ee374
edi: 0x333
esi: 0xf04ee360
edi: 0x33c
esi: 0xf04ee384
0xf04ee398
eax: 0xf04ee398
edi: 0x341
esi: 0xf04ee398
edi: 0x3e8
esi: 0xf04ee398
edi: 0x32d
esi: 0xf04ee398
edi: 0x332
esi: 0x3
ebx: 0x3
ebx: 0xf04ee398
edi: 0x333
esi: 0xf04ee384
edi: 0x33c
esi: 0xf04ee3a8
0xf04ee3bc
eax: 0xf04ee3bc
edi: 0x341
esi: 0xf04ee3bc
edi: 0x3e8
esi: 0xf04ee3bc
edi: 0x32d
esi: 0xf04ee3bc
edi: 0x332
esi: 0x3
ebx: 0x3
ebx: 0xf04ee3bc
edi: 0x333
esi: 0xf04ee3a8
edi: 0x33c
esi: 0xf04ee3cc
0xf04ee3e0
eax: 0xf04ee3e0
edi: 0x341
esi: 0xf04ee3e0
edi: 0x3e8
esi: 0xf04ee3e0
edi: 0x32d
esi: 0xf04ee3e0
edi: 0x332
esi: 0x3
ebx: 0x3
ebx: 0xf04ee3e0
edi: 0x333
esi: 0xf04ee3cc
edi: 0x33c
esi: 0xf04ee3f0
0xf04ee404
eax: 0xf04ee404
edi: 0x341
esi: 0xf04ee404
edi: 0x3e8
esi: 0xf04ee404
edi: 0x32d
esi: 0xf04ee404
edi: 0x332
esi: 0x3
ebx: 0x3
ebx: 0xf04ee404
edi: 0x333
esi: 0xf04ee3f0
edi: 0x33c
esi: 0xf04ee414
0xf04ee428
eax: 0xf04ee428
edi: 0x341
esi: 0xf04ee428
edi: 0x3e8
esi: 0xf04ee428
edi: 0x32d
esi: 0xf04ee428
edi: 0x332
esi: 0x3
ebx: 0x3
ebx: 0xf04ee428
edi: 0x333
esi: 0xf04ee414
edi: 0x33c
esi: 0xf04ee438
0xf04ee44c
eax: 0xf04ee44c
edi: 0x341
esi: 0xf04ee44c
edi: 0x3e8
esi: 0xf04ee44c
edi: 0x32d
esi: 0xf04ee44c
edi: 0x332
esi: 0x3
ebx: 0x3
ebx: 0xf04ee44c
edi: 0x333
esi: 0xf04ee438
edi: 0x33c
esi: 0xf04ee45c
0xf04ee470
eax: 0xf04ee470
edi: 0x341
esi: 0xf04ee470
edi: 0x3e8
esi: 0xf04ee470
edi: 0x32d
esi: 0xf04ee470
edi: 0x332
esi: 0x3
ebx: 0x3
ebx: 0xf04ee470
edi: 0x333
esi: 0xf04ee45c
edi: 0x33c
esi: 0xf04ee480
0xf04ee494
eax: 0xf04ee494
edi: 0x341
esi: 0xf04ee494
edi: 0x3e8
esi: 0xf04ee494
edi: 0x32d
esi: 0xf04ee494
edi: 0x332
esi: 0x3
ebx: 0x3
ebx: 0xf04ee494
edi: 0x333
esi: 0xf04ee480
edi: 0x33c
esi: 0xf04ee4a4
0xf04ee4b8
eax: 0xf04ee4b8
edi: 0x341
esi: 0xf04ee4b8
edi: 0x3e8
esi: 0xf04ee4b8
edi: 0x32d
esi: 0xf04ee4b8
edi: 0x332
esi: 0x3
ebx: 0x3
ebx: 0xf04ee4b8
edi: 0x333
esi: 0xf04ee4a4
edi: 0x33c
esi: 0xf04ee4c8
0xf04ee4dc
eax: 0xf04ee4dc
edi: 0x341
esi: 0xf04ee4dc
edi: 0x3e8
esi: 0xf04ee4dc
edi: 0x32d
esi: 0xf04ee4dc
edi: 0x332
esi: 0x3
ebx: 0x3
ebx: 0xf04ee4dc
edi: 0x333
esi: 0xf04ee4c8
edi: 0x33c
esi: 0xf04ee4ec
0xf04ee500
eax: 0xf04ee500
edi: 0x341
esi: 0xf04ee500
edi: 0x3e8
esi: 0xf04ee500
edi: 0x32d
esi: 0xf04ee500
edi: 0x332
esi: 0x3
ebx: 0x3
ebx: 0xf04ee500
edi: 0x333
esi: 0xf04ee4ec
edi: 0x33c
esi: 0xf04ee510
0xf04ee524
eax: 0xf04ee524
edi: 0x341
esi: 0xf04ee524
edi: 0x3e8
esi: 0xf04ee524
edi: 0x32d
esi: 0xf04ee524
edi: 0x332
esi: 0x3
ebx: 0x3
ebx: 0xf04ee524
edi: 0x333
esi: 0xf04ee510
edi: 0x33c
esi: 0xf04ee534
0xf04ee548
eax: 0xf04ee548
edi: 0x341
esi: 0xf04ee548
edi: 0x3e8
esi: 0xf04ee548
edi: 0x32d
esi: 0xf04ee548
edi: 0x332
esi: 0x3
ebx: 0x3
ebx: 0xf04ee548
edi: 0x333
esi: 0xf04ee534
edi: 0x33c
esi: 0xf04ee558
0xf04ee56c
eax: 0xf04ee56c
edi: 0x341
esi: 0xf04ee56c
edi: 0x3e8
esi: 0xf04ee56c
edi: 0x32d
esi: 0xf04ee56c
edi: 0x332
esi: 0x3
ebx: 0x3
ebx: 0xf04ee56c
edi: 0x333
esi: 0xf04ee558
edi: 0x33c
esi: 0xf04ee57c
0xf04ee590
eax: 0xf04ee590
edi: 0x341
esi: 0xf04ee590
edi: 0x3e8
esi: 0xf04ee590
edi: 0x32d
esi: 0xf04ee590
edi: 0x332
esi: 0x3
ebx: 0x3
ebx: 0xf04ee590
edi: 0x333
esi: 0xf04ee57c
edi: 0x33c
esi: 0xf04ee5a0
0xf04ee5b4
eax: 0xf04ee5b4
edi: 0x341
esi: 0xf04ee5b4
edi: 0x3e8
esi: 0xf04ee5b4
edi: 0x32d
esi: 0xf04ee5b4
edi: 0x332
esi: 0x3
ebx: 0x3
ebx: 0xf04ee5b4
edi: 0x333
esi: 0xf04ee5a0
edi: 0x33c
esi: 0xf04ee5c4
0xf04ee5d8
eax: 0xf04ee5d8
edi: 0x341
esi: 0xf04ee5d8
edi: 0x3e8
esi: 0xf04ee5d8
edi: 0x32d
esi: 0xf04ee5d8
edi: 0x332
esi: 0x3
ebx: 0x3
ebx: 0xf04ee5d8
edi: 0x333
esi: 0xf04ee5c4
edi: 0x33c
esi: 0xf04ee5e8
0xf04ee5fc
eax: 0xf04ee5fc
edi: 0x341
esi: 0xf04ee5fc
edi: 0x3e8
esi: 0xf04ee5fc
edi: 0x32d
esi: 0xf04ee5fc
edi: 0x332
esi: 0x3
ebx: 0x3
ebx: 0xf04ee5fc
edi: 0x333
esi: 0xf04ee5e8
edi: 0x33c
esi: 0xf04ee60c
0xf04ee620
eax: 0xf04ee620
edi: 0x341
esi: 0xf04ee620
edi: 0x3e8
esi: 0xf04ee620
edi: 0x32d
esi: 0xf04ee620
edi: 0x332
esi: 0x3
ebx: 0x3
ebx: 0xf04ee620
edi: 0x333
esi: 0xf04ee60c
edi: 0x33c
esi: 0xf04ee630
0xf04ee644
eax: 0xf04ee644
edi: 0x341
esi: 0xf04ee644
edi: 0x3e8
esi: 0xf04ee644
edi: 0x32d
esi: 0xf04ee644
edi: 0x332
esi: 0x3
ebx: 0x3
ebx: 0xf04ee644
edi: 0x333
esi: 0xf04ee630
edi: 0x33c
esi: 0xf04ee654
0xf04ee668
eax: 0xf04ee668
edi: 0x341
esi: 0xf04ee668
edi: 0x3e8
esi: 0xf04ee668
edi: 0x32d
esi: 0xf04ee668
edi: 0x332
esi: 0x3
ebx: 0x3
ebx: 0xf04ee668
edi: 0x333
esi: 0xf04ee654
edi: 0x33c
esi: 0xf04ee678
0xf04ee68c
eax: 0xf04ee68c
edi: 0x341
esi: 0xf04ee68c
edi: 0x3e8
esi: 0xf04ee68c
edi: 0x32d
esi: 0xf04ee68c
edi: 0x332
esi: 0x3
ebx: 0x3
ebx: 0xf04ee68c
edi: 0x333
esi: 0xf04ee678
edi: 0x33c
esi: 0xf04ee69c
0xf04ee6b0
eax: 0xf04ee6b0
edi: 0x341
esi: 0xf04ee6b0
edi: 0x3e8
esi: 0xf04ee6b0
edi: 0x32d
esi: 0xf04ee6b0
edi: 0x332
esi: 0x3
ebx: 0x3
ebx: 0xf04ee6b0
edi: 0x333
esi: 0xf04ee69c
edi: 0x33c
esi: 0xf04ee6c0
0xf04ee6d4
eax: 0xf04ee6d4
edi: 0x341
esi: 0xf04ee6d4
edi: 0x3e8
esi: 0xf04ee6d4
edi: 0x32d
esi: 0xf04ee6d4
edi: 0x332
esi: 0x3
ebx: 0x3
ebx: 0xf04ee6d4
edi: 0x333
esi: 0xf04ee6c0
edi: 0x33c
esi: 0xf04ee6e4
0xf04ee6f8
eax: 0xf04ee6f8
edi: 0x341
esi: 0xf04ee6f8
edi: 0x3e8
esi: 0xf04ee6f8
edi: 0x32d
esi: 0xf04ee6f8
edi: 0x332
esi: 0x3
ebx: 0x3
ebx: 0xf04ee6f8
edi: 0x333
esi: 0xf04ee6e4
edi: 0x33c
esi: 0xf04ee708
0xf04ee71c
eax: 0xf04ee71c
edi: 0x341
esi: 0xf04ee71c
edi: 0x3e8
esi: 0xf04ee71c
edi: 0x32d
esi: 0xf04ee71c
edi: 0x332
esi: 0x3
ebx: 0x3
ebx: 0xf04ee71c
edi: 0x333
esi: 0xf04ee708
edi: 0x33c
esi: 0xf04ee72c
0xf04ee740
eax: 0xf04ee740
edi: 0x341
esi: 0xf04ee740
edi: 0x3e8
esi: 0xf04ee740
edi: 0x32d
esi: 0xf04ee740
edi: 0x332
esi: 0x3
ebx: 0x3
ebx: 0xf04ee740
edi: 0x333
esi: 0xf04ee72c
edi: 0x33c
esi: 0xf04ee750
0xf04ee764
eax: 0xf04ee764
edi: 0x341
esi: 0xf04ee764
edi: 0x3e8
esi: 0xf04ee764
edi: 0x32d
esi: 0xf04ee764
edi: 0x332
esi: 0x3
ebx: 0x3
ebx: 0xf04ee764
edi: 0x333
esi: 0xf04ee750
edi: 0x33c
esi: 0xf04ee774
0xf04ee788
eax: 0xf04ee788
edi: 0x341
esi: 0xf04ee788
edi: 0x3e8
esi: 0xf04ee788
edi: 0x32d
esi: 0xf04ee788
edi: 0x332
esi: 0x3
ebx: 0x3
ebx: 0xf04ee788
edi: 0x333
esi: 0xf04ee774
edi: 0x33c
esi: 0xf04ee798
0xf04ee7ac
eax: 0xf04ee7ac
edi: 0x341
esi: 0xf04ee7ac
edi: 0x3e8
esi: 0xf04ee7ac
edi: 0x32d
esi: 0xf04ee7ac
edi: 0x332
esi: 0x3
ebx: 0x3
ebx: 0xf04ee7ac
edi: 0x333
esi: 0xf04ee798
edi: 0x33c
esi: 0xf04ee7bc
0xf04ee7d0
eax: 0xf04ee7d0
edi: 0x341
esi: 0xf04ee7d0
edi: 0x3e8
esi: 0xf04ee7d0
edi: 0x32d
esi: 0xf04ee7d0
edi: 0x332
esi: 0x3
ebx: 0x3
ebx: 0xf04ee7d0
edi: 0x333
esi: 0xf04ee7bc
edi: 0x33c
esi: 0xf04ee7e0
0xf04ee7f4
eax: 0xf04ee7f4
edi: 0x341
esi: 0xf04ee7f4
edi: 0x3e8
esi: 0xf04ee7f4
edi: 0x32d
esi: 0xf04ee7f4
edi: 0x332
esi: 0x3
ebx: 0x3
ebx: 0xf04ee7f4
edi: 0x333
esi: 0xf04ee7e0
edi: 0x33c
esi: 0xf04ee804
0xf04ee818
eax: 0xf04ee818
edi: 0x341
esi: 0xf04ee818
edi: 0x3e8
esi: 0xf04ee818
edi: 0x32d
esi: 0xf04ee818
edi: 0x332
esi: 0x3
ebx: 0x3
ebx: 0xf04ee818
edi: 0x333
esi: 0xf04ee804
edi: 0x33c
esi: 0xf04ee828
0xf04ee83c
eax: 0xf04ee83c
edi: 0x341
esi: 0xf04ee83c
edi: 0x3e8
esi: 0xf04ee83c
edi: 0x32d
esi: 0xf04ee83c
edi: 0x332
esi: 0x3
ebx: 0x3
ebx: 0xf04ee83c
edi: 0x333
esi: 0xf04ee828
edi: 0x33c
esi: 0xf04ee84c
0xf04ee860
eax: 0xf04ee860
edi: 0x341
esi: 0xf04ee860
edi: 0x3e8
esi: 0xf04ee860
edi: 0x32d
esi: 0xf04ee860
edi: 0x332
esi: 0x3
ebx: 0x3
ebx: 0xf04ee860
edi: 0x333
esi: 0xf04ee84c
edi: 0x33c
esi: 0xf04ee870
0xf04ee884
eax: 0xf04ee884
edi: 0x341
esi: 0xf04ee884
edi: 0x3e8
esi: 0xf04ee884
edi: 0x32d
esi: 0xf04ee884
edi: 0x332
esi: 0x3
ebx: 0x3
ebx: 0xf04ee884
edi: 0x333
esi: 0xf04ee870
edi: 0x33c
esi: 0xf04ee894
0xf04ee8a8
eax: 0xf04ee8a8
edi: 0x341
esi: 0xf04ee8a8
edi: 0x3e8
esi: 0xf04ee8a8
edi: 0x32d
esi: 0xf04ee8a8
edi: 0x332
esi: 0x3
ebx: 0x3
ebx: 0xf04ee8a8
edi: 0x333
esi: 0xf04ee894
edi: 0x33c
esi: 0xf04ee8b8
0xf04ee8cc
eax: 0xf04ee8cc
edi: 0x341
esi: 0xf04ee8cc
edi: 0x3e8
esi: 0xf04ee8cc
edi: 0x32d
esi: 0xf04ee8cc
edi: 0x332
esi: 0x3
ebx: 0x3
ebx: 0xf04ee8cc
edi: 0x333
esi: 0xf04ee8b8
edi: 0x33c
esi: 0xf04ee8dc
0xf04ee8f0
eax: 0xf04ee8f0
edi: 0x341
esi: 0xf04ee8f0
edi: 0x3e8
esi: 0xf04ee8f0
edi: 0x32d
esi: 0xf04ee8f0
edi: 0x332
esi: 0x3
ebx: 0x3
ebx: 0xf04ee8f0
edi: 0x333
esi: 0xf04ee8dc
edi: 0x33c
esi: 0xf04ee900
0xf04ee914
eax: 0xf04ee914
edi: 0x341
esi: 0xf04ee914
edi: 0x3e8
esi: 0xf04ee914
edi: 0x32d
esi: 0xf04ee914
edi: 0x332
esi: 0x3
ebx: 0x3
ebx: 0xf04ee914
edi: 0x333
esi: 0xf04ee900
edi: 0x33c
esi: 0xf04ee924
0xf04ee938
eax: 0xf04ee938
edi: 0x341
esi: 0xf04ee938
edi: 0x3e8
esi: 0xf04ee938
edi: 0x32d
esi: 0xf04ee938
edi: 0x332
esi: 0x3
ebx: 0x3
ebx: 0xf04ee938
edi: 0x333
esi: 0xf04ee924
edi: 0x33c
esi: 0xf04ee948
0xf04ee95c
eax: 0xf04ee95c
edi: 0x341
esi: 0xf04ee95c
edi: 0x3e8
esi: 0xf04ee95c
edi: 0x32d
esi: 0xf04ee95c
edi: 0x332
esi: 0x3
ebx: 0x3
ebx: 0xf04ee95c
edi: 0x333
esi: 0xf04ee948
edi: 0x33c
esi: 0xf04ee96c
0xf04ee980
eax: 0xf04ee980
edi: 0x341
esi: 0xf04ee980
edi: 0x3e8
esi: 0xf04ee980
edi: 0x32d
esi: 0xf04ee980
edi: 0x332
esi: 0x3
ebx: 0x3
ebx: 0xf04ee980
edi: 0x333
esi: 0xf04ee96c
edi: 0x33c
esi: 0xf04ee990
0xf04ee9a4
eax: 0xf04ee9a4
edi: 0x341
esi: 0xf04ee9a4
edi: 0x3e8
esi: 0xf04ee9a4
edi: 0x32d
esi: 0xf04ee9a4
edi: 0x332
esi: 0x3
ebx: 0x3
ebx: 0xf04ee9a4
edi: 0x333
esi: 0xf04ee990
edi: 0x33c
esi: 0xf04ee9b4
0xf04ee9c8
eax: 0xf04ee9c8
edi: 0x341
esi: 0xf04ee9c8
edi: 0x3e8
esi: 0xf04ee9c8
edi: 0x32d
esi: 0xf04ee9c8
edi: 0x332
esi: 0x3
ebx: 0x3
ebx: 0xf04ee9c8
edi: 0x333
esi: 0xf04ee9b4
edi: 0x33c
esi: 0xf04ee9d8
0xf04ee9ec
eax: 0xf04ee9ec
edi: 0x341
esi: 0xf04ee9ec
edi: 0x3e8
esi: 0xf04ee9ec
edi: 0x32d
esi: 0xf04ee9ec
edi: 0x332
esi: 0x3
ebx: 0x3
ebx: 0xf04ee9ec
edi: 0x333
esi: 0xf04ee9d8
edi: 0x33c
esi: 0xf04ee9fc
0xf04eea10
eax: 0xf04eea10
edi: 0x341
esi: 0xf04eea10
edi: 0x3e8
esi: 0xf04eea10
edi: 0x32d
esi: 0xf04eea10
edi: 0x332
esi: 0x3
ebx: 0x3
ebx: 0xf04eea10
edi: 0x333
esi: 0xf04ee9fc
edi: 0x33c
esi: 0xf04eea20
0xf04eea34
eax: 0xf04eea34
edi: 0x341
esi: 0xf04eea34
edi: 0x3e8
esi: 0xf04eea34
edi: 0x32d
esi: 0xf04eea34
edi: 0x332
esi: 0x3
ebx: 0x3
ebx: 0xf04eea34
edi: 0x333
esi: 0xf04eea20
edi: 0x33c
esi: 0xf04eea44
0xf04eea58
eax: 0xf04eea58
edi: 0x341
esi: 0xf04eea58
edi: 0x3e8
esi: 0xf04eea58
edi: 0x32d
esi: 0xf04eea58
edi: 0x332
esi: 0x3
ebx: 0x3
ebx: 0xf04eea58
edi: 0x333
esi: 0xf04eea44
edi: 0x33c
esi: 0xf04eea68
0xf04eea7c
eax: 0xf04eea7c
edi: 0x341
esi: 0xf04eea7c
edi: 0x3e8
esi: 0xf04eea7c
edi: 0x32d
esi: 0xf04eea7c
edi: 0x332
esi: 0x3
ebx: 0x3
ebx: 0xf04eea7c
edi: 0x333
esi: 0xf04eea68
edi: 0x33c
esi: 0xf04eea8c
0xf04eeaa0
eax: 0xf04eeaa0
edi: 0x341
esi: 0xf04eeaa0
edi: 0x3e8
esi: 0xf04eeaa0
edi: 0x32d
esi: 0xf04eeaa0
edi: 0x332
esi: 0x3
ebx: 0x3
ebx: 0xf04eeaa0
edi: 0x333
esi: 0xf04eea8c
edi: 0x33c
esi: 0xf04eeab0
0xf04eeac4
eax: 0xf04eeac4
edi: 0x341
esi: 0xf04eeac4
edi: 0x3e8
esi: 0xf04eeac4
edi: 0x32d
esi: 0xf04eeac4
edi: 0x332
esi: 0x3
ebx: 0x3
ebx: 0xf04eeac4
edi: 0x333
esi: 0xf04eeab0
edi: 0x33c
esi: 0xf04eead4
0xf04eeae8
eax: 0xf04eeae8
edi: 0x341
esi: 0xf04eeae8
edi: 0x3e8
esi: 0xf04eeae8
edi: 0x32d
esi: 0xf04eeae8
edi: 0x332
esi: 0x3
ebx: 0x3
ebx: 0xf04eeae8
edi: 0x333
esi: 0xf04eead4
edi: 0x33c
esi: 0xf04eeaf8
0xf04eeb0c
eax: 0xf04eeb0c
edi: 0x341
esi: 0xf04eeb0c
edi: 0x3e8
esi: 0xf04eeb0c
edi: 0x32d
esi: 0xf04eeb0c
edi: 0x332
esi: 0x3
ebx: 0x3
ebx: 0xf04eeb0c
edi: 0x333
esi: 0xf04eeaf8
edi: 0x33c
esi: 0xf04eeb1c
0xf04eeb30
eax: 0xf04eeb30
edi: 0x341
esi: 0xf04eeb30
edi: 0x3e8
esi: 0xf04eeb30
edi: 0x32d
esi: 0xf04eeb30
edi: 0x332
esi: 0x3
ebx: 0x3
ebx: 0xf04eeb30
edi: 0x333
esi: 0xf04eeb1c
edi: 0x33c
esi: 0xf04eeb40
0xf04eeb54
eax: 0xf04eeb54
edi: 0x341
esi: 0xf04eeb54
edi: 0x3e8
esi: 0xf04eeb54
edi: 0x32d
esi: 0xf04eeb54
edi: 0x332
esi: 0x3
ebx: 0x3
ebx: 0xf04eeb54
edi: 0x333
esi: 0xf04eeb40
edi: 0x33c
esi: 0xf04eeb64
0xf04eeb78
eax: 0xf04eeb78
edi: 0x341
esi: 0xf04eeb78
edi: 0x3e8
esi: 0xf04eeb78
edi: 0x32d
esi: 0xf04eeb78
edi: 0x332
esi: 0x3
ebx: 0x3
ebx: 0xf04eeb78
edi: 0x333
esi: 0xf04eeb64
edi: 0x33c
esi: 0xf04eeb88
0xf04eeb9c
eax: 0xf04eeb9c
edi: 0x341
esi: 0xf04eeb9c
edi: 0x3e8
esi: 0xf04eeb9c
edi: 0x32d
esi: 0xf04eeb9c
edi: 0x332
esi: 0x3
ebx: 0x3
ebx: 0xf04eeb9c
edi: 0x333
esi: 0xf04eeb88
edi: 0x33c
esi: 0xf04eebac
0xf04eebc0
eax: 0xf04eebc0
edi: 0x341
esi: 0xf04eebc0
edi: 0x3e8
esi: 0xf04eebc0
edi: 0x32d
esi: 0xf04eebc0
edi: 0x332
esi: 0x3
ebx: 0x3
ebx: 0xf04eebc0
edi: 0x333
esi: 0xf04eebac
edi: 0x33c
esi: 0xf04eebd0
0xf04eebe4
eax: 0xf04eebe4
edi: 0x341
esi: 0xf04eebe4
edi: 0x3e8
esi: 0xf04eebe4
edi: 0x32d
esi: 0xf04eebe4
edi: 0x332
esi: 0x3
ebx: 0x3
ebx: 0xf04eebe4
edi: 0x333
esi: 0xf04eebd0
edi: 0x33c
esi: 0xf04eebf4
0xf04eec08
eax: 0xf04eec08
edi: 0x341
esi: 0xf04eec08
edi: 0x3e8
esi: 0xf04eec08
edi: 0x32d
esi: 0xf04eec08
edi: 0x332
esi: 0x3
ebx: 0x3
ebx: 0xf04eec08
edi: 0x333
esi: 0xf04eebf4
edi: 0x33c
esi: 0xf04eec18
0xf04eec2c
eax: 0xf04eec2c
edi: 0x341
esi: 0xf04eec2c
edi: 0x3e8
esi: 0xf04eec2c
edi: 0x32d
esi: 0xf04eec2c
edi: 0x332
esi: 0x3
ebx: 0x3
ebx: 0xf04eec2c
edi: 0x333
esi: 0xf04eec18
edi: 0x33c
esi: 0xf04eec3c
0xf04eec50
eax: 0xf04eec50
edi: 0x341
esi: 0xf04eec50
edi: 0x3e8
esi: 0xf04eec50
edi: 0x32d
esi: 0xf04eec50
edi: 0x332
esi: 0x3
ebx: 0x3
ebx: 0xf04eec50
edi: 0x333
esi: 0xf04eec3c
edi: 0x33c
esi: 0xf04eec60
0xf04eec74
eax: 0xf04eec74
edi: 0x341
esi: 0xf04eec74
edi: 0x3e8
esi: 0xf04eec74
edi: 0x32d
esi: 0xf04eec74
edi: 0x332
esi: 0x3
ebx: 0x3
ebx: 0xf04eec74
edi: 0x333
esi: 0xf04eec60
edi: 0x33c
esi: 0xf04eec84
0xf04eec98
eax: 0xf04eec98
edi: 0x341
esi: 0xf04eec98
edi: 0x3e8
esi: 0xf04eec98
edi: 0x32d
esi: 0xf04eec98
edi: 0x332
esi: 0x3
ebx: 0x3
ebx: 0xf04eec98
edi: 0x333
esi: 0xf04eec84
edi: 0x33c
esi: 0xf04eeca8
0xf04eecbc
eax: 0xf04eecbc
edi: 0x341
esi: 0xf04eecbc
edi: 0x3e8
esi: 0xf04eecbc
edi: 0x32d
esi: 0xf04eecbc
edi: 0x332
esi: 0x3
ebx: 0x3
ebx: 0xf04eecbc
edi: 0x333
esi: 0xf04eeca8
edi: 0x33c
esi: 0xf04eeccc
0xf04eece0
eax: 0xf04eece0
edi: 0x341
esi: 0xf04eece0
edi: 0x3e8
esi: 0xf04eece0
edi: 0x32d
esi: 0xf04eece0
edi: 0x332
esi: 0x3
ebx: 0x3
ebx: 0xf04eece0
edi: 0x333
esi: 0xf04eeccc
edi: 0x33c
esi: 0xf04eecf0
0xf04eed04
eax: 0xf04eed04
edi: 0x341
esi: 0xf04eed04
edi: 0x3e8
esi: 0xf04eed04
edi: 0x32d
esi: 0xf04eed04
edi: 0x332
esi: 0x3
ebx: 0x3
ebx: 0xf04eed04
edi: 0x333
esi: 0xf04eecf0
edi: 0x33c
esi: 0xf04eed14
0xf04eed28
eax: 0xf04eed28
edi: 0x341
esi: 0xf04eed28
edi: 0x3e8
esi: 0xf04eed28
edi: 0x32d
esi: 0xf04eed28
edi: 0x332
esi: 0x3
ebx: 0x3
ebx: 0xf04eed28
edi: 0x333
esi: 0xf04eed14
edi: 0x33c
esi: 0xf04eed38
0xf04eed4c
eax: 0xf04eed4c
edi: 0x341
esi: 0xf04eed4c
edi: 0x3e8
esi: 0xf04eed4c
edi: 0x32d
esi: 0xf04eed4c
edi: 0x332
esi: 0x3
ebx: 0x3
ebx: 0xf04eed4c
edi: 0x333
esi: 0xf04eed38
edi: 0x33c
esi: 0xf04eed5c
0xf04eed70
eax: 0xf04eed70
edi: 0x341
esi: 0xf04eed70
edi: 0x3e8
esi: 0xf04eed70
edi: 0x32d
esi: 0xf04eed70
edi: 0x332
esi: 0x3
ebx: 0x3
ebx: 0xf04eed70
edi: 0x333
esi: 0xf04eed5c
edi: 0x33c
esi: 0xf04eed80
0xf04eed94
eax: 0xf04eed94
edi: 0x341
esi: 0xf04eed94
edi: 0x3e8
esi: 0xf04eed94
edi: 0x193
esi: 0xf04eed94
dup: 0xf04eed94
edi: 0x194
esi: 0xf04eed94
dup: 0xf04eed94
edi: 0x195
esi: 0xf04eed94
0xf04eeda4
eax: 0xf04eeda4
edi: 0x19a
esi: 0xf04eeda4
edi: 0x1a5
esi: 0xf04eed94
dup: 0xf04eed94
edi: 0x1a6
esi: 0xf04eed94
edi: 0x1ab
esi: 0x1
ebx: 0x1
ebx: 0xf04eed94
edi: 0x1ac
esi: 0x3
edi: 0x1b1
esi: 0x3
edi: 0x1b2
esi: 0x3
edi: 0x1b7
esi: 0xf04eed94
dup: 0xf04eed94
edi: 0x1b8
esi: 0xf04eed94
edi: 0x1bd
esi: 0x3
ebx: 0x3
ebx: 0xf04eed94
edi: 0x1be
esi: 0xf04eed80
drop: 0xf04eed94
edi: 0x1bf
esi: 0xf04eed94
drop: 0x81613
edi: 0x1c0
esi: 0x81613
dup: 0x81613
edi: 0x1c1
esi: 0x81613
edi: 0x1c6
esi: 0x3
ebx: 0x3
ebx: 0x81613
*** FAILURE: boxed value expected in .elem:1
make: *** [Makefile:14: Sort] Error 255
